******************************************************************************
                  TI ARM Linker PC v18.1.3                     
******************************************************************************
>> Linked Sun Nov 18 20:09:44 2018

OUTPUT FILE NAME:   <EC43.out>
ENTRY POINT SYMBOL: "_c_int00_noinit_noargs"  address: 20006259


MEMORY CONFIGURATION

         name            origin    length      used     unused   attr    fill
----------------------  --------  ---------  --------  --------  ----  --------
  SRAM_CODE             20004000   00016fff  00002624  000149db  RW X
  SRAM_DATA             2001b000   00015000  00005000  00010000  RW X


SEGMENT ALLOCATION MAP

run origin  load origin   length   init length attrs members
----------  ----------- ---------- ----------- ----- -------
20004000    20004000    00002624   00002624    r-x
  20004000    20004000    00000400   00000400    r-- .intvecs
  20004400    20004400    00001e98   00001e98    r-x .text
  20006298    20006298    0000038c   0000038c    r-- .const
2002b000    2002b000    00005000   00000000    rw-
  2002b000    2002b000    00005000   00000000    rw- .stack


SECTION ALLOCATION MAP

 output                                  attributes/
section   page    origin      length       input sections
--------  ----  ----------  ----------   ----------------
.intvecs   0    20004000    00000400     
                  20004000    00000400     startup_ccs.obj (.intvecs)

.init_array 
*          0    20004000    00000000     UNINITIALIZED

.text      0    20004400    00001e98     
                  20004400    00000b38     prcm.obj (.text)
                  20004f38    0000048c     uart.obj (.text)
                  200053c4    00000370     interrupt.obj (.text)
                  20005734    00000334     gpio.obj (.text)
                  20005a68    00000300     flash.obj (.text)
                  20005d68    00000280     pin.obj (.text)
                  20005fe8    0000010c     main.obj (.text)
                  200060f4    00000096     rtsv7M4_T_le_eabi.lib : ull_div_t2.asm.obj (.text)
                  2000618a    00000002                           : div0.asm.obj (.text)
                  2000618c    0000006c     pinmux.obj (.text)
                  200061f8    0000005e     cpu.obj (.text)
                  20006256    00000002     --HOLE-- [fill = 0]
                  20006258    00000024     rtsv7M4_T_le_eabi.lib : boot_cortex_m.c.obj (.text:_c_int00_noinit_noargs:_c_int00_noinit_noargs)
                  2000627c    0000000e     startup_ccs.obj (.text)
                  2000628a    00000006     utils.obj (.text:UtilsDelay)
                  20006290    00000004     rtsv7M4_T_le_eabi.lib : pre_init.c.obj (.text:_system_pre_init)
                  20006294    00000004                           : exit.c.obj (.text:abort:abort)

.const     0    20006298    0000038c     
                  20006298    00000100     pin.obj (.const:g_ulPinToPadMap)
                  20006398    000000d4     interrupt.obj (.const:g_pulRegs)
                  2000646c    000000a8     prcm.obj (.const:PRCM_PeriphRegsList)
                  20006514    00000040     flash.obj (.const:g_pulFMPPERegs)
                  20006554    00000040     flash.obj (.const:g_pulFMPRERegs)
                  20006594    00000020     interrupt.obj (.const:g_pulPriority)
                  200065b4    00000018     interrupt.obj (.const:g_pulDisRegs)
                  200065cc    00000018     interrupt.obj (.const:g_pulEnRegs)
                  200065e4    00000018     interrupt.obj (.const:g_pulPendRegs)
                  200065fc    00000018     interrupt.obj (.const:g_pulUnpendRegs)
                  20006614    00000010     uart.obj (.const:g_ppulUARTIntMap)

.cinit     0    20004000    00000000     UNINITIALIZED

.stack     0    2002b000    00005000     UNINITIALIZED
                  2002b000    00000004     rtsv7M4_T_le_eabi.lib : boot_cortex_m.c.obj (.stack)
                  2002b004    00004ffc     --HOLE--

MODULE SUMMARY

       Module                code   ro data   rw data
       ------                ----   -------   -------
    .\
       main.obj              268    0         0      
       pinmux.obj            108    0         0      
    +--+---------------------+------+---------+---------+
       Total:                376    0         0      
                                                     
    .\common\
       startup_ccs.obj       14     1024      0      
    +--+---------------------+------+---------+---------+
       Total:                14     1024      0      
                                                     
    .\driverlib\
       prcm.obj              2872   168       0      
       interrupt.obj         880    340       0      
       uart.obj              1164   16        0      
       flash.obj             768    128       0      
       pin.obj               640    256       0      
       gpio.obj              820    0         0      
       cpu.obj               94     0         0      
       utils.obj             6      0         0      
    +--+---------------------+------+---------+---------+
       Total:                7244   908       0      
                                                     
    C:\ti\ccsv8\tools\compiler\ti-cgt-arm_18.1.3.LTS\lib\rtsv7M4_T_le_eabi.lib
       ull_div_t2.asm.obj    150    0         0      
       boot_cortex_m.c.obj   36     0         0      
       exit.c.obj            4      0         0      
       pre_init.c.obj        4      0         0      
       div0.asm.obj          2      0         0      
    +--+---------------------+------+---------+---------+
       Total:                196    0         0      
                                                     
       Stack:                0      0         20480  
    +--+---------------------+------+---------+---------+
       Grand Total:          7830   1932      20480  


GLOBAL SYMBOLS: SORTED ALPHABETICALLY BY Name 

address   name                            
-------   ----                            
20006295  C$$EXIT                         
2000624d  CPUbasepriGet                   
20006237  CPUbasepriSet                   
200061f9  CPUcpsid                        
20006217  CPUcpsie                        
2000620d  CPUprimask                      
2000622b  CPUwfi                          
20005a69  FlashDisable                    
20005a9f  FlashErase                      
20005ad9  FlashEraseNonBlocking           
20005d13  FlashIntClear                   
20005ce3  FlashIntDisable                 
20005ccf  FlashIntEnable                  
20005cab  FlashIntRegister                
20005cf7  FlashIntStatus                  
20005cbf  FlashIntUnregister              
20005af7  FlashMassErase                  
20005b23  FlashMassEraseNonBlocking       
20005b33  FlashProgram                    
20005bb5  FlashProgramNonBlocking         
20005c37  FlashProtectGet                 
200059ff  GPIODMATriggerDisable           
200059a7  GPIODMATriggerEnable            
200057b3  GPIODirModeGet                  
2000577d  GPIODirModeSet                  
20005923  GPIOIntClear                    
200058e7  GPIOIntDisable                  
200058cd  GPIOIntEnable                   
20005937  GPIOIntRegister                 
20005901  GPIOIntStatus                   
20005867  GPIOIntTypeGet                  
200057e5  GPIOIntTypeSet                  
20005955  GPIOIntUnregister               
2000596f  GPIOPinRead                     
20005987  GPIOPinWrite                    
20005581  IntDisable                      
200054e7  IntEnable                       
200053d1  IntMasterDisable                
200053c7  IntMasterEnable                 
200056a9  IntPendClear                    
2000561b  IntPendSet                      
200054c3  IntPriorityGet                  
2000543b  IntPriorityGroupingGet          
20005421  IntPriorityGroupingSet          
2000570d  IntPriorityMaskGet              
20005701  IntPriorityMaskSet              
20005473  IntPrioritySet                  
200053eb  IntRegister                     
20005407  IntUnregister                   
200053db  IntVTableBaseSet                
20004d81  PRCMCC3200MCUInit               
20004ea9  PRCMCameraFreqSet               
20004761  PRCMDeepSleepEnter              
20004e79  PRCMHIBRegRead                  
20004e8f  PRCMHIBRegWrite                 
20004981  PRCMHibernateEnter              
2000489d  PRCMHibernateIntervalSet        
20004911  PRCMHibernateWakeUpGPIOSelect   
20004881  PRCMHibernateWakeupCauseGet     
2000483d  PRCMHibernateWakeupSourceDisable
200047f9  PRCMHibernateWakeupSourceEnable 
20004639  PRCMI2SClockFreqSet             
20004b21  PRCMIntDisable                  
20004ae9  PRCMIntEnable                   
20004ac1  PRCMIntRegister                 
20004b4f  PRCMIntStatus                   
20004ad9  PRCMIntUnregister               
2000469f  PRCMLPDSEnter                   
20004715  PRCMLPDSIntervalSet             
20004687  PRCMLPDSRestoreInfoSet          
20004737  PRCMLPDSWakeUpGPIOSelect        
2000470f  PRCMLPDSWakeupCauseGet          
200046fb  PRCMLPDSWakeupSourceDisable     
200046d9  PRCMLPDSWakeupSourceEnable      
200044af  PRCMMCUReset                    
20004aa7  PRCMOCRRegisterRead             
20004a8d  PRCMOCRRegisterWrite            
20004523  PRCMPeripheralClkDisable        
200044f1  PRCMPeripheralClkEnable         
20004543  PRCMPeripheralClockGet          
200045c1  PRCMPeripheralReset             
2000460f  PRCMPeripheralStatusGet         
20004bf1  PRCMRTCGet                      
20004b5d  PRCMRTCInUseGet                 
20004b55  PRCMRTCInUseSet                 
20004cf9  PRCMRTCMatchGet                 
20004c6d  PRCMRTCMatchSet                 
20004b75  PRCMRTCSet                      
200044a3  PRCMSOCReset                    
200047c5  PRCMSRAMRetentionDisable        
2000478d  PRCMSRAMRetentionEnable         
20004751  PRCMSleepEnter                  
200049ed  PRCMSlowClkCtrFastGet           
200049a5  PRCMSlowClkCtrGet               
20004a4d  PRCMSlowClkCtrMatchGet          
20004a25  PRCMSlowClkCtrMatchSet          
200044cf  PRCMSysResetCauseGet            
20005e29  PinConfigGet                    
20005e67  PinConfigSet                    
20005dff  PinDirModeGet                   
20005dcb  PinDirModeSet                   
20005da1  PinModeGet                      
20005d69  PinModeSet                      
2000618d  PinMuxConfig                    
20005faf  PinTypeADC                      
20005f65  PinTypeCamera                   
20005f7f  PinTypeGPIO                     
20005efb  PinTypeI2C                      
20005f31  PinTypeI2S                      
20005fc3  PinTypeSDHost                   
20005f17  PinTypeSPI                      
20005f4b  PinTypeTimer                    
20005ee1  PinTypeUART                     
2000627d  ResetISR                        
20005295  UARTBreakCtl                    
200052bf  UARTBusy                        
2000523d  UARTCharGet                     
20005221  UARTCharGetNonBlocking          
20005277  UARTCharPut                     
20005253  UARTCharPutNonBlocking          
200051e7  UARTCharsAvail                  
20005059  UARTConfigGetExpClk             
20004fe3  UARTConfigSetExpClk             
20005387  UARTDMADisable                  
2000536f  UARTDMAEnable                   
200050c9  UARTDisable                     
200050a5  UARTEnable                      
20005109  UARTFIFODisable                 
200050f3  UARTFIFOEnable                  
20004fbb  UARTFIFOLevelGet                
20004fa3  UARTFIFOLevelSet                
200051a7  UARTFlowControlGet              
2000518b  UARTFlowControlSet              
2000535d  UARTIntClear                    
20005327  UARTIntDisable                  
2000530f  UARTIntEnable                   
20006051  UARTIntHandler                  
200052d7  UARTIntRegister                 
2000533f  UARTIntStatus                   
200052f5  UARTIntUnregister               
20005143  UARTModemControlClear           
20005167  UARTModemControlGet             
2000511f  UARTModemControlSet             
20005179  UARTModemStatusGet              
20004f91  UARTParityModeGet               
20004f75  UARTParityModeSet               
200053b5  UARTRxErrorClear                
2000539f  UARTRxErrorGet                  
200051ff  UARTSpaceAvail                  
200051d5  UARTTxIntModeGet                
200051b9  UARTTxIntModeSet                
2000628b  UtilsDelay                      
20030000  __STACK_END                     
00005000  __STACK_SIZE                    
ffffffff  __TI_pprof_out_hndl             
ffffffff  __TI_prof_data_size             
ffffffff  __TI_prof_data_start            
20004000  __TI_static_base__              
2000618b  __aeabi_idiv0                   
2000618b  __aeabi_ldiv0                   
200060f5  __aeabi_uldivmod                
ffffffff  __binit__                       
ffffffff  __c_args__                      
UNDEFED   __mpu_init                      
2002b000  __stack                         
20006259  _c_int00_noinit_noargs          
20006291  _system_pre_init                
20006295  abort                           
ffffffff  binit                           
20004000  g_pfnVectors                    
20005fe9  main                            


GLOBAL SYMBOLS: SORTED BY Symbol Address 

address   name                            
-------   ----                            
00005000  __STACK_SIZE                    
20004000  __TI_static_base__              
20004000  g_pfnVectors                    
200044a3  PRCMSOCReset                    
200044af  PRCMMCUReset                    
200044cf  PRCMSysResetCauseGet            
200044f1  PRCMPeripheralClkEnable         
20004523  PRCMPeripheralClkDisable        
20004543  PRCMPeripheralClockGet          
200045c1  PRCMPeripheralReset             
2000460f  PRCMPeripheralStatusGet         
20004639  PRCMI2SClockFreqSet             
20004687  PRCMLPDSRestoreInfoSet          
2000469f  PRCMLPDSEnter                   
200046d9  PRCMLPDSWakeupSourceEnable      
200046fb  PRCMLPDSWakeupSourceDisable     
2000470f  PRCMLPDSWakeupCauseGet          
20004715  PRCMLPDSIntervalSet             
20004737  PRCMLPDSWakeUpGPIOSelect        
20004751  PRCMSleepEnter                  
20004761  PRCMDeepSleepEnter              
2000478d  PRCMSRAMRetentionEnable         
200047c5  PRCMSRAMRetentionDisable        
200047f9  PRCMHibernateWakeupSourceEnable 
2000483d  PRCMHibernateWakeupSourceDisable
20004881  PRCMHibernateWakeupCauseGet     
2000489d  PRCMHibernateIntervalSet        
20004911  PRCMHibernateWakeUpGPIOSelect   
20004981  PRCMHibernateEnter              
200049a5  PRCMSlowClkCtrGet               
200049ed  PRCMSlowClkCtrFastGet           
20004a25  PRCMSlowClkCtrMatchSet          
20004a4d  PRCMSlowClkCtrMatchGet          
20004a8d  PRCMOCRRegisterWrite            
20004aa7  PRCMOCRRegisterRead             
20004ac1  PRCMIntRegister                 
20004ad9  PRCMIntUnregister               
20004ae9  PRCMIntEnable                   
20004b21  PRCMIntDisable                  
20004b4f  PRCMIntStatus                   
20004b55  PRCMRTCInUseSet                 
20004b5d  PRCMRTCInUseGet                 
20004b75  PRCMRTCSet                      
20004bf1  PRCMRTCGet                      
20004c6d  PRCMRTCMatchSet                 
20004cf9  PRCMRTCMatchGet                 
20004d81  PRCMCC3200MCUInit               
20004e79  PRCMHIBRegRead                  
20004e8f  PRCMHIBRegWrite                 
20004ea9  PRCMCameraFreqSet               
20004f75  UARTParityModeSet               
20004f91  UARTParityModeGet               
20004fa3  UARTFIFOLevelSet                
20004fbb  UARTFIFOLevelGet                
20004fe3  UARTConfigSetExpClk             
20005059  UARTConfigGetExpClk             
200050a5  UARTEnable                      
200050c9  UARTDisable                     
200050f3  UARTFIFOEnable                  
20005109  UARTFIFODisable                 
2000511f  UARTModemControlSet             
20005143  UARTModemControlClear           
20005167  UARTModemControlGet             
20005179  UARTModemStatusGet              
2000518b  UARTFlowControlSet              
200051a7  UARTFlowControlGet              
200051b9  UARTTxIntModeSet                
200051d5  UARTTxIntModeGet                
200051e7  UARTCharsAvail                  
200051ff  UARTSpaceAvail                  
20005221  UARTCharGetNonBlocking          
2000523d  UARTCharGet                     
20005253  UARTCharPutNonBlocking          
20005277  UARTCharPut                     
20005295  UARTBreakCtl                    
200052bf  UARTBusy                        
200052d7  UARTIntRegister                 
200052f5  UARTIntUnregister               
2000530f  UARTIntEnable                   
20005327  UARTIntDisable                  
2000533f  UARTIntStatus                   
2000535d  UARTIntClear                    
2000536f  UARTDMAEnable                   
20005387  UARTDMADisable                  
2000539f  UARTRxErrorGet                  
200053b5  UARTRxErrorClear                
200053c7  IntMasterEnable                 
200053d1  IntMasterDisable                
200053db  IntVTableBaseSet                
200053eb  IntRegister                     
20005407  IntUnregister                   
20005421  IntPriorityGroupingSet          
2000543b  IntPriorityGroupingGet          
20005473  IntPrioritySet                  
200054c3  IntPriorityGet                  
200054e7  IntEnable                       
20005581  IntDisable                      
2000561b  IntPendSet                      
200056a9  IntPendClear                    
20005701  IntPriorityMaskSet              
2000570d  IntPriorityMaskGet              
2000577d  GPIODirModeSet                  
200057b3  GPIODirModeGet                  
200057e5  GPIOIntTypeSet                  
20005867  GPIOIntTypeGet                  
200058cd  GPIOIntEnable                   
200058e7  GPIOIntDisable                  
20005901  GPIOIntStatus                   
20005923  GPIOIntClear                    
20005937  GPIOIntRegister                 
20005955  GPIOIntUnregister               
2000596f  GPIOPinRead                     
20005987  GPIOPinWrite                    
200059a7  GPIODMATriggerEnable            
200059ff  GPIODMATriggerDisable           
20005a69  FlashDisable                    
20005a9f  FlashErase                      
20005ad9  FlashEraseNonBlocking           
20005af7  FlashMassErase                  
20005b23  FlashMassEraseNonBlocking       
20005b33  FlashProgram                    
20005bb5  FlashProgramNonBlocking         
20005c37  FlashProtectGet                 
20005cab  FlashIntRegister                
20005cbf  FlashIntUnregister              
20005ccf  FlashIntEnable                  
20005ce3  FlashIntDisable                 
20005cf7  FlashIntStatus                  
20005d13  FlashIntClear                   
20005d69  PinModeSet                      
20005da1  PinModeGet                      
20005dcb  PinDirModeSet                   
20005dff  PinDirModeGet                   
20005e29  PinConfigGet                    
20005e67  PinConfigSet                    
20005ee1  PinTypeUART                     
20005efb  PinTypeI2C                      
20005f17  PinTypeSPI                      
20005f31  PinTypeI2S                      
20005f4b  PinTypeTimer                    
20005f65  PinTypeCamera                   
20005f7f  PinTypeGPIO                     
20005faf  PinTypeADC                      
20005fc3  PinTypeSDHost                   
20005fe9  main                            
20006051  UARTIntHandler                  
200060f5  __aeabi_uldivmod                
2000618b  __aeabi_idiv0                   
2000618b  __aeabi_ldiv0                   
2000618d  PinMuxConfig                    
200061f9  CPUcpsid                        
2000620d  CPUprimask                      
20006217  CPUcpsie                        
2000622b  CPUwfi                          
20006237  CPUbasepriSet                   
2000624d  CPUbasepriGet                   
20006259  _c_int00_noinit_noargs          
2000627d  ResetISR                        
2000628b  UtilsDelay                      
20006291  _system_pre_init                
20006295  C$$EXIT                         
20006295  abort                           
2002b000  __stack                         
20030000  __STACK_END                     
ffffffff  __TI_pprof_out_hndl             
ffffffff  __TI_prof_data_size             
ffffffff  __TI_prof_data_start            
ffffffff  __binit__                       
ffffffff  __c_args__                      
ffffffff  binit                           
UNDEFED   __mpu_init                      

[171 symbols]
