<?xml version="1.0" encoding="ISO-8859-1" ?>
<link_info>
   <banner>TI ARM Linker PC v18.1.3.LTS</banner>
   <copyright>Copyright (c) 1996-2017 Texas Instruments Incorporated</copyright>
   <link_time>0x5bf15688</link_time>
   <link_errors>0x0</link_errors>
   <output_file>EC43.out</output_file>
   <entry_point>
      <name>_c_int00_noinit_noargs</name>
      <address>0x20006259</address>
   </entry_point>
   <input_file_list>
      <input_file id="fl-2">
         <path>.\</path>
         <kind>object</kind>
         <file>main.obj</file>
         <name>main.obj</name>
      </input_file>
      <input_file id="fl-3">
         <path>.\</path>
         <kind>object</kind>
         <file>pinmux.obj</file>
         <name>pinmux.obj</name>
      </input_file>
      <input_file id="fl-4">
         <path>.\common\</path>
         <kind>object</kind>
         <file>gpio_if.obj</file>
         <name>gpio_if.obj</name>
      </input_file>
      <input_file id="fl-5">
         <path>.\common\</path>
         <kind>object</kind>
         <file>startup_ccs.obj</file>
         <name>startup_ccs.obj</name>
      </input_file>
      <input_file id="fl-6">
         <path>.\driverlib\</path>
         <kind>object</kind>
         <file>adc.obj</file>
         <name>adc.obj</name>
      </input_file>
      <input_file id="fl-7">
         <path>.\driverlib\</path>
         <kind>object</kind>
         <file>aes.obj</file>
         <name>aes.obj</name>
      </input_file>
      <input_file id="fl-8">
         <path>.\driverlib\</path>
         <kind>object</kind>
         <file>camera.obj</file>
         <name>camera.obj</name>
      </input_file>
      <input_file id="fl-9">
         <path>.\driverlib\</path>
         <kind>object</kind>
         <file>cpu.obj</file>
         <name>cpu.obj</name>
      </input_file>
      <input_file id="fl-a">
         <path>.\driverlib\</path>
         <kind>object</kind>
         <file>crc.obj</file>
         <name>crc.obj</name>
      </input_file>
      <input_file id="fl-b">
         <path>.\driverlib\</path>
         <kind>object</kind>
         <file>des.obj</file>
         <name>des.obj</name>
      </input_file>
      <input_file id="fl-c">
         <path>.\driverlib\</path>
         <kind>object</kind>
         <file>flash.obj</file>
         <name>flash.obj</name>
      </input_file>
      <input_file id="fl-d">
         <path>.\driverlib\</path>
         <kind>object</kind>
         <file>gpio.obj</file>
         <name>gpio.obj</name>
      </input_file>
      <input_file id="fl-e">
         <path>.\driverlib\</path>
         <kind>object</kind>
         <file>hwspinlock.obj</file>
         <name>hwspinlock.obj</name>
      </input_file>
      <input_file id="fl-f">
         <path>.\driverlib\</path>
         <kind>object</kind>
         <file>i2c.obj</file>
         <name>i2c.obj</name>
      </input_file>
      <input_file id="fl-10">
         <path>.\driverlib\</path>
         <kind>object</kind>
         <file>i2s.obj</file>
         <name>i2s.obj</name>
      </input_file>
      <input_file id="fl-11">
         <path>.\driverlib\</path>
         <kind>object</kind>
         <file>interrupt.obj</file>
         <name>interrupt.obj</name>
      </input_file>
      <input_file id="fl-12">
         <path>.\driverlib\</path>
         <kind>object</kind>
         <file>pin.obj</file>
         <name>pin.obj</name>
      </input_file>
      <input_file id="fl-13">
         <path>.\driverlib\</path>
         <kind>object</kind>
         <file>prcm.obj</file>
         <name>prcm.obj</name>
      </input_file>
      <input_file id="fl-14">
         <path>.\driverlib\</path>
         <kind>object</kind>
         <file>sdhost.obj</file>
         <name>sdhost.obj</name>
      </input_file>
      <input_file id="fl-15">
         <path>.\driverlib\</path>
         <kind>object</kind>
         <file>shamd5.obj</file>
         <name>shamd5.obj</name>
      </input_file>
      <input_file id="fl-16">
         <path>.\driverlib\</path>
         <kind>object</kind>
         <file>spi.obj</file>
         <name>spi.obj</name>
      </input_file>
      <input_file id="fl-17">
         <path>.\driverlib\</path>
         <kind>object</kind>
         <file>systick.obj</file>
         <name>systick.obj</name>
      </input_file>
      <input_file id="fl-18">
         <path>.\driverlib\</path>
         <kind>object</kind>
         <file>timer.obj</file>
         <name>timer.obj</name>
      </input_file>
      <input_file id="fl-19">
         <path>.\driverlib\</path>
         <kind>object</kind>
         <file>uart.obj</file>
         <name>uart.obj</name>
      </input_file>
      <input_file id="fl-1a">
         <path>.\driverlib\</path>
         <kind>object</kind>
         <file>udma.obj</file>
         <name>udma.obj</name>
      </input_file>
      <input_file id="fl-1b">
         <path>.\driverlib\</path>
         <kind>object</kind>
         <file>utils.obj</file>
         <name>utils.obj</name>
      </input_file>
      <input_file id="fl-1c">
         <path>.\driverlib\</path>
         <kind>object</kind>
         <file>wdt.obj</file>
         <name>wdt.obj</name>
      </input_file>
      <input_file id="fl-20">
         <kind>object</kind>
         <file>&lt;internal&gt;</file>
         <name>&lt;internal&gt;</name>
      </input_file>
      <input_file id="fl-d6">
         <path>C:\ti\ccsv8\tools\compiler\ti-cgt-arm_18.1.3.LTS\lib\</path>
         <kind>archive</kind>
         <file>rtsv7M4_T_le_eabi.lib</file>
         <name>memset_t2.asm.obj</name>
      </input_file>
      <input_file id="fl-d7">
         <path>C:\ti\ccsv8\tools\compiler\ti-cgt-arm_18.1.3.LTS\lib\</path>
         <kind>archive</kind>
         <file>rtsv7M4_T_le_eabi.lib</file>
         <name>ull_div_t2.asm.obj</name>
      </input_file>
      <input_file id="fl-d8">
         <path>C:\ti\ccsv8\tools\compiler\ti-cgt-arm_18.1.3.LTS\lib\</path>
         <kind>archive</kind>
         <file>rtsv7M4_T_le_eabi.lib</file>
         <name>copy_zero_init.c.obj</name>
      </input_file>
      <input_file id="fl-d9">
         <path>C:\ti\ccsv8\tools\compiler\ti-cgt-arm_18.1.3.LTS\lib\</path>
         <kind>archive</kind>
         <file>rtsv7M4_T_le_eabi.lib</file>
         <name>copy_decompress_none.c.obj</name>
      </input_file>
      <input_file id="fl-da">
         <path>C:\ti\ccsv8\tools\compiler\ti-cgt-arm_18.1.3.LTS\lib\</path>
         <kind>archive</kind>
         <file>rtsv7M4_T_le_eabi.lib</file>
         <name>copy_decompress_lzss.c.obj</name>
      </input_file>
      <input_file id="fl-db">
         <path>C:\ti\ccsv8\tools\compiler\ti-cgt-arm_18.1.3.LTS\lib\</path>
         <kind>archive</kind>
         <file>rtsv7M4_T_le_eabi.lib</file>
         <name>boot_cortex_m.c.obj</name>
      </input_file>
      <input_file id="fl-dc">
         <path>C:\ti\ccsv8\tools\compiler\ti-cgt-arm_18.1.3.LTS\lib\</path>
         <kind>archive</kind>
         <file>rtsv7M4_T_le_eabi.lib</file>
         <name>div0.asm.obj</name>
      </input_file>
      <input_file id="fl-dd">
         <path>C:\ti\ccsv8\tools\compiler\ti-cgt-arm_18.1.3.LTS\lib\</path>
         <kind>archive</kind>
         <file>rtsv7M4_T_le_eabi.lib</file>
         <name>memcpy_t2.asm.obj</name>
      </input_file>
      <input_file id="fl-de">
         <path>C:\ti\ccsv8\tools\compiler\ti-cgt-arm_18.1.3.LTS\lib\</path>
         <kind>archive</kind>
         <file>rtsv7M4_T_le_eabi.lib</file>
         <name>autoinit.c.obj</name>
      </input_file>
      <input_file id="fl-df">
         <path>C:\ti\ccsv8\tools\compiler\ti-cgt-arm_18.1.3.LTS\lib\</path>
         <kind>archive</kind>
         <file>rtsv7M4_T_le_eabi.lib</file>
         <name>pre_init.c.obj</name>
      </input_file>
      <input_file id="fl-e0">
         <path>C:\ti\ccsv8\tools\compiler\ti-cgt-arm_18.1.3.LTS\lib\</path>
         <kind>archive</kind>
         <file>rtsv7M4_T_le_eabi.lib</file>
         <name>cpy_tbl.c.obj</name>
      </input_file>
      <input_file id="fl-e1">
         <path>C:\ti\ccsv8\tools\compiler\ti-cgt-arm_18.1.3.LTS\lib\</path>
         <kind>archive</kind>
         <file>rtsv7M4_T_le_eabi.lib</file>
         <name>exit.c.obj</name>
      </input_file>
      <input_file id="fl-e2">
         <path>C:\ti\ccsv8\tools\compiler\ti-cgt-arm_18.1.3.LTS\lib\</path>
         <kind>archive</kind>
         <file>rtsv7M4_T_le_eabi.lib</file>
         <name>_lock.c.obj</name>
      </input_file>
      <input_file id="fl-e3">
         <path>C:\ti\ccsv8\tools\compiler\ti-cgt-arm_18.1.3.LTS\lib\</path>
         <kind>archive</kind>
         <file>rtsv7M4_T_le_eabi.lib</file>
         <name>args_main.c.obj</name>
      </input_file>
   </input_file_list>
   <object_component_list>
      <object_component id="oc-f">
         <name>.intvecs</name>
         <load_address>0x20004000</load_address>
         <run_address>0x20004000</run_address>
         <size>0x400</size>
         <input_file_ref idref="fl-5"/>
      </object_component>
      <object_component id="oc-bb">
         <name>.text</name>
         <load_address>0x20004400</load_address>
         <run_address>0x20004400</run_address>
         <size>0xb38</size>
         <input_file_ref idref="fl-13"/>
      </object_component>
      <object_component id="oc-c1">
         <name>.text</name>
         <load_address>0x20004f38</load_address>
         <run_address>0x20004f38</run_address>
         <size>0x48c</size>
         <input_file_ref idref="fl-19"/>
      </object_component>
      <object_component id="oc-c7">
         <name>.text</name>
         <load_address>0x200053c4</load_address>
         <run_address>0x200053c4</run_address>
         <size>0x370</size>
         <input_file_ref idref="fl-11"/>
      </object_component>
      <object_component id="oc-b5">
         <name>.text</name>
         <load_address>0x20005734</load_address>
         <run_address>0x20005734</run_address>
         <size>0x334</size>
         <input_file_ref idref="fl-d"/>
      </object_component>
      <object_component id="oc-120">
         <name>.text</name>
         <load_address>0x20005a68</load_address>
         <run_address>0x20005a68</run_address>
         <size>0x300</size>
         <input_file_ref idref="fl-c"/>
      </object_component>
      <object_component id="oc-10c">
         <name>.text</name>
         <load_address>0x20005d68</load_address>
         <run_address>0x20005d68</run_address>
         <size>0x280</size>
         <input_file_ref idref="fl-12"/>
      </object_component>
      <object_component id="oc-8d">
         <name>.text</name>
         <load_address>0x20005fe8</load_address>
         <run_address>0x20005fe8</run_address>
         <size>0x10c</size>
         <input_file_ref idref="fl-2"/>
      </object_component>
      <object_component id="oc-11b">
         <name>.text</name>
         <load_address>0x200060f4</load_address>
         <run_address>0x200060f4</run_address>
         <size>0x96</size>
         <input_file_ref idref="fl-d7"/>
      </object_component>
      <object_component id="oc-171">
         <name>.text</name>
         <load_address>0x2000618a</load_address>
         <run_address>0x2000618a</run_address>
         <size>0x2</size>
         <input_file_ref idref="fl-dc"/>
      </object_component>
      <object_component id="oc-af">
         <name>.text</name>
         <load_address>0x2000618c</load_address>
         <run_address>0x2000618c</run_address>
         <size>0x6c</size>
         <input_file_ref idref="fl-3"/>
      </object_component>
      <object_component id="oc-126">
         <name>.text</name>
         <load_address>0x200061f8</load_address>
         <run_address>0x200061f8</run_address>
         <size>0x5e</size>
         <input_file_ref idref="fl-9"/>
      </object_component>
      <object_component id="oc-4f">
         <name>.text:_c_int00_noinit_noargs:_c_int00_noinit_noargs</name>
         <load_address>0x20006258</load_address>
         <run_address>0x20006258</run_address>
         <size>0x24</size>
         <input_file_ref idref="fl-db"/>
      </object_component>
      <object_component id="oc-23">
         <name>.text</name>
         <load_address>0x2000627c</load_address>
         <run_address>0x2000627c</run_address>
         <size>0xe</size>
         <input_file_ref idref="fl-5"/>
      </object_component>
      <object_component id="oc-11a">
         <name>.text:UtilsDelay</name>
         <load_address>0x2000628a</load_address>
         <run_address>0x2000628a</run_address>
         <size>0x6</size>
         <input_file_ref idref="fl-1b"/>
      </object_component>
      <object_component id="oc-87">
         <name>.text:_system_pre_init</name>
         <load_address>0x20006290</load_address>
         <run_address>0x20006290</run_address>
         <size>0x4</size>
         <input_file_ref idref="fl-df"/>
      </object_component>
      <object_component id="oc-ce">
         <name>.text:abort:abort</name>
         <load_address>0x20006294</load_address>
         <run_address>0x20006294</run_address>
         <size>0x4</size>
         <input_file_ref idref="fl-e1"/>
      </object_component>
      <object_component id="oc-16a">
         <name>.const:g_ulPinToPadMap</name>
         <load_address>0x20006298</load_address>
         <run_address>0x20006298</run_address>
         <size>0x100</size>
         <input_file_ref idref="fl-12"/>
      </object_component>
      <object_component id="oc-139">
         <name>.const:g_pulRegs</name>
         <load_address>0x20006398</load_address>
         <run_address>0x20006398</run_address>
         <size>0xd4</size>
         <input_file_ref idref="fl-11"/>
      </object_component>
      <object_component id="oc-12c">
         <name>.const:PRCM_PeriphRegsList</name>
         <load_address>0x2000646c</load_address>
         <run_address>0x2000646c</run_address>
         <size>0xa8</size>
         <input_file_ref idref="fl-13"/>
      </object_component>
      <object_component id="oc-17a">
         <name>.const:g_pulFMPPERegs</name>
         <load_address>0x20006514</load_address>
         <run_address>0x20006514</run_address>
         <size>0x40</size>
         <input_file_ref idref="fl-c"/>
      </object_component>
      <object_component id="oc-177">
         <name>.const:g_pulFMPRERegs</name>
         <load_address>0x20006554</load_address>
         <run_address>0x20006554</run_address>
         <size>0x40</size>
         <input_file_ref idref="fl-c"/>
      </object_component>
      <object_component id="oc-136">
         <name>.const:g_pulPriority</name>
         <load_address>0x20006594</load_address>
         <run_address>0x20006594</run_address>
         <size>0x20</size>
         <input_file_ref idref="fl-11"/>
      </object_component>
      <object_component id="oc-13f">
         <name>.const:g_pulDisRegs</name>
         <load_address>0x200065b4</load_address>
         <run_address>0x200065b4</run_address>
         <size>0x18</size>
         <input_file_ref idref="fl-11"/>
      </object_component>
      <object_component id="oc-13c">
         <name>.const:g_pulEnRegs</name>
         <load_address>0x200065cc</load_address>
         <run_address>0x200065cc</run_address>
         <size>0x18</size>
         <input_file_ref idref="fl-11"/>
      </object_component>
      <object_component id="oc-142">
         <name>.const:g_pulPendRegs</name>
         <load_address>0x200065e4</load_address>
         <run_address>0x200065e4</run_address>
         <size>0x18</size>
         <input_file_ref idref="fl-11"/>
      </object_component>
      <object_component id="oc-145">
         <name>.const:g_pulUnpendRegs</name>
         <load_address>0x200065fc</load_address>
         <run_address>0x200065fc</run_address>
         <size>0x18</size>
         <input_file_ref idref="fl-11"/>
      </object_component>
      <object_component id="oc-131">
         <name>.const:g_ppulUARTIntMap</name>
         <load_address>0x20006614</load_address>
         <run_address>0x20006614</run_address>
         <size>0x10</size>
         <input_file_ref idref="fl-19"/>
      </object_component>
      <object_component id="oc-20">
         <name>.stack</name>
         <uninitialized>true</uninitialized>
         <run_address>0x2002b000</run_address>
         <size>0x4</size>
         <input_file_ref idref="fl-db"/>
      </object_component>
      <object_component id="oc-203">
         <name>.stack</name>
         <uninitialized>true</uninitialized>
         <run_address>0x2002b000</run_address>
         <size>0x0</size>
      </object_component>
      <object_component id="oc-8e">
         <name>.debug_info</name>
         <load_address>0x0</load_address>
         <run_address>0x0</run_address>
         <size>0x384</size>
         <input_file_ref idref="fl-2"/>
      </object_component>
      <object_component id="oc-189">
         <name>.debug_info</name>
         <load_address>0x384</load_address>
         <run_address>0x384</run_address>
         <size>0x62</size>
         <input_file_ref idref="fl-2"/>
      </object_component>
      <object_component id="oc-32">
         <name>.debug_info</name>
         <load_address>0x3e6</load_address>
         <run_address>0x3e6</run_address>
         <size>0x84</size>
         <input_file_ref idref="fl-2"/>
      </object_component>
      <object_component id="oc-114">
         <name>.debug_info</name>
         <load_address>0x46a</load_address>
         <run_address>0x46a</run_address>
         <size>0x2c</size>
         <input_file_ref idref="fl-2"/>
      </object_component>
      <object_component id="oc-b0">
         <name>.debug_info</name>
         <load_address>0x496</load_address>
         <run_address>0x496</run_address>
         <size>0x1e5</size>
         <input_file_ref idref="fl-3"/>
      </object_component>
      <object_component id="oc-2b">
         <name>.debug_info</name>
         <load_address>0x67b</load_address>
         <run_address>0x67b</run_address>
         <size>0x16f</size>
         <input_file_ref idref="fl-5"/>
      </object_component>
      <object_component id="oc-10">
         <name>.debug_info</name>
         <load_address>0x7ea</load_address>
         <run_address>0x7ea</run_address>
         <size>0xee</size>
         <input_file_ref idref="fl-5"/>
      </object_component>
      <object_component id="oc-24">
         <name>.debug_info</name>
         <load_address>0x8d8</load_address>
         <run_address>0x8d8</run_address>
         <size>0x293</size>
         <input_file_ref idref="fl-5"/>
      </object_component>
      <object_component id="oc-129">
         <name>.debug_info</name>
         <load_address>0xb6b</load_address>
         <run_address>0xb6b</run_address>
         <size>0x337</size>
         <input_file_ref idref="fl-9"/>
      </object_component>
      <object_component id="oc-17e">
         <name>.debug_info</name>
         <load_address>0xea2</load_address>
         <run_address>0xea2</run_address>
         <size>0x218</size>
         <input_file_ref idref="fl-c"/>
      </object_component>
      <object_component id="oc-17b">
         <name>.debug_info</name>
         <load_address>0x10ba</load_address>
         <run_address>0x10ba</run_address>
         <size>0xee</size>
         <input_file_ref idref="fl-c"/>
      </object_component>
      <object_component id="oc-178">
         <name>.debug_info</name>
         <load_address>0x11a8</load_address>
         <run_address>0x11a8</run_address>
         <size>0xee</size>
         <input_file_ref idref="fl-c"/>
      </object_component>
      <object_component id="oc-124">
         <name>.debug_info</name>
         <load_address>0x1296</load_address>
         <run_address>0x1296</run_address>
         <size>0xa68</size>
         <input_file_ref idref="fl-c"/>
      </object_component>
      <object_component id="oc-17f">
         <name>.debug_info</name>
         <load_address>0x1cfe</load_address>
         <run_address>0x1cfe</run_address>
         <size>0x51</size>
         <input_file_ref idref="fl-c"/>
      </object_component>
      <object_component id="oc-119">
         <name>.debug_info</name>
         <load_address>0x1d4f</load_address>
         <run_address>0x1d4f</run_address>
         <size>0x1d8</size>
         <input_file_ref idref="fl-d"/>
      </object_component>
      <object_component id="oc-b9">
         <name>.debug_info</name>
         <load_address>0x1f27</load_address>
         <run_address>0x1f27</run_address>
         <size>0xceb</size>
         <input_file_ref idref="fl-d"/>
      </object_component>
      <object_component id="oc-149">
         <name>.debug_info</name>
         <load_address>0x2c12</load_address>
         <run_address>0x2c12</run_address>
         <size>0x1f9</size>
         <input_file_ref idref="fl-11"/>
      </object_component>
      <object_component id="oc-137">
         <name>.debug_info</name>
         <load_address>0x2e0b</load_address>
         <run_address>0x2e0b</run_address>
         <size>0xf0</size>
         <input_file_ref idref="fl-11"/>
      </object_component>
      <object_component id="oc-13a">
         <name>.debug_info</name>
         <load_address>0x2efb</load_address>
         <run_address>0x2efb</run_address>
         <size>0xe8</size>
         <input_file_ref idref="fl-11"/>
      </object_component>
      <object_component id="oc-13d">
         <name>.debug_info</name>
         <load_address>0x2fe3</load_address>
         <run_address>0x2fe3</run_address>
         <size>0xec</size>
         <input_file_ref idref="fl-11"/>
      </object_component>
      <object_component id="oc-140">
         <name>.debug_info</name>
         <load_address>0x30cf</load_address>
         <run_address>0x30cf</run_address>
         <size>0xee</size>
         <input_file_ref idref="fl-11"/>
      </object_component>
      <object_component id="oc-143">
         <name>.debug_info</name>
         <load_address>0x31bd</load_address>
         <run_address>0x31bd</run_address>
         <size>0xf0</size>
         <input_file_ref idref="fl-11"/>
      </object_component>
      <object_component id="oc-146">
         <name>.debug_info</name>
         <load_address>0x32ad</load_address>
         <run_address>0x32ad</run_address>
         <size>0xf4</size>
         <input_file_ref idref="fl-11"/>
      </object_component>
      <object_component id="oc-cb">
         <name>.debug_info</name>
         <load_address>0x33a1</load_address>
         <run_address>0x33a1</run_address>
         <size>0xbcb</size>
         <input_file_ref idref="fl-11"/>
      </object_component>
      <object_component id="oc-16e">
         <name>.debug_info</name>
         <load_address>0x3f6c</load_address>
         <run_address>0x3f6c</run_address>
         <size>0x146</size>
         <input_file_ref idref="fl-12"/>
      </object_component>
      <object_component id="oc-16b">
         <name>.debug_info</name>
         <load_address>0x40b2</load_address>
         <run_address>0x40b2</run_address>
         <size>0xee</size>
         <input_file_ref idref="fl-12"/>
      </object_component>
      <object_component id="oc-10f">
         <name>.debug_info</name>
         <load_address>0x41a0</load_address>
         <run_address>0x41a0</run_address>
         <size>0xde9</size>
         <input_file_ref idref="fl-12"/>
      </object_component>
      <object_component id="oc-130">
         <name>.debug_info</name>
         <load_address>0x4f89</load_address>
         <run_address>0x4f89</run_address>
         <size>0x256</size>
         <input_file_ref idref="fl-13"/>
      </object_component>
      <object_component id="oc-12d">
         <name>.debug_info</name>
         <load_address>0x51df</load_address>
         <run_address>0x51df</run_address>
         <size>0xf7</size>
         <input_file_ref idref="fl-13"/>
      </object_component>
      <object_component id="oc-be">
         <name>.debug_info</name>
         <load_address>0x52d6</load_address>
         <run_address>0x52d6</run_address>
         <size>0x2b9e</size>
         <input_file_ref idref="fl-13"/>
      </object_component>
      <object_component id="oc-135">
         <name>.debug_info</name>
         <load_address>0x7e74</load_address>
         <run_address>0x7e74</run_address>
         <size>0x201</size>
         <input_file_ref idref="fl-19"/>
      </object_component>
      <object_component id="oc-132">
         <name>.debug_info</name>
         <load_address>0x8075</load_address>
         <run_address>0x8075</run_address>
         <size>0xf1</size>
         <input_file_ref idref="fl-19"/>
      </object_component>
      <object_component id="oc-c2">
         <name>.debug_info</name>
         <load_address>0x8166</load_address>
         <run_address>0x8166</run_address>
         <size>0x1cd8</size>
         <input_file_ref idref="fl-19"/>
      </object_component>
      <object_component id="oc-11c">
         <name>.debug_info</name>
         <load_address>0x9e3e</load_address>
         <run_address>0x9e3e</run_address>
         <size>0x12c</size>
         <input_file_ref idref="fl-d7"/>
      </object_component>
      <object_component id="oc-21">
         <name>.debug_info</name>
         <load_address>0x9f6a</load_address>
         <run_address>0x9f6a</run_address>
         <size>0x100</size>
         <input_file_ref idref="fl-db"/>
      </object_component>
      <object_component id="oc-50">
         <name>.debug_info</name>
         <load_address>0xa06a</load_address>
         <run_address>0xa06a</run_address>
         <size>0x19d</size>
         <input_file_ref idref="fl-db"/>
      </object_component>
      <object_component id="oc-172">
         <name>.debug_info</name>
         <load_address>0xa207</load_address>
         <run_address>0xa207</run_address>
         <size>0x10d</size>
         <input_file_ref idref="fl-dc"/>
      </object_component>
      <object_component id="oc-8a">
         <name>.debug_info</name>
         <load_address>0xa314</load_address>
         <run_address>0xa314</run_address>
         <size>0x148</size>
         <input_file_ref idref="fl-df"/>
      </object_component>
      <object_component id="oc-d0">
         <name>.debug_info</name>
         <load_address>0xa45c</load_address>
         <run_address>0xa45c</run_address>
         <size>0x117</size>
         <input_file_ref idref="fl-e1"/>
      </object_component>
      <object_component id="oc-204">
         <name>.debug_info</name>
         <load_address>0xa573</load_address>
         <run_address>0xa573</run_address>
         <size>0xaa</size>
      </object_component>
      <object_component id="oc-91">
         <name>.debug_line</name>
         <load_address>0x0</load_address>
         <run_address>0x0</run_address>
         <size>0xae</size>
         <input_file_ref idref="fl-2"/>
      </object_component>
      <object_component id="oc-18c">
         <name>.debug_line</name>
         <load_address>0xae</load_address>
         <run_address>0xae</run_address>
         <size>0x68</size>
         <input_file_ref idref="fl-2"/>
      </object_component>
      <object_component id="oc-35">
         <name>.debug_line</name>
         <load_address>0x116</load_address>
         <run_address>0x116</run_address>
         <size>0x20</size>
         <input_file_ref idref="fl-2"/>
      </object_component>
      <object_component id="oc-117">
         <name>.debug_line</name>
         <load_address>0x136</load_address>
         <run_address>0x136</run_address>
         <size>0x66</size>
         <input_file_ref idref="fl-2"/>
      </object_component>
      <object_component id="oc-b4">
         <name>.debug_line</name>
         <load_address>0x19c</load_address>
         <run_address>0x19c</run_address>
         <size>0x4d</size>
         <input_file_ref idref="fl-3"/>
      </object_component>
      <object_component id="oc-6b">
         <name>.debug_line</name>
         <load_address>0x1e9</load_address>
         <run_address>0x1e9</run_address>
         <size>0x3b</size>
         <input_file_ref idref="fl-5"/>
      </object_component>
      <object_component id="oc-2a">
         <name>.debug_line</name>
         <load_address>0x224</load_address>
         <run_address>0x224</run_address>
         <size>0x3b</size>
         <input_file_ref idref="fl-5"/>
      </object_component>
      <object_component id="oc-27">
         <name>.debug_line</name>
         <load_address>0x25f</load_address>
         <run_address>0x25f</run_address>
         <size>0xb3</size>
         <input_file_ref idref="fl-5"/>
      </object_component>
      <object_component id="oc-127">
         <name>.debug_line</name>
         <load_address>0x312</load_address>
         <run_address>0x312</run_address>
         <size>0xd9</size>
         <input_file_ref idref="fl-9"/>
      </object_component>
      <object_component id="oc-1cb">
         <name>.debug_line</name>
         <load_address>0x3eb</load_address>
         <run_address>0x3eb</run_address>
         <size>0x54</size>
         <input_file_ref idref="fl-c"/>
      </object_component>
      <object_component id="oc-1c9">
         <name>.debug_line</name>
         <load_address>0x43f</load_address>
         <run_address>0x43f</run_address>
         <size>0x38</size>
         <input_file_ref idref="fl-c"/>
      </object_component>
      <object_component id="oc-1c7">
         <name>.debug_line</name>
         <load_address>0x477</load_address>
         <run_address>0x477</run_address>
         <size>0x38</size>
         <input_file_ref idref="fl-c"/>
      </object_component>
      <object_component id="oc-123">
         <name>.debug_line</name>
         <load_address>0x4af</load_address>
         <run_address>0x4af</run_address>
         <size>0x24b</size>
         <input_file_ref idref="fl-c"/>
      </object_component>
      <object_component id="oc-182">
         <name>.debug_line</name>
         <load_address>0x6fa</load_address>
         <run_address>0x6fa</run_address>
         <size>0x38</size>
         <input_file_ref idref="fl-c"/>
      </object_component>
      <object_component id="oc-170">
         <name>.debug_line</name>
         <load_address>0x732</load_address>
         <run_address>0x732</run_address>
         <size>0x3c</size>
         <input_file_ref idref="fl-d"/>
      </object_component>
      <object_component id="oc-b6">
         <name>.debug_line</name>
         <load_address>0x76e</load_address>
         <run_address>0x76e</run_address>
         <size>0x23c</size>
         <input_file_ref idref="fl-d"/>
      </object_component>
      <object_component id="oc-19f">
         <name>.debug_line</name>
         <load_address>0x9aa</load_address>
         <run_address>0x9aa</run_address>
         <size>0x36</size>
         <input_file_ref idref="fl-11"/>
      </object_component>
      <object_component id="oc-193">
         <name>.debug_line</name>
         <load_address>0x9e0</load_address>
         <run_address>0x9e0</run_address>
         <size>0x3c</size>
         <input_file_ref idref="fl-11"/>
      </object_component>
      <object_component id="oc-195">
         <name>.debug_line</name>
         <load_address>0xa1c</load_address>
         <run_address>0xa1c</run_address>
         <size>0x3c</size>
         <input_file_ref idref="fl-11"/>
      </object_component>
      <object_component id="oc-197">
         <name>.debug_line</name>
         <load_address>0xa58</load_address>
         <run_address>0xa58</run_address>
         <size>0x3c</size>
         <input_file_ref idref="fl-11"/>
      </object_component>
      <object_component id="oc-199">
         <name>.debug_line</name>
         <load_address>0xa94</load_address>
         <run_address>0xa94</run_address>
         <size>0x3c</size>
         <input_file_ref idref="fl-11"/>
      </object_component>
      <object_component id="oc-19b">
         <name>.debug_line</name>
         <load_address>0xad0</load_address>
         <run_address>0xad0</run_address>
         <size>0x3c</size>
         <input_file_ref idref="fl-11"/>
      </object_component>
      <object_component id="oc-19d">
         <name>.debug_line</name>
         <load_address>0xb0c</load_address>
         <run_address>0xb0c</run_address>
         <size>0x3c</size>
         <input_file_ref idref="fl-11"/>
      </object_component>
      <object_component id="oc-c9">
         <name>.debug_line</name>
         <load_address>0xb48</load_address>
         <run_address>0xb48</run_address>
         <size>0x2a9</size>
         <input_file_ref idref="fl-11"/>
      </object_component>
      <object_component id="oc-1c4">
         <name>.debug_line</name>
         <load_address>0xdf1</load_address>
         <run_address>0xdf1</run_address>
         <size>0x20</size>
         <input_file_ref idref="fl-12"/>
      </object_component>
      <object_component id="oc-1c2">
         <name>.debug_line</name>
         <load_address>0xe11</load_address>
         <run_address>0xe11</run_address>
         <size>0x36</size>
         <input_file_ref idref="fl-12"/>
      </object_component>
      <object_component id="oc-111">
         <name>.debug_line</name>
         <load_address>0xe47</load_address>
         <run_address>0xe47</run_address>
         <size>0x1f4</size>
         <input_file_ref idref="fl-12"/>
      </object_component>
      <object_component id="oc-188">
         <name>.debug_line</name>
         <load_address>0x103b</load_address>
         <run_address>0x103b</run_address>
         <size>0x82</size>
         <input_file_ref idref="fl-13"/>
      </object_component>
      <object_component id="oc-186">
         <name>.debug_line</name>
         <load_address>0x10bd</load_address>
         <run_address>0x10bd</run_address>
         <size>0x37</size>
         <input_file_ref idref="fl-13"/>
      </object_component>
      <object_component id="oc-bd">
         <name>.debug_line</name>
         <load_address>0x10f4</load_address>
         <run_address>0x10f4</run_address>
         <size>0x7c4</size>
         <input_file_ref idref="fl-13"/>
      </object_component>
      <object_component id="oc-191">
         <name>.debug_line</name>
         <load_address>0x18b8</load_address>
         <run_address>0x18b8</run_address>
         <size>0x3c</size>
         <input_file_ref idref="fl-19"/>
      </object_component>
      <object_component id="oc-18f">
         <name>.debug_line</name>
         <load_address>0x18f4</load_address>
         <run_address>0x18f4</run_address>
         <size>0x37</size>
         <input_file_ref idref="fl-19"/>
      </object_component>
      <object_component id="oc-c5">
         <name>.debug_line</name>
         <load_address>0x192b</load_address>
         <run_address>0x192b</run_address>
         <size>0x46b</size>
         <input_file_ref idref="fl-19"/>
      </object_component>
      <object_component id="oc-11f">
         <name>.debug_line</name>
         <load_address>0x1d96</load_address>
         <run_address>0x1d96</run_address>
         <size>0x81</size>
         <input_file_ref idref="fl-d7"/>
      </object_component>
      <object_component id="oc-68">
         <name>.debug_line</name>
         <load_address>0x1e17</load_address>
         <run_address>0x1e17</run_address>
         <size>0x33</size>
         <input_file_ref idref="fl-db"/>
      </object_component>
      <object_component id="oc-53">
         <name>.debug_line</name>
         <load_address>0x1e4a</load_address>
         <run_address>0x1e4a</run_address>
         <size>0x52</size>
         <input_file_ref idref="fl-db"/>
      </object_component>
      <object_component id="oc-175">
         <name>.debug_line</name>
         <load_address>0x1e9c</load_address>
         <run_address>0x1e9c</run_address>
         <size>0x37</size>
         <input_file_ref idref="fl-dc"/>
      </object_component>
      <object_component id="oc-89">
         <name>.debug_line</name>
         <load_address>0x1ed3</load_address>
         <run_address>0x1ed3</run_address>
         <size>0x40</size>
         <input_file_ref idref="fl-df"/>
      </object_component>
      <object_component id="oc-d2">
         <name>.debug_line</name>
         <load_address>0x1f13</load_address>
         <run_address>0x1f13</run_address>
         <size>0x3c</size>
         <input_file_ref idref="fl-e1"/>
      </object_component>
      <object_component id="oc-92">
         <name>.debug_frame</name>
         <load_address>0x0</load_address>
         <run_address>0x0</run_address>
         <size>0x6c</size>
         <input_file_ref idref="fl-2"/>
      </object_component>
      <object_component id="oc-b3">
         <name>.debug_frame</name>
         <load_address>0x6c</load_address>
         <run_address>0x6c</run_address>
         <size>0x38</size>
         <input_file_ref idref="fl-3"/>
      </object_component>
      <object_component id="oc-28">
         <name>.debug_frame</name>
         <load_address>0xa4</load_address>
         <run_address>0xa4</run_address>
         <size>0x84</size>
         <input_file_ref idref="fl-5"/>
      </object_component>
      <object_component id="oc-12b">
         <name>.debug_frame</name>
         <load_address>0x128</load_address>
         <run_address>0x128</run_address>
         <size>0x9c</size>
         <input_file_ref idref="fl-9"/>
      </object_component>
      <object_component id="oc-121">
         <name>.debug_frame</name>
         <load_address>0x1c4</load_address>
         <run_address>0x1c4</run_address>
         <size>0x168</size>
         <input_file_ref idref="fl-c"/>
      </object_component>
      <object_component id="oc-b8">
         <name>.debug_frame</name>
         <load_address>0x32c</load_address>
         <run_address>0x32c</run_address>
         <size>0x18c</size>
         <input_file_ref idref="fl-d"/>
      </object_component>
      <object_component id="oc-ca">
         <name>.debug_frame</name>
         <load_address>0x4b8</load_address>
         <run_address>0x4b8</run_address>
         <size>0x19c</size>
         <input_file_ref idref="fl-11"/>
      </object_component>
      <object_component id="oc-10d">
         <name>.debug_frame</name>
         <load_address>0x654</load_address>
         <run_address>0x654</run_address>
         <size>0x1ac</size>
         <input_file_ref idref="fl-12"/>
      </object_component>
      <object_component id="oc-bc">
         <name>.debug_frame</name>
         <load_address>0x800</load_address>
         <run_address>0x800</run_address>
         <size>0x568</size>
         <input_file_ref idref="fl-13"/>
      </object_component>
      <object_component id="oc-c6">
         <name>.debug_frame</name>
         <load_address>0xd68</load_address>
         <run_address>0xd68</run_address>
         <size>0x3a4</size>
         <input_file_ref idref="fl-19"/>
      </object_component>
      <object_component id="oc-54">
         <name>.debug_frame</name>
         <load_address>0x110c</load_address>
         <run_address>0x110c</run_address>
         <size>0x38</size>
         <input_file_ref idref="fl-db"/>
      </object_component>
      <object_component id="oc-8c">
         <name>.debug_frame</name>
         <load_address>0x1144</load_address>
         <run_address>0x1144</run_address>
         <size>0x34</size>
         <input_file_ref idref="fl-df"/>
      </object_component>
      <object_component id="oc-d3">
         <name>.debug_frame</name>
         <load_address>0x1178</load_address>
         <run_address>0x1178</run_address>
         <size>0x34</size>
         <input_file_ref idref="fl-e1"/>
      </object_component>
      <object_component id="oc-cd">
         <name>.debug_abbrev</name>
         <load_address>0x0</load_address>
         <run_address>0x0</run_address>
         <size>0xc6</size>
         <input_file_ref idref="fl-2"/>
      </object_component>
      <object_component id="oc-18b">
         <name>.debug_abbrev</name>
         <load_address>0xc6</load_address>
         <run_address>0xc6</run_address>
         <size>0x4b</size>
         <input_file_ref idref="fl-2"/>
      </object_component>
      <object_component id="oc-34">
         <name>.debug_abbrev</name>
         <load_address>0x111</load_address>
         <run_address>0x111</run_address>
         <size>0x1f</size>
         <input_file_ref idref="fl-2"/>
      </object_component>
      <object_component id="oc-116">
         <name>.debug_abbrev</name>
         <load_address>0x130</load_address>
         <run_address>0x130</run_address>
         <size>0x24</size>
         <input_file_ref idref="fl-2"/>
      </object_component>
      <object_component id="oc-112">
         <name>.debug_abbrev</name>
         <load_address>0x154</load_address>
         <run_address>0x154</run_address>
         <size>0x5e</size>
         <input_file_ref idref="fl-3"/>
      </object_component>
      <object_component id="oc-6a">
         <name>.debug_abbrev</name>
         <load_address>0x1b2</load_address>
         <run_address>0x1b2</run_address>
         <size>0x5f</size>
         <input_file_ref idref="fl-5"/>
      </object_component>
      <object_component id="oc-29">
         <name>.debug_abbrev</name>
         <load_address>0x211</load_address>
         <run_address>0x211</run_address>
         <size>0x29</size>
         <input_file_ref idref="fl-5"/>
      </object_component>
      <object_component id="oc-69">
         <name>.debug_abbrev</name>
         <load_address>0x23a</load_address>
         <run_address>0x23a</run_address>
         <size>0xa2</size>
         <input_file_ref idref="fl-5"/>
      </object_component>
      <object_component id="oc-184">
         <name>.debug_abbrev</name>
         <load_address>0x2dc</load_address>
         <run_address>0x2dc</run_address>
         <size>0xf9</size>
         <input_file_ref idref="fl-9"/>
      </object_component>
      <object_component id="oc-1ca">
         <name>.debug_abbrev</name>
         <load_address>0x3d5</load_address>
         <run_address>0x3d5</run_address>
         <size>0x76</size>
         <input_file_ref idref="fl-c"/>
      </object_component>
      <object_component id="oc-1c8">
         <name>.debug_abbrev</name>
         <load_address>0x44b</load_address>
         <run_address>0x44b</run_address>
         <size>0x27</size>
         <input_file_ref idref="fl-c"/>
      </object_component>
      <object_component id="oc-1c6">
         <name>.debug_abbrev</name>
         <load_address>0x472</load_address>
         <run_address>0x472</run_address>
         <size>0x27</size>
         <input_file_ref idref="fl-c"/>
      </object_component>
      <object_component id="oc-17d">
         <name>.debug_abbrev</name>
         <load_address>0x499</load_address>
         <run_address>0x499</run_address>
         <size>0x132</size>
         <input_file_ref idref="fl-c"/>
      </object_component>
      <object_component id="oc-181">
         <name>.debug_abbrev</name>
         <load_address>0x5cb</load_address>
         <run_address>0x5cb</run_address>
         <size>0x42</size>
         <input_file_ref idref="fl-c"/>
      </object_component>
      <object_component id="oc-16f">
         <name>.debug_abbrev</name>
         <load_address>0x60d</load_address>
         <run_address>0x60d</run_address>
         <size>0x52</size>
         <input_file_ref idref="fl-d"/>
      </object_component>
      <object_component id="oc-113">
         <name>.debug_abbrev</name>
         <load_address>0x65f</load_address>
         <run_address>0x65f</run_address>
         <size>0x132</size>
         <input_file_ref idref="fl-d"/>
      </object_component>
      <object_component id="oc-19e">
         <name>.debug_abbrev</name>
         <load_address>0x791</load_address>
         <run_address>0x791</run_address>
         <size>0x85</size>
         <input_file_ref idref="fl-11"/>
      </object_component>
      <object_component id="oc-192">
         <name>.debug_abbrev</name>
         <load_address>0x816</load_address>
         <run_address>0x816</run_address>
         <size>0x27</size>
         <input_file_ref idref="fl-11"/>
      </object_component>
      <object_component id="oc-194">
         <name>.debug_abbrev</name>
         <load_address>0x83d</load_address>
         <run_address>0x83d</run_address>
         <size>0x27</size>
         <input_file_ref idref="fl-11"/>
      </object_component>
      <object_component id="oc-196">
         <name>.debug_abbrev</name>
         <load_address>0x864</load_address>
         <run_address>0x864</run_address>
         <size>0x27</size>
         <input_file_ref idref="fl-11"/>
      </object_component>
      <object_component id="oc-198">
         <name>.debug_abbrev</name>
         <load_address>0x88b</load_address>
         <run_address>0x88b</run_address>
         <size>0x27</size>
         <input_file_ref idref="fl-11"/>
      </object_component>
      <object_component id="oc-19a">
         <name>.debug_abbrev</name>
         <load_address>0x8b2</load_address>
         <run_address>0x8b2</run_address>
         <size>0x27</size>
         <input_file_ref idref="fl-11"/>
      </object_component>
      <object_component id="oc-19c">
         <name>.debug_abbrev</name>
         <load_address>0x8d9</load_address>
         <run_address>0x8d9</run_address>
         <size>0x27</size>
         <input_file_ref idref="fl-11"/>
      </object_component>
      <object_component id="oc-148">
         <name>.debug_abbrev</name>
         <load_address>0x900</load_address>
         <run_address>0x900</run_address>
         <size>0x15b</size>
         <input_file_ref idref="fl-11"/>
      </object_component>
      <object_component id="oc-1c3">
         <name>.debug_abbrev</name>
         <load_address>0xa5b</load_address>
         <run_address>0xa5b</run_address>
         <size>0x42</size>
         <input_file_ref idref="fl-12"/>
      </object_component>
      <object_component id="oc-1c1">
         <name>.debug_abbrev</name>
         <load_address>0xa9d</load_address>
         <run_address>0xa9d</run_address>
         <size>0x27</size>
         <input_file_ref idref="fl-12"/>
      </object_component>
      <object_component id="oc-16d">
         <name>.debug_abbrev</name>
         <load_address>0xac4</load_address>
         <run_address>0xac4</run_address>
         <size>0x103</size>
         <input_file_ref idref="fl-12"/>
      </object_component>
      <object_component id="oc-187">
         <name>.debug_abbrev</name>
         <load_address>0xbc7</load_address>
         <run_address>0xbc7</run_address>
         <size>0x91</size>
         <input_file_ref idref="fl-13"/>
      </object_component>
      <object_component id="oc-185">
         <name>.debug_abbrev</name>
         <load_address>0xc58</load_address>
         <run_address>0xc58</run_address>
         <size>0x27</size>
         <input_file_ref idref="fl-13"/>
      </object_component>
      <object_component id="oc-12f">
         <name>.debug_abbrev</name>
         <load_address>0xc7f</load_address>
         <run_address>0xc7f</run_address>
         <size>0x101</size>
         <input_file_ref idref="fl-13"/>
      </object_component>
      <object_component id="oc-190">
         <name>.debug_abbrev</name>
         <load_address>0xd80</load_address>
         <run_address>0xd80</run_address>
         <size>0x76</size>
         <input_file_ref idref="fl-19"/>
      </object_component>
      <object_component id="oc-18e">
         <name>.debug_abbrev</name>
         <load_address>0xdf6</load_address>
         <run_address>0xdf6</run_address>
         <size>0x27</size>
         <input_file_ref idref="fl-19"/>
      </object_component>
      <object_component id="oc-134">
         <name>.debug_abbrev</name>
         <load_address>0xe1d</load_address>
         <run_address>0xe1d</run_address>
         <size>0x132</size>
         <input_file_ref idref="fl-19"/>
      </object_component>
      <object_component id="oc-176">
         <name>.debug_abbrev</name>
         <load_address>0xf4f</load_address>
         <run_address>0xf4f</run_address>
         <size>0x4a</size>
         <input_file_ref idref="fl-d7"/>
      </object_component>
      <object_component id="oc-67">
         <name>.debug_abbrev</name>
         <load_address>0xf99</load_address>
         <run_address>0xf99</run_address>
         <size>0x29</size>
         <input_file_ref idref="fl-db"/>
      </object_component>
      <object_component id="oc-94">
         <name>.debug_abbrev</name>
         <load_address>0xfc2</load_address>
         <run_address>0xfc2</run_address>
         <size>0x61</size>
         <input_file_ref idref="fl-db"/>
      </object_component>
      <object_component id="oc-1c5">
         <name>.debug_abbrev</name>
         <load_address>0x1023</load_address>
         <run_address>0x1023</run_address>
         <size>0x38</size>
         <input_file_ref idref="fl-dc"/>
      </object_component>
      <object_component id="oc-ae">
         <name>.debug_abbrev</name>
         <load_address>0x105b</load_address>
         <run_address>0x105b</run_address>
         <size>0x55</size>
         <input_file_ref idref="fl-df"/>
      </object_component>
      <object_component id="oc-14a">
         <name>.debug_abbrev</name>
         <load_address>0x10b0</load_address>
         <run_address>0x10b0</run_address>
         <size>0x45</size>
         <input_file_ref idref="fl-e1"/>
      </object_component>
      <object_component id="oc-205">
         <name>.debug_abbrev</name>
         <load_address>0x10f5</load_address>
         <run_address>0x10f5</run_address>
         <size>0xf</size>
      </object_component>
      <object_component id="oc-18d">
         <name>.debug_str</name>
         <load_address>0x0</load_address>
         <run_address>0x0</run_address>
         <size>0x11a</size>
         <input_file_ref idref="fl-2"/>
      </object_component>
      <object_component id="oc-36">
         <name>.debug_str</name>
         <load_address>0x11a</load_address>
         <run_address>0x11a</run_address>
         <size>0xfa</size>
         <input_file_ref idref="fl-2"/>
      </object_component>
      <object_component id="oc-118">
         <name>.debug_str</name>
         <load_address>0x214</load_address>
         <run_address>0x214</run_address>
         <size>0xe7</size>
         <input_file_ref idref="fl-2"/>
      </object_component>
      <object_component id="oc-183">
         <name>.debug_str</name>
         <load_address>0x2fb</load_address>
         <run_address>0x2fb</run_address>
         <size>0xef</size>
         <input_file_ref idref="fl-c"/>
      </object_component>
      <object_component id="oc-8f">
         <name>.debug_aranges</name>
         <load_address>0x0</load_address>
         <run_address>0x0</run_address>
         <size>0x30</size>
         <input_file_ref idref="fl-2"/>
      </object_component>
      <object_component id="oc-b1">
         <name>.debug_aranges</name>
         <load_address>0x30</load_address>
         <run_address>0x30</run_address>
         <size>0x20</size>
         <input_file_ref idref="fl-3"/>
      </object_component>
      <object_component id="oc-25">
         <name>.debug_aranges</name>
         <load_address>0x50</load_address>
         <run_address>0x50</run_address>
         <size>0x40</size>
         <input_file_ref idref="fl-5"/>
      </object_component>
      <object_component id="oc-128">
         <name>.debug_aranges</name>
         <load_address>0x90</load_address>
         <run_address>0x90</run_address>
         <size>0x48</size>
         <input_file_ref idref="fl-9"/>
      </object_component>
      <object_component id="oc-122">
         <name>.debug_aranges</name>
         <load_address>0xd8</load_address>
         <run_address>0xd8</run_address>
         <size>0x88</size>
         <input_file_ref idref="fl-c"/>
      </object_component>
      <object_component id="oc-b7">
         <name>.debug_aranges</name>
         <load_address>0x160</load_address>
         <run_address>0x160</run_address>
         <size>0x90</size>
         <input_file_ref idref="fl-d"/>
      </object_component>
      <object_component id="oc-c8">
         <name>.debug_aranges</name>
         <load_address>0x1f0</load_address>
         <run_address>0x1f0</run_address>
         <size>0x98</size>
         <input_file_ref idref="fl-11"/>
      </object_component>
      <object_component id="oc-10e">
         <name>.debug_aranges</name>
         <load_address>0x288</load_address>
         <run_address>0x288</run_address>
         <size>0x90</size>
         <input_file_ref idref="fl-12"/>
      </object_component>
      <object_component id="oc-bf">
         <name>.debug_aranges</name>
         <load_address>0x318</load_address>
         <run_address>0x318</run_address>
         <size>0x1c0</size>
         <input_file_ref idref="fl-13"/>
      </object_component>
      <object_component id="oc-c4">
         <name>.debug_aranges</name>
         <load_address>0x4d8</load_address>
         <run_address>0x4d8</run_address>
         <size>0x140</size>
         <input_file_ref idref="fl-19"/>
      </object_component>
      <object_component id="oc-11d">
         <name>.debug_aranges</name>
         <load_address>0x618</load_address>
         <run_address>0x618</run_address>
         <size>0x20</size>
         <input_file_ref idref="fl-d7"/>
      </object_component>
      <object_component id="oc-51">
         <name>.debug_aranges</name>
         <load_address>0x638</load_address>
         <run_address>0x638</run_address>
         <size>0x20</size>
         <input_file_ref idref="fl-db"/>
      </object_component>
      <object_component id="oc-173">
         <name>.debug_aranges</name>
         <load_address>0x658</load_address>
         <run_address>0x658</run_address>
         <size>0x20</size>
         <input_file_ref idref="fl-dc"/>
      </object_component>
      <object_component id="oc-88">
         <name>.debug_aranges</name>
         <load_address>0x678</load_address>
         <run_address>0x678</run_address>
         <size>0x20</size>
         <input_file_ref idref="fl-df"/>
      </object_component>
      <object_component id="oc-cf">
         <name>.debug_aranges</name>
         <load_address>0x698</load_address>
         <run_address>0x698</run_address>
         <size>0x20</size>
         <input_file_ref idref="fl-e1"/>
      </object_component>
      <object_component id="oc-90">
         <name>.debug_pubnames</name>
         <load_address>0x0</load_address>
         <run_address>0x0</run_address>
         <size>0x3c</size>
         <input_file_ref idref="fl-2"/>
      </object_component>
      <object_component id="oc-b2">
         <name>.debug_pubnames</name>
         <load_address>0x3c</load_address>
         <run_address>0x3c</run_address>
         <size>0x23</size>
         <input_file_ref idref="fl-3"/>
      </object_component>
      <object_component id="oc-11">
         <name>.debug_pubnames</name>
         <load_address>0x5f</load_address>
         <run_address>0x5f</run_address>
         <size>0x23</size>
         <input_file_ref idref="fl-5"/>
      </object_component>
      <object_component id="oc-26">
         <name>.debug_pubnames</name>
         <load_address>0x82</load_address>
         <run_address>0x82</run_address>
         <size>0x60</size>
         <input_file_ref idref="fl-5"/>
      </object_component>
      <object_component id="oc-12a">
         <name>.debug_pubnames</name>
         <load_address>0xe2</load_address>
         <run_address>0xe2</run_address>
         <size>0x6a</size>
         <input_file_ref idref="fl-9"/>
      </object_component>
      <object_component id="oc-17c">
         <name>.debug_pubnames</name>
         <load_address>0x14c</load_address>
         <run_address>0x14c</run_address>
         <size>0x25</size>
         <input_file_ref idref="fl-c"/>
      </object_component>
      <object_component id="oc-179">
         <name>.debug_pubnames</name>
         <load_address>0x171</load_address>
         <run_address>0x171</run_address>
         <size>0x25</size>
         <input_file_ref idref="fl-c"/>
      </object_component>
      <object_component id="oc-125">
         <name>.debug_pubnames</name>
         <load_address>0x196</load_address>
         <run_address>0x196</run_address>
         <size>0x136</size>
         <input_file_ref idref="fl-c"/>
      </object_component>
      <object_component id="oc-ba">
         <name>.debug_pubnames</name>
         <load_address>0x2cc</load_address>
         <run_address>0x2cc</run_address>
         <size>0x139</size>
         <input_file_ref idref="fl-d"/>
      </object_component>
      <object_component id="oc-138">
         <name>.debug_pubnames</name>
         <load_address>0x405</load_address>
         <run_address>0x405</run_address>
         <size>0x24</size>
         <input_file_ref idref="fl-11"/>
      </object_component>
      <object_component id="oc-13b">
         <name>.debug_pubnames</name>
         <load_address>0x429</load_address>
         <run_address>0x429</run_address>
         <size>0x20</size>
         <input_file_ref idref="fl-11"/>
      </object_component>
      <object_component id="oc-13e">
         <name>.debug_pubnames</name>
         <load_address>0x449</load_address>
         <run_address>0x449</run_address>
         <size>0x22</size>
         <input_file_ref idref="fl-11"/>
      </object_component>
      <object_component id="oc-141">
         <name>.debug_pubnames</name>
         <load_address>0x46b</load_address>
         <run_address>0x46b</run_address>
         <size>0x23</size>
         <input_file_ref idref="fl-11"/>
      </object_component>
      <object_component id="oc-144">
         <name>.debug_pubnames</name>
         <load_address>0x48e</load_address>
         <run_address>0x48e</run_address>
         <size>0x24</size>
         <input_file_ref idref="fl-11"/>
      </object_component>
      <object_component id="oc-147">
         <name>.debug_pubnames</name>
         <load_address>0x4b2</load_address>
         <run_address>0x4b2</run_address>
         <size>0x26</size>
         <input_file_ref idref="fl-11"/>
      </object_component>
      <object_component id="oc-cc">
         <name>.debug_pubnames</name>
         <load_address>0x4d8</load_address>
         <run_address>0x4d8</run_address>
         <size>0x14f</size>
         <input_file_ref idref="fl-11"/>
      </object_component>
      <object_component id="oc-16c">
         <name>.debug_pubnames</name>
         <load_address>0x627</load_address>
         <run_address>0x627</run_address>
         <size>0x26</size>
         <input_file_ref idref="fl-12"/>
      </object_component>
      <object_component id="oc-110">
         <name>.debug_pubnames</name>
         <load_address>0x64d</load_address>
         <run_address>0x64d</run_address>
         <size>0x107</size>
         <input_file_ref idref="fl-12"/>
      </object_component>
      <object_component id="oc-12e">
         <name>.debug_pubnames</name>
         <load_address>0x754</load_address>
         <run_address>0x754</run_address>
         <size>0x2a</size>
         <input_file_ref idref="fl-13"/>
      </object_component>
      <object_component id="oc-c0">
         <name>.debug_pubnames</name>
         <load_address>0x77e</load_address>
         <run_address>0x77e</run_address>
         <size>0x4f8</size>
         <input_file_ref idref="fl-13"/>
      </object_component>
      <object_component id="oc-133">
         <name>.debug_pubnames</name>
         <load_address>0xc76</load_address>
         <run_address>0xc76</run_address>
         <size>0x27</size>
         <input_file_ref idref="fl-19"/>
      </object_component>
      <object_component id="oc-c3">
         <name>.debug_pubnames</name>
         <load_address>0xc9d</load_address>
         <run_address>0xc9d</run_address>
         <size>0x305</size>
         <input_file_ref idref="fl-19"/>
      </object_component>
      <object_component id="oc-11e">
         <name>.debug_pubnames</name>
         <load_address>0xfa2</load_address>
         <run_address>0xfa2</run_address>
         <size>0x27</size>
         <input_file_ref idref="fl-d7"/>
      </object_component>
      <object_component id="oc-22">
         <name>.debug_pubnames</name>
         <load_address>0xfc9</load_address>
         <run_address>0xfc9</run_address>
         <size>0x1e</size>
         <input_file_ref idref="fl-db"/>
      </object_component>
      <object_component id="oc-52">
         <name>.debug_pubnames</name>
         <load_address>0xfe7</load_address>
         <run_address>0xfe7</run_address>
         <size>0x2d</size>
         <input_file_ref idref="fl-db"/>
      </object_component>
      <object_component id="oc-174">
         <name>.debug_pubnames</name>
         <load_address>0x1014</load_address>
         <run_address>0x1014</run_address>
         <size>0x27</size>
         <input_file_ref idref="fl-dc"/>
      </object_component>
      <object_component id="oc-8b">
         <name>.debug_pubnames</name>
         <load_address>0x103b</load_address>
         <run_address>0x103b</run_address>
         <size>0x27</size>
         <input_file_ref idref="fl-df"/>
      </object_component>
      <object_component id="oc-d1">
         <name>.debug_pubnames</name>
         <load_address>0x1062</load_address>
         <run_address>0x1062</run_address>
         <size>0x1c</size>
         <input_file_ref idref="fl-e1"/>
      </object_component>
      <object_component id="oc-18a">
         <name>.debug_pubtypes</name>
         <load_address>0x0</load_address>
         <run_address>0x0</run_address>
         <size>0x42</size>
         <input_file_ref idref="fl-2"/>
      </object_component>
      <object_component id="oc-33">
         <name>.debug_pubtypes</name>
         <load_address>0x42</load_address>
         <run_address>0x42</run_address>
         <size>0xed</size>
         <input_file_ref idref="fl-2"/>
      </object_component>
      <object_component id="oc-115">
         <name>.debug_pubtypes</name>
         <load_address>0x12f</load_address>
         <run_address>0x12f</run_address>
         <size>0x1f</size>
         <input_file_ref idref="fl-2"/>
      </object_component>
      <object_component id="oc-180">
         <name>.debug_pubtypes</name>
         <load_address>0x14e</load_address>
         <run_address>0x14e</run_address>
         <size>0x27</size>
         <input_file_ref idref="fl-c"/>
      </object_component>
   </object_component_list>
   <logical_group_list>
      <logical_group id="lg-3" display="no" color="cyan">
         <name>.intvecs</name>
         <load_address>0x20004000</load_address>
         <run_address>0x20004000</run_address>
         <size>0x400</size>
         <contents>
            <object_component_ref idref="oc-f"/>
         </contents>
      </logical_group>
      <logical_group id="lg-4" display="no" color="cyan">
         <name>.init_array</name>
         <run_address>0x0</run_address>
         <size>0x0</size>
         <contents>
         </contents>
      </logical_group>
      <logical_group id="lg-5" display="no" color="cyan">
         <name>.vtable</name>
         <run_address>0x0</run_address>
         <size>0x0</size>
         <contents>
         </contents>
      </logical_group>
      <logical_group id="lg-6" display="no" color="cyan">
         <name>.text</name>
         <load_address>0x20004400</load_address>
         <run_address>0x20004400</run_address>
         <size>0x1e98</size>
         <contents>
            <object_component_ref idref="oc-bb"/>
            <object_component_ref idref="oc-c1"/>
            <object_component_ref idref="oc-c7"/>
            <object_component_ref idref="oc-b5"/>
            <object_component_ref idref="oc-120"/>
            <object_component_ref idref="oc-10c"/>
            <object_component_ref idref="oc-8d"/>
            <object_component_ref idref="oc-11b"/>
            <object_component_ref idref="oc-171"/>
            <object_component_ref idref="oc-af"/>
            <object_component_ref idref="oc-126"/>
            <object_component_ref idref="oc-4f"/>
            <object_component_ref idref="oc-23"/>
            <object_component_ref idref="oc-11a"/>
            <object_component_ref idref="oc-87"/>
            <object_component_ref idref="oc-ce"/>
         </contents>
      </logical_group>
      <logical_group id="lg-7" display="no" color="cyan">
         <name>.const</name>
         <load_address>0x20006298</load_address>
         <run_address>0x20006298</run_address>
         <size>0x38c</size>
         <contents>
            <object_component_ref idref="oc-16a"/>
            <object_component_ref idref="oc-139"/>
            <object_component_ref idref="oc-12c"/>
            <object_component_ref idref="oc-17a"/>
            <object_component_ref idref="oc-177"/>
            <object_component_ref idref="oc-136"/>
            <object_component_ref idref="oc-13f"/>
            <object_component_ref idref="oc-13c"/>
            <object_component_ref idref="oc-142"/>
            <object_component_ref idref="oc-145"/>
            <object_component_ref idref="oc-131"/>
         </contents>
      </logical_group>
      <logical_group id="lg-8" display="no" color="cyan">
         <name>.cinit</name>
         <run_address>0x0</run_address>
         <size>0x0</size>
         <contents>
         </contents>
      </logical_group>
      <logical_group id="lg-9" display="no" color="cyan">
         <name>.pinit</name>
         <run_address>0x0</run_address>
         <size>0x0</size>
         <contents>
         </contents>
      </logical_group>
      <logical_group id="lg-a" display="no" color="cyan">
         <name>.data</name>
         <run_address>0x0</run_address>
         <size>0x0</size>
         <contents>
         </contents>
      </logical_group>
      <logical_group id="lg-b" display="no" color="cyan">
         <name>.bss</name>
         <run_address>0x0</run_address>
         <size>0x0</size>
         <contents>
         </contents>
      </logical_group>
      <logical_group id="lg-c" display="no" color="cyan">
         <name>.sysmem</name>
         <run_address>0x0</run_address>
         <size>0x0</size>
         <contents>
         </contents>
      </logical_group>
      <logical_group id="lg-d" display="no" color="cyan">
         <name>.stack</name>
         <run_address>0x2002b000</run_address>
         <size>0x5000</size>
         <contents>
            <object_component_ref idref="oc-20"/>
            <object_component_ref idref="oc-203"/>
         </contents>
      </logical_group>
      <logical_group id="lg-1db" display="no" color="cyan">
         <name>.TI.noinit</name>
         <run_address>0x0</run_address>
         <size>0x0</size>
         <contents>
         </contents>
      </logical_group>
      <logical_group id="lg-1dc" display="no" color="cyan">
         <name>.TI.persistent</name>
         <run_address>0x0</run_address>
         <size>0x0</size>
         <contents>
         </contents>
      </logical_group>
      <logical_group id="lg-1ea" display="never" color="cyan">
         <name>.debug_info</name>
         <load_address>0x0</load_address>
         <run_address>0x0</run_address>
         <size>0xa61d</size>
         <contents>
            <object_component_ref idref="oc-8e"/>
            <object_component_ref idref="oc-189"/>
            <object_component_ref idref="oc-32"/>
            <object_component_ref idref="oc-114"/>
            <object_component_ref idref="oc-b0"/>
            <object_component_ref idref="oc-2b"/>
            <object_component_ref idref="oc-10"/>
            <object_component_ref idref="oc-24"/>
            <object_component_ref idref="oc-129"/>
            <object_component_ref idref="oc-17e"/>
            <object_component_ref idref="oc-17b"/>
            <object_component_ref idref="oc-178"/>
            <object_component_ref idref="oc-124"/>
            <object_component_ref idref="oc-17f"/>
            <object_component_ref idref="oc-119"/>
            <object_component_ref idref="oc-b9"/>
            <object_component_ref idref="oc-149"/>
            <object_component_ref idref="oc-137"/>
            <object_component_ref idref="oc-13a"/>
            <object_component_ref idref="oc-13d"/>
            <object_component_ref idref="oc-140"/>
            <object_component_ref idref="oc-143"/>
            <object_component_ref idref="oc-146"/>
            <object_component_ref idref="oc-cb"/>
            <object_component_ref idref="oc-16e"/>
            <object_component_ref idref="oc-16b"/>
            <object_component_ref idref="oc-10f"/>
            <object_component_ref idref="oc-130"/>
            <object_component_ref idref="oc-12d"/>
            <object_component_ref idref="oc-be"/>
            <object_component_ref idref="oc-135"/>
            <object_component_ref idref="oc-132"/>
            <object_component_ref idref="oc-c2"/>
            <object_component_ref idref="oc-11c"/>
            <object_component_ref idref="oc-21"/>
            <object_component_ref idref="oc-50"/>
            <object_component_ref idref="oc-172"/>
            <object_component_ref idref="oc-8a"/>
            <object_component_ref idref="oc-d0"/>
            <object_component_ref idref="oc-204"/>
         </contents>
      </logical_group>
      <logical_group id="lg-1ec" display="never" color="cyan">
         <name>.debug_line</name>
         <load_address>0x0</load_address>
         <run_address>0x0</run_address>
         <size>0x1f4f</size>
         <contents>
            <object_component_ref idref="oc-91"/>
            <object_component_ref idref="oc-18c"/>
            <object_component_ref idref="oc-35"/>
            <object_component_ref idref="oc-117"/>
            <object_component_ref idref="oc-b4"/>
            <object_component_ref idref="oc-6b"/>
            <object_component_ref idref="oc-2a"/>
            <object_component_ref idref="oc-27"/>
            <object_component_ref idref="oc-127"/>
            <object_component_ref idref="oc-1cb"/>
            <object_component_ref idref="oc-1c9"/>
            <object_component_ref idref="oc-1c7"/>
            <object_component_ref idref="oc-123"/>
            <object_component_ref idref="oc-182"/>
            <object_component_ref idref="oc-170"/>
            <object_component_ref idref="oc-b6"/>
            <object_component_ref idref="oc-19f"/>
            <object_component_ref idref="oc-193"/>
            <object_component_ref idref="oc-195"/>
            <object_component_ref idref="oc-197"/>
            <object_component_ref idref="oc-199"/>
            <object_component_ref idref="oc-19b"/>
            <object_component_ref idref="oc-19d"/>
            <object_component_ref idref="oc-c9"/>
            <object_component_ref idref="oc-1c4"/>
            <object_component_ref idref="oc-1c2"/>
            <object_component_ref idref="oc-111"/>
            <object_component_ref idref="oc-188"/>
            <object_component_ref idref="oc-186"/>
            <object_component_ref idref="oc-bd"/>
            <object_component_ref idref="oc-191"/>
            <object_component_ref idref="oc-18f"/>
            <object_component_ref idref="oc-c5"/>
            <object_component_ref idref="oc-11f"/>
            <object_component_ref idref="oc-68"/>
            <object_component_ref idref="oc-53"/>
            <object_component_ref idref="oc-175"/>
            <object_component_ref idref="oc-89"/>
            <object_component_ref idref="oc-d2"/>
         </contents>
      </logical_group>
      <logical_group id="lg-1ee" display="never" color="cyan">
         <name>.debug_frame</name>
         <load_address>0x0</load_address>
         <run_address>0x0</run_address>
         <size>0x11ac</size>
         <contents>
            <object_component_ref idref="oc-92"/>
            <object_component_ref idref="oc-b3"/>
            <object_component_ref idref="oc-28"/>
            <object_component_ref idref="oc-12b"/>
            <object_component_ref idref="oc-121"/>
            <object_component_ref idref="oc-b8"/>
            <object_component_ref idref="oc-ca"/>
            <object_component_ref idref="oc-10d"/>
            <object_component_ref idref="oc-bc"/>
            <object_component_ref idref="oc-c6"/>
            <object_component_ref idref="oc-54"/>
            <object_component_ref idref="oc-8c"/>
            <object_component_ref idref="oc-d3"/>
         </contents>
      </logical_group>
      <logical_group id="lg-1f0" display="never" color="cyan">
         <name>.debug_abbrev</name>
         <load_address>0x0</load_address>
         <run_address>0x0</run_address>
         <size>0x1104</size>
         <contents>
            <object_component_ref idref="oc-cd"/>
            <object_component_ref idref="oc-18b"/>
            <object_component_ref idref="oc-34"/>
            <object_component_ref idref="oc-116"/>
            <object_component_ref idref="oc-112"/>
            <object_component_ref idref="oc-6a"/>
            <object_component_ref idref="oc-29"/>
            <object_component_ref idref="oc-69"/>
            <object_component_ref idref="oc-184"/>
            <object_component_ref idref="oc-1ca"/>
            <object_component_ref idref="oc-1c8"/>
            <object_component_ref idref="oc-1c6"/>
            <object_component_ref idref="oc-17d"/>
            <object_component_ref idref="oc-181"/>
            <object_component_ref idref="oc-16f"/>
            <object_component_ref idref="oc-113"/>
            <object_component_ref idref="oc-19e"/>
            <object_component_ref idref="oc-192"/>
            <object_component_ref idref="oc-194"/>
            <object_component_ref idref="oc-196"/>
            <object_component_ref idref="oc-198"/>
            <object_component_ref idref="oc-19a"/>
            <object_component_ref idref="oc-19c"/>
            <object_component_ref idref="oc-148"/>
            <object_component_ref idref="oc-1c3"/>
            <object_component_ref idref="oc-1c1"/>
            <object_component_ref idref="oc-16d"/>
            <object_component_ref idref="oc-187"/>
            <object_component_ref idref="oc-185"/>
            <object_component_ref idref="oc-12f"/>
            <object_component_ref idref="oc-190"/>
            <object_component_ref idref="oc-18e"/>
            <object_component_ref idref="oc-134"/>
            <object_component_ref idref="oc-176"/>
            <object_component_ref idref="oc-67"/>
            <object_component_ref idref="oc-94"/>
            <object_component_ref idref="oc-1c5"/>
            <object_component_ref idref="oc-ae"/>
            <object_component_ref idref="oc-14a"/>
            <object_component_ref idref="oc-205"/>
         </contents>
      </logical_group>
      <logical_group id="lg-1f2" display="never" color="cyan">
         <name>.debug_str</name>
         <load_address>0x0</load_address>
         <run_address>0x0</run_address>
         <size>0x3ea</size>
         <contents>
            <object_component_ref idref="oc-18d"/>
            <object_component_ref idref="oc-36"/>
            <object_component_ref idref="oc-118"/>
            <object_component_ref idref="oc-183"/>
         </contents>
      </logical_group>
      <logical_group id="lg-1f4" display="never" color="cyan">
         <name>.debug_aranges</name>
         <load_address>0x0</load_address>
         <run_address>0x0</run_address>
         <size>0x6b8</size>
         <contents>
            <object_component_ref idref="oc-8f"/>
            <object_component_ref idref="oc-b1"/>
            <object_component_ref idref="oc-25"/>
            <object_component_ref idref="oc-128"/>
            <object_component_ref idref="oc-122"/>
            <object_component_ref idref="oc-b7"/>
            <object_component_ref idref="oc-c8"/>
            <object_component_ref idref="oc-10e"/>
            <object_component_ref idref="oc-bf"/>
            <object_component_ref idref="oc-c4"/>
            <object_component_ref idref="oc-11d"/>
            <object_component_ref idref="oc-51"/>
            <object_component_ref idref="oc-173"/>
            <object_component_ref idref="oc-88"/>
            <object_component_ref idref="oc-cf"/>
         </contents>
      </logical_group>
      <logical_group id="lg-1f6" display="never" color="cyan">
         <name>.debug_pubnames</name>
         <load_address>0x0</load_address>
         <run_address>0x0</run_address>
         <size>0x107e</size>
         <contents>
            <object_component_ref idref="oc-90"/>
            <object_component_ref idref="oc-b2"/>
            <object_component_ref idref="oc-11"/>
            <object_component_ref idref="oc-26"/>
            <object_component_ref idref="oc-12a"/>
            <object_component_ref idref="oc-17c"/>
            <object_component_ref idref="oc-179"/>
            <object_component_ref idref="oc-125"/>
            <object_component_ref idref="oc-ba"/>
            <object_component_ref idref="oc-138"/>
            <object_component_ref idref="oc-13b"/>
            <object_component_ref idref="oc-13e"/>
            <object_component_ref idref="oc-141"/>
            <object_component_ref idref="oc-144"/>
            <object_component_ref idref="oc-147"/>
            <object_component_ref idref="oc-cc"/>
            <object_component_ref idref="oc-16c"/>
            <object_component_ref idref="oc-110"/>
            <object_component_ref idref="oc-12e"/>
            <object_component_ref idref="oc-c0"/>
            <object_component_ref idref="oc-133"/>
            <object_component_ref idref="oc-c3"/>
            <object_component_ref idref="oc-11e"/>
            <object_component_ref idref="oc-22"/>
            <object_component_ref idref="oc-52"/>
            <object_component_ref idref="oc-174"/>
            <object_component_ref idref="oc-8b"/>
            <object_component_ref idref="oc-d1"/>
         </contents>
      </logical_group>
      <logical_group id="lg-1f8" display="never" color="cyan">
         <name>.debug_pubtypes</name>
         <load_address>0x0</load_address>
         <run_address>0x0</run_address>
         <size>0x175</size>
         <contents>
            <object_component_ref idref="oc-18a"/>
            <object_component_ref idref="oc-33"/>
            <object_component_ref idref="oc-115"/>
            <object_component_ref idref="oc-180"/>
         </contents>
      </logical_group>
      <load_segment id="lg-207" display="no" color="cyan">
         <name>SEGMENT_0</name>
         <load_address>0x20004000</load_address>
         <run_address>0x20004000</run_address>
         <size>0x2624</size>
         <flags>0x5</flags>
         <contents>
            <logical_group_ref idref="lg-3"/>
            <logical_group_ref idref="lg-6"/>
            <logical_group_ref idref="lg-7"/>
         </contents>
      </load_segment>
      <load_segment id="lg-208" display="no" color="cyan">
         <name>SEGMENT_1</name>
         <run_address>0x2002b000</run_address>
         <size>0x5000</size>
         <flags>0x6</flags>
         <contents>
            <logical_group_ref idref="lg-d"/>
         </contents>
      </load_segment>
   </logical_group_list>
   <placement_map>
      <memory_area display="yes" color="green">
         <name>SRAM_CODE</name>
         <page_id>0x0</page_id>
         <origin>0x20004000</origin>
         <length>0x16fff</length>
         <used_space>0x2624</used_space>
         <unused_space>0x149db</unused_space>
         <attributes>RWX</attributes>
         <usage_details>
            <allocated_space>
               <start_address>0x20004000</start_address>
               <size>0x400</size>
[...]
         <value>0x2000543b</value>
         <object_component_ref idref="oc-c7"/>
      </symbol>
      <symbol id="sm-1bd">
         <name>IntPrioritySet</name>
         <value>0x20005473</value>
         <object_component_ref idref="oc-c7"/>
      </symbol>
      <symbol id="sm-1be">
         <name>IntVTableBaseSet</name>
         <value>0x200053db</value>
         <object_component_ref idref="oc-c7"/>
      </symbol>
      <symbol id="sm-1bf">
         <name>IntEnable</name>
         <value>0x200054e7</value>
         <object_component_ref idref="oc-c7"/>
      </symbol>
      <symbol id="sm-1c0">
         <name>IntPriorityMaskSet</name>
         <value>0x20005701</value>
         <object_component_ref idref="oc-c7"/>
      </symbol>
      <symbol id="sm-1c1">
         <name>IntPriorityGroupingSet</name>
         <value>0x20005421</value>
         <object_component_ref idref="oc-c7"/>
      </symbol>
      <symbol id="sm-1c2">
         <name>IntDisable</name>
         <value>0x20005581</value>
         <object_component_ref idref="oc-c7"/>
      </symbol>
      <symbol id="sm-1c3">
         <name>IntRegister</name>
         <value>0x200053eb</value>
         <object_component_ref idref="oc-c7"/>
      </symbol>
      <symbol id="sm-1c4">
         <name>IntPriorityGet</name>
         <value>0x200054c3</value>
         <object_component_ref idref="oc-c7"/>
      </symbol>
      <symbol id="sm-1c5">
         <name>IntMasterDisable</name>
         <value>0x200053d1</value>
         <object_component_ref idref="oc-c7"/>
      </symbol>
      <symbol id="sm-1c6">
         <name>IntUnregister</name>
         <value>0x20005407</value>
         <object_component_ref idref="oc-c7"/>
      </symbol>
      <symbol id="sm-1c7">
         <name>IntPriorityMaskGet</name>
         <value>0x2000570d</value>
         <object_component_ref idref="oc-c7"/>
      </symbol>
      <symbol id="sm-1c8">
         <name>IntMasterEnable</name>
         <value>0x200053c7</value>
         <object_component_ref idref="oc-c7"/>
      </symbol>
      <symbol id="sm-1c9">
         <name>IntPendSet</name>
         <value>0x2000561b</value>
         <object_component_ref idref="oc-c7"/>
      </symbol>
      <symbol id="sm-1f3">
         <name>PinTypeCamera</name>
         <value>0x20005f65</value>
         <object_component_ref idref="oc-10c"/>
      </symbol>
      <symbol id="sm-1f4">
         <name>PinTypeI2S</name>
         <value>0x20005f31</value>
         <object_component_ref idref="oc-10c"/>
      </symbol>
      <symbol id="sm-1f5">
         <name>PinTypeI2C</name>
         <value>0x20005efb</value>
         <object_component_ref idref="oc-10c"/>
      </symbol>
      <symbol id="sm-1f6">
         <name>PinTypeUART</name>
         <value>0x20005ee1</value>
         <object_component_ref idref="oc-10c"/>
      </symbol>
      <symbol id="sm-1f7">
         <name>PinConfigGet</name>
         <value>0x20005e29</value>
         <object_component_ref idref="oc-10c"/>
      </symbol>
      <symbol id="sm-1f8">
         <name>PinDirModeSet</name>
         <value>0x20005dcb</value>
         <object_component_ref idref="oc-10c"/>
      </symbol>
      <symbol id="sm-1f9">
         <name>PinTypeADC</name>
         <value>0x20005faf</value>
         <object_component_ref idref="oc-10c"/>
      </symbol>
      <symbol id="sm-1fa">
         <name>PinTypeTimer</name>
         <value>0x20005f4b</value>
         <object_component_ref idref="oc-10c"/>
      </symbol>
      <symbol id="sm-1fb">
         <name>PinModeGet</name>
         <value>0x20005da1</value>
         <object_component_ref idref="oc-10c"/>
      </symbol>
      <symbol id="sm-1fc">
         <name>PinTypeGPIO</name>
         <value>0x20005f7f</value>
         <object_component_ref idref="oc-10c"/>
      </symbol>
      <symbol id="sm-1fd">
         <name>PinTypeSDHost</name>
         <value>0x20005fc3</value>
         <object_component_ref idref="oc-10c"/>
      </symbol>
      <symbol id="sm-1fe">
         <name>PinConfigSet</name>
         <value>0x20005e67</value>
         <object_component_ref idref="oc-10c"/>
      </symbol>
      <symbol id="sm-1ff">
         <name>PinDirModeGet</name>
         <value>0x20005dff</value>
         <object_component_ref idref="oc-10c"/>
      </symbol>
      <symbol id="sm-200">
         <name>PinTypeSPI</name>
         <value>0x20005f17</value>
         <object_component_ref idref="oc-10c"/>
      </symbol>
      <symbol id="sm-201">
         <name>PinModeSet</name>
         <value>0x20005d69</value>
         <object_component_ref idref="oc-10c"/>
      </symbol>
      <symbol id="sm-2d5">
         <name>PRCMLPDSWakeupSourceEnable</name>
         <value>0x200046d9</value>
         <object_component_ref idref="oc-bb"/>
      </symbol>
      <symbol id="sm-2d6">
         <name>PRCMLPDSRestoreInfoSet</name>
         <value>0x20004687</value>
         <object_component_ref idref="oc-bb"/>
      </symbol>
      <symbol id="sm-2d7">
         <name>PRCMSRAMRetentionDisable</name>
         <value>0x200047c5</value>
         <object_component_ref idref="oc-bb"/>
      </symbol>
      <symbol id="sm-2d8">
         <name>PRCMSlowClkCtrGet</name>
         <value>0x200049a5</value>
         <object_component_ref idref="oc-bb"/>
      </symbol>
      <symbol id="sm-2d9">
         <name>PRCMPeripheralReset</name>
         <value>0x200045c1</value>
         <object_component_ref idref="oc-bb"/>
      </symbol>
      <symbol id="sm-2da">
         <name>PRCMHibernateWakeupSourceDisable</name>
         <value>0x2000483d</value>
         <object_component_ref idref="oc-bb"/>
      </symbol>
      <symbol id="sm-2db">
         <name>PRCMLPDSEnter</name>
         <value>0x2000469f</value>
         <object_component_ref idref="oc-bb"/>
      </symbol>
      <symbol id="sm-2dc">
         <name>PRCMRTCInUseSet</name>
         <value>0x20004b55</value>
         <object_component_ref idref="oc-bb"/>
      </symbol>
      <symbol id="sm-2dd">
         <name>PRCMCameraFreqSet</name>
         <value>0x20004ea9</value>
         <object_component_ref idref="oc-bb"/>
      </symbol>
      <symbol id="sm-2de">
         <name>PRCMPeripheralClkEnable</name>
         <value>0x200044f1</value>
         <object_component_ref idref="oc-bb"/>
      </symbol>
      <symbol id="sm-2df">
         <name>PRCMIntEnable</name>
         <value>0x20004ae9</value>
         <object_component_ref idref="oc-bb"/>
      </symbol>
      <symbol id="sm-2e0">
         <name>PRCMIntDisable</name>
         <value>0x20004b21</value>
         <object_component_ref idref="oc-bb"/>
      </symbol>
      <symbol id="sm-2e1">
         <name>PRCMSlowClkCtrFastGet</name>
         <value>0x200049ed</value>
         <object_component_ref idref="oc-bb"/>
      </symbol>
      <symbol id="sm-2e2">
         <name>PRCMPeripheralClockGet</name>
         <value>0x20004543</value>
         <object_component_ref idref="oc-bb"/>
      </symbol>
      <symbol id="sm-2e3">
         <name>PRCMSRAMRetentionEnable</name>
         <value>0x2000478d</value>
         <object_component_ref idref="oc-bb"/>
      </symbol>
      <symbol id="sm-2e4">
         <name>PRCMHibernateEnter</name>
         <value>0x20004981</value>
         <object_component_ref idref="oc-bb"/>
      </symbol>
      <symbol id="sm-2e5">
         <name>PRCMI2SClockFreqSet</name>
         <value>0x20004639</value>
         <object_component_ref idref="oc-bb"/>
      </symbol>
      <symbol id="sm-2e6">
         <name>PRCMHibernateIntervalSet</name>
         <value>0x2000489d</value>
         <object_component_ref idref="oc-bb"/>
      </symbol>
      <symbol id="sm-2e7">
         <name>PRCMRTCInUseGet</name>
         <value>0x20004b5d</value>
         <object_component_ref idref="oc-bb"/>
      </symbol>
      <symbol id="sm-2e8">
         <name>PRCMCC3200MCUInit</name>
         <value>0x20004d81</value>
         <object_component_ref idref="oc-bb"/>
      </symbol>
      <symbol id="sm-2e9">
         <name>PRCMSlowClkCtrMatchGet</name>
         <value>0x20004a4d</value>
         <object_component_ref idref="oc-bb"/>
      </symbol>
      <symbol id="sm-2ea">
         <name>PRCMHibernateWakeupCauseGet</name>
         <value>0x20004881</value>
         <object_component_ref idref="oc-bb"/>
      </symbol>
      <symbol id="sm-2eb">
         <name>PRCMIntStatus</name>
         <value>0x20004b4f</value>
         <object_component_ref idref="oc-bb"/>
      </symbol>
      <symbol id="sm-2ec">
         <name>PRCMIntUnregister</name>
         <value>0x20004ad9</value>
         <object_component_ref idref="oc-bb"/>
      </symbol>
      <symbol id="sm-2ed">
         <name>PRCMIntRegister</name>
         <value>0x20004ac1</value>
         <object_component_ref idref="oc-bb"/>
      </symbol>
      <symbol id="sm-2ee">
         <name>PRCMHibernateWakeUpGPIOSelect</name>
         <value>0x20004911</value>
         <object_component_ref idref="oc-bb"/>
      </symbol>
      <symbol id="sm-2ef">
         <name>PRCMOCRRegisterRead</name>
         <value>0x20004aa7</value>
         <object_component_ref idref="oc-bb"/>
      </symbol>
      <symbol id="sm-2f0">
         <name>PRCMDeepSleepEnter</name>
         <value>0x20004761</value>
         <object_component_ref idref="oc-bb"/>
      </symbol>
      <symbol id="sm-2f1">
         <name>PRCMRTCMatchSet</name>
         <value>0x20004c6d</value>
         <object_component_ref idref="oc-bb"/>
      </symbol>
      <symbol id="sm-2f2">
         <name>PRCMOCRRegisterWrite</name>
         <value>0x20004a8d</value>
         <object_component_ref idref="oc-bb"/>
      </symbol>
      <symbol id="sm-2f3">
         <name>PRCMSOCReset</name>
         <value>0x200044a3</value>
         <object_component_ref idref="oc-bb"/>
      </symbol>
      <symbol id="sm-2f4">
         <name>PRCMHIBRegWrite</name>
         <value>0x20004e8f</value>
         <object_component_ref idref="oc-bb"/>
      </symbol>
      <symbol id="sm-2f5">
         <name>PRCMLPDSIntervalSet</name>
         <value>0x20004715</value>
         <object_component_ref idref="oc-bb"/>
      </symbol>
      <symbol id="sm-2f6">
         <name>PRCMSysResetCauseGet</name>
         <value>0x200044cf</value>
         <object_component_ref idref="oc-bb"/>
      </symbol>
      <symbol id="sm-2f7">
         <name>PRCMRTCGet</name>
         <value>0x20004bf1</value>
         <object_component_ref idref="oc-bb"/>
      </symbol>
      <symbol id="sm-2f8">
         <name>PRCMSlowClkCtrMatchSet</name>
         <value>0x20004a25</value>
         <object_component_ref idref="oc-bb"/>
      </symbol>
      <symbol id="sm-2f9">
         <name>PRCMLPDSWakeupSourceDisable</name>
         <value>0x200046fb</value>
         <object_component_ref idref="oc-bb"/>
      </symbol>
      <symbol id="sm-2fa">
         <name>PRCMLPDSWakeupCauseGet</name>
         <value>0x2000470f</value>
         <object_component_ref idref="oc-bb"/>
      </symbol>
      <symbol id="sm-2fb">
         <name>PRCMLPDSWakeUpGPIOSelect</name>
         <value>0x20004737</value>
         <object_component_ref idref="oc-bb"/>
      </symbol>
      <symbol id="sm-2fc">
         <name>PRCMSleepEnter</name>
         <value>0x20004751</value>
         <object_component_ref idref="oc-bb"/>
      </symbol>
      <symbol id="sm-2fd">
         <name>PRCMPeripheralStatusGet</name>
         <value>0x2000460f</value>
         <object_component_ref idref="oc-bb"/>
      </symbol>
      <symbol id="sm-2fe">
         <name>PRCMRTCMatchGet</name>
         <value>0x20004cf9</value>
         <object_component_ref idref="oc-bb"/>
      </symbol>
      <symbol id="sm-2ff">
         <name>PRCMHibernateWakeupSourceEnable</name>
         <value>0x200047f9</value>
         <object_component_ref idref="oc-bb"/>
      </symbol>
      <symbol id="sm-300">
         <name>PRCMPeripheralClkDisable</name>
         <value>0x20004523</value>
         <object_component_ref idref="oc-bb"/>
      </symbol>
      <symbol id="sm-301">
         <name>PRCMHIBRegRead</name>
         <value>0x20004e79</value>
         <object_component_ref idref="oc-bb"/>
      </symbol>
      <symbol id="sm-302">
         <name>PRCMMCUReset</name>
         <value>0x200044af</value>
         <object_component_ref idref="oc-bb"/>
      </symbol>
      <symbol id="sm-303">
         <name>PRCMRTCSet</name>
         <value>0x20004b75</value>
         <object_component_ref idref="oc-bb"/>
      </symbol>
      <symbol id="sm-35e">
         <name>UARTCharPutNonBlocking</name>
         <value>0x20005253</value>
         <object_component_ref idref="oc-c1"/>
      </symbol>
      <symbol id="sm-35f">
         <name>UARTDMAEnable</name>
         <value>0x2000536f</value>
         <object_component_ref idref="oc-c1"/>
      </symbol>
      <symbol id="sm-360">
         <name>UARTTxIntModeSet</name>
         <value>0x200051b9</value>
         <object_component_ref idref="oc-c1"/>
      </symbol>
      <symbol id="sm-361">
         <name>UARTFIFODisable</name>
         <value>0x20005109</value>
         <object_component_ref idref="oc-c1"/>
      </symbol>
      <symbol id="sm-362">
         <name>UARTIntUnregister</name>
         <value>0x200052f5</value>
         <object_component_ref idref="oc-c1"/>
      </symbol>
      <symbol id="sm-363">
         <name>UARTRxErrorClear</name>
         <value>0x200053b5</value>
         <object_component_ref idref="oc-c1"/>
      </symbol>
      <symbol id="sm-364">
         <name>UARTModemControlSet</name>
         <value>0x2000511f</value>
         <object_component_ref idref="oc-c1"/>
      </symbol>
      <symbol id="sm-365">
         <name>UARTFlowControlSet</name>
         <value>0x2000518b</value>
         <object_component_ref idref="oc-c1"/>
      </symbol>
      <symbol id="sm-366">
         <name>UARTConfigSetExpClk</name>
         <value>0x20004fe3</value>
         <object_component_ref idref="oc-c1"/>
      </symbol>
      <symbol id="sm-367">
         <name>UARTDisable</name>
         <value>0x200050c9</value>
         <object_component_ref idref="oc-c1"/>
      </symbol>
      <symbol id="sm-368">
         <name>UARTFIFOLevelGet</name>
         <value>0x20004fbb</value>
         <object_component_ref idref="oc-c1"/>
      </symbol>
      <symbol id="sm-369">
         <name>UARTBusy</name>
         <value>0x200052bf</value>
         <object_component_ref idref="oc-c1"/>
      </symbol>
      <symbol id="sm-36a">
         <name>UARTIntEnable</name>
         <value>0x2000530f</value>
         <object_component_ref idref="oc-c1"/>
      </symbol>
      <symbol id="sm-36b">
         <name>UARTCharsAvail</name>
         <value>0x200051e7</value>
         <object_component_ref idref="oc-c1"/>
      </symbol>
      <symbol id="sm-36c">
         <name>UARTCharGetNonBlocking</name>
         <value>0x20005221</value>
         <object_component_ref idref="oc-c1"/>
      </symbol>
      <symbol id="sm-36d">
         <name>UARTTxIntModeGet</name>
         <value>0x200051d5</value>
         <object_component_ref idref="oc-c1"/>
      </symbol>
      <symbol id="sm-36e">
         <name>UARTModemStatusGet</name>
         <value>0x20005179</value>
         <object_component_ref idref="oc-c1"/>
      </symbol>
      <symbol id="sm-36f">
         <name>UARTIntDisable</name>
         <value>0x20005327</value>
         <object_component_ref idref="oc-c1"/>
      </symbol>
      <symbol id="sm-370">
         <name>UARTCharPut</name>
         <value>0x20005277</value>
         <object_component_ref idref="oc-c1"/>
      </symbol>
      <symbol id="sm-371">
         <name>UARTParityModeSet</name>
         <value>0x20004f75</value>
         <object_component_ref idref="oc-c1"/>
      </symbol>
      <symbol id="sm-372">
         <name>UARTRxErrorGet</name>
         <value>0x2000539f</value>
         <object_component_ref idref="oc-c1"/>
      </symbol>
      <symbol id="sm-373">
         <name>UARTConfigGetExpClk</name>
         <value>0x20005059</value>
         <object_component_ref idref="oc-c1"/>
      </symbol>
      <symbol id="sm-374">
         <name>UARTEnable</name>
         <value>0x200050a5</value>
         <object_component_ref idref="oc-c1"/>
      </symbol>
      <symbol id="sm-375">
         <name>UARTModemControlGet</name>
         <value>0x20005167</value>
         <object_component_ref idref="oc-c1"/>
      </symbol>
      <symbol id="sm-376">
         <name>UARTFlowControlGet</name>
         <value>0x200051a7</value>
         <object_component_ref idref="oc-c1"/>
      </symbol>
      <symbol id="sm-377">
         <name>UARTFIFOEnable</name>
         <value>0x200050f3</value>
         <object_component_ref idref="oc-c1"/>
      </symbol>
      <symbol id="sm-378">
         <name>UARTIntClear</name>
         <value>0x2000535d</value>
         <object_component_ref idref="oc-c1"/>
      </symbol>
      <symbol id="sm-379">
         <name>UARTIntStatus</name>
         <value>0x2000533f</value>
         <object_component_ref idref="oc-c1"/>
      </symbol>
      <symbol id="sm-37a">
         <name>UARTDMADisable</name>
         <value>0x20005387</value>
         <object_component_ref idref="oc-c1"/>
      </symbol>
      <symbol id="sm-37b">
         <name>UARTSpaceAvail</name>
         <value>0x200051ff</value>
         <object_component_ref idref="oc-c1"/>
      </symbol>
      <symbol id="sm-37c">
         <name>UARTCharGet</name>
         <value>0x2000523d</value>
         <object_component_ref idref="oc-c1"/>
      </symbol>
      <symbol id="sm-37d">
         <name>UARTFIFOLevelSet</name>
         <value>0x20004fa3</value>
         <object_component_ref idref="oc-c1"/>
      </symbol>
      <symbol id="sm-37e">
         <name>UARTModemControlClear</name>
         <value>0x20005143</value>
         <object_component_ref idref="oc-c1"/>
      </symbol>
      <symbol id="sm-37f">
         <name>UARTParityModeGet</name>
         <value>0x20004f91</value>
         <object_component_ref idref="oc-c1"/>
      </symbol>
      <symbol id="sm-380">
         <name>UARTIntRegister</name>
         <value>0x200052d7</value>
         <object_component_ref idref="oc-c1"/>
      </symbol>
      <symbol id="sm-381">
         <name>UARTBreakCtl</name>
         <value>0x20005295</value>
         <object_component_ref idref="oc-c1"/>
      </symbol>
      <symbol id="sm-386">
         <name>UtilsDelay</name>
         <value>0x2000628b</value>
         <object_component_ref idref="oc-11a"/>
      </symbol>
      <symbol id="sm-396">
         <name>__aeabi_uldivmod</name>
         <value>0x200060f5</value>
         <object_component_ref idref="oc-11b"/>
      </symbol>
      <symbol id="sm-3aa">
         <name>_c_int00_noinit_noargs</name>
         <value>0x20006259</value>
         <object_component_ref idref="oc-4f"/>
      </symbol>
      <symbol id="sm-3ab">
         <name>__stack</name>
         <value>0x2002b000</value>
         <object_component_ref idref="oc-20"/>
      </symbol>
      <symbol id="sm-3b5">
         <name>__aeabi_idiv0</name>
         <value>0x2000618b</value>
         <object_component_ref idref="oc-171"/>
      </symbol>
      <symbol id="sm-3b6">
         <name>__aeabi_ldiv0</name>
         <value>0x2000618b</value>
         <object_component_ref idref="oc-171"/>
      </symbol>
      <symbol id="sm-3c2">
         <name>_system_pre_init</name>
         <value>0x20006291</value>
         <object_component_ref idref="oc-87"/>
      </symbol>
      <symbol id="sm-3ce">
         <name>C$$EXIT</name>
         <value>0x20006295</value>
         <object_component_ref idref="oc-ce"/>
      </symbol>
      <symbol id="sm-3cf">
         <name>abort</name>
         <value>0x20006295</value>
         <object_component_ref idref="oc-ce"/>
      </symbol>
      <symbol id="sm-3d2">
         <name>__mpu_init</name>
         <value>0x0</value>
      </symbol>
   </symbol_table>
   <title>Link successful</title>
</link_info>
