<?xml version="1.0" encoding="ISO-8859-1" ?>
<link_info>
   <banner>TI ARM Linker PC v18.1.4.LTS</banner>
   <copyright>Copyright (c) 1996-2018 Texas Instruments Incorporated</copyright>
   <link_time>0x5c2fafbc</link_time>
   <link_errors>0xf</link_errors>
   <output_file>G4-FreeRTOS.out</output_file>
   <entry_point>
      <name>_c_int00_noargs</name>
      <address>0x2001173d</address>
   </entry_point>
   <input_file_list>
      <input_file id="fl-2">
         <path>.\</path>
         <kind>object</kind>
         <file>commands.obj</file>
         <name>commands.obj</name>
      </input_file>
      <input_file id="fl-3">
         <path>.\</path>
         <kind>object</kind>
         <file>main.obj</file>
         <name>main.obj</name>
      </input_file>
      <input_file id="fl-4">
         <path>.\</path>
         <kind>object</kind>
         <file>pinmux.obj</file>
         <name>pinmux.obj</name>
      </input_file>
      <input_file id="fl-5">
         <path>.\FreeRTOS\</path>
         <kind>object</kind>
         <file>croutine.obj</file>
         <name>croutine.obj</name>
      </input_file>
      <input_file id="fl-6">
         <path>.\FreeRTOS\</path>
         <kind>object</kind>
         <file>event_groups.obj</file>
         <name>event_groups.obj</name>
      </input_file>
      <input_file id="fl-7">
         <path>.\FreeRTOS\</path>
         <kind>object</kind>
         <file>list.obj</file>
         <name>list.obj</name>
      </input_file>
      <input_file id="fl-8">
         <path>.\FreeRTOS\</path>
         <kind>object</kind>
         <file>queue.obj</file>
         <name>queue.obj</name>
      </input_file>
      <input_file id="fl-9">
         <path>.\FreeRTOS\</path>
         <kind>object</kind>
         <file>stream_buffer.obj</file>
         <name>stream_buffer.obj</name>
      </input_file>
      <input_file id="fl-a">
         <path>.\FreeRTOS\</path>
         <kind>object</kind>
         <file>tasks.obj</file>
         <name>tasks.obj</name>
      </input_file>
      <input_file id="fl-b">
         <path>.\FreeRTOS\</path>
         <kind>object</kind>
         <file>timers.obj</file>
         <name>timers.obj</name>
      </input_file>
      <input_file id="fl-c">
         <path>.\FreeRTOS\portable\CCS\ARM_CM3\</path>
         <kind>object</kind>
         <file>port.obj</file>
         <name>port.obj</name>
      </input_file>
      <input_file id="fl-d">
         <path>.\FreeRTOS\portable\CCS\ARM_CM3\</path>
         <kind>object</kind>
         <file>portasm.obj</file>
         <name>portasm.obj</name>
      </input_file>
      <input_file id="fl-e">
         <path>.\FreeRTOS\portable\MemMang\</path>
         <kind>object</kind>
         <file>heap_1.obj</file>
         <name>heap_1.obj</name>
      </input_file>
      <input_file id="fl-f">
         <path>.\FreeRTOS\portable\MemMang\</path>
         <kind>object</kind>
         <file>heap_2.obj</file>
         <name>heap_2.obj</name>
      </input_file>
      <input_file id="fl-10">
         <path>.\FreeRTOS\portable\MemMang\</path>
         <kind>object</kind>
         <file>heap_3.obj</file>
         <name>heap_3.obj</name>
      </input_file>
      <input_file id="fl-11">
         <path>.\FreeRTOS\portable\MemMang\</path>
         <kind>object</kind>
         <file>heap_4.obj</file>
         <name>heap_4.obj</name>
      </input_file>
      <input_file id="fl-12">
         <path>.\FreeRTOS\portable\MemMang\</path>
         <kind>object</kind>
         <file>heap_5.obj</file>
         <name>heap_5.obj</name>
      </input_file>
      <input_file id="fl-13">
         <path>.\common\</path>
         <kind>object</kind>
         <file>button_if.obj</file>
         <name>button_if.obj</name>
      </input_file>
      <input_file id="fl-14">
         <path>.\common\</path>
         <kind>object</kind>
         <file>gpio_if.obj</file>
         <name>gpio_if.obj</name>
      </input_file>
      <input_file id="fl-15">
         <path>.\common\</path>
         <kind>object</kind>
         <file>network_if.obj</file>
         <name>network_if.obj</name>
      </input_file>
      <input_file id="fl-16">
         <path>.\common\</path>
         <kind>object</kind>
         <file>pwm_if.obj</file>
         <name>pwm_if.obj</name>
      </input_file>
      <input_file id="fl-17">
         <path>.\common\</path>
         <kind>object</kind>
         <file>startup_ccs.obj</file>
         <name>startup_ccs.obj</name>
      </input_file>
      <input_file id="fl-18">
         <path>.\common\</path>
         <kind>object</kind>
         <file>timer_if.obj</file>
         <name>timer_if.obj</name>
      </input_file>
      <input_file id="fl-19">
         <path>.\common\</path>
         <kind>object</kind>
         <file>uart_if.obj</file>
         <name>uart_if.obj</name>
      </input_file>
      <input_file id="fl-1a">
         <path>.\driverlib\</path>
         <kind>object</kind>
         <file>adc.obj</file>
         <name>adc.obj</name>
      </input_file>
      <input_file id="fl-1b">
         <path>.\driverlib\</path>
         <kind>object</kind>
         <file>aes.obj</file>
         <name>aes.obj</name>
      </input_file>
      <input_file id="fl-1c">
         <path>.\driverlib\</path>
         <kind>object</kind>
         <file>camera.obj</file>
         <name>camera.obj</name>
      </input_file>
      <input_file id="fl-1d">
         <path>.\driverlib\</path>
         <kind>object</kind>
         <file>cpu.obj</file>
         <name>cpu.obj</name>
      </input_file>
      <input_file id="fl-1e">
         <path>.\driverlib\</path>
         <kind>object</kind>
         <file>crc.obj</file>
         <name>crc.obj</name>
      </input_file>
      <input_file id="fl-1f">
         <path>.\driverlib\</path>
         <kind>object</kind>
         <file>des.obj</file>
         <name>des.obj</name>
      </input_file>
      <input_file id="fl-20">
         <path>.\driverlib\</path>
         <kind>object</kind>
         <file>flash.obj</file>
         <name>flash.obj</name>
      </input_file>
      <input_file id="fl-21">
         <path>.\driverlib\</path>
         <kind>object</kind>
         <file>gpio.obj</file>
         <name>gpio.obj</name>
      </input_file>
      <input_file id="fl-22">
         <path>.\driverlib\</path>
         <kind>object</kind>
         <file>hwspinlock.obj</file>
         <name>hwspinlock.obj</name>
      </input_file>
      <input_file id="fl-23">
         <path>.\driverlib\</path>
         <kind>object</kind>
         <file>i2c.obj</file>
         <name>i2c.obj</name>
      </input_file>
      <input_file id="fl-24">
         <path>.\driverlib\</path>
         <kind>object</kind>
         <file>i2s.obj</file>
         <name>i2s.obj</name>
      </input_file>
      <input_file id="fl-25">
         <path>.\driverlib\</path>
         <kind>object</kind>
         <file>interrupt.obj</file>
         <name>interrupt.obj</name>
      </input_file>
      <input_file id="fl-26">
         <path>.\driverlib\</path>
         <kind>object</kind>
         <file>pin.obj</file>
         <name>pin.obj</name>
      </input_file>
      <input_file id="fl-27">
         <path>.\driverlib\</path>
         <kind>object</kind>
         <file>prcm.obj</file>
         <name>prcm.obj</name>
      </input_file>
      <input_file id="fl-28">
         <path>.\driverlib\</path>
         <kind>object</kind>
         <file>sdhost.obj</file>
         <name>sdhost.obj</name>
      </input_file>
      <input_file id="fl-29">
         <path>.\driverlib\</path>
         <kind>object</kind>
         <file>shamd5.obj</file>
         <name>shamd5.obj</name>
      </input_file>
      <input_file id="fl-2a">
         <path>.\driverlib\</path>
         <kind>object</kind>
         <file>spi.obj</file>
         <name>spi.obj</name>
      </input_file>
      <input_file id="fl-2b">
         <path>.\driverlib\</path>
         <kind>object</kind>
         <file>systick.obj</file>
         <name>systick.obj</name>
      </input_file>
      <input_file id="fl-2c">
         <path>.\driverlib\</path>
         <kind>object</kind>
         <file>timer.obj</file>
         <name>timer.obj</name>
      </input_file>
      <input_file id="fl-2d">
         <path>.\driverlib\</path>
         <kind>object</kind>
         <file>uart.obj</file>
         <name>uart.obj</name>
      </input_file>
      <input_file id="fl-2e">
         <path>.\driverlib\</path>
         <kind>object</kind>
         <file>udma.obj</file>
         <name>udma.obj</name>
      </input_file>
      <input_file id="fl-2f">
         <path>.\driverlib\</path>
         <kind>object</kind>
         <file>utils.obj</file>
         <name>utils.obj</name>
      </input_file>
      <input_file id="fl-30">
         <path>.\driverlib\</path>
         <kind>object</kind>
         <file>wdt.obj</file>
         <name>wdt.obj</name>
      </input_file>
      <input_file id="fl-31">
         <path>.\osal\</path>
         <kind>object</kind>
         <file>osi_freertos.obj</file>
         <name>osi_freertos.obj</name>
      </input_file>
      <input_file id="fl-32">
         <path>.\simplelink\</path>
         <kind>object</kind>
         <file>cc_pal.obj</file>
         <name>cc_pal.obj</name>
      </input_file>
      <input_file id="fl-33">
         <path>.\simplelink\source\</path>
         <kind>object</kind>
         <file>device.obj</file>
         <name>device.obj</name>
      </input_file>
      <input_file id="fl-34">
         <path>.\simplelink\source\</path>
         <kind>object</kind>
         <file>driver.obj</file>
         <name>driver.obj</name>
      </input_file>
      <input_file id="fl-35">
         <path>.\simplelink\source\</path>
         <kind>object</kind>
         <file>flowcont.obj</file>
         <name>flowcont.obj</name>
      </input_file>
      <input_file id="fl-36">
         <path>.\simplelink\source\</path>
         <kind>object</kind>
         <file>fs.obj</file>
         <name>fs.obj</name>
      </input_file>
      <input_file id="fl-37">
         <path>.\simplelink\source\</path>
         <kind>object</kind>
         <file>netapp.obj</file>
         <name>netapp.obj</name>
      </input_file>
      <input_file id="fl-38">
         <path>.\simplelink\source\</path>
         <kind>object</kind>
         <file>netcfg.obj</file>
         <name>netcfg.obj</name>
      </input_file>
      <input_file id="fl-39">
         <path>.\simplelink\source\</path>
         <kind>object</kind>
         <file>nonos.obj</file>
         <name>nonos.obj</name>
      </input_file>
      <input_file id="fl-3a">
         <path>.\simplelink\source\</path>
         <kind>object</kind>
         <file>socket.obj</file>
         <name>socket.obj</name>
      </input_file>
      <input_file id="fl-3b">
         <path>.\simplelink\source\</path>
         <kind>object</kind>
         <file>spawn.obj</file>
         <name>spawn.obj</name>
      </input_file>
      <input_file id="fl-3c">
         <path>.\simplelink\source\</path>
         <kind>object</kind>
         <file>wlan.obj</file>
         <name>wlan.obj</name>
      </input_file>
      <input_file id="fl-3d">
         <path>.\utils\</path>
         <kind>object</kind>
         <file>cmdline.obj</file>
         <name>cmdline.obj</name>
      </input_file>
      <input_file id="fl-3e">
         <path>.\utils\</path>
         <kind>object</kind>
         <file>cpu_usage.obj</file>
         <name>cpu_usage.obj</name>
      </input_file>
      <input_file id="fl-3f">
         <path>.\utils\</path>
         <kind>object</kind>
         <file>uartstdio.obj</file>
         <name>uartstdio.obj</name>
      </input_file>
      <input_file id="fl-40">
         <path>.\utils\</path>
         <kind>object</kind>
         <file>ustdlib.obj</file>
         <name>ustdlib.obj</name>
      </input_file>
      <input_file id="fl-44">
         <kind>object</kind>
         <file>&lt;internal&gt;</file>
         <name>&lt;internal&gt;</name>
      </input_file>
      <input_file id="fl-fa">
         <path>C:\ti\ccsv8\tools\compiler\ti-cgt-arm_18.1.4.LTS\lib\</path>
         <kind>archive</kind>
         <file>rtsv7M4_T_le_eabi.lib</file>
         <name>u_divt2.asm.obj</name>
      </input_file>
      <input_file id="fl-fb">
         <path>C:\ti\ccsv8\tools\compiler\ti-cgt-arm_18.1.4.LTS\lib\</path>
         <kind>archive</kind>
         <file>rtsv7M4_T_le_eabi.lib</file>
         <name>fs_add_t2.asm.obj</name>
      </input_file>
      <input_file id="fl-fc">
         <path>C:\ti\ccsv8\tools\compiler\ti-cgt-arm_18.1.4.LTS\lib\</path>
         <kind>archive</kind>
         <file>rtsv7M4_T_le_eabi.lib</file>
         <name>fs_div_t2.asm.obj</name>
      </input_file>
      <input_file id="fl-fd">
         <path>C:\ti\ccsv8\tools\compiler\ti-cgt-arm_18.1.4.LTS\lib\</path>
         <kind>archive</kind>
         <file>rtsv7M4_T_le_eabi.lib</file>
         <name>fs_mul_t2.asm.obj</name>
      </input_file>
      <input_file id="fl-fe">
         <path>C:\ti\ccsv8\tools\compiler\ti-cgt-arm_18.1.4.LTS\lib\</path>
         <kind>archive</kind>
         <file>rtsv7M4_T_le_eabi.lib</file>
         <name>fs_tod_t2.asm.obj</name>
      </input_file>
      <input_file id="fl-ff">
         <path>C:\ti\ccsv8\tools\compiler\ti-cgt-arm_18.1.4.LTS\lib\</path>
         <kind>archive</kind>
         <file>rtsv7M4_T_le_eabi.lib</file>
         <name>i_tofs_t2.asm.obj</name>
      </input_file>
      <input_file id="fl-100">
         <path>C:\ti\ccsv8\tools\compiler\ti-cgt-arm_18.1.4.LTS\lib\</path>
         <kind>archive</kind>
         <file>rtsv7M4_T_le_eabi.lib</file>
         <name>memcpy_t2.asm.obj</name>
      </input_file>
      <input_file id="fl-101">
         <path>C:\ti\ccsv8\tools\compiler\ti-cgt-arm_18.1.4.LTS\lib\</path>
         <kind>archive</kind>
         <file>rtsv7M4_T_le_eabi.lib</file>
         <name>ull_div_t2.asm.obj</name>
      </input_file>
      <input_file id="fl-102">
         <path>C:\ti\ccsv8\tools\compiler\ti-cgt-arm_18.1.4.LTS\lib\</path>
         <kind>archive</kind>
         <file>rtsv7M4_T_le_eabi.lib</file>
         <name>memset_t2.asm.obj</name>
      </input_file>
      <input_file id="fl-103">
         <path>C:\ti\ccsv8\tools\compiler\ti-cgt-arm_18.1.4.LTS\lib\</path>
         <kind>archive</kind>
         <file>rtsv7M4_T_le_eabi.lib</file>
         <name>copy_zero_init.c.obj</name>
      </input_file>
      <input_file id="fl-104">
         <path>C:\ti\ccsv8\tools\compiler\ti-cgt-arm_18.1.4.LTS\lib\</path>
         <kind>archive</kind>
         <file>rtsv7M4_T_le_eabi.lib</file>
         <name>copy_decompress_none.c.obj</name>
      </input_file>
      <input_file id="fl-105">
         <path>C:\ti\ccsv8\tools\compiler\ti-cgt-arm_18.1.4.LTS\lib\</path>
         <kind>archive</kind>
         <file>rtsv7M4_T_le_eabi.lib</file>
         <name>copy_decompress_lzss.c.obj</name>
      </input_file>
      <input_file id="fl-106">
         <path>C:\ti\ccsv8\tools\compiler\ti-cgt-arm_18.1.4.LTS\lib\</path>
         <kind>archive</kind>
         <file>rtsv7M4_T_le_eabi.lib</file>
         <name>boot_cortex_m.c.obj</name>
      </input_file>
      <input_file id="fl-107">
         <path>C:\ti\ccsv8\tools\compiler\ti-cgt-arm_18.1.4.LTS\lib\</path>
         <kind>archive</kind>
         <file>rtsv7M4_T_le_eabi.lib</file>
         <name>exit.c.obj</name>
      </input_file>
      <input_file id="fl-108">
         <path>C:\ti\ccsv8\tools\compiler\ti-cgt-arm_18.1.4.LTS\lib\</path>
         <kind>archive</kind>
         <file>rtsv7M4_T_le_eabi.lib</file>
         <name>memory.c.obj</name>
      </input_file>
      <input_file id="fl-109">
         <path>C:\ti\ccsv8\tools\compiler\ti-cgt-arm_18.1.4.LTS\lib\</path>
         <kind>archive</kind>
         <file>rtsv7M4_T_le_eabi.lib</file>
         <name>_lock.c.obj</name>
      </input_file>
      <input_file id="fl-10a">
         <path>C:\ti\ccsv8\tools\compiler\ti-cgt-arm_18.1.4.LTS\lib\</path>
         <kind>archive</kind>
         <file>rtsv7M4_T_le_eabi.lib</file>
         <name>args_main.c.obj</name>
      </input_file>
      <input_file id="fl-10b">
         <path>C:\ti\ccsv8\tools\compiler\ti-cgt-arm_18.1.4.LTS\lib\</path>
         <kind>archive</kind>
         <file>rtsv7M4_T_le_eabi.lib</file>
         <name>memmov.c.obj</name>
      </input_file>
      <input_file id="fl-10c">
         <path>C:\ti\ccsv8\tools\compiler\ti-cgt-arm_18.1.4.LTS\lib\</path>
         <kind>archive</kind>
         <file>rtsv7M4_T_le_eabi.lib</file>
         <name>sprintf.c.obj</name>
      </input_file>
      <input_file id="fl-10d">
         <path>C:\ti\ccsv8\tools\compiler\ti-cgt-arm_18.1.4.LTS\lib\</path>
         <kind>archive</kind>
         <file>rtsv7M4_T_le_eabi.lib</file>
         <name>strcmp.c.obj</name>
      </input_file>
      <input_file id="fl-10e">
         <path>C:\ti\ccsv8\tools\compiler\ti-cgt-arm_18.1.4.LTS\lib\</path>
         <kind>archive</kind>
         <file>rtsv7M4_T_le_eabi.lib</file>
         <name>strcpy.c.obj</name>
      </input_file>
      <input_file id="fl-10f">
         <path>C:\ti\ccsv8\tools\compiler\ti-cgt-arm_18.1.4.LTS\lib\</path>
         <kind>archive</kind>
         <file>rtsv7M4_T_le_eabi.lib</file>
         <name>strlen.c.obj</name>
      </input_file>
      <input_file id="fl-110">
         <path>C:\ti\ccsv8\tools\compiler\ti-cgt-arm_18.1.4.LTS\lib\</path>
         <kind>archive</kind>
         <file>rtsv7M4_T_le_eabi.lib</file>
         <name>strncmp.c.obj</name>
      </input_file>
      <input_file id="fl-111">
         <path>C:\ti\ccsv8\tools\compiler\ti-cgt-arm_18.1.4.LTS\lib\</path>
         <kind>archive</kind>
         <file>rtsv7M4_T_le_eabi.lib</file>
         <name>vsnprintf.c.obj</name>
      </input_file>
      <input_file id="fl-112">
         <path>C:\ti\ccsv8\tools\compiler\ti-cgt-arm_18.1.4.LTS\lib\</path>
         <kind>archive</kind>
         <file>rtsv7M4_T_le_eabi.lib</file>
         <name>div0.asm.obj</name>
      </input_file>
      <input_file id="fl-113">
         <path>C:\ti\ccsv8\tools\compiler\ti-cgt-arm_18.1.4.LTS\lib\</path>
         <kind>archive</kind>
         <file>rtsv7M4_T_le_eabi.lib</file>
         <name>autoinit.c.obj</name>
      </input_file>
      <input_file id="fl-114">
         <path>C:\ti\ccsv8\tools\compiler\ti-cgt-arm_18.1.4.LTS\lib\</path>
         <kind>archive</kind>
         <file>rtsv7M4_T_le_eabi.lib</file>
         <name>pre_init.c.obj</name>
      </input_file>
      <input_file id="fl-115">
         <path>C:\ti\ccsv8\tools\compiler\ti-cgt-arm_18.1.4.LTS\lib\</path>
         <kind>archive</kind>
         <file>rtsv7M4_T_le_eabi.lib</file>
         <name>cpy_tbl.c.obj</name>
      </input_file>
      <input_file id="fl-116">
         <path>C:\ti\ccsv8\tools\compiler\ti-cgt-arm_18.1.4.LTS\lib\</path>
         <kind>archive</kind>
         <file>rtsv7M4_T_le_eabi.lib</file>
         <name>_printfi.c.obj</name>
      </input_file>
      <input_file id="fl-117">
         <path>C:\ti\ccsv8\tools\compiler\ti-cgt-arm_18.1.4.LTS\lib\</path>
         <kind>archive</kind>
         <file>rtsv7M4_T_le_eabi.lib</file>
         <name>atoi.c.obj</name>
      </input_file>
      <input_file id="fl-118">
         <path>C:\ti\ccsv8\tools\compiler\ti-cgt-arm_18.1.4.LTS\lib\</path>
         <kind>archive</kind>
         <file>rtsv7M4_T_le_eabi.lib</file>
         <name>ctype.c.obj</name>
      </input_file>
      <input_file id="fl-119">
         <path>C:\ti\ccsv8\tools\compiler\ti-cgt-arm_18.1.4.LTS\lib\</path>
         <kind>archive</kind>
         <file>rtsv7M4_T_le_eabi.lib</file>
         <name>ltoa.c.obj</name>
      </input_file>
      <input_file id="fl-11a">
         <path>C:\ti\ccsv8\tools\compiler\ti-cgt-arm_18.1.4.LTS\lib\</path>
         <kind>archive</kind>
         <file>rtsv7M4_T_le_eabi.lib</file>
         <name>memccpy.c.obj</name>
      </input_file>
      <input_file id="fl-11b">
         <path>C:\ti\ccsv8\tools\compiler\ti-cgt-arm_18.1.4.LTS\lib\</path>
         <kind>archive</kind>
         <file>rtsv7M4_T_le_eabi.lib</file>
         <name>strchr.c.obj</name>
      </input_file>
      <input_file id="fl-11c">
         <path>C:\ti\ccsv8\tools\compiler\ti-cgt-arm_18.1.4.LTS\lib\</path>
         <kind>archive</kind>
         <file>rtsv7M4_T_le_eabi.lib</file>
         <name>wcslen.c.obj</name>
      </input_file>
      <input_file id="fl-11d">
         <path>C:\ti\ccsv8\tools\compiler\ti-cgt-arm_18.1.4.LTS\lib\</path>
         <kind>archive</kind>
         <file>rtsv7M4_T_le_eabi.lib</file>
         <name>s_frexp.c.obj</name>
      </input_file>
      <input_file id="fl-11e">
         <path>C:\ti\ccsv8\tools\compiler\ti-cgt-arm_18.1.4.LTS\lib\</path>
         <kind>archive</kind>
         <file>rtsv7M4_T_le_eabi.lib</file>
         <name>s_scalbn.c.obj</name>
      </input_file>
      <input_file id="fl-11f">
         <path>C:\ti\ccsv8\tools\compiler\ti-cgt-arm_18.1.4.LTS\lib\</path>
         <kind>archive</kind>
         <file>rtsv7M4_T_le_eabi.lib</file>
         <name>fd_add_t2.asm.obj</name>
      </input_file>
      <input_file id="fl-120">
         <path>C:\ti\ccsv8\tools\compiler\ti-cgt-arm_18.1.4.LTS\lib\</path>
         <kind>archive</kind>
         <file>rtsv7M4_T_le_eabi.lib</file>
         <name>fd_cmp_t2.asm.obj</name>
      </input_file>
      <input_file id="fl-121">
         <path>C:\ti\ccsv8\tools\compiler\ti-cgt-arm_18.1.4.LTS\lib\</path>
         <kind>archive</kind>
         <file>rtsv7M4_T_le_eabi.lib</file>
         <name>fd_div_t2.asm.obj</name>
      </input_file>
      <input_file id="fl-122">
         <path>C:\ti\ccsv8\tools\compiler\ti-cgt-arm_18.1.4.LTS\lib\</path>
         <kind>archive</kind>
         <file>rtsv7M4_T_le_eabi.lib</file>
         <name>fd_mul_t2.asm.obj</name>
      </input_file>
      <input_file id="fl-123">
         <path>C:\ti\ccsv8\tools\compiler\ti-cgt-arm_18.1.4.LTS\lib\</path>
         <kind>archive</kind>
         <file>rtsv7M4_T_le_eabi.lib</file>
         <name>fd_toi_t2.asm.obj</name>
      </input_file>
      <input_file id="fl-124">
         <path>C:\ti\ccsv8\tools\compiler\ti-cgt-arm_18.1.4.LTS\lib\</path>
         <kind>archive</kind>
         <file>rtsv7M4_T_le_eabi.lib</file>
         <name>i_tofd_t2.asm.obj</name>
      </input_file>
      <input_file id="fl-125">
         <path>C:\ti\ccsv8\tools\compiler\ti-cgt-arm_18.1.4.LTS\lib\</path>
         <kind>archive</kind>
         <file>rtsv7M4_T_le_eabi.lib</file>
         <name>errno.c.obj</name>
      </input_file>
      <input_file id="fl-126">
         <path>C:\ti\ccsv8\tools\compiler\ti-cgt-arm_18.1.4.LTS\lib\</path>
         <kind>archive</kind>
         <file>rtsv7M4_T_le_eabi.lib</file>
         <name>s_copysign.c.obj</name>
      </input_file>
   </input_file_list>
   <object_component_list>
      <object_component id="oc-f">
         <name>.intvecs</name>
         <load_address>0x20004000</load_address>
         <run_address>0x20004000</run_address>
         <size>0x400</size>
         <input_file_ref idref="fl-17"/>
      </object_component>
      <object_component id="oc-82">
         <name>.text</name>
         <load_address>0x20004400</load_address>
         <run_address>0x20004400</run_address>
         <size>0x1744</size>
         <input_file_ref idref="fl-a"/>
      </object_component>
      <object_component id="oc-326">
         <name>.text</name>
         <load_address>0x20005b44</load_address>
         <run_address>0x20005b44</run_address>
         <size>0x11e4</size>
         <input_file_ref idref="fl-34"/>
      </object_component>
      <object_component id="oc-1c7">
         <name>.text</name>
         <load_address>0x20006d28</load_address>
         <run_address>0x20006d28</run_address>
         <size>0xf94</size>
         <input_file_ref idref="fl-15"/>
      </object_component>
      <object_component id="oc-12d">
         <name>.text</name>
         <load_address>0x20007cbc</load_address>
         <run_address>0x20007cbc</run_address>
         <size>0xb28</size>
         <input_file_ref idref="fl-8"/>
      </object_component>
      <object_component id="oc-274">
         <name>.text:__TI_printfi</name>
         <load_address>0x200087e4</load_address>
         <run_address>0x200087e4</run_address>
         <size>0xa4a</size>
         <input_file_ref idref="fl-116"/>
      </object_component>
      <object_component id="oc-4ea">
         <name>.text</name>
         <load_address>0x2000922e</load_address>
         <run_address>0x2000922e</run_address>
         <size>0x2</size>
         <input_file_ref idref="fl-112"/>
      </object_component>
      <object_component id="oc-1aa">
         <name>.text</name>
         <load_address>0x20009230</load_address>
         <run_address>0x20009230</run_address>
         <size>0x8d0</size>
         <input_file_ref idref="fl-3a"/>
      </object_component>
      <object_component id="oc-1cd">
         <name>.text</name>
         <load_address>0x20009b00</load_address>
         <run_address>0x20009b00</run_address>
         <size>0x8a8</size>
         <input_file_ref idref="fl-3c"/>
      </object_component>
      <object_component id="oc-186">
         <name>.text</name>
         <load_address>0x2000a3a8</load_address>
         <run_address>0x2000a3a8</run_address>
         <size>0x7fc</size>
         <input_file_ref idref="fl-27"/>
      </object_component>
      <object_component id="oc-41e">
         <name>.text</name>
         <load_address>0x2000aba4</load_address>
         <run_address>0x2000aba4</run_address>
         <size>0x7c0</size>
         <input_file_ref idref="fl-40"/>
      </object_component>
      <object_component id="oc-1d9">
         <name>.text</name>
         <load_address>0x2000b364</load_address>
         <run_address>0x2000b364</run_address>
         <size>0x788</size>
         <input_file_ref idref="fl-3f"/>
      </object_component>
      <object_component id="oc-384">
         <name>.text</name>
         <load_address>0x2000baec</load_address>
         <run_address>0x2000baec</run_address>
         <size>0x744</size>
         <input_file_ref idref="fl-37"/>
      </object_component>
      <object_component id="oc-c6">
         <name>.text</name>
         <load_address>0x2000c230</load_address>
         <run_address>0x2000c230</run_address>
         <size>0x65c</size>
         <input_file_ref idref="fl-3"/>
      </object_component>
      <object_component id="oc-1e0">
         <name>.text</name>
         <load_address>0x2000c88c</load_address>
         <run_address>0x2000c88c</run_address>
         <size>0x63c</size>
         <input_file_ref idref="fl-2"/>
      </object_component>
      <object_component id="oc-3cf">
         <name>.text</name>
         <load_address>0x2000cec8</load_address>
         <run_address>0x2000cec8</run_address>
         <size>0x580</size>
         <input_file_ref idref="fl-32"/>
      </object_component>
      <object_component id="oc-10f">
         <name>.text</name>
         <load_address>0x2000d448</load_address>
         <run_address>0x2000d448</run_address>
         <size>0x55c</size>
         <input_file_ref idref="fl-b"/>
      </object_component>
      <object_component id="oc-5c8">
         <name>.text</name>
         <load_address>0x2000d9a4</load_address>
         <run_address>0x2000d9a4</run_address>
         <size>0x4b0</size>
         <input_file_ref idref="fl-2a"/>
      </object_component>
      <object_component id="oc-89">
         <name>.text</name>
         <load_address>0x2000de54</load_address>
         <run_address>0x2000de54</run_address>
         <size>0x398</size>
         <input_file_ref idref="fl-31"/>
      </object_component>
      <object_component id="oc-5c2">
         <name>.text</name>
         <load_address>0x2000e1ec</load_address>
         <run_address>0x2000e1ec</run_address>
         <size>0x2fc</size>
         <input_file_ref idref="fl-2e"/>
      </object_component>
      <object_component id="oc-1d3">
         <name>.text</name>
         <load_address>0x2000e4e8</load_address>
         <run_address>0x2000e4e8</run_address>
         <size>0x2e8</size>
         <input_file_ref idref="fl-33"/>
      </object_component>
      <object_component id="oc-139">
         <name>.text</name>
         <load_address>0x2000e7d0</load_address>
         <run_address>0x2000e7d0</run_address>
         <size>0x288</size>
         <input_file_ref idref="fl-25"/>
      </object_component>
      <object_component id="oc-491">
         <name>.text:_pconv_a</name>
         <load_address>0x2000ea58</load_address>
         <run_address>0x2000ea58</run_address>
         <size>0x268</size>
         <input_file_ref idref="fl-116"/>
      </object_component>
      <object_component id="oc-19e">
         <name>.text</name>
         <load_address>0x2000ecc0</load_address>
         <run_address>0x2000ecc0</run_address>
         <size>0x25c</size>
         <input_file_ref idref="fl-14"/>
      </object_component>
      <object_component id="oc-2f4">
         <name>.text</name>
         <load_address>0x2000ef1c</load_address>
         <run_address>0x2000ef1c</run_address>
         <size>0x250</size>
         <input_file_ref idref="fl-20"/>
      </object_component>
      <object_component id="oc-3ee">
         <name>.text</name>
         <load_address>0x2000f16c</load_address>
         <run_address>0x2000f16c</run_address>
         <size>0x234</size>
         <input_file_ref idref="fl-2d"/>
      </object_component>
      <object_component id="oc-31">
         <name>.text</name>
         <load_address>0x2000f3a0</load_address>
         <run_address>0x2000f3a0</run_address>
         <size>0x1f0</size>
         <input_file_ref idref="fl-c"/>
      </object_component>
      <object_component id="oc-198">
         <name>.text</name>
         <load_address>0x2000f590</load_address>
         <run_address>0x2000f590</run_address>
         <size>0x1f0</size>
         <input_file_ref idref="fl-2c"/>
      </object_component>
      <object_component id="oc-1c0">
         <name>.text</name>
         <load_address>0x2000f780</load_address>
         <run_address>0x2000f780</run_address>
         <size>0x1d4</size>
         <input_file_ref idref="fl-21"/>
      </object_component>
      <object_component id="oc-47f">
         <name>.text:_pconv_g</name>
         <load_address>0x2000f954</load_address>
         <run_address>0x2000f954</run_address>
         <size>0x1cc</size>
         <input_file_ref idref="fl-116"/>
      </object_component>
      <object_component id="oc-690">
         <name>.text</name>
         <load_address>0x2000fb20</load_address>
         <run_address>0x2000fb20</run_address>
         <size>0x1b6</size>
         <input_file_ref idref="fl-11f"/>
      </object_component>
      <object_component id="oc-1b4">
         <name>.text</name>
         <load_address>0x2000fcd8</load_address>
         <run_address>0x2000fcd8</run_address>
         <size>0x1b4</size>
         <input_file_ref idref="fl-26"/>
      </object_component>
      <object_component id="oc-1a4">
         <name>.text</name>
         <load_address>0x2000fe8c</load_address>
         <run_address>0x2000fe8c</run_address>
         <size>0x158</size>
         <input_file_ref idref="fl-18"/>
      </object_component>
      <object_component id="oc-1ba">
         <name>.text</name>
         <load_address>0x2000ffe4</load_address>
         <run_address>0x2000ffe4</run_address>
         <size>0x148</size>
         <input_file_ref idref="fl-16"/>
      </object_component>
      <object_component id="oc-192">
         <name>.text</name>
         <load_address>0x2001012c</load_address>
         <run_address>0x2001012c</run_address>
         <size>0x140</size>
         <input_file_ref idref="fl-19"/>
      </object_component>
      <object_component id="oc-48b">
         <name>.text:_pconv_e</name>
         <load_address>0x2001026c</load_address>
         <run_address>0x2001026c</run_address>
         <size>0x13c</size>
         <input_file_ref idref="fl-116"/>
      </object_component>
      <object_component id="oc-676">
         <name>.text</name>
         <load_address>0x200103a8</load_address>
         <run_address>0x200103a8</run_address>
         <size>0x136</size>
         <input_file_ref idref="fl-121"/>
      </object_component>
      <object_component id="oc-6a2">
         <name>.text:fcvt</name>
         <load_address>0x200104e0</load_address>
         <run_address>0x200104e0</run_address>
         <size>0x120</size>
         <input_file_ref idref="fl-116"/>
      </object_component>
      <object_component id="oc-671">
         <name>.text</name>
         <load_address>0x20010600</load_address>
         <run_address>0x20010600</run_address>
         <size>0xfc</size>
         <input_file_ref idref="fl-122"/>
      </object_component>
      <object_component id="oc-61b">
         <name>.text</name>
         <load_address>0x200106fc</load_address>
         <run_address>0x200106fc</run_address>
         <size>0xfa</size>
         <input_file_ref idref="fl-fb"/>
      </object_component>
      <object_component id="oc-37a">
         <name>.text</name>
         <load_address>0x200107f8</load_address>
         <run_address>0x200107f8</run_address>
         <size>0xd0</size>
         <input_file_ref idref="fl-38"/>
      </object_component>
      <object_component id="oc-6b6">
         <name>.text:scalbn</name>
         <load_address>0x200108c8</load_address>
         <run_address>0x200108c8</run_address>
         <size>0xd0</size>
         <input_file_ref idref="fl-11e"/>
      </object_component>
      <object_component id="oc-2c">
         <name>.text</name>
         <load_address>0x20010998</load_address>
         <run_address>0x20010998</run_address>
         <size>0xba</size>
         <input_file_ref idref="fl-d"/>
      </object_component>
      <object_component id="oc-474">
         <name>.text:_ltostr</name>
         <load_address>0x20010a54</load_address>
         <run_address>0x20010a54</run_address>
         <size>0xb1</size>
         <input_file_ref idref="fl-116"/>
      </object_component>
      <object_component id="oc-100">
         <name>.text</name>
         <load_address>0x20010b08</load_address>
         <run_address>0x20010b08</run_address>
         <size>0xac</size>
         <input_file_ref idref="fl-e"/>
      </object_component>
      <object_component id="oc-133">
         <name>.text</name>
         <load_address>0x20010bb4</load_address>
         <run_address>0x20010bb4</run_address>
         <size>0xa8</size>
         <input_file_ref idref="fl-3e"/>
      </object_component>
      <object_component id="oc-18c">
         <name>.text</name>
         <load_address>0x20010c5c</load_address>
         <run_address>0x20010c5c</run_address>
         <size>0xa0</size>
         <input_file_ref idref="fl-4"/>
      </object_component>
      <object_component id="oc-45">
         <name>.text</name>
         <load_address>0x20010cfc</load_address>
         <run_address>0x20010cfc</run_address>
         <size>0x9c</size>
         <input_file_ref idref="fl-100"/>
      </object_component>
      <object_component id="oc-2fa">
         <name>.text</name>
         <load_address>0x20010d98</load_address>
         <run_address>0x20010d98</run_address>
         <size>0x96</size>
         <input_file_ref idref="fl-101"/>
      </object_component>
      <object_component id="oc-ee">
         <name>.text</name>
         <load_address>0x20010e2e</load_address>
         <run_address>0x20010e2e</run_address>
         <size>0x94</size>
         <input_file_ref idref="fl-7"/>
      </object_component>
      <object_component id="oc-620">
         <name>.text</name>
         <load_address>0x20010ec2</load_address>
         <run_address>0x20010ec2</run_address>
         <size>0x92</size>
         <input_file_ref idref="fl-fc"/>
      </object_component>
      <object_component id="oc-47a">
         <name>.text:__aeabi_cdcmple</name>
         <load_address>0x20010f54</load_address>
         <run_address>0x20010f54</run_address>
         <size>0x86</size>
         <input_file_ref idref="fl-120"/>
      </object_component>
      <object_component id="oc-67b">
         <name>.text:__aeabi_cdrcmple</name>
         <load_address>0x20010fda</load_address>
         <run_address>0x20010fda</run_address>
         <size>0x86</size>
         <input_file_ref idref="fl-120"/>
      </object_component>
      <object_component id="oc-616">
         <name>.text</name>
         <load_address>0x20011060</load_address>
         <run_address>0x20011060</run_address>
         <size>0x7a</size>
         <input_file_ref idref="fl-fd"/>
      </object_component>
      <object_component id="oc-ba">
         <name>.text</name>
         <load_address>0x200110da</load_address>
         <run_address>0x200110da</run_address>
         <size>0x7a</size>
         <input_file_ref idref="fl-102"/>
      </object_component>
      <object_component id="oc-69b">
         <name>.text:_mcpy</name>
         <load_address>0x20011154</load_address>
         <run_address>0x20011154</run_address>
         <size>0x6e</size>
         <input_file_ref idref="fl-116"/>
      </object_component>
      <object_component id="oc-12">
         <name>.text:decompress:lzss:__TI_decompress_lzss</name>
         <load_address>0x200111c2</load_address>
         <run_address>0x200111c2</run_address>
         <size>0x68</size>
         <input_file_ref idref="fl-105"/>
      </object_component>
      <object_component id="oc-418">
         <name>.text</name>
         <load_address>0x2001122c</load_address>
         <run_address>0x2001122c</run_address>
         <size>0x64</size>
         <input_file_ref idref="fl-3d"/>
      </object_component>
      <object_component id="oc-6b0">
         <name>.text:frexp</name>
         <load_address>0x20011290</load_address>
         <run_address>0x20011290</run_address>
         <size>0x5c</size>
         <input_file_ref idref="fl-11d"/>
      </object_component>
      <object_component id="oc-485">
         <name>.text:_pconv_f</name>
         <load_address>0x200112ec</load_address>
         <run_address>0x200112ec</run_address>
         <size>0x56</size>
         <input_file_ref idref="fl-116"/>
      </object_component>
      <object_component id="oc-2a0">
         <name>.text</name>
         <load_address>0x20011342</load_address>
         <run_address>0x20011342</run_address>
         <size>0x56</size>
         <input_file_ref idref="fl-1d"/>
      </object_component>
      <object_component id="oc-685">
         <name>.text:ltoa</name>
         <load_address>0x20011398</load_address>
         <run_address>0x20011398</run_address>
         <size>0x54</size>
         <input_file_ref idref="fl-119"/>
      </object_component>
      <object_component id="oc-695">
         <name>.text:_ecpy</name>
         <load_address>0x200113ec</load_address>
         <run_address>0x200113ec</run_address>
         <size>0x52</size>
         <input_file_ref idref="fl-116"/>
      </object_component>
      <object_component id="oc-46e">
         <name>.text:atoi</name>
         <load_address>0x20011440</load_address>
         <run_address>0x20011440</run_address>
         <size>0x4c</size>
         <input_file_ref idref="fl-117"/>
      </object_component>
      <object_component id="oc-680">
         <name>.text</name>
         <load_address>0x2001148c</load_address>
         <run_address>0x2001148c</run_address>
         <size>0x48</size>
         <input_file_ref idref="fl-123"/>
      </object_component>
      <object_component id="oc-1fd">
         <name>.text:__TI_auto_init_nobinit_nopinit:__TI_auto_init_nobinit_nopinit</name>
         <load_address>0x200114d4</load_address>
         <run_address>0x200114d4</run_address>
         <size>0x44</size>
         <input_file_ref idref="fl-113"/>
      </object_component>
      <object_component id="oc-3f4">
         <name>.text</name>
         <load_address>0x20011518</load_address>
         <run_address>0x20011518</run_address>
         <size>0x40</size>
         <input_file_ref idref="fl-fa"/>
      </object_component>
      <object_component id="oc-121">
         <name>.text:sprintf</name>
         <load_address>0x20011558</load_address>
         <run_address>0x20011558</run_address>
         <size>0x40</size>
         <input_file_ref idref="fl-10c"/>
      </object_component>
      <object_component id="oc-30b">
         <name>.text:vsnprintf</name>
         <load_address>0x20011598</load_address>
         <run_address>0x20011598</run_address>
         <size>0x40</size>
         <input_file_ref idref="fl-111"/>
      </object_component>
      <object_component id="oc-6a8">
         <name>.text:_fcpy</name>
         <load_address>0x200115d8</load_address>
         <run_address>0x200115d8</run_address>
         <size>0x3e</size>
         <input_file_ref idref="fl-116"/>
      </object_component>
      <object_component id="oc-42a">
         <name>.text</name>
         <load_address>0x20011616</load_address>
         <run_address>0x20011616</run_address>
         <size>0x38</size>
         <input_file_ref idref="fl-fe"/>
      </object_component>
      <object_component id="oc-611">
         <name>.text</name>
         <load_address>0x2001164e</load_address>
         <run_address>0x2001164e</run_address>
         <size>0x38</size>
         <input_file_ref idref="fl-ff"/>
      </object_component>
      <object_component id="oc-4fb">
         <name>.text:_outs</name>
         <load_address>0x20011686</load_address>
         <run_address>0x20011686</run_address>
         <size>0x30</size>
         <input_file_ref idref="fl-111"/>
      </object_component>
      <object_component id="oc-68b">
         <name>.text</name>
         <load_address>0x200116b6</load_address>
         <run_address>0x200116b6</run_address>
         <size>0x2e</size>
         <input_file_ref idref="fl-124"/>
      </object_component>
      <object_component id="oc-26">
         <name>.text</name>
         <load_address>0x200116e4</load_address>
         <run_address>0x200116e4</run_address>
         <size>0x2c</size>
         <input_file_ref idref="fl-17"/>
      </object_component>
      <object_component id="oc-424">
         <name>.text:strncmp</name>
         <load_address>0x20011710</load_address>
         <run_address>0x20011710</run_address>
         <size>0x2c</size>
         <input_file_ref idref="fl-110"/>
      </object_component>
      <object_component id="oc-63">
         <name>.text:_c_int00_noargs:_c_int00_noargs</name>
         <load_address>0x2001173c</load_address>
         <run_address>0x2001173c</run_address>
         <size>0x28</size>
         <input_file_ref idref="fl-106"/>
      </object_component>
      <object_component id="oc-305">
         <name>.text:memmove</name>
         <load_address>0x20011764</load_address>
         <run_address>0x20011764</run_address>
         <size>0x24</size>
         <input_file_ref idref="fl-10b"/>
      </object_component>
      <object_component id="oc-497">
         <name>.text:memccpy</name>
         <load_address>0x20011788</load_address>
         <run_address>0x20011788</run_address>
         <size>0x1c</size>
         <input_file_ref idref="fl-11a"/>
      </object_component>
      <object_component id="oc-501">
         <name>.text:_outc</name>
         <load_address>0x200117a4</load_address>
         <run_address>0x200117a4</run_address>
         <size>0x18</size>
         <input_file_ref idref="fl-111"/>
      </object_component>
      <object_component id="oc-27a">
         <name>.text:_outs</name>
         <load_address>0x200117bc</load_address>
         <run_address>0x200117bc</run_address>
         <size>0x18</size>
         <input_file_ref idref="fl-10c"/>
      </object_component>
      <object_component id="oc-5fe">
         <name>.text:strcmp</name>
         <load_address>0x200117d4</load_address>
         <run_address>0x200117d4</run_address>
         <size>0x18</size>
         <input_file_ref idref="fl-10d"/>
      </object_component>
      <object_component id="oc-6bc">
         <name>.text:strchr</name>
         <load_address>0x200117ec</load_address>
         <run_address>0x200117ec</run_address>
         <size>0x16</size>
         <input_file_ref idref="fl-11b"/>
      </object_component>
      <object_component id="oc-115">
         <name>.text:strcpy</name>
         <load_address>0x20011802</load_address>
         <run_address>0x20011802</run_address>
         <size>0x14</size>
         <input_file_ref idref="fl-10e"/>
      </object_component>
      <object_component id="oc-11b">
         <name>.text:strlen</name>
         <load_address>0x20011816</load_address>
         <run_address>0x20011816</run_address>
         <size>0x14</size>
         <input_file_ref idref="fl-10f"/>
      </object_component>
      <object_component id="oc-49d">
         <name>.text:wcslen</name>
         <load_address>0x2001182a</load_address>
         <run_address>0x2001182a</run_address>
         <size>0x12</size>
         <input_file_ref idref="fl-11c"/>
      </object_component>
      <object_component id="oc-18">
         <name>.text:decompress:none:__TI_decompress_none</name>
         <load_address>0x2001183c</load_address>
         <run_address>0x2001183c</run_address>
         <size>0xe</size>
         <input_file_ref idref="fl-104"/>
      </object_component>
      <object_component id="oc-57">
         <name>.text:decompress:ZI:__TI_zero_init</name>
         <load_address>0x2001184a</load_address>
         <run_address>0x2001184a</run_address>
         <size>0xc</size>
         <input_file_ref idref="fl-103"/>
      </object_component>
      <object_component id="oc-280">
         <name>.text:_outc</name>
         <load_address>0x20011856</load_address>
         <run_address>0x20011856</run_address>
         <size>0xa</size>
         <input_file_ref idref="fl-10c"/>
      </object_component>
      <object_component id="oc-4a3">
         <name>.text:__aeabi_errno_addr</name>
         <load_address>0x20011860</load_address>
         <run_address>0x20011860</run_address>
         <size>0x8</size>
         <input_file_ref idref="fl-125"/>
      </object_component>
      <object_component id="oc-769">
         <name>.text:copysign</name>
         <load_address>0x20011868</load_address>
         <run_address>0x20011868</run_address>
         <size>0x8</size>
         <input_file_ref idref="fl-126"/>
      </object_component>
      <object_component id="oc-2f3">
         <name>.text:UtilsDelay</name>
         <load_address>0x20011870</load_address>
         <run_address>0x20011870</run_address>
         <size>0x6</size>
         <input_file_ref idref="fl-2f"/>
      </object_component>
      <object_component id="oc-c0">
         <name>.text:_system_pre_init</name>
         <load_address>0x20011876</load_address>
         <run_address>0x20011876</run_address>
         <size>0x4</size>
         <input_file_ref idref="fl-114"/>
      </object_component>
      <object_component id="oc-1f1">
         <name>.text:abort:abort</name>
         <load_address>0x2001187a</load_address>
         <run_address>0x2001187a</run_address>
         <size>0x4</size>
         <input_file_ref idref="fl-107"/>
      </object_component>
      <object_component id="oc-63a">
         <name>.const:.string</name>
         <load_address>0x20011880</load_address>
         <run_address>0x20011880</run_address>
         <size>0x16e</size>
         <input_file_ref idref="fl-2"/>
      </object_component>
      <object_component id="oc-66a">
         <name>.const:.string:_ctypes_</name>
         <load_address>0x200119ee</load_address>
         <run_address>0x200119ee</run_address>
         <size>0x101</size>
         <input_file_ref idref="fl-118"/>
      </object_component>
      <object_component id="oc-368">
         <name>.const:g_ulPinToPadMap</name>
         <load_address>0x20011af0</load_address>
         <run_address>0x20011af0</run_address>
         <size>0x100</size>
         <input_file_ref idref="fl-26"/>
      </object_component>
      <object_component id="oc-2a6">
         <name>.const:g_pulRegs</name>
         <load_address>0x20011bf0</load_address>
         <run_address>0x20011bf0</run_address>
         <size>0xd4</size>
         <input_file_ref idref="fl-25"/>
      </object_component>
      <object_component id="oc-3c2">
         <name>.const:$P$T0$1</name>
         <load_address>0x20011cc4</load_address>
         <run_address>0x20011cc4</run_address>
         <size>0xb0</size>
         <input_file_ref idref="fl-3c"/>
      </object_component>
      <object_component id="oc-2ff">
         <name>.const:PRCM_PeriphRegsList</name>
         <load_address>0x20011d74</load_address>
         <run_address>0x20011d74</run_address>
         <size>0xa8</size>
         <input_file_ref idref="fl-27"/>
      </object_component>
      <object_component id="oc-4e0">
         <name>.const:g_pulFMPPERegs</name>
         <load_address>0x20011e1c</load_address>
         <run_address>0x20011e1c</run_address>
         <size>0x40</size>
         <input_file_ref idref="fl-20"/>
      </object_component>
      <object_component id="oc-4dd">
         <name>.const:g_pulFMPRERegs</name>
         <load_address>0x20011e5c</load_address>
         <run_address>0x20011e5c</run_address>
         <size>0x40</size>
         <input_file_ref idref="fl-20"/>
      </object_component>
      <object_component id="oc-531">
         <name>.const:OpcodeTranslateTable</name>
         <load_address>0x20011e9c</load_address>
         <run_address>0x20011e9c</run_address>
         <size>0x3c</size>
         <input_file_ref idref="fl-34"/>
      </object_component>
      <object_component id="oc-521">
         <name>.const:_SlActionLookupTable</name>
         <load_address>0x20011ed8</load_address>
         <run_address>0x20011ed8</run_address>
         <size>0x38</size>
         <input_file_ref idref="fl-34"/>
      </object_component>
      <object_component id="oc-62b">
         <name>.const:g_psDaysToMonth</name>
         <load_address>0x20011f10</load_address>
         <run_address>0x20011f10</run_address>
         <size>0x30</size>
         <input_file_ref idref="fl-40"/>
      </object_component>
      <object_component id="oc-38a">
         <name>.const:$P$T1$2</name>
         <load_address>0x20011f40</load_address>
         <run_address>0x20011f40</run_address>
         <size>0x2c</size>
         <input_file_ref idref="fl-15"/>
      </object_component>
      <object_component id="oc-716">
         <name>.const:g_ppulSPIIntMap</name>
         <load_address>0x20011f6c</load_address>
         <run_address>0x20011f6c</run_address>
         <size>0x24</size>
         <input_file_ref idref="fl-2a"/>
      </object_component>
      <object_component id="oc-390">
         <name>.const:.string:$P$T0$1</name>
         <load_address>0x20011f90</load_address>
         <run_address>0x20011f90</run_address>
         <size>0x22</size>
         <input_file_ref idref="fl-15"/>
      </object_component>
      <object_component id="oc-52d">
         <name>.const:RxMsgClassLUT</name>
         <load_address>0x20011fb4</load_address>
         <run_address>0x20011fb4</run_address>
         <size>0x20</size>
         <input_file_ref idref="fl-34"/>
      </object_component>
      <object_component id="oc-2a9">
         <name>.const:g_pulPriority</name>
         <load_address>0x20011fd4</load_address>
         <run_address>0x20011fd4</run_address>
         <size>0x20</size>
         <input_file_ref idref="fl-25"/>
      </object_component>
      <object_component id="oc-625">
         <name>.const:g_pfExponents</name>
         <load_address>0x20011ff4</load_address>
         <run_address>0x20011ff4</run_address>
         <size>0x18</size>
         <input_file_ref idref="fl-40"/>
      </object_component>
      <object_component id="oc-2b5">
         <name>.const:g_pulDisRegs</name>
         <load_address>0x2001200c</load_address>
         <run_address>0x2001200c</run_address>
         <size>0x18</size>
         <input_file_ref idref="fl-25"/>
      </object_component>
      <object_component id="oc-2b2">
         <name>.const:g_pulEnRegs</name>
         <load_address>0x20012024</load_address>
         <run_address>0x20012024</run_address>
         <size>0x18</size>
         <input_file_ref idref="fl-25"/>
      </object_component>
      <object_component id="oc-2ac">
         <name>.const:g_pulPendRegs</name>
         <load_address>0x2001203c</load_address>
         <run_address>0x2001203c</run_address>
         <size>0x18</size>
         <input_file_ref idref="fl-25"/>
      </object_component>
      <object_component id="oc-2af">
         <name>.const:g_pulUnpendRegs</name>
         <load_address>0x20012054</load_address>
         <run_address>0x20012054</run_address>
         <size>0x18</size>
         <input_file_ref idref="fl-25"/>
      </object_component>
      <object_component id="oc-719">
         <name>.const:g_ulSPIDmaMaskMap</name>
         <load_address>0x2001206c</load_address>
         <run_address>0x2001206c</run_address>
         <size>0x18</size>
         <input_file_ref idref="fl-2a"/>
      </object_component>
      <object_component id="oc-383">
         <name>.const:.string:$P$T5$6</name>
         <load_address>0x20012084</load_address>
         <run_address>0x20012084</run_address>
         <size>0x17</size>
         <input_file_ref idref="fl-15"/>
      </object_component>
      <object_component id="oc-391">
         <name>.const:.string:$P$T3$4</name>
         <load_address>0x2001209b</load_address>
         <run_address>0x2001209b</run_address>
         <size>0x16</size>
         <input_file_ref idref="fl-15"/>
      </object_component>
      <object_component id="oc-393">
         <name>.const:.string:$P$T4$5</name>
         <load_address>0x200120b1</load_address>
         <run_address>0x200120b1</run_address>
         <size>0x15</size>
         <input_file_ref idref="fl-15"/>
      </object_component>
      <object_component id="oc-392">
         <name>.const:.string:$P$T7$8</name>
         <load_address>0x200120c6</load_address>
         <run_address>0x200120c6</run_address>
         <size>0x15</size>
         <input_file_ref idref="fl-15"/>
      </object_component>
      <object_component id="oc-38d">
         <name>.const:$P$T2$3</name>
         <load_address>0x200120db</load_address>
         <run_address>0x200120db</run_address>
         <size>0x14</size>
         <input_file_ref idref="fl-15"/>
      </object_component>
      <object_component id="oc-5ef">
         <name>.const:.string</name>
         <load_address>0x200120f0</load_address>
         <run_address>0x200120f0</run_address>
         <size>0x12</size>
         <input_file_ref idref="fl-3f"/>
      </object_component>
      <object_component id="oc-731">
         <name>.const:.string</name>
         <load_address>0x20012104</load_address>
         <run_address>0x20012104</run_address>
         <size>0x12</size>
         <input_file_ref idref="fl-40"/>
      </object_component>
      <object_component id="oc-380">
         <name>.const:$P$T6$7</name>
         <load_address>0x20012118</load_address>
         <run_address>0x20012118</run_address>
         <size>0x10</size>
         <input_file_ref idref="fl-15"/>
      </object_component>
      <object_component id="oc-332">
         <name>.const:.string:_SlPayloadByProtocolLUT</name>
         <load_address>0x20012128</load_address>
         <run_address>0x20012128</run_address>
         <size>0x10</size>
         <input_file_ref idref="fl-3a"/>
      </object_component>
      <object_component id="oc-5e5">
         <name>.const:g_ppulUARTIntMap</name>
         <load_address>0x20012138</load_address>
         <run_address>0x20012138</run_address>
         <size>0x10</size>
         <input_file_ref idref="fl-2d"/>
      </object_component>
      <object_component id="oc-1df">
         <name>.const:.string:$P$T1$2</name>
         <load_address>0x20012148</load_address>
         <run_address>0x20012148</run_address>
         <size>0xe</size>
         <input_file_ref idref="fl-3"/>
      </object_component>
      <object_component id="oc-1c6">
         <name>.const:.string:$P$T0$1</name>
         <load_address>0x20012156</load_address>
         <run_address>0x20012156</run_address>
         <size>0xd</size>
         <input_file_ref idref="fl-3"/>
      </object_component>
      <object_component id="oc-430">
         <name>.const:$P$T1$2</name>
         <load_address>0x20012164</load_address>
         <run_address>0x20012164</run_address>
         <size>0xc</size>
         <input_file_ref idref="fl-2"/>
      </object_component>
      <object_component id="oc-42f">
         <name>.const:.string:$P$T0$1</name>
         <load_address>0x20012170</load_address>
         <run_address>0x20012170</run_address>
         <size>0xc</size>
         <input_file_ref idref="fl-2"/>
      </object_component>
      <object_component id="oc-370">
         <name>.const:.string:pcDigits</name>
         <load_address>0x2001217c</load_address>
         <run_address>0x2001217c</run_address>
         <size>0xb</size>
         <input_file_ref idref="fl-15"/>
      </object_component>
      <object_component id="oc-3d8">
         <name>.const:.string:StartResponseLUT</name>
         <load_address>0x20012187</load_address>
         <run_address>0x20012187</run_address>
         <size>0x8</size>
         <input_file_ref idref="fl-33"/>
      </object_component>
      <object_component id="oc-527">
         <name>.const:g_H2NCnysPattern</name>
         <load_address>0x20012190</load_address>
         <run_address>0x20012190</run_address>
         <size>0x8</size>
         <input_file_ref idref="fl-34"/>
      </object_component>
      <object_component id="oc-52a">
         <name>.const:g_H2NSyncPattern</name>
         <load_address>0x20012198</load_address>
         <run_address>0x20012198</run_address>
         <size>0x8</size>
         <input_file_ref idref="fl-34"/>
      </object_component>
      <object_component id="oc-408">
         <name>.const:g_ui32UARTBase</name>
         <load_address>0x200121a0</load_address>
         <run_address>0x200121a0</run_address>
         <size>0x8</size>
         <input_file_ref idref="fl-3f"/>
      </object_component>
      <object_component id="oc-40e">
         <name>.const:g_ui32UARTInt</name>
         <load_address>0x200121a8</load_address>
         <run_address>0x200121a8</run_address>
         <size>0x8</size>
         <input_file_ref idref="fl-3f"/>
      </object_component>
      <object_component id="oc-40b">
         <name>.const:g_ui32UARTPeriph</name>
         <load_address>0x200121b0</load_address>
         <run_address>0x200121b0</run_address>
         <size>0x8</size>
         <input_file_ref idref="fl-3f"/>
      </object_component>
      <object_component id="oc-7f">
         <name>.const</name>
         <load_address>0x200121b8</load_address>
         <run_address>0x200121b8</run_address>
         <size>0x8</size>
         <input_file_ref idref="fl-c"/>
      </object_component>
      <object_component id="oc-1b0">
         <name>.const:.string:$P$T2$3</name>
         <load_address>0x200121c0</load_address>
         <run_address>0x200121c0</run_address>
         <size>0x5</size>
         <input_file_ref idref="fl-3"/>
      </object_component>
      <object_component id="oc-534">
         <name>.const:$P$T0$1</name>
         <load_address>0x200121c6</load_address>
         <run_address>0x200121c6</run_address>
         <size>0x4</size>
         <input_file_ref idref="fl-34"/>
      </object_component>
      <object_component id="oc-3c5">
         <name>.const:$P$T1$2</name>
         <load_address>0x200121ca</load_address>
         <run_address>0x200121ca</run_address>
         <size>0x4</size>
         <input_file_ref idref="fl-3c"/>
      </object_component>
      <object_component id="oc-3b3">
         <name>.const:$P$T2$3</name>
         <load_address>0x200121ce</load_address>
         <run_address>0x200121ce</run_address>
         <size>0x4</size>
         <input_file_ref idref="fl-3c"/>
      </object_component>
      <object_component id="oc-34d">
         <name>.const:_SlAcceptCmdCtrl</name>
         <load_address>0x200121d2</load_address>
         <run_address>0x200121d2</run_address>
         <size>0x4</size>
         <input_file_ref idref="fl-3a"/>
      </object_component>
      <object_component id="oc-3e4">
         <name>.const:_SlDeviceGetCmdCtrl</name>
         <load_address>0x200121d6</load_address>
         <run_address>0x200121d6</run_address>
         <size>0x4</size>
         <input_file_ref idref="fl-33"/>
      </object_component>
      <object_component id="oc-3e1">
         <name>.const:_SlDeviceSetCmdCtrl</name>
         <load_address>0x200121da</load_address>
         <run_address>0x200121da</run_address>
         <size>0x4</size>
         <input_file_ref idref="fl-33"/>
      </object_component>
      <object_component id="oc-3de">
         <name>.const:_SlEventMaskGetCmdCtrl</name>
         <load_address>0x200121de</load_address>
         <run_address>0x200121de</run_address>
         <size>0x4</size>
         <input_file_ref idref="fl-33"/>
      </object_component>
      <object_component id="oc-3db">
         <name>.const:_SlEventMaskSetCmdCtrl</name>
         <load_address>0x200121e2</load_address>
         <run_address>0x200121e2</run_address>
         <size>0x4</size>
         <input_file_ref idref="fl-33"/>
      </object_component>
      <object_component id="oc-591">
         <name>.const:_SlGetHostByNameCtrl</name>
         <load_address>0x200121e6</load_address>
         <run_address>0x200121e6</run_address>
         <size>0x4</size>
         <input_file_ref idref="fl-37"/>
      </object_component>
      <object_component id="oc-58e">
         <name>.const:_SlGetHostByServiceCtrl</name>
         <load_address>0x200121ea</load_address>
         <run_address>0x200121ea</run_address>
         <size>0x4</size>
         <input_file_ref idref="fl-37"/>
      </object_component>
      <object_component id="oc-588">
         <name>.const:_SlGetServiceListeCtrl</name>
         <load_address>0x200121ee</load_address>
         <run_address>0x200121ee</run_address>
         <size>0x4</size>
         <input_file_ref idref="fl-37"/>
      </object_component>
      <object_component id="oc-347">
         <name>.const:_SlGetSockOptCmdCtrl</name>
         <load_address>0x200121f2</load_address>
         <run_address>0x200121f2</run_address>
         <size>0x4</size>
         <input_file_ref idref="fl-3a"/>
      </object_component>
      <object_component id="oc-344">
         <name>.const:_SlListenCmdCtrl</name>
         <load_address>0x200121f6</load_address>
         <run_address>0x200121f6</run_address>
         <size>0x4</size>
         <input_file_ref idref="fl-3a"/>
      </object_component>
      <object_component id="oc-58b">
         <name>.const:_SlNetAppGetCmdCtrl</name>
         <load_address>0x200121fa</load_address>
         <run_address>0x200121fa</run_address>
         <size>0x4</size>
         <input_file_ref idref="fl-37"/>
      </object_component>
      <object_component id="oc-594">
         <name>.const:_SlNetAppSendTokenValueCmdCtrl</name>
         <load_address>0x200121fe</load_address>
         <run_address>0x200121fe</run_address>
         <size>0x4</size>
         <input_file_ref idref="fl-37"/>
      </object_component>
      <object_component id="oc-582">
         <name>.const:_SlNetAppSetCmdCtrl</name>
         <load_address>0x20012202</load_address>
         <run_address>0x20012202</run_address>
         <size>0x4</size>
         <input_file_ref idref="fl-37"/>
      </object_component>
      <object_component id="oc-57f">
         <name>.const:_SlNetAppStartCtrl</name>
         <load_address>0x20012206</load_address>
         <run_address>0x20012206</run_address>
         <size>0x4</size>
         <input_file_ref idref="fl-37"/>
      </object_component>
      <object_component id="oc-57c">
         <name>.const:_SlNetAppStopCtrl</name>
         <load_address>0x2001220a</load_address>
         <run_address>0x2001220a</run_address>
         <size>0x4</size>
         <input_file_ref idref="fl-37"/>
      </object_component>
      <object_component id="oc-570">
         <name>.const:_SlNetCfgGetCmdCtrl</name>
         <load_address>0x2001220e</load_address>
         <run_address>0x2001220e</run_address>
         <size>0x4</size>
         <input_file_ref idref="fl-38"/>
      </object_component>
      <object_component id="oc-56d">
         <name>.const:_SlNetCfgSetCmdCtrl</name>
         <load_address>0x20012212</load_address>
         <run_address>0x20012212</run_address>
         <size>0x4</size>
         <input_file_ref idref="fl-38"/>
      </object_component>
      <object_component id="oc-3b9">
         <name>.const:_SlPolicyGetCmdCtrl</name>
         <load_address>0x20012216</load_address>
         <run_address>0x20012216</run_address>
         <size>0x4</size>
         <input_file_ref idref="fl-3c"/>
      </object_component>
      <object_component id="oc-3b6">
         <name>.const:_SlPolicySetCmdCtrl</name>
         <load_address>0x2001221a</load_address>
         <run_address>0x2001221a</run_address>
         <size>0x4</size>
         <input_file_ref idref="fl-3c"/>
      </object_component>
      <object_component id="oc-3b0">
         <name>.const:_SlProfileDelCmdCtrl</name>
         <load_address>0x2001221e</load_address>
         <run_address>0x2001221e</run_address>
         <size>0x4</size>
         <input_file_ref idref="fl-3c"/>
      </object_component>
      <object_component id="oc-3ad">
         <name>.const:_SlProfileGetCmdCtrl</name>
         <load_address>0x20012222</load_address>
         <run_address>0x20012222</run_address>
         <size>0x4</size>
         <input_file_ref idref="fl-3c"/>
      </object_component>
      <object_component id="oc-341">
         <name>.const:_SlRecvCmdCtrl</name>
         <load_address>0x20012226</load_address>
         <run_address>0x20012226</run_address>
         <size>0x4</size>
         <input_file_ref idref="fl-3a"/>
      </object_component>
      <object_component id="oc-33e">
         <name>.const:_SlRecvfomCmdCtrl</name>
         <load_address>0x2001222a</load_address>
         <run_address>0x2001222a</run_address>
         <size>0x4</size>
         <input_file_ref idref="fl-3a"/>
      </object_component>
      <object_component id="oc-585">
         <name>.const:_SlRegisterServiceCtrl</name>
         <load_address>0x2001222e</load_address>
         <run_address>0x2001222e</run_address>
         <size>0x4</size>
         <input_file_ref idref="fl-37"/>
      </object_component>
      <object_component id="oc-3aa">
         <name>.const:_SlRxFilterAddtCmdCtrl</name>
         <load_address>0x20012232</load_address>
         <run_address>0x20012232</run_address>
         <size>0x4</size>
         <input_file_ref idref="fl-3c"/>
      </object_component>
      <object_component id="oc-3a7">
         <name>.const:_SlRxFilterGetCmdCtrl</name>
         <load_address>0x20012236</load_address>
         <run_address>0x20012236</run_address>
         <size>0x4</size>
         <input_file_ref idref="fl-3c"/>
      </object_component>
      <object_component id="oc-3a4">
         <name>.const:_SlRxFilterSetCmdCtrl</name>
         <load_address>0x2001223a</load_address>
         <run_address>0x2001223a</run_address>
         <size>0x4</size>
         <input_file_ref idref="fl-3c"/>
      </object_component>
      <object_component id="oc-338">
         <name>.const:_SlSelectCmdCtrl</name>
         <load_address>0x2001223e</load_address>
         <run_address>0x2001223e</run_address>
         <size>0x4</size>
         <input_file_ref idref="fl-3a"/>
      </object_component>
      <object_component id="oc-335">
         <name>.const:_SlSendCmdCtrl</name>
         <load_address>0x20012242</load_address>
         <run_address>0x20012242</run_address>
         <size>0x4</size>
         <input_file_ref idref="fl-3a"/>
      </object_component>
      <object_component id="oc-32f">
         <name>.const:_SlSetSockOptCmdCtrl</name>
         <load_address>0x20012246</load_address>
         <run_address>0x20012246</run_address>
         <size>0x4</size>
         <input_file_ref idref="fl-3a"/>
      </object_component>
      <object_component id="oc-39b">
         <name>.const:_SlSmartConfigStartCmdCtrl</name>
         <load_address>0x2001224a</load_address>
         <run_address>0x2001224a</run_address>
         <size>0x4</size>
         <input_file_ref idref="fl-3c"/>
      </object_component>
      <object_component id="oc-34a">
         <name>.const:_SlSockCloseCmdCtrl</name>
         <load_address>0x2001224e</load_address>
         <run_address>0x2001224e</run_address>
         <size>0x4</size>
         <input_file_ref idref="fl-3a"/>
      </object_component>
      <object_component id="oc-32c">
         <name>.const:_SlSockSocketCmdCtrl</name>
         <load_address>0x20012252</load_address>
         <run_address>0x20012252</run_address>
         <size>0x4</size>
         <input_file_ref idref="fl-3a"/>
      </object_component>
      <object_component id="oc-3d5">
         <name>.const:_SlStopCmdCtrl</name>
         <load_address>0x20012256</load_address>
         <run_address>0x20012256</run_address>
         <size>0x4</size>
         <input_file_ref idref="fl-33"/>
      </object_component>
      <object_component id="oc-3bf">
         <name>.const:_SlWlanCfgGetCmdCtrl</name>
         <load_address>0x2001225a</load_address>
         <run_address>0x2001225a</run_address>
         <size>0x4</size>
         <input_file_ref idref="fl-3c"/>
      </object_component>
      <object_component id="oc-3a1">
         <name>.const:_SlWlanCfgSetCmdCtrl</name>
         <load_address>0x2001225e</load_address>
         <run_address>0x2001225e</run_address>
         <size>0x4</size>
         <input_file_ref idref="fl-3c"/>
      </object_component>
      <object_component id="oc-3bc">
         <name>.const:_SlWlanGetNetworkListCtrl</name>
         <load_address>0x20012262</load_address>
         <run_address>0x20012262</run_address>
         <size>0x4</size>
         <input_file_ref idref="fl-3c"/>
      </object_component>
      <object_component id="oc-39e">
         <name>.const:_SlWlanSetModeCmdCtrl</name>
         <load_address>0x20012266</load_address>
         <run_address>0x20012266</run_address>
         <size>0x4</size>
         <input_file_ref idref="fl-3c"/>
      </object_component>
      <object_component id="oc-3ff">
         <name>.const</name>
         <load_address>0x2001226c</load_address>
         <run_address>0x2001226c</run_address>
         <size>0x4</size>
         <input_file_ref idref="fl-3f"/>
      </object_component>
      <object_component id="oc-60e">
         <name>.const</name>
         <load_address>0x20012270</load_address>
         <run_address>0x20012270</run_address>
         <size>0x4</size>
         <input_file_ref idref="fl-40"/>
      </object_component>
      <object_component id="oc-7cd">
         <name>.cinit..data.load</name>
         <load_address>0x20012278</load_address>
         <run_address>0x20012278</run_address>
         <size>0x4c</size>
      </object_component>
      <object_component id="oc-7cb">
         <name>__TI_handler_table</name>
         <load_address>0x200122c4</load_address>
         <run_address>0x200122c4</run_address>
         <size>0xc</size>
      </object_component>
      <object_component id="oc-7ce">
         <name>.cinit..bss.load</name>
         <load_address>0x200122d0</load_address>
         <run_address>0x200122d0</run_address>
         <size>0x8</size>
      </object_component>
      <object_component id="oc-7cc">
         <name>__TI_cinit_table</name>
         <load_address>0x200122d8</load_address>
         <run_address>0x200122d8</run_address>
         <size>0x10</size>
      </object_component>
      <object_component id="oc-433">
         <name>.data:g_psCmdTable</name>
         <load_address>0x2002361c</load_address>
         <run_address>0x2002361c</run_address>
         <size>0x78</size>
         <input_file_ref idref="fl-2"/>
      </object_component>
      <object_component id="oc-7c">
         <name>.data</name>
         <load_address>0x20023694</load_address>
         <run_address>0x20023694</run_address>
         <size>0x3c</size>
         <input_file_ref idref="fl-a"/>
      </object_component>
      <object_component id="oc-258">
         <name>.data</name>
         <load_address>0x2002373c</load_address>
         <run_address>0x2002373c</run_address>
         <size>0xc</size>
         <input_file_ref idref="fl-b"/>
      </object_component>
      <object_component id="oc-8f">
         <name>.data</name>
         <load_address>0x20023730</load_address>
         <run_address>0x20023730</run_address>
         <size>0xc</size>
         <input_file_ref idref="fl-c"/>
      </object_component>
      <object_component id="oc-24a">
         <name>.data</name>
         <load_address>0x2002376c</load_address>
         <run_address>0x2002376c</run_address>
         <size>0x8</size>
         <input_file_ref idref="fl-e"/>
      </object_component>
      <object_component id="oc-320">
         <name>.data:ulReg</name>
         <load_address>0x200236d0</load_address>
         <run_address>0x200236d0</run_address>
         <size>0x14</size>
         <input_file_ref idref="fl-14"/>
      </object_component>
      <object_component id="oc-318">
         <name>.data</name>
         <load_address>0x20023718</load_address>
         <run_address>0x20023718</run_address>
         <size>0xc</size>
         <input_file_ref idref="fl-14"/>
      </object_component>
      <object_component id="oc-373">
         <name>.data</name>
         <load_address>0x20023724</load_address>
         <run_address>0x20023724</run_address>
         <size>0xc</size>
         <input_file_ref idref="fl-15"/>
      </object_component>
      <object_component id="oc-13f">
         <name>.data</name>
         <load_address>0x200236e4</load_address>
         <run_address>0x200236e4</run_address>
         <size>0x11</size>
         <input_file_ref idref="fl-31"/>
      </object_component>
      <object_component id="oc-5d1">
         <name>.data</name>
         <load_address>0x20023754</load_address>
         <run_address>0x20023754</run_address>
         <size>0x9</size>
         <input_file_ref idref="fl-32"/>
      </object_component>
      <object_component id="oc-33b">
         <name>.data</name>
         <load_address>0x20023760</load_address>
         <run_address>0x20023760</run_address>
         <size>0x9</size>
         <input_file_ref idref="fl-34"/>
      </object_component>
      <object_component id="oc-29c">
         <name>.data:g_pui32CPUUsageTimerPeriph</name>
         <load_address>0x20023708</load_address>
         <run_address>0x20023708</run_address>
         <size>0x10</size>
         <input_file_ref idref="fl-3e"/>
      </object_component>
      <object_component id="oc-296">
         <name>.data:g_pui32CPUUsageTimerBase</name>
         <load_address>0x200236f8</load_address>
         <run_address>0x200236f8</run_address>
         <size>0x10</size>
         <input_file_ref idref="fl-3e"/>
      </object_component>
      <object_component id="oc-3f9">
         <name>.data</name>
         <load_address>0x20023748</load_address>
         <run_address>0x20023748</run_address>
         <size>0xc</size>
         <input_file_ref idref="fl-3f"/>
      </object_component>
      <object_component id="oc-628">
         <name>.data</name>
         <load_address>0x20023778</load_address>
         <run_address>0x20023778</run_address>
         <size>0x4</size>
         <input_file_ref idref="fl-40"/>
      </object_component>
      <object_component id="oc-6cc">
         <name>.data</name>
         <load_address>0x20023774</load_address>
         <run_address>0x20023774</run_address>
         <size>0x4</size>
         <input_file_ref idref="fl-125"/>
      </object_component>
      <object_component id="oc-fa">
         <name>.bss:pxReadyTasksLists</name>
         <uninitialized>true</uninitialized>
         <run_address>0x20023378</run_address>
         <size>0xc8</size>
         <input_file_ref idref="fl-a"/>
      </object_component>
      <object_component id="oc-106">
         <name>.bss:xDelayedTaskList1</name>
         <uninitialized>true</uninitialized>
         <run_address>0x20023570</run_address>
         <size>0x14</size>
         <input_file_ref idref="fl-a"/>
      </object_component>
      <object_component id="oc-109">
         <name>.bss:xDelayedTaskList2</name>
         <uninitialized>true</uninitialized>
         <run_address>0x20023584</run_address>
         <size>0x14</size>
         <input_file_ref idref="fl-a"/>
      </object_component>
      <object_component id="oc-fd">
         <name>.bss</name>
         <uninitialized>true</uninitialized>
         <run_address>0x200235f0</run_address>
         <size>0x8</size>
         <input_file_ref idref="fl-a"/>
      </object_component>
      <object_component id="oc-f7">
         <name>.bss:xPendingReadyList</name>
         <uninitialized>true</uninitialized>
         <run_address>0x20023598</run_address>
         <size>0x14</size>
         <input_file_ref idref="fl-a"/>
      </object_component>
      <object_component id="oc-10c">
         <name>.bss:xTasksWaitingTermination</name>
         <uninitialized>true</uninitialized>
         <run_address>0x200235c0</run_address>
         <size>0x14</size>
         <input_file_ref idref="fl-a"/>
      </object_component>
      <object_component id="oc-f4">
         <name>.bss:xSuspendedTaskList</name>
         <uninitialized>true</uninitialized>
         <run_address>0x200235ac</run_address>
         <size>0x14</size>
         <input_file_ref idref="fl-a"/>
      </object_component>
      <object_component id="oc-25b">
         <name>.bss:xActiveTimerList1</name>
         <uninitialized>true</uninitialized>
         <run_address>0x20023548</run_address>
         <size>0x14</size>
         <input_file_ref idref="fl-b"/>
      </object_component>
      <object_component id="oc-25e">
         <name>.bss:xActiveTimerList2</name>
         <uninitialized>true</uninitialized>
         <run_address>0x2002355c</run_address>
         <size>0x14</size>
         <input_file_ref idref="fl-b"/>
      </object_component>
      <object_component id="oc-261">
         <name>.bss</name>
         <uninitialized>true</uninitialized>
         <run_address>0x200235f8</run_address>
         <size>0x8</size>
         <input_file_ref idref="fl-b"/>
      </object_component>
      <object_component id="oc-24d">
         <name>.bss:ucHeap</name>
         <uninitialized>true</uninitialized>
         <run_address>0x2001b000</run_address>
         <size>0x8000</size>
         <input_file_ref idref="fl-e"/>
      </object_component>
      <object_component id="oc-311">
         <name>.bss</name>
         <uninitialized>true</uninitialized>
         <run_address>0x20023608</run_address>
         <size>0x4</size>
         <input_file_ref idref="fl-19"/>
      </object_component>
      <object_component id="oc-604">
         <name>.bss:g_ppcArgv</name>
         <uninitialized>true</uninitialized>
         <run_address>0x200234e0</run_address>
         <size>0x24</size>
         <input_file_ref idref="fl-3d"/>
      </object_component>
      <object_component id="oc-299">
         <name>.bss</name>
         <uninitialized>true</uninitialized>
         <run_address>0x200235e4</run_address>
         <size>0xc</size>
         <input_file_ref idref="fl-3e"/>
      </object_component>
[...]
         <name>sl_WlanProfileGet</name>
         <value>0x20009cf5</value>
         <object_component_ref idref="oc-1cd"/>
      </symbol>
      <symbol id="sm-12c0">
         <name>_SlWlanSetModeCmdCtrl</name>
         <value>0x20012266</value>
         <object_component_ref idref="oc-39e"/>
      </symbol>
      <symbol id="sm-12c1">
         <name>sl_WlanPolicyGet</name>
         <value>0x2000a053</value>
         <object_component_ref idref="oc-1cd"/>
      </symbol>
      <symbol id="sm-12c2">
         <name>_SlWlanCfgSetCmdCtrl</name>
         <value>0x2001225e</value>
         <object_component_ref idref="oc-3a1"/>
      </symbol>
      <symbol id="sm-12c3">
         <name>_SlWlanCfgGetCmdCtrl</name>
         <value>0x2001225a</value>
         <object_component_ref idref="oc-3bf"/>
      </symbol>
      <symbol id="sm-12c4">
         <name>sl_WlanGet</name>
         <value>0x2000a115</value>
         <object_component_ref idref="oc-1cd"/>
      </symbol>
      <symbol id="sm-12c5">
         <name>sl_WlanRxStatStop</name>
         <value>0x20009bd3</value>
         <object_component_ref idref="oc-1cd"/>
      </symbol>
      <symbol id="sm-12c6">
         <name>sl_WlanSmartConfigStart</name>
         <value>0x20009b09</value>
         <object_component_ref idref="oc-1cd"/>
      </symbol>
      <symbol id="sm-12c7">
         <name>sl_WlanRxFilterAdd</name>
         <value>0x20009c9d</value>
         <object_component_ref idref="oc-1cd"/>
      </symbol>
      <symbol id="sm-12c8">
         <name>sl_WlanProfileDel</name>
         <value>0x20009db9</value>
         <object_component_ref idref="oc-1cd"/>
      </symbol>
      <symbol id="sm-12c9">
         <name>_SlRxFilterAddtCmdCtrl</name>
         <value>0x20012232</value>
         <object_component_ref idref="oc-3aa"/>
      </symbol>
      <symbol id="sm-12ca">
         <name>sl_WlanRxFilterSet</name>
         <value>0x20009c15</value>
         <object_component_ref idref="oc-1cd"/>
      </symbol>
      <symbol id="sm-12cb">
         <name>sl_WlanConnect</name>
         <value>0x2000a195</value>
         <object_component_ref idref="oc-1cd"/>
      </symbol>
      <symbol id="sm-12cc">
         <name>sl_WlanSet</name>
         <value>0x20009b8d</value>
         <object_component_ref idref="oc-1cd"/>
      </symbol>
      <symbol id="sm-12cd">
         <name>_SlSmartConfigStartCmdCtrl</name>
         <value>0x2001224a</value>
         <object_component_ref idref="oc-39b"/>
      </symbol>
      <symbol id="sm-12ce">
         <name>sl_WlanGetNetworkList</name>
         <value>0x2000a0c9</value>
         <object_component_ref idref="oc-1cd"/>
      </symbol>
      <symbol id="sm-12cf">
         <name>sl_WlanSetMode</name>
         <value>0x20009b71</value>
         <object_component_ref idref="oc-1cd"/>
      </symbol>
      <symbol id="sm-12ef">
         <name>CmdLineProcess</name>
         <value>0x2001122d</value>
         <object_component_ref idref="oc-418"/>
      </symbol>
      <symbol id="sm-131b">
         <name>CPUUsageInit</name>
         <value>0x20010be3</value>
         <object_component_ref idref="oc-133"/>
      </symbol>
      <symbol id="sm-131c">
         <name>CPUUsageTick</name>
         <value>0x20010bb5</value>
         <object_component_ref idref="oc-133"/>
      </symbol>
      <symbol id="sm-13f4">
         <name>UARTTxBytesFree</name>
         <value>0x2000b905</value>
         <object_component_ref idref="oc-1d9"/>
      </symbol>
      <symbol id="sm-13f5">
         <name>UARTFlushRx</name>
         <value>0x2000b9c5</value>
         <object_component_ref idref="oc-1d9"/>
      </symbol>
      <symbol id="sm-13f6">
         <name>UARTgetc</name>
         <value>0x2000b8ef</value>
         <object_component_ref idref="oc-1d9"/>
      </symbol>
      <symbol id="sm-13f7">
         <name>UARTgets</name>
         <value>0x2000b62d</value>
         <object_component_ref idref="oc-1d9"/>
      </symbol>
      <symbol id="sm-13f8">
         <name>UARTFlushTx</name>
         <value>0x2000b9cf</value>
         <object_component_ref idref="oc-1d9"/>
      </symbol>
      <symbol id="sm-13f9">
         <name>UARTStdioConfig</name>
         <value>0x2000b9fd</value>
         <object_component_ref idref="oc-1d9"/>
      </symbol>
      <symbol id="sm-13fa">
         <name>UARTRxBytesAvail</name>
         <value>0x2000ba9d</value>
         <object_component_ref idref="oc-1d9"/>
      </symbol>
      <symbol id="sm-13fb">
         <name>UARTwrite</name>
         <value>0x2000b3a9</value>
         <object_component_ref idref="oc-1d9"/>
      </symbol>
      <symbol id="sm-13fc">
         <name>UARTEchoSet</name>
         <value>0x2000baa5</value>
         <object_component_ref idref="oc-1d9"/>
      </symbol>
      <symbol id="sm-13fd">
         <name>UARTprintf</name>
         <value>0x2000b5fb</value>
         <object_component_ref idref="oc-1d9"/>
      </symbol>
      <symbol id="sm-13fe">
         <name>UARTvprintf</name>
         <value>0x2000b403</value>
         <object_component_ref idref="oc-1d9"/>
      </symbol>
      <symbol id="sm-14df">
         <name>uvsnprintf</name>
         <value>0x2000abcd</value>
         <object_component_ref idref="oc-41e"/>
      </symbol>
      <symbol id="sm-14e0">
         <name>ustrncasecmp</name>
         <value>0x2000b0f1</value>
         <object_component_ref idref="oc-41e"/>
      </symbol>
      <symbol id="sm-14e1">
         <name>ustrncpy</name>
         <value>0x2000aba5</value>
         <object_component_ref idref="oc-41e"/>
      </symbol>
      <symbol id="sm-14e2">
         <name>ustrlen</name>
         <value>0x2000b07f</value>
         <object_component_ref idref="oc-41e"/>
      </symbol>
      <symbol id="sm-14e3">
         <name>ulocaltime</name>
         <value>0x2000b1b5</value>
         <object_component_ref idref="oc-41e"/>
      </symbol>
      <symbol id="sm-14e4">
         <name>ustrtof</name>
         <value>0x2000aefd</value>
         <object_component_ref idref="oc-41e"/>
      </symbol>
      <symbol id="sm-14e5">
         <name>ustrstr</name>
         <value>0x2000b0c5</value>
         <object_component_ref idref="oc-41e"/>
      </symbol>
      <symbol id="sm-14e6">
         <name>ustrcmp</name>
         <value>0x2000b14d</value>
         <object_component_ref idref="oc-41e"/>
      </symbol>
      <symbol id="sm-14e7">
         <name>usprintf</name>
         <value>0x2000b163</value>
         <object_component_ref idref="oc-41e"/>
      </symbol>
      <symbol id="sm-14e8">
         <name>usnprintf</name>
         <value>0x2000b183</value>
         <object_component_ref idref="oc-41e"/>
      </symbol>
      <symbol id="sm-14e9">
         <name>ustrtoul</name>
         <value>0x2000ae3d</value>
         <object_component_ref idref="oc-41e"/>
      </symbol>
      <symbol id="sm-14ea">
         <name>ustrcasecmp</name>
         <value>0x2000b155</value>
         <object_component_ref idref="oc-41e"/>
      </symbol>
      <symbol id="sm-14eb">
         <name>umktime</name>
         <value>0x2000b301</value>
         <object_component_ref idref="oc-41e"/>
      </symbol>
      <symbol id="sm-14ec">
         <name>usrand</name>
         <value>0x2000b15d</value>
         <object_component_ref idref="oc-41e"/>
      </symbol>
      <symbol id="sm-14ed">
         <name>ustrncmp</name>
         <value>0x2000b08f</value>
         <object_component_ref idref="oc-41e"/>
      </symbol>
      <symbol id="sm-14ee">
         <name>urand</name>
         <value>0x2000b19d</value>
         <object_component_ref idref="oc-41e"/>
      </symbol>
      <symbol id="sm-14fd">
         <name>__aeabi_uidivmod</name>
         <value>0x20011519</value>
         <object_component_ref idref="oc-3f4"/>
      </symbol>
      <symbol id="sm-14fe">
         <name>__aeabi_uidiv</name>
         <value>0x20011519</value>
         <object_component_ref idref="oc-3f4"/>
      </symbol>
      <symbol id="sm-150f">
         <name>__aeabi_fadd</name>
         <value>0x20010701</value>
         <object_component_ref idref="oc-61b"/>
      </symbol>
      <symbol id="sm-1510">
         <name>__aeabi_fsub</name>
         <value>0x200106fd</value>
         <object_component_ref idref="oc-61b"/>
      </symbol>
      <symbol id="sm-151d">
         <name>__aeabi_fdiv</name>
         <value>0x20010ec3</value>
         <object_component_ref idref="oc-620"/>
      </symbol>
      <symbol id="sm-1527">
         <name>__aeabi_fmul</name>
         <value>0x20011061</value>
         <object_component_ref idref="oc-616"/>
      </symbol>
      <symbol id="sm-1532">
         <name>__aeabi_f2d</name>
         <value>0x20011617</value>
         <object_component_ref idref="oc-42a"/>
      </symbol>
      <symbol id="sm-153d">
         <name>__aeabi_i2f</name>
         <value>0x2001164f</value>
         <object_component_ref idref="oc-611"/>
      </symbol>
      <symbol id="sm-1558">
         <name>memcpy</name>
         <value>0x20010cfd</value>
         <object_component_ref idref="oc-45"/>
      </symbol>
      <symbol id="sm-1559">
         <name>__aeabi_memcpy</name>
         <value>0x20010cfd</value>
         <object_component_ref idref="oc-45"/>
      </symbol>
      <symbol id="sm-155a">
         <name>__aeabi_memcpy8</name>
         <value>0x20010cfd</value>
         <object_component_ref idref="oc-45"/>
      </symbol>
      <symbol id="sm-155b">
         <name>__aeabi_memcpy4</name>
         <value>0x20010cfd</value>
         <object_component_ref idref="oc-45"/>
      </symbol>
      <symbol id="sm-1568">
         <name>__aeabi_uldivmod</name>
         <value>0x20010d99</value>
         <object_component_ref idref="oc-2fa"/>
      </symbol>
      <symbol id="sm-1577">
         <name>__aeabi_memset</name>
         <value>0x200110dd</value>
         <object_component_ref idref="oc-ba"/>
      </symbol>
      <symbol id="sm-1578">
         <name>memset</name>
         <value>0x200110e3</value>
         <object_component_ref idref="oc-ba"/>
      </symbol>
      <symbol id="sm-1579">
         <name>__aeabi_memset8</name>
         <value>0x200110dd</value>
         <object_component_ref idref="oc-ba"/>
      </symbol>
      <symbol id="sm-157a">
         <name>__aeabi_memset4</name>
         <value>0x200110dd</value>
         <object_component_ref idref="oc-ba"/>
      </symbol>
      <symbol id="sm-157b">
         <name>__aeabi_memclr8</name>
         <value>0x200110db</value>
         <object_component_ref idref="oc-ba"/>
      </symbol>
      <symbol id="sm-157c">
         <name>__aeabi_memclr4</name>
         <value>0x200110db</value>
         <object_component_ref idref="oc-ba"/>
      </symbol>
      <symbol id="sm-157d">
         <name>__aeabi_memclr</name>
         <value>0x200110db</value>
         <object_component_ref idref="oc-ba"/>
      </symbol>
      <symbol id="sm-158f">
         <name>__TI_zero_init</name>
         <value>0x2001184b</value>
         <object_component_ref idref="oc-57"/>
      </symbol>
      <symbol id="sm-15a6">
         <name>__TI_decompress_none</name>
         <value>0x2001183d</value>
         <object_component_ref idref="oc-18"/>
      </symbol>
      <symbol id="sm-15c9">
         <name>__TI_decompress_lzss</name>
         <value>0x200111c3</value>
         <object_component_ref idref="oc-12"/>
      </symbol>
      <symbol id="sm-15db">
         <name>__stack</name>
         <value>0x2002b000</value>
         <object_component_ref idref="oc-20"/>
      </symbol>
      <symbol id="sm-15dc">
         <name>_c_int00_noargs</name>
         <value>0x2001173d</value>
         <object_component_ref idref="oc-63"/>
      </symbol>
      <symbol id="sm-15e7">
         <name>C$$EXIT</name>
         <value>0x2001187b</value>
         <object_component_ref idref="oc-1f1"/>
      </symbol>
      <symbol id="sm-15e8">
         <name>abort</name>
         <value>0x2001187b</value>
         <object_component_ref idref="oc-1f1"/>
      </symbol>
      <symbol id="sm-15fd">
         <name>_sys_memory</name>
         <value>0x20023780</value>
         <object_component_ref idref="oc-23"/>
      </symbol>
      <symbol id="sm-160f">
         <name>memmove</name>
         <value>0x20011765</value>
         <object_component_ref idref="oc-305"/>
      </symbol>
      <symbol id="sm-1636">
         <name>sprintf</name>
         <value>0x20011559</value>
         <object_component_ref idref="oc-121"/>
      </symbol>
      <symbol id="sm-1645">
         <name>strcmp</name>
         <value>0x200117d5</value>
         <object_component_ref idref="oc-5fe"/>
      </symbol>
      <symbol id="sm-1653">
         <name>strcpy</name>
         <value>0x20011803</value>
         <object_component_ref idref="oc-115"/>
      </symbol>
      <symbol id="sm-1661">
         <name>strlen</name>
         <value>0x20011817</value>
         <object_component_ref idref="oc-11b"/>
      </symbol>
      <symbol id="sm-1671">
         <name>strncmp</name>
         <value>0x20011711</value>
         <object_component_ref idref="oc-424"/>
      </symbol>
      <symbol id="sm-169b">
         <name>vsnprintf</name>
         <value>0x20011599</value>
         <object_component_ref idref="oc-30b"/>
      </symbol>
      <symbol id="sm-16a5">
         <name>__aeabi_idiv0</name>
         <value>0x2000922f</value>
         <object_component_ref idref="oc-4ea"/>
      </symbol>
      <symbol id="sm-16a6">
         <name>__aeabi_ldiv0</name>
         <value>0x2000922f</value>
         <object_component_ref idref="oc-4ea"/>
      </symbol>
      <symbol id="sm-16ce">
         <name>__TI_auto_init_nobinit_nopinit</name>
         <value>0x200114d5</value>
         <object_component_ref idref="oc-1fd"/>
      </symbol>
      <symbol id="sm-16d8">
         <name>_system_pre_init</name>
         <value>0x20011877</value>
         <object_component_ref idref="oc-c0"/>
      </symbol>
      <symbol id="sm-183e">
         <name>__TI_printfi</name>
         <value>0x200087e5</value>
         <object_component_ref idref="oc-274"/>
      </symbol>
      <symbol id="sm-1854">
         <name>atoi</name>
         <value>0x20011441</value>
         <object_component_ref idref="oc-46e"/>
      </symbol>
      <symbol id="sm-185f">
         <name>_ctypes_</name>
         <value>0x200119ee</value>
         <object_component_ref idref="oc-66a"/>
      </symbol>
      <symbol id="sm-186e">
         <name>ltoa</name>
         <value>0x20011399</value>
         <object_component_ref idref="oc-685"/>
      </symbol>
      <symbol id="sm-187e">
         <name>memccpy</name>
         <value>0x20011789</value>
         <object_component_ref idref="oc-497"/>
      </symbol>
      <symbol id="sm-188e">
         <name>strchr</name>
         <value>0x200117ed</value>
         <object_component_ref idref="oc-6bc"/>
      </symbol>
      <symbol id="sm-18a7">
         <name>wcslen</name>
         <value>0x2001182b</value>
         <object_component_ref idref="oc-49d"/>
      </symbol>
      <symbol id="sm-18c7">
         <name>frexpl</name>
         <value>0x20011291</value>
         <object_component_ref idref="oc-6b0"/>
      </symbol>
      <symbol id="sm-18c8">
         <name>frexp</name>
         <value>0x20011291</value>
         <object_component_ref idref="oc-6b0"/>
      </symbol>
      <symbol id="sm-18e6">
         <name>scalbn</name>
         <value>0x200108c9</value>
         <object_component_ref idref="oc-6b6"/>
      </symbol>
      <symbol id="sm-18e7">
         <name>scalbnl</name>
         <value>0x200108c9</value>
         <object_component_ref idref="oc-6b6"/>
      </symbol>
      <symbol id="sm-18e8">
         <name>ldexpl</name>
         <value>0x200108c9</value>
         <object_component_ref idref="oc-6b6"/>
      </symbol>
      <symbol id="sm-18e9">
         <name>ldexp</name>
         <value>0x200108c9</value>
         <object_component_ref idref="oc-6b6"/>
      </symbol>
      <symbol id="sm-1900">
         <name>__aeabi_dsub</name>
         <value>0x2000fb21</value>
         <object_component_ref idref="oc-690"/>
      </symbol>
      <symbol id="sm-1901">
         <name>__aeabi_dadd</name>
         <value>0x2000fb2b</value>
         <object_component_ref idref="oc-690"/>
      </symbol>
      <symbol id="sm-1923">
         <name>__aeabi_cdcmpeq</name>
         <value>0x20010f55</value>
         <object_component_ref idref="oc-47a"/>
      </symbol>
      <symbol id="sm-1924">
         <name>__aeabi_cdcmple</name>
         <value>0x20010f55</value>
         <object_component_ref idref="oc-47a"/>
      </symbol>
      <symbol id="sm-1925">
         <name>__aeabi_cdrcmple</name>
         <value>0x20010fdb</value>
         <object_component_ref idref="oc-67b"/>
      </symbol>
      <symbol id="sm-1939">
         <name>__aeabi_ddiv</name>
         <value>0x200103a9</value>
         <object_component_ref idref="oc-676"/>
      </symbol>
      <symbol id="sm-1944">
         <name>__aeabi_dmul</name>
         <value>0x20010601</value>
         <object_component_ref idref="oc-671"/>
      </symbol>
      <symbol id="sm-194e">
         <name>__aeabi_d2iz</name>
         <value>0x2001148d</value>
         <object_component_ref idref="oc-680"/>
      </symbol>
      <symbol id="sm-1958">
         <name>__aeabi_i2d</name>
         <value>0x200116b7</value>
         <object_component_ref idref="oc-68b"/>
      </symbol>
      <symbol id="sm-196e">
         <name>__aeabi_errno_addr</name>
         <value>0x20011861</value>
         <object_component_ref idref="oc-4a3"/>
      </symbol>
      <symbol id="sm-196f">
         <name>errno</name>
         <value>0x20023774</value>
         <object_component_ref idref="oc-6cc"/>
      </symbol>
      <symbol id="sm-1979">
         <name>copysign</name>
         <value>0x20011869</value>
         <object_component_ref idref="oc-769"/>
      </symbol>
      <symbol id="sm-197a">
         <name>copysignl</name>
         <value>0x20011869</value>
         <object_component_ref idref="oc-769"/>
      </symbol>
      <symbol id="sm-197b">
         <name>__TI_static_base__</name>
         <value>0x20012278</value>
      </symbol>
      <symbol id="sm-197e">
         <name>TMP006DrvGetTemp</name>
         <value>0x0</value>
      </symbol>
      <symbol id="sm-197f">
         <name>BMA222ReadNew</name>
         <value>0x0</value>
      </symbol>
      <symbol id="sm-1980">
         <name>I2C_IF_Open</name>
         <value>0x0</value>
      </symbol>
      <symbol id="sm-1981">
         <name>TMP006DrvOpen</name>
         <value>0x0</value>
      </symbol>
      <symbol id="sm-1982">
         <name>BMA222Open</name>
         <value>0x0</value>
      </symbol>
      <symbol id="sm-1983">
         <name>GetOverflowCounts</name>
         <value>0x0</value>
      </symbol>
      <symbol id="sm-1984">
         <name>vConfigureTimerForRunTimeStats</name>
         <value>0x0</value>
      </symbol>
      <symbol id="sm-1985">
         <name>__mpu_init</name>
         <value>0x0</value>
      </symbol>
      <symbol id="sm-1986">
         <name>_system_post_cinit</name>
         <value>0x0</value>
      </symbol>
      <symbol id="sm-1987">
         <name>Timer_IF_Stop</name>
         <value>0x2000f6ed</value>
      </symbol>
      <symbol id="sm-1988">
         <name>IntPriorityMaskSet</name>
         <value>0x20011381</value>
      </symbol>
      <symbol id="sm-1989">
         <name>IntPriorityMaskGet</name>
         <value>0x2001138f</value>
      </symbol>
      <symbol id="sm-198a">
         <name>PRCMSleepEnter</name>
         <value>0x20011343</value>
      </symbol>
      <symbol id="sm-198b">
         <name>vApplicationIdleHook</name>
         <value>0x20011343</value>
      </symbol>
      <symbol id="sm-198c">
         <name>mem_Free</name>
         <value>0x20010b1d</value>
      </symbol>
   </symbol_table>
   <title>Link errors: red sections failed placement</title>
</link_info>
