******************************************************************************
                  TI ARM Linker PC v18.1.4                     
******************************************************************************
>> Linked Fri Jan  4 20:10:52 2019

OUTPUT FILE NAME:   <G4-FreeRTOS.out>
ENTRY POINT SYMBOL: "_c_int00_noargs"  address: 2001173d


MEMORY CONFIGURATION

         name            origin    length      used     unused   attr    fill
----------------------  --------  ---------  --------  --------  ----  --------
  SRAM_CODE             20004000   00016fff  0000e2e2  00008d1d  RW X
  SRAM_DATA             2001b000   00015000  0000d784  0000787c  RW X


SEGMENT ALLOCATION MAP

run origin  load origin   length   init length attrs members
----------  ----------- ---------- ----------- ----- -------
20004000    20004000    0000e2e8   0000e2e8    r-x
  20004000    20004000    00000400   00000400    r-- .intvecs
  20004400    20004400    0000d47e   0000d47e    r-x .text
  20011880    20011880    000009f4   000009f4    r-- .const
  20012278    20012278    00000070   00000070    r-- .cinit
2001b000    2001b000    00008788   00000000    rw-
  2001b000    2001b000    0000861c   00000000    rw- .bss
  2002361c    2002361c    00000160   00000000    rw- .data
  20023780    20023780    00000008   00000000    rw- .sysmem
2002b000    2002b000    00005000   00000000    rw-
  2002b000    2002b000    00005000   00000000    rw- .stack


SECTION ALLOCATION MAP

 output                                  attributes/
section   page    origin      length       input sections
--------  ----  ----------  ----------   ----------------
.intvecs   0    20004000    00000400     
                  20004000    00000400     startup_ccs.obj (.intvecs)

.init_array 
*          0    20004000    00000000     UNINITIALIZED

.text      0    20004400    0000d47e     
                  20004400    00001744     tasks.obj (.text)
                  20005b44    000011e4     driver.obj (.text)
                  20006d28    00000f94     network_if.obj (.text)
                  20007cbc    00000b28     queue.obj (.text)
                  200087e4    00000a4a     rtsv7M4_T_le_eabi.lib : _printfi.c.obj (.text:__TI_printfi)
                  2000922e    00000002                           : div0.asm.obj (.text)
                  20009230    000008d0     socket.obj (.text)
                  20009b00    000008a8     wlan.obj (.text)
                  2000a3a8    000007fc     prcm.obj (.text)
                  2000aba4    000007c0     ustdlib.obj (.text)
                  2000b364    00000788     uartstdio.obj (.text)
                  2000baec    00000744     netapp.obj (.text)
                  2000c230    0000065c     main.obj (.text)
                  2000c88c    0000063c     commands.obj (.text)
                  2000cec8    00000580     cc_pal.obj (.text)
                  2000d448    0000055c     timers.obj (.text)
                  2000d9a4    000004b0     spi.obj (.text)
                  2000de54    00000398     osi_freertos.obj (.text)
                  2000e1ec    000002fc     udma.obj (.text)
                  2000e4e8    000002e8     device.obj (.text)
                  2000e7d0    00000288     interrupt.obj (.text)
                  2000ea58    00000268     rtsv7M4_T_le_eabi.lib : _printfi.c.obj (.text:_pconv_a)
                  2000ecc0    0000025c     gpio_if.obj (.text)
                  2000ef1c    00000250     flash.obj (.text)
                  2000f16c    00000234     uart.obj (.text)
                  2000f3a0    000001f0     port.obj (.text)
                  2000f590    000001f0     timer.obj (.text)
                  2000f780    000001d4     gpio.obj (.text)
                  2000f954    000001cc     rtsv7M4_T_le_eabi.lib : _printfi.c.obj (.text:_pconv_g)
                  2000fb20    000001b6                           : fd_add_t2.asm.obj (.text)
                  2000fcd6    00000002     --HOLE-- [fill = 0]
                  2000fcd8    000001b4     pin.obj (.text)
                  2000fe8c    00000158     timer_if.obj (.text)
                  2000ffe4    00000148     pwm_if.obj (.text)
                  2001012c    00000140     uart_if.obj (.text)
                  2001026c    0000013c     rtsv7M4_T_le_eabi.lib : _printfi.c.obj (.text:_pconv_e)
                  200103a8    00000136                           : fd_div_t2.asm.obj (.text)
                  200104de    00000002     --HOLE-- [fill = 0]
                  200104e0    00000120                           : _printfi.c.obj (.text:fcvt)
                  20010600    000000fc                           : fd_mul_t2.asm.obj (.text)
                  200106fc    000000fa                           : fs_add_t2.asm.obj (.text)
                  200107f6    00000002     --HOLE-- [fill = 0]
                  200107f8    000000d0     netcfg.obj (.text)
                  200108c8    000000d0     rtsv7M4_T_le_eabi.lib : s_scalbn.c.obj (.text:scalbn)
                  20010998    000000ba     portasm.obj (.text)
                  20010a52    00000002     --HOLE-- [fill = 0]
                  20010a54    000000b1     rtsv7M4_T_le_eabi.lib : _printfi.c.obj (.text:_ltostr)
                  20010b05    00000003     --HOLE-- [fill = 0]
                  20010b08    000000ac     heap_1.obj (.text)
                  20010bb4    000000a8     cpu_usage.obj (.text)
                  20010c5c    000000a0     pinmux.obj (.text)
                  20010cfc    0000009c     rtsv7M4_T_le_eabi.lib : memcpy_t2.asm.obj (.text)
                  20010d98    00000096                           : ull_div_t2.asm.obj (.text)
                  20010e2e    00000094     list.obj (.text)
                  20010ec2    00000092     rtsv7M4_T_le_eabi.lib : fs_div_t2.asm.obj (.text)
                  20010f54    00000086                           : fd_cmp_t2.asm.obj (.text:__aeabi_cdcmple)
                  20010fda    00000086                           : fd_cmp_t2.asm.obj (.text:__aeabi_cdrcmple)
                  20011060    0000007a                           : fs_mul_t2.asm.obj (.text)
                  200110da    0000007a                           : memset_t2.asm.obj (.text)
                  20011154    0000006e                           : _printfi.c.obj (.text:_mcpy)
                  200111c2    00000068                           : copy_decompress_lzss.c.obj (.text:decompress:lzss:__TI_decompress_lzss)
                  2001122a    00000002     --HOLE-- [fill = 0]
                  2001122c    00000064     cmdline.obj (.text)
                  20011290    0000005c     rtsv7M4_T_le_eabi.lib : s_frexp.c.obj (.text:frexp)
                  200112ec    00000056                           : _printfi.c.obj (.text:_pconv_f)
                  20011342    00000056     cpu.obj (.text)
                  20011398    00000054     rtsv7M4_T_le_eabi.lib : ltoa.c.obj (.text:ltoa)
                  200113ec    00000052                           : _printfi.c.obj (.text:_ecpy)
                  2001143e    00000002     --HOLE-- [fill = 0]
                  20011440    0000004c                           : atoi.c.obj (.text:atoi)
                  2001148c    00000048                           : fd_toi_t2.asm.obj (.text)
                  200114d4    00000044                           : autoinit.c.obj (.text:__TI_auto_init_nobinit_nopinit:__TI_auto_init_nobinit_nopinit)
                  20011518    00000040                           : u_divt2.asm.obj (.text)
                  20011558    00000040                           : sprintf.c.obj (.text:sprintf)
                  20011598    00000040                           : vsnprintf.c.obj (.text:vsnprintf)
                  200115d8    0000003e                           : _printfi.c.obj (.text:_fcpy)
                  20011616    00000038                           : fs_tod_t2.asm.obj (.text)
                  2001164e    00000038                           : i_tofs_t2.asm.obj (.text)
                  20011686    00000030                           : vsnprintf.c.obj (.text:_outs)
                  200116b6    0000002e                           : i_tofd_t2.asm.obj (.text)
                  200116e4    0000002c     startup_ccs.obj (.text)
                  20011710    0000002c     rtsv7M4_T_le_eabi.lib : strncmp.c.obj (.text:strncmp)
                  2001173c    00000028                           : boot_cortex_m.c.obj (.text:_c_int00_noargs:_c_int00_noargs)
                  20011764    00000024                           : memmov.c.obj (.text:memmove)
                  20011788    0000001c                           : memccpy.c.obj (.text:memccpy)
                  200117a4    00000018                           : vsnprintf.c.obj (.text:_outc)
                  200117bc    00000018                           : sprintf.c.obj (.text:_outs)
                  200117d4    00000018                           : strcmp.c.obj (.text:strcmp)
                  200117ec    00000016                           : strchr.c.obj (.text:strchr)
                  20011802    00000014                           : strcpy.c.obj (.text:strcpy)
                  20011816    00000014                           : strlen.c.obj (.text:strlen)
                  2001182a    00000012                           : wcslen.c.obj (.text:wcslen)
                  2001183c    0000000e                           : copy_decompress_none.c.obj (.text:decompress:none:__TI_decompress_none)
                  2001184a    0000000c                           : copy_zero_init.c.obj (.text:decompress:ZI:__TI_zero_init)
                  20011856    0000000a                           : sprintf.c.obj (.text:_outc)
                  20011860    00000008                           : errno.c.obj (.text:__aeabi_errno_addr)
                  20011868    00000008                           : s_copysign.c.obj (.text:copysign)
                  20011870    00000006     utils.obj (.text:UtilsDelay)
                  20011876    00000004     rtsv7M4_T_le_eabi.lib : pre_init.c.obj (.text:_system_pre_init)
                  2001187a    00000004                           : exit.c.obj (.text:abort:abort)

.const     0    20011880    000009f4     
                  20011880    0000016e     commands.obj (.const:.string)
                  200119ee    00000101     rtsv7M4_T_le_eabi.lib : ctype.c.obj (.const:.string:_ctypes_)
                  20011aef    00000001     --HOLE-- [fill = 0]
                  20011af0    00000100     pin.obj (.const:g_ulPinToPadMap)
                  20011bf0    000000d4     interrupt.obj (.const:g_pulRegs)
                  20011cc4    000000b0     wlan.obj (.const:$P$T0$1)
                  20011d74    000000a8     prcm.obj (.const:PRCM_PeriphRegsList)
                  20011e1c    00000040     flash.obj (.const:g_pulFMPPERegs)
                  20011e5c    00000040     flash.obj (.const:g_pulFMPRERegs)
                  20011e9c    0000003c     driver.obj (.const:OpcodeTranslateTable)
                  20011ed8    00000038     driver.obj (.const:_SlActionLookupTable)
                  20011f10    00000030     ustdlib.obj (.const:g_psDaysToMonth)
                  20011f40    0000002c     network_if.obj (.const:$P$T1$2)
                  20011f6c    00000024     spi.obj (.const:g_ppulSPIIntMap)
                  20011f90    00000022     network_if.obj (.const:.string:$P$T0$1)
                  20011fb2    00000002     --HOLE-- [fill = 0]
                  20011fb4    00000020     driver.obj (.const:RxMsgClassLUT)
                  20011fd4    00000020     interrupt.obj (.const:g_pulPriority)
                  20011ff4    00000018     ustdlib.obj (.const:g_pfExponents)
                  2001200c    00000018     interrupt.obj (.const:g_pulDisRegs)
                  20012024    00000018     interrupt.obj (.const:g_pulEnRegs)
                  2001203c    00000018     interrupt.obj (.const:g_pulPendRegs)
                  20012054    00000018     interrupt.obj (.const:g_pulUnpendRegs)
                  2001206c    00000018     spi.obj (.const:g_ulSPIDmaMaskMap)
                  20012084    00000017     network_if.obj (.const:.string:$P$T5$6)
                  2001209b    00000016     network_if.obj (.const:.string:$P$T3$4)
                  200120b1    00000015     network_if.obj (.const:.string:$P$T4$5)
                  200120c6    00000015     network_if.obj (.const:.string:$P$T7$8)
                  200120db    00000014     network_if.obj (.const:$P$T2$3)
                  200120ef    00000001     --HOLE-- [fill = 0]
                  200120f0    00000012     uartstdio.obj (.const:.string)
                  20012102    00000002     --HOLE-- [fill = 0]
                  20012104    00000012     ustdlib.obj (.const:.string)
                  20012116    00000002     --HOLE-- [fill = 0]
                  20012118    00000010     network_if.obj (.const:$P$T6$7)
                  20012128    00000010     socket.obj (.const:.string:_SlPayloadByProtocolLUT)
                  20012138    00000010     uart.obj (.const:g_ppulUARTIntMap)
                  20012148    0000000e     main.obj (.const:.string:$P$T1$2)
                  20012156    0000000d     main.obj (.const:.string:$P$T0$1)
                  20012163    00000001     --HOLE-- [fill = 0]
                  20012164    0000000c     commands.obj (.const:$P$T1$2)
                  20012170    0000000c     commands.obj (.const:.string:$P$T0$1)
                  2001217c    0000000b     network_if.obj (.const:.string:pcDigits)
                  20012187    00000008     device.obj (.const:.string:StartResponseLUT)
                  2001218f    00000001     --HOLE-- [fill = 0]
                  20012190    00000008     driver.obj (.const:g_H2NCnysPattern)
                  20012198    00000008     driver.obj (.const:g_H2NSyncPattern)
                  200121a0    00000008     uartstdio.obj (.const:g_ui32UARTBase)
                  200121a8    00000008     uartstdio.obj (.const:g_ui32UARTInt)
                  200121b0    00000008     uartstdio.obj (.const:g_ui32UARTPeriph)
                  200121b8    00000008     port.obj (.const)
                  200121c0    00000005     main.obj (.const:.string:$P$T2$3)
                  200121c5    00000001     --HOLE-- [fill = 0]
                  200121c6    00000004     driver.obj (.const:$P$T0$1)
                  200121ca    00000004     wlan.obj (.const:$P$T1$2)
                  200121ce    00000004     wlan.obj (.const:$P$T2$3)
                  200121d2    00000004     socket.obj (.const:_SlAcceptCmdCtrl)
                  200121d6    00000004     device.obj (.const:_SlDeviceGetCmdCtrl)
                  200121da    00000004     device.obj (.const:_SlDeviceSetCmdCtrl)
                  200121de    00000004     device.obj (.const:_SlEventMaskGetCmdCtrl)
                  200121e2    00000004     device.obj (.const:_SlEventMaskSetCmdCtrl)
                  200121e6    00000004     netapp.obj (.const:_SlGetHostByNameCtrl)
                  200121ea    00000004     netapp.obj (.const:_SlGetHostByServiceCtrl)
                  200121ee    00000004     netapp.obj (.const:_SlGetServiceListeCtrl)
                  200121f2    00000004     socket.obj (.const:_SlGetSockOptCmdCtrl)
                  200121f6    00000004     socket.obj (.const:_SlListenCmdCtrl)
                  200121fa    00000004     netapp.obj (.const:_SlNetAppGetCmdCtrl)
                  200121fe    00000004     netapp.obj (.const:_SlNetAppSendTokenValueCmdCtrl)
                  20012202    00000004     netapp.obj (.const:_SlNetAppSetCmdCtrl)
                  20012206    00000004     netapp.obj (.const:_SlNetAppStartCtrl)
                  2001220a    00000004     netapp.obj (.const:_SlNetAppStopCtrl)
                  2001220e    00000004     netcfg.obj (.const:_SlNetCfgGetCmdCtrl)
                  20012212    00000004     netcfg.obj (.const:_SlNetCfgSetCmdCtrl)
                  20012216    00000004     wlan.obj (.const:_SlPolicyGetCmdCtrl)
                  2001221a    00000004     wlan.obj (.const:_SlPolicySetCmdCtrl)
                  2001221e    00000004     wlan.obj (.const:_SlProfileDelCmdCtrl)
                  20012222    00000004     wlan.obj (.const:_SlProfileGetCmdCtrl)
                  20012226    00000004     socket.obj (.const:_SlRecvCmdCtrl)
                  2001222a    00000004     socket.obj (.const:_SlRecvfomCmdCtrl)
                  2001222e    00000004     netapp.obj (.const:_SlRegisterServiceCtrl)
                  20012232    00000004     wlan.obj (.const:_SlRxFilterAddtCmdCtrl)
                  20012236    00000004     wlan.obj (.const:_SlRxFilterGetCmdCtrl)
                  2001223a    00000004     wlan.obj (.const:_SlRxFilterSetCmdCtrl)
                  2001223e    00000004     socket.obj (.const:_SlSelectCmdCtrl)
                  20012242    00000004     socket.obj (.const:_SlSendCmdCtrl)
                  20012246    00000004     socket.obj (.const:_SlSetSockOptCmdCtrl)
                  2001224a    00000004     wlan.obj (.const:_SlSmartConfigStartCmdCtrl)
                  2001224e    00000004     socket.obj (.const:_SlSockCloseCmdCtrl)
                  20012252    00000004     socket.obj (.const:_SlSockSocketCmdCtrl)
                  20012256    00000004     device.obj (.const:_SlStopCmdCtrl)
                  2001225a    00000004     wlan.obj (.const:_SlWlanCfgGetCmdCtrl)
                  2001225e    00000004     wlan.obj (.const:_SlWlanCfgSetCmdCtrl)
                  20012262    00000004     wlan.obj (.const:_SlWlanGetNetworkListCtrl)
                  20012266    00000004     wlan.obj (.const:_SlWlanSetModeCmdCtrl)
                  2001226a    00000002     --HOLE-- [fill = 0]
                  2001226c    00000004     uartstdio.obj (.const)
                  20012270    00000004     ustdlib.obj (.const)

.cinit     0    20012278    00000070     
                  20012278    0000004c     (.cinit..data.load) [load image, compression = lzss]
                  200122c4    0000000c     (__TI_handler_table)
                  200122d0    00000008     (.cinit..bss.load) [load image, compression = zero_init]
                  200122d8    00000010     (__TI_cinit_table)

.bss       0    2001b000    0000861c     UNINITIALIZED
                  2001b000    00008000     heap_1.obj (.bss:ucHeap)
                  20023000    00000200     uartstdio.obj (.bss:g_pcUARTRxHistoryBuffer)
                  20023200    00000178     (.common:g_StatMem)
                  20023378    000000c8     tasks.obj (.bss:pxReadyTasksLists)
                  20023440    00000050     (.common:g_ucDinDout)
                  20023490    00000050     (.common:xQueueRegistry)
                  200234e0    00000024     cmdline.obj (.bss:g_ppcArgv)
                  20023504    00000024     (.common:g_ucConnectionSSID)
                  20023528    00000020     uartstdio.obj (.bss:g_usUARTRxHistoryOffset)
                  20023548    00000014     timers.obj (.bss:xActiveTimerList1)
                  2002355c    00000014     timers.obj (.bss:xActiveTimerList2)
                  20023570    00000014     tasks.obj (.bss:xDelayedTaskList1)
                  20023584    00000014     tasks.obj (.bss:xDelayedTaskList2)
                  20023598    00000014     tasks.obj (.bss:xPendingReadyList)
                  200235ac    00000014     tasks.obj (.bss:xSuspendedTaskList)
                  200235c0    00000014     tasks.obj (.bss:xTasksWaitingTermination)
                  200235d4    00000010     uartstdio.obj (.bss)
                  200235e4    0000000c     cpu_usage.obj (.bss)
                  200235f0    00000008     tasks.obj (.bss)
                  200235f8    00000008     timers.obj (.bss)
                  20023600    00000008     (.common:g_ucConnectionBSSID)
                  20023608    00000004     uart_if.obj (.bss)
                  2002360c    00000004     (.common:DMAMsgQ)
                  20023610    00000004     (.common:g_cDummy)
                  20023614    00000002     (.common:g_usConnectIndex)
                  20023616    00000002     (.common:g_usTimerInts)
                  20023618    00000001     (.common:RxIrqCnt)
                  20023619    00000001     (.common:g_ucLED1Pin)
                  2002361a    00000001     (.common:g_ucLED2Pin)
                  2002361b    00000001     (.common:g_ucLED3Pin)

.data      0    2002361c    00000160     UNINITIALIZED
                  2002361c    00000078     commands.obj (.data:g_psCmdTable)
                  20023694    0000003c     tasks.obj (.data)
                  200236d0    00000014     gpio_if.obj (.data:ulReg)
                  200236e4    00000011     osi_freertos.obj (.data)
                  200236f5    00000003     --HOLE--
                  200236f8    00000010     cpu_usage.obj (.data:g_pui32CPUUsageTimerBase)
                  20023708    00000010     cpu_usage.obj (.data:g_pui32CPUUsageTimerPeriph)
                  20023718    0000000c     gpio_if.obj (.data)
                  20023724    0000000c     network_if.obj (.data)
                  20023730    0000000c     port.obj (.data)
                  2002373c    0000000c     timers.obj (.data)
                  20023748    0000000c     uartstdio.obj (.data)
                  20023754    00000009     cc_pal.obj (.data)
                  2002375d    00000003     --HOLE--
                  20023760    00000009     driver.obj (.data)
                  20023769    00000003     --HOLE--
                  2002376c    00000008     heap_1.obj (.data)
                  20023774    00000004     rtsv7M4_T_le_eabi.lib : errno.c.obj (.data)
                  20023778    00000004     ustdlib.obj (.data)

.sysmem    0    20023780    00000008     UNINITIALIZED
                  20023780    00000008     rtsv7M4_T_le_eabi.lib : memory.c.obj (.sysmem)

.stack     0    2002b000    00005000     UNINITIALIZED
                  2002b000    00000004     rtsv7M4_T_le_eabi.lib : boot_cortex_m.c.obj (.stack)
                  2002b004    00004ffc     --HOLE--

MODULE SUMMARY

       Module                       code    ro data   rw data
       ------                       ----    -------   -------
    .\
       commands.obj                 1596    390       120    
       main.obj                     1628    32        2      
       pinmux.obj                   160     0         0      
    +--+----------------------------+-------+---------+---------+
       Total:                       3384    422       122    
                                                             
    .\FreeRTOS\
       tasks.obj                    5956    0         368    
       queue.obj                    2856    0         80     
       timers.obj                   1372    0         60     
       list.obj                     148     0         0      
    +--+----------------------------+-------+---------+---------+
       Total:                       10332   0         508    
                                                             
    .\FreeRTOS\portable\CCS\ARM_CM3\
       port.obj                     496     8         12     
       portasm.obj                  186     0         0      
    +--+----------------------------+-------+---------+---------+
       Total:                       682     8         12     
                                                             
    .\FreeRTOS\portable\MemMang\
       heap_1.obj                   172     0         32776  
    +--+----------------------------+-------+---------+---------+
       Total:                       172     0         32776  
                                                             
    .\common\
       network_if.obj               3988    212       58     
       startup_ccs.obj              44      1024      0      
       gpio_if.obj                  604     0         35     
       timer_if.obj                 344     0         0      
       pwm_if.obj                   328     0         0      
       uart_if.obj                  320     0         4      
    +--+----------------------------+-------+---------+---------+
       Total:                       5628    1236      97     
                                                             
    .\driverlib\
       prcm.obj                     2044    168       0      
       spi.obj                      1200    60        0      
       interrupt.obj                648     340       0      
       udma.obj                     764     0         0      
       flash.obj                    592     128       0      
       pin.obj                      436     256       0      
       uart.obj                     564     16        0      
       timer.obj                    496     0         0      
       gpio.obj                     468     0         0      
       cpu.obj                      86      0         0      
       utils.obj                    6       0         0      
    +--+----------------------------+-------+---------+---------+
       Total:                       7304    968       0      
                                                             
    .\osal\
       osi_freertos.obj             920     0         17     
    +--+----------------------------+-------+---------+---------+
       Total:                       920     0         17     
                                                             
    .\simplelink\
       cc_pal.obj                   1408    0         97     
    +--+----------------------------+-------+---------+---------+
       Total:                       1408    0         97     
                                                             
    .\simplelink\source\
       driver.obj                   4580    168       386    
       wlan.obj                     2216    232       0      
       socket.obj                   2256    56        0      
       netapp.obj                   1860    36        0      
       device.obj                   744     28        0      
       netcfg.obj                   208     8         0      
    +--+----------------------------+-------+---------+---------+
       Total:                       11864   528       386    
                                                             
    .\utils\
       uartstdio.obj                1928    46        572    
       ustdlib.obj                  1984    94        4      
       cpu_usage.obj                168     0         44     
       cmdline.obj                  100     0         36     
    +--+----------------------------+-------+---------+---------+
       Total:                       4180    140       656    
                                                             
    C:\ti\ccsv8\tools\compiler\ti-cgt-arm_18.1.4.LTS\lib\rtsv7M4_T_le_eabi.lib
       _printfi.c.obj               4831    0         0      
       fd_add_t2.asm.obj            438     0         0      
       fd_div_t2.asm.obj            310     0         0      
       fd_cmp_t2.asm.obj            268     0         0      
       ctype.c.obj                  0       257       0      
       fd_mul_t2.asm.obj            252     0         0      
       fs_add_t2.asm.obj            250     0         0      
       s_scalbn.c.obj               208     0         0      
       memcpy_t2.asm.obj            156     0         0      
       ull_div_t2.asm.obj           150     0         0      
       fs_div_t2.asm.obj            146     0         0      
       vsnprintf.c.obj              136     0         0      
       fs_mul_t2.asm.obj            122     0         0      
       memset_t2.asm.obj            122     0         0      
       copy_decompress_lzss.c.obj   104     0         0      
       sprintf.c.obj                98      0         0      
       s_frexp.c.obj                92      0         0      
       ltoa.c.obj                   84      0         0      
       atoi.c.obj                   76      0         0      
       fd_toi_t2.asm.obj            72      0         0      
       autoinit.c.obj               68      0         0      
       u_divt2.asm.obj              64      0         0      
       fs_tod_t2.asm.obj            56      0         0      
       i_tofs_t2.asm.obj            56      0         0      
       i_tofd_t2.asm.obj            46      0         0      
       strncmp.c.obj                44      0         0      
       boot_cortex_m.c.obj          40      0         0      
       memmov.c.obj                 36      0         0      
       memccpy.c.obj                28      0         0      
       strcmp.c.obj                 24      0         0      
       strchr.c.obj                 22      0         0      
       strcpy.c.obj                 20      0         0      
       strlen.c.obj                 20      0         0      
       wcslen.c.obj                 18      0         0      
       copy_decompress_none.c.obj   14      0         0      
       copy_zero_init.c.obj         12      0         0      
       errno.c.obj                  8       0         4      
       s_copysign.c.obj             8       0         0      
       exit.c.obj                   4       0         0      
       pre_init.c.obj               4       0         0      
       div0.asm.obj                 2       0         0      
    +--+----------------------------+-------+---------+---------+
       Total:                       8509    257       4      
                                                             
       Heap:                        0       0         8      
       Stack:                       0       0         20480  
       Linker Generated:            0       112       0      
    +--+----------------------------+-------+---------+---------+
       Grand Total:                 54383   3671      55163  


LINKER GENERATED COPY TABLES

__TI_cinit_table @ 200122d8 records: 2, size/record: 8, table size: 16
	.data: load addr=20012278, load size=0000004c bytes, run addr=2002361c, run size=00000160 bytes, compression=lzss
	.bss: load addr=200122d0, load size=00000008 bytes, run addr=2001b000, run size=0000861c bytes, compression=zero_init


LINKER GENERATED HANDLER TABLE

__TI_handler_table @ 200122c4 records: 3, size/record: 4, table size: 12
	index: 0, handler: __TI_decompress_lzss
	index: 1, handler: __TI_decompress_none
	index: 2, handler: __TI_zero_init


GLOBAL SYMBOLS: SORTED ALPHABETICALLY BY Name 

address   name                                  
-------   ----                                  
UNDEFED   BMA222Open                            
UNDEFED   BMA222ReadNew                         
2000c231  BoardInit                             
2000c37d  BsdTcpServer                          
2001187b  C$$EXIT                               
20010be3  CPUUsageInit                          
20010bb5  CPUUsageTick                          
2001138f  CPUbasepriGet                         
20011381  CPUbasepriSet                         
2001136d  CPUcpsid                              
20011359  CPUcpsie                              
2001134f  CPUprimask                            
20011343  CPUwfi                                
20010239  ClearTerm                             
2001122d  CmdLineProcess                        
2000cd51  Cmd_cpu                               
2000cd39  Cmd_free                              
2000cd0d  Cmd_help                              
2000cacd  Cmd_mode                              
2000ca35  Cmd_read                              
2000c989  Cmd_station                           
2000c959  Cmd_stats                             
2000c8f7  Cmd_tasks                             
20007499  ConfigureSimpleLinkToDefaultState     
2000bb67  CopyPingResultsToReport               
2002360c  DMAMsgQ                               
2000d3d9  DmaSpiSwIntHandler                    
20010205  Error                                 
2000f109  FlashDisable                          
2000f0dd  FlashErase                            
2000f0c7  FlashEraseNonBlocking                 
2000f0bf  FlashIntClear                         
2000f0b1  FlashIntDisable                       
2000f0a5  FlashIntEnable                        
2000f093  FlashIntRegister                      
2000f083  FlashIntStatus                        
2000f073  FlashIntUnregister                    
2000f047  FlashMassErase                        
2000f031  FlashMassEraseNonBlocking             
2000efc1  FlashProgram                          
2000ef5f  FlashProgramNonBlocking               
2000ef1d  FlashProtectGet                       
2000f903  GPIODMATriggerDisable                 
2000f8c1  GPIODMATriggerEnable                  
2000f8ab  GPIODirModeGet                        
2000f891  GPIODirModeSet                        
2000f88b  GPIOIntClear                          
2000f87d  GPIOIntDisable                        
2000f871  GPIOIntEnable                         
2000f85d  GPIOIntRegister                       
2000f84f  GPIOIntStatus                         
2000f815  GPIOIntTypeGet                        
2000f7cf  GPIOIntTypeSet                        
2000f7bb  GPIOIntUnregister                     
2000f787  GPIOPinRead                           
2000f781  GPIOPinWrite                          
2000eed3  GPIO_IF_ConfigureNIntEnable           
2000ecd7  GPIO_IF_Get                           
2000ee59  GPIO_IF_GetPortNPin                   
2000ee75  GPIO_IF_LedConfigure                  
2000edb7  GPIO_IF_LedOff                        
2000ed31  GPIO_IF_LedOn                         
2000eced  GPIO_IF_LedStatus                     
2000ee3d  GPIO_IF_LedToggle                     
2000ecc1  GPIO_IF_Set                           
UNDEFED   GetOverflowCounts                     
UNDEFED   I2C_IF_Open                           
200101f1  InitTerm                              
20007459  InitializeAppVariables                
2000e9a3  IntDisable                            
2000e921  IntEnable                             
2000e917  IntMasterDisable                      
2000e90d  IntMasterEnable                       
2000e8d1  IntPendClear                          
2000e867  IntPendSet                            
2000e84d  IntPriorityGet                        
2000e82b  IntPriorityGroupingGet                
2000e819  IntPriorityGroupingSet                
2001138f  IntPriorityMaskGet                    
20011381  IntPriorityMaskSet                    
2000e7ed  IntPrioritySet                        
2000e7e3  IntRegister                           
2000e7d7  IntUnregister                         
2000e7d1  IntVTableBaseSet                      
2000c2d3  LedTimerConfigNStart                  
2000c2fd  LedTimerDeinitStop                    
20010179  Message                               
200079d9  Network_IF_ConnectAP                  
200079cd  Network_IF_CurrentMCUState            
200079b1  Network_IF_DeInitDriver               
2000797d  Network_IF_DisconnectFromAP           
200078f3  Network_IF_GetHostIP                  
20007795  Network_IF_InitDriver                 
20007405  Network_IF_IpConfigGet                
200073fd  Network_IF_ResetMCUStateMachine       
200073e9  Network_IF_SetMCUMachineState         
20006fe5  Network_IF_UnsetMCUMachineState       
2000d32d  NwpMaskInterrupt                      
2000d337  NwpPowerOff                           
2000d3b5  NwpPowerOn                            
2000d361  NwpPowerOnPreamble                    
2000d305  NwpRegisterInterruptHandler           
2000d2f9  NwpUnMaskInterrupt                    
20011e9c  OpcodeTranslateTable                  
2000aa65  PRCMCC3200MCUInit                     
2000aa1f  PRCMCameraFreqSet                     
2000a9ff  PRCMDeepSleepEnter                    
2000a3a9  PRCMHIBRegRead                        
2000a3d5  PRCMHIBRegWrite                       
2000a9e9  PRCMHibernateEnter                    
2000a995  PRCMHibernateIntervalSet              
2000a951  PRCMHibernateWakeUpGPIOSelect         
2000a943  PRCMHibernateWakeupCauseGet           
2000a907  PRCMHibernateWakeupSourceDisable      
2000a8d9  PRCMHibernateWakeupSourceEnable       
2000a8af  PRCMI2SClockFreqSet                   
2000a887  PRCMIntDisable                        
2000a85f  PRCMIntEnable                         
2000a84d  PRCMIntRegister                       
2000a845  PRCMIntStatus                         
2000a835  PRCMIntUnregister                     
2000a7ff  PRCMLPDSEnter                         
2000a7e9  PRCMLPDSIntervalSet                   
2000a7df  PRCMLPDSRestoreInfoSet                
2000a7c7  PRCMLPDSWakeUpGPIOSelect              
2000a7bf  PRCMLPDSWakeupCauseGet                
2000a7b3  PRCMLPDSWakeupSourceDisable           
2000a7a5  PRCMLPDSWakeupSourceEnable            
2000a795  PRCMMCUReset                          
2000a783  PRCMOCRRegisterRead                   
2000a779  PRCMOCRRegisterWrite                  
2000a767  PRCMPeripheralClkDisable              
2000a745  PRCMPeripheralClkEnable               
2000a6e1  PRCMPeripheralClockGet                
2000a69f  PRCMPeripheralReset                   
2000a68f  PRCMPeripheralStatusGet               
2000a63d  PRCMRTCGet                            
2000a62d  PRCMRTCInUseGet                       
2000a615  PRCMRTCInUseSet                       
2000a5bb  PRCMRTCMatchGet                       
2000a55f  PRCMRTCMatchSet                       
2000a4fb  PRCMRTCSet                            
2000a4ab  PRCMSOCReset                          
2000a477  PRCMSRAMRetentionDisable              
2000a455  PRCMSRAMRetentionEnable               
20011343  PRCMSleepEnter                        
2000a441  PRCMSlowClkCtrFastGet                 
2000a417  PRCMSlowClkCtrGet                     
2000a3f9  PRCMSlowClkCtrMatchGet                
2000a3df  PRCMSlowClkCtrMatchSet                
2000a3b9  PRCMSysResetCauseGet                  
2001009b  PWM_IF_Init                           
20010059  PWM_IF_OutputDisable                  
20010017  PWM_IF_OutputEnable                   
2000ffe5  PWM_IF_SetDutycycle                   
2000fe5d  PinConfigGet                          
2000fcf9  PinConfigSet                          
2000fe45  PinDirModeGet                         
2000fe29  PinDirModeSet                         
2000fe11  PinModeGet                            
2000fcd9  PinModeSet                            
20010c5d  PinMuxConfig                          
2000fe07  PinTypeADC                            
2000fdf3  PinTypeCamera                         
2000fdc9  PinTypeGPIO                           
2000fdb3  PinTypeI2C                            
2000fd9f  PinTypeI2S                            
2000fd8b  PinTypeSDHost                         
2000fd77  PinTypeSPI                            
2000fd63  PinTypeTimer                          
2000fd4f  PinTypeUART                           
2000c33d  ReadFrame                             
2001018d  Report                                
200116e5  ResetISR                              
20023618  RxIrqCnt                              
20011fb4  RxMsgClassLUT                         
20009adf  SL_FD_CLR                             
20009ac9  SL_FD_ISSET                           
20009ab9  SL_FD_SET                             
20009ab3  SL_FD_ZERO                            
2000de1d  SPICSDisable                          
2000de0f  SPICSEnable                           
2000ddb3  SPIConfigSetExpClk                    
2000dda3  SPIDataGet                            
2000dd8d  SPIDataGetNonBlocking                 
2000dd7f  SPIDataPut                            
2000dd6b  SPIDataPutNonBlocking                 
2000dd5d  SPIDisable                            
2000dd51  SPIDmaDisable                         
2000dd45  SPIDmaEnable                          
2000dd37  SPIEnable                             
2000dd29  SPIFIFODisable                        
2000dd1d  SPIFIFOEnable                         
2000dd0b  SPIFIFOLevelGet                       
2000dcf3  SPIFIFOLevelSet                       
2000dcc7  SPIIntClear                           
2000dc91  SPIIntDisable                         
2000dc5f  SPIIntEnable                          
2000dc47  SPIIntRegister                        
2000dc0d  SPIIntStatus                          
2000dbd3  SPIIntUnregister                      
2000db91  SPIReset                              
2000db49  SPITransfer                           
2000d9a5  SPIWordCountSet                       
20006fd5  SimpleLinkGeneralEventHandler         
20006fcd  SimpleLinkHttpServerCallback          
20006f71  SimpleLinkNetAppEventHandler          
20006efd  SimpleLinkSockEventHandler            
20006d75  SimpleLinkWlanEventHandler            
20012187  StartResponseLUT                      
2000c645  TCPServerTask                         
UNDEFED   TMP006DrvGetTemp                      
UNDEFED   TMP006DrvOpen                         
2000f749  TimerConfigure                        
2000f735  TimerControlEvent                     
2000f71f  TimerControlLevel                     
2000f709  TimerControlStall                     
2000f705  TimerDMAEventGet                      
2000f701  TimerDMAEventSet                      
2000f6ed  TimerDisable                          
2000f6df  TimerEnable                           
2000f6db  TimerIntClear                         
2000f6d1  TimerIntDisable                       
2000f6c9  TimerIntEnable                        
2000f677  TimerIntRegister                      
2000f66d  TimerIntStatus                        
2000f621  TimerIntUnregister                    
2000f615  TimerLoadGet                          
2000f603  TimerLoadSet                          
2000f5f7  TimerMatchGet                         
2000f5e5  TimerMatchSet                         
2000c2a1  TimerPeriodicIntHandler               
2000f5d9  TimerPrescaleGet                      
2000f5cd  TimerPrescaleMatchGet                 
2000f5bb  TimerPrescaleMatchSet                 
2000f5a9  TimerPrescaleSet                      
2000f59d  TimerValueGet                         
2000f591  TimerValueSet                         
2000ffc5  Timer_IF_DeInit                       
2000ffb9  Timer_IF_GetCount                     
2000ff8d  Timer_IF_Init                         
2000ff2b  Timer_IF_IntSetup                     
2000feaf  Timer_IF_InterruptClear               
2000fea7  Timer_IF_ReLoad                       
2000fe8d  Timer_IF_Start                        
2000f6ed  Timer_IF_Stop                         
2001012d  TrimSpace                             
2000f383  UARTBreakCtl                          
2000f37b  UARTBusy                              
2000f371  UARTCharGet                           
2000f361  UARTCharGetNonBlocking                
2000f357  UARTCharPut                           
2000f347  UARTCharPutNonBlocking                
2000f339  UARTCharsAvail                        
2000f311  UARTConfigGetExpClk                   
2000f2cd  UARTConfigSetExpClk                   
2000f2c3  UARTDMADisable                        
2000f2bb  UARTDMAEnable                         
2000f2a3  UARTDisable                           
2000baa5  UARTEchoSet                           
2000f28f  UARTEnable                            
2000f285  UARTFIFODisable                       
2000f27b  UARTFIFOEnable                        
2000f26b  UARTFIFOLevelGet                      
2000f265  UARTFIFOLevelSet                      
2000f25d  UARTFlowControlGet                    
2000f251  UARTFlowControlSet                    
2000b9c5  UARTFlushRx                           
2000b9cf  UARTFlushTx                           
2000f24d  UARTIntClear                          
2000f243  UARTIntDisable                        
2000f23b  UARTIntEnable                         
2000f223  UARTIntRegister                       
2000f219  UARTIntStatus                         
2000f205  UARTIntUnregister                     
2000f1cd  UARTModemControlClear                 
2000f1c5  UARTModemControlGet                   
2000f1b9  UARTModemControlSet                   
2000f1b1  UARTModemStatusGet                    
2000f1a9  UARTParityModeGet                     
2000f19d  UARTParityModeSet                     
2000ba9d  UARTRxBytesAvail                      
2000f197  UARTRxErrorClear                      
2000f18f  UARTRxErrorGet                        
2000f181  UARTSpaceAvail                        
2000b9fd  UARTStdioConfig                       
2000b905  UARTTxBytesFree                       
2000f179  UARTTxIntModeGet                      
2000f16d  UARTTxIntModeSet                      
2000b8ef  UARTgetc                              
2000b62d  UARTgets                              
2000b5fb  UARTprintf                            
2000b403  UARTvprintf                           
2000b3a9  UARTwrite                             
20011871  UtilsDelay                            
2000e1b5  VDeleteSimpleLinkSpawnTask            
2000e16f  VStartSimpleLinkSpawnTask             
200121d2  _SlAcceptCmdCtrl                      
20011ed8  _SlActionLookupTable                  
2000675f  _SlAsyncEventGenericHandler           
200121d6  _SlDeviceGetCmdCtrl                   
200121da  _SlDeviceSetCmdCtrl                   
20006cf1  _SlDrvBasicCmd                        
200062b5  _SlDrvClassifyRxMsg                   
20006c83  _SlDrvCmdOp                           
20006c33  _SlDrvCmdSend                         
20006b51  _SlDrvDataReadOp                      
20006a71  _SlDrvDataWriteOp                     
2000e795  _SlDrvDeviceEventHandler              
200069d9  _SlDrvDriverCBDeinit                  
200068e1  _SlDrvDriverCBInit                    
20005fb1  _SlDrvMemZero                         
20006325  _SlDrvMsgRead                         
20006837  _SlDrvMsgReadCmdCtx                   
200067c3  _SlDrvMsgReadSpawnCtx                 
2000617d  _SlDrvMsgWrite                        
2000c159  _SlDrvNetAppEventHandler              
20006159  _SlDrvObjLockWaitForever              
20006149  _SlDrvObjUnLock                       
2000611d  _SlDrvProtectAsyncRespSetting         
20005cbd  _SlDrvProtectionObjLockWaitForever    
20005cd3  _SlDrvProtectionObjUnLock             
20005fbf  _SlDrvReleasePoolObj                  
20005fb9  _SlDrvResetCmdExt                     
20005e45  _SlDrvRxHdrRead                       
20005e0d  _SlDrvRxIrqHandler                    
20005e01  _SlDrvSyncObjSignal                   
20005ce5  _SlDrvSyncObjWaitForever              
20005cf5  _SlDrvWaitForPoolObj                  
200121de  _SlEventMaskGetCmdCtrl                
200121e2  _SlEventMaskSetCmdCtrl                
20005bb9  _SlFindAndSetActiveObj                
200121e6  _SlGetHostByNameCtrl                  
200121ea  _SlGetHostByServiceCtrl               
200121ee  _SlGetServiceListeCtrl                
200121f2  _SlGetSockOptCmdCtrl                  
200121f6  _SlListenCmdCtrl                      
200121fa  _SlNetAppGetCmdCtrl                   
200121fe  _SlNetAppSendTokenValueCmdCtrl        
20012202  _SlNetAppSetCmdCtrl                   
20012206  _SlNetAppStartCtrl                    
2001220a  _SlNetAppStopCtrl                     
2001220e  _SlNetCfgGetCmdCtrl                   
20012212  _SlNetCfgSetCmdCtrl                   
20012128  _SlPayloadByProtocolLUT               
20012216  _SlPolicyGetCmdCtrl                   
2001221a  _SlPolicySetCmdCtrl                   
2001221e  _SlProfileDelCmdCtrl                  
20012222  _SlProfileGetCmdCtrl                  
20012226  _SlRecvCmdCtrl                        
2001222a  _SlRecvfomCmdCtrl                     
2001222e  _SlRegisterServiceCtrl                
20005b45  _SlRemoveFromList                     
20012232  _SlRxFilterAddtCmdCtrl                
20012236  _SlRxFilterGetCmdCtrl                 
2001223a  _SlRxFilterSetCmdCtrl                 
2001223e  _SlSelectCmdCtrl                      
20012242  _SlSendCmdCtrl                        
20012246  _SlSetSockOptCmdCtrl                  
2001224a  _SlSmartConfigStartCmdCtrl            
2001224e  _SlSockCloseCmdCtrl                   
20012252  _SlSockSocketCmdCtrl                  
20012256  _SlStopCmdCtrl                        
2001225a  _SlWlanCfgGetCmdCtrl                  
2001225e  _SlWlanCfgSetCmdCtrl                  
20012262  _SlWlanGetNetworkListCtrl             
20012266  _SlWlanSetModeCmdCtrl                 
20030000  __STACK_END                           
00005000  __STACK_SIZE                          
00000008  __SYSMEM_SIZE                         
200122d8  __TI_CINIT_Base                       
200122e8  __TI_CINIT_Limit                      
200122c4  __TI_Handler_Table_Base               
200122d0  __TI_Handler_Table_Limit              
200114d5  __TI_auto_init_nobinit_nopinit        
200111c3  __TI_decompress_lzss                  
2001183d  __TI_decompress_none                  
ffffffff  __TI_pprof_out_hndl                   
200087e5  __TI_printfi                          
ffffffff  __TI_prof_data_size                   
ffffffff  __TI_prof_data_start                  
20012278  __TI_static_base__                    
2001184b  __TI_zero_init                        
20010f55  __aeabi_cdcmpeq                       
20010f55  __aeabi_cdcmple                       
20010fdb  __aeabi_cdrcmple                      
2001148d  __aeabi_d2iz                          
2000fb2b  __aeabi_dadd                          
200103a9  __aeabi_ddiv                          
20010601  __aeabi_dmul                          
2000fb21  __aeabi_dsub                          
20011861  __aeabi_errno_addr                    
20011617  __aeabi_f2d                           
20010701  __aeabi_fadd                          
20010ec3  __aeabi_fdiv                          
20011061  __aeabi_fmul                          
200106fd  __aeabi_fsub                          
200116b7  __aeabi_i2d                           
2001164f  __aeabi_i2f                           
2000922f  __aeabi_idiv0                         
2000922f  __aeabi_ldiv0                         
200110db  __aeabi_memclr                        
200110db  __aeabi_memclr4                       
200110db  __aeabi_memclr8                       
20010cfd  __aeabi_memcpy                        
20010cfd  __aeabi_memcpy4                       
20010cfd  __aeabi_memcpy8                       
200110dd  __aeabi_memset                        
200110dd  __aeabi_memset4                       
200110dd  __aeabi_memset8                       
20011519  __aeabi_uidiv                         
20011519  __aeabi_uidivmod                      
20010d99  __aeabi_uldivmod                      
ffffffff  __binit__                             
ffffffff  __c_args__                            
UNDEFED   __mpu_init                            
2002b000  __stack                               
2001173d  _c_int00_noargs                       
200119ee  _ctypes_                              
200092c5  _sl_BuildAddress                      
2000e575  _sl_GetStartResponseConvert           
20009a63  _sl_HandleAsync_Accept                
20009a01  _sl_HandleAsync_Connect               
2000c153  _sl_HandleAsync_DnsGetHostByAddr      
2000c0d5  _sl_HandleAsync_DnsGetHostByName      
2000c059  _sl_HandleAsync_DnsGetHostByService   
2000e72f  _sl_HandleAsync_InitComplete          
2000bfe1  _sl_HandleAsync_PingResponse          
200099b7  _sl_HandleAsync_Select                
2000e6f1  _sl_HandleAsync_Stop                  
2000bf8b  _sl_NetAppSendTokenValue              
20009981  _sl_ParseAddress                      
200092ad  _sl_TruncatePayloadByProtocol         
20023780  _sys_memory                           
UNDEFED   _system_post_cinit                    
20011877  _system_pre_init                      
2001187b  abort                                 
20011441  atoi                                  
ffffffff  binit                                 
20011869  copysign                              
20011869  copysignl                             
20005485  eTaskGetState                         
20023774  errno                                 
20011291  frexp                                 
20011291  frexpl                                
20023768  gFirstCmdMode                         
20012190  g_H2NCnysPattern                      
20012198  g_H2NSyncPattern                      
20023754  g_SpiFd                               
20023200  g_StatMem                             
20023610  g_cDummy                              
20023760  g_pCB                                 
20023758  g_pHostIntHdl                         
20004000  g_pfnVectors                          
2002361c  g_psCmdTable                          
20023600  g_ucConnectionBSSID                   
20023504  g_ucConnectionSSID                    
2002375c  g_ucDMAEnabled                        
20023440  g_ucDinDout                           
20023619  g_ucLED1Pin                           
2002361a  g_ucLED2Pin                           
2002361b  g_ucLED3Pin                           
200236f0  g_ui32CPUUsage                        
20023718  g_uiLED1Port                          
2002371c  g_uiLED2Port                          
20023720  g_uiLED3Port                          
2002372c  g_ulGatewayIP                         
20023728  g_ulStaIp                             
20023724  g_ulStatus                            
20023614  g_usConnectIndex                      
20023616  g_usTimerInts                         
20006d29  itoa                                  
200108c9  ldexp                                 
200108c9  ldexpl                                
20011399  ltoa                                  
2000c249  main                                  
20010b1d  mem_Free                              
2000e16b  mem_Malloc                            
2000e135  mem_Realloc                           
2000e12d  mem_copy                              
2000e129  mem_set                               
20011789  memccpy                               
20010cfd  memcpy                                
20011765  memmove                               
200110e3  memset                                
2000e121  osi_ContextRestore                    
2000e11f  osi_ContextSave                       
2000e115  osi_EnterCritical                     
2000e111  osi_ExitCritical                      
2000e101  osi_InterruptDeRegister               
2000e0df  osi_InterruptRegister                 
2000e0bf  osi_LockObjCreate                     
2000e0b3  osi_LockObjDelete                     
2000e095  osi_LockObjLock                       
2000e071  osi_LockObjUnlock                     
2000e04d  osi_MsgQCreate                        
2000e039  osi_MsgQDelete                        
2000e011  osi_MsgQRead                          
2000dfdf  osi_MsgQWrite                         
2000dfdb  osi_Sleep                             
2000df9f  osi_Spawn                             
2000df83  osi_SyncObjClear                      
2000df5d  osi_SyncObjCreate                     
2000df49  osi_SyncObjDelete                     
2000df2f  osi_SyncObjSignal                     
2000def7  osi_SyncObjSignalFromISR              
2000ded9  osi_SyncObjWait                       
2000deb9  osi_TaskCreate                        
2000deb3  osi_TaskDelete                        
2000dea9  osi_TaskDisable                       
2000dea5  osi_TaskEnable                        
2000de95  osi_start                             
20023764  pPingCallBackFunc                     
2001217c  pcDigits                              
200087b1  pcQueueGetName                        
20005af9  pcTaskGetName                         
2000d981  pcTimerGetName                        
20010b29  pvPortMalloc                          
20005a7d  pvTaskIncrementMutexHeldCount         
2000d67d  pvTimerGetTimerID                     
20023694  pxCurrentTCB                          
2000f4fd  pxPortInitialiseStack                 
200108c9  scalbn                                
200108c9  scalbnl                               
200098a9  sl_Accept                             
2000982f  sl_Bind                               
20009813  sl_Close                              
20009745  sl_Connect                            
2000e67d  sl_DevGet                             
2000e637  sl_DevSet                             
2000e619  sl_EventMaskGet                       
2000e5fd  sl_EventMaskSet                       
200096cd  sl_GetSockOpt                         
20009695  sl_Htonl                              
20009661  sl_Htons                              
20009641  sl_Listen                             
2000bed5  sl_NetAppDnsGetHostByName             
2000be31  sl_NetAppDnsGetHostByService          
2000bdc9  sl_NetAppGet                          
2000bd49  sl_NetAppGetServiceList               
2000bd2d  sl_NetAppMDNSRegisterService          
2000bc9b  sl_NetAppMDNSRegisterUnregisterService
2000bd1b  sl_NetAppMDNSUnRegisterService        
2000bb81  sl_NetAppPingStart                    
2000bb21  sl_NetAppSet                          
2000bb07  sl_NetAppStart                        
2000baed  sl_NetAppStop                         
2001083f  sl_NetCfgGet                          
200107f9  sl_NetCfgSet                          
200095f9  sl_Recv                               
20009531  sl_RecvFrom                           
20009449  sl_Select                             
200093af  sl_Send                               
200092f1  sl_SendTo                             
20009263  sl_SetSockOpt                         
20009231  sl_Socket                             
2000e57f  sl_Start                              
2000e4e9  sl_Stop                               
2000a195  sl_WlanConnect                        
2000a183  sl_WlanDisconnect                     
2000a115  sl_WlanGet                            
2000a0c9  sl_WlanGetNetworkList                 
2000a053  sl_WlanPolicyGet                      
2000a015  sl_WlanPolicySet                      
20009df1  sl_WlanProfileAdd                     
20009db9  sl_WlanProfileDel                     
20009cf5  sl_WlanProfileGet                     
20009c9d  sl_WlanRxFilterAdd                    
20009c4d  sl_WlanRxFilterGet                    
20009c15  sl_WlanRxFilterSet                    
20009be3  sl_WlanRxStatGet                      
20009bdb  sl_WlanRxStatStart                    
20009bd3  sl_WlanRxStatStop                     
20009b8d  sl_WlanSet                            
20009b71  sl_WlanSetMode                        
20009b09  sl_WlanSmartConfigStart               
20009b01  sl_WlanSmartConfigStop                
2000d291  spi_Close                             
2000d195  spi_Open                              
2000d0d1  spi_Read                              
2000cfaf  spi_Write                             
20011559  sprintf                               
200117ed  strchr                                
200117d5  strcmp                                
20011803  strcpy                                
20011817  strlen                                
20011711  strncmp                               
2000e4a1  uDMAChannelAssign                     
2000e465  uDMAChannelAttributeDisable           
2000e427  uDMAChannelAttributeEnable            
2000e3d5  uDMAChannelAttributeGet               
2000e3b5  uDMAChannelControlSet                 
2000e3a3  uDMAChannelDisable                    
2000e391  uDMAChannelEnable                     
2000e377  uDMAChannelIsEnabled                  
2000e34d  uDMAChannelModeGet                    
2000e33d  uDMAChannelRequest                    
2000e2f1  uDMAChannelScatterGatherSet           
2000e2cf  uDMAChannelSizeGet                    
2000e253  uDMAChannelTransferSet                
2000e24b  uDMAControlAlternateBaseGet           
2000e243  uDMAControlBaseGet                    
2000e23b  uDMAControlBaseSet                    
2000e231  uDMADisable                           
2000e227  uDMAEnable                            
2000e21f  uDMAErrorStatusClear                  
2000e219  uDMAErrorStatusGet                    
2000e213  uDMAIntClear                          
2000e203  uDMAIntRegister                       
2000e1fd  uDMAIntStatus                         
2000e1ed  uDMAIntUnregister                     
200087ab  ucQueueGetQueueType                   
200121b8  ulMaxSyscallInterruptPriority         
200109a9  ulPortGetIPSR                         
20005a1d  ulTaskNotifyTake                      
2000b1b5  ulocaltime                            
2000b301  umktime                               
2000b19d  urand                                 
2000b183  usnprintf                             
2000b163  usprintf                              
2000b15d  usrand                                
2000b155  ustrcasecmp                           
2000b14d  ustrcmp                               
2000b07f  ustrlen                               
2000b0f1  ustrncasecmp                          
2000b08f  ustrncmp                              
2000aba5  ustrncpy                              
2000b0c5  ustrstr                               
2000aefd  ustrtof                               
2000ae3d  ustrtoul                              
2000abcd  uvsnprintf                            
20010e9d  uxListRemove                          
200087a7  uxQueueGetQueueNumber                 
20008789  uxQueueMessagesWaiting                
20008775  uxQueueMessagesWaitingFromISR         
2000874f  uxQueueSpacesAvailable                
20005a07  uxTaskGetNumberOfTasks                
200055e5  uxTaskGetSystemState                  
200059fd  uxTaskGetTaskNumber                   
200059e5  uxTaskPriorityGet                     
200059bd  uxTaskPriorityGetFromISR              
200059a9  uxTaskResetEventItemValue             
2000d679  uxTimerGetTimerNumber                 
20011343  vApplicationIdleHook                  
2000de93  vApplicationMallocFailedHook          
2000de91  vApplicationStackOverflowHook         
2000de73  vApplicationTickHook                  
2000de71  vAssertCalled                         
UNDEFED   vConfigureTimerForRunTimeStats        
20010e7f  vListInitialise                       
20010e79  vListInitialiseItem                   
20010e47  vListInsert                           
20010e2f  vListInsertEnd                        
2000f4e7  vPortEndScheduler                     
2000f4b7  vPortEnterCritical                    
2000f495  vPortExitCritical                     
20010b1d  vPortFree                             
20010b15  vPortInitialiseBlocks                 
20010a0d  vPortSVCHandler                       
2000f3c7  vPortSetupTimerInterrupt              
20010a31  vPortStartFirstTask                   
2000f453  vPortValidateInterruptPriority        
20008729  vQueueAddToRegistry                   
20008707  vQueueDelete                          
20008703  vQueueSetQueueNumber                  
200086dd  vQueueUnregisterQueue                 
20008695  vQueueWaitForMessageRestricted        
2000596b  vTaskDelay                            
200058e9  vTaskDelayUntil                       
2000583f  vTaskDelete                           
20005815  vTaskEndScheduler                     
20005509  vTaskGetInfo                          
20005775  vTaskGetRunTimeStats                  
20004dd9  vTaskInternalSetTimeOutState          
200056a3  vTaskList                             
20005477  vTaskMissedYield                      
200053d5  vTaskNotifyGiveFromISR                
200053ad  vTaskPlaceOnEventList                 
2000537d  vTaskPlaceOnEventListRestricted       
20005331  vTaskPlaceOnUnorderedEventList        
20005279  vTaskPriorityDisinheritAfterTimeout   
200051a9  vTaskPrioritySet                      
2000512d  vTaskRemoveFromUnorderedEventList     
200050b5  vTaskResume                           
200050a5  vTaskSetTaskNumber                    
2000507f  vTaskSetTimeOutState                  
20005021  vTaskStartScheduler                   
20004f51  vTaskSuspend                          
20004f31  vTaskSuspendAll                       
20004e71  vTaskSwitchContext                    
2000d65b  vTimerSetTimerID                      
2000d657  vTimerSetTimerNumber                  
2000c88d  vUARTTask                             
20011599  vsnprintf                             
2001182b  wcslen                                
200236e4  xHigherPriorityTaskWoken              
20010b09  xPortGetFreeHeapSize                  
200109c1  xPortPendSVHandler                    
2000f3df  xPortStartScheduler                   
2000f3a1  xPortSysTickHandler                   
20008663  xQueueCreateCountingSemaphore         
2000864d  xQueueCreateMutex                     
200085fd  xQueueGenericCreate                   
20008561  xQueueGenericReset                    
20008421  xQueueGenericSend                     
20008353  xQueueGenericSendFromISR              
2000825b  xQueueGiveFromISR                     
2000823f  xQueueIsQueueEmptyFromISR             
2000821f  xQueueIsQueueFullFromISR              
20008101  xQueuePeek                            
2000809d  xQueuePeekFromISR                     
20007f5d  xQueueReceive                         
20007ed7  xQueueReceiveFromISR                  
20023490  xQueueRegistry                        
20007d51  xQueueSemaphoreTake                   
200236e8  xSimpleLinkSpawnQueue                 
200236ec  xSimpleLinkSpawnTaskHndl              
20004ded  xTaskCheckForTimeOut                  
20004d73  xTaskCreate                           
20004b01  xTaskGenericNotify                    
200049df  xTaskGenericNotifyFromISR             
200049d9  xTaskGetCurrentTaskHandle             
200049c3  xTaskGetIdleTaskHandle                
200049ab  xTaskGetSchedulerState                
200049a5  xTaskGetTickCount                     
20004999  xTaskGetTickCountFromISR              
200044cf  xTaskIncrementTick                    
2000496d  xTaskNotifyStateClear                 
200048e1  xTaskNotifyWait                       
200047c9  xTaskPriorityDisinherit               
20004709  xTaskPriorityInherit                  
2000467f  xTaskRemoveFromEventList              
200045b9  xTaskResumeAll                        
2000442d  xTaskResumeFromISR                    
2000d629  xTimerCreate                          
2000d5bd  xTimerCreateTimerTask                 
2000d50b  xTimerGenericCommand                  
2000d4f7  xTimerGetExpiryTime                   
2000d4e3  xTimerGetPeriod                       
2000d4cd  xTimerGetTimerDaemonTaskHandle        
2000d4a7  xTimerIsTimerActive                   
2000d46b  xTimerPendFunctionCall                
2000d449  xTimerPendFunctionCallFromISR         


GLOBAL SYMBOLS: SORTED BY Symbol Address 

address   name                                  
-------   ----                                  
00000008  __SYSMEM_SIZE                         
00005000  __STACK_SIZE                          
20004000  g_pfnVectors                          
2000442d  xTaskResumeFromISR                    
200044cf  xTaskIncrementTick                    
200045b9  xTaskResumeAll                        
2000467f  xTaskRemoveFromEventList              
20004709  xTaskPriorityInherit                  
200047c9  xTaskPriorityDisinherit               
200048e1  xTaskNotifyWait                       
2000496d  xTaskNotifyStateClear                 
20004999  xTaskGetTickCountFromISR              
200049a5  xTaskGetTickCount                     
200049ab  xTaskGetSchedulerState                
200049c3  xTaskGetIdleTaskHandle                
200049d9  xTaskGetCurrentTaskHandle             
200049df  xTaskGenericNotifyFromISR             
20004b01  xTaskGenericNotify                    
20004d73  xTaskCreate                           
20004dd9  vTaskInternalSetTimeOutState          
20004ded  xTaskCheckForTimeOut                  
20004e71  vTaskSwitchContext                    
20004f31  vTaskSuspendAll                       
20004f51  vTaskSuspend                          
20005021  vTaskStartScheduler                   
2000507f  vTaskSetTimeOutState                  
200050a5  vTaskSetTaskNumber                    
200050b5  vTaskResume                           
2000512d  vTaskRemoveFromUnorderedEventList     
200051a9  vTaskPrioritySet                      
20005279  vTaskPriorityDisinheritAfterTimeout   
20005331  vTaskPlaceOnUnorderedEventList        
2000537d  vTaskPlaceOnEventListRestricted       
200053ad  vTaskPlaceOnEventList                 
200053d5  vTaskNotifyGiveFromISR                
20005477  vTaskMissedYield                      
20005485  eTaskGetState                         
20005509  vTaskGetInfo                          
200055e5  uxTaskGetSystemState                  
200056a3  vTaskList                             
20005775  vTaskGetRunTimeStats                  
20005815  vTaskEndScheduler                     
2000583f  vTaskDelete                           
200058e9  vTaskDelayUntil                       
2000596b  vTaskDelay                            
200059a9  uxTaskResetEventItemValue             
200059bd  uxTaskPriorityGetFromISR              
200059e5  uxTaskPriorityGet                     
200059fd  uxTaskGetTaskNumber                   
20005a07  uxTaskGetNumberOfTasks                
20005a1d  ulTaskNotifyTake                      
20005a7d  pvTaskIncrementMutexHeldCount         
20005af9  pcTaskGetName                         
20005b45  _SlRemoveFromList                     
20005bb9  _SlFindAndSetActiveObj                
20005cbd  _SlDrvProtectionObjLockWaitForever    
20005cd3  _SlDrvProtectionObjUnLock             
20005ce5  _SlDrvSyncObjWaitForever              
20005cf5  _SlDrvWaitForPoolObj                  
20005e01  _SlDrvSyncObjSignal                   
20005e0d  _SlDrvRxIrqHandler                    
20005e45  _SlDrvRxHdrRead                       
20005fb1  _SlDrvMemZero                         
20005fb9  _SlDrvResetCmdExt                     
20005fbf  _SlDrvReleasePoolObj                  
2000611d  _SlDrvProtectAsyncRespSetting         
20006149  _SlDrvObjUnLock                       
20006159  _SlDrvObjLockWaitForever              
2000617d  _SlDrvMsgWrite                        
200062b5  _SlDrvClassifyRxMsg                   
20006325  _SlDrvMsgRead                         
2000675f  _SlAsyncEventGenericHandler           
200067c3  _SlDrvMsgReadSpawnCtx                 
20006837  _SlDrvMsgReadCmdCtx                   
200068e1  _SlDrvDriverCBInit                    
200069d9  _SlDrvDriverCBDeinit                  
20006a71  _SlDrvDataWriteOp                     
20006b51  _SlDrvDataReadOp                      
20006c33  _SlDrvCmdSend                         
20006c83  _SlDrvCmdOp                           
20006cf1  _SlDrvBasicCmd                        
20006d29  itoa                                  
20006d75  SimpleLinkWlanEventHandler            
20006efd  SimpleLinkSockEventHandler            
20006f71  SimpleLinkNetAppEventHandler          
20006fcd  SimpleLinkHttpServerCallback          
20006fd5  SimpleLinkGeneralEventHandler         
20006fe5  Network_IF_UnsetMCUMachineState       
200073e9  Network_IF_SetMCUMachineState         
200073fd  Network_IF_ResetMCUStateMachine       
20007405  Network_IF_IpConfigGet                
20007459  InitializeAppVariables                
20007499  ConfigureSimpleLinkToDefaultState     
20007795  Network_IF_InitDriver                 
200078f3  Network_IF_GetHostIP                  
2000797d  Network_IF_DisconnectFromAP           
200079b1  Network_IF_DeInitDriver               
200079cd  Network_IF_CurrentMCUState            
200079d9  Network_IF_ConnectAP                  
20007d51  xQueueSemaphoreTake                   
20007ed7  xQueueReceiveFromISR                  
20007f5d  xQueueReceive                         
2000809d  xQueuePeekFromISR                     
20008101  xQueuePeek                            
2000821f  xQueueIsQueueFullFromISR              
2000823f  xQueueIsQueueEmptyFromISR             
2000825b  xQueueGiveFromISR                     
20008353  xQueueGenericSendFromISR              
20008421  xQueueGenericSend                     
20008561  xQueueGenericReset                    
200085fd  xQueueGenericCreate                   
2000864d  xQueueCreateMutex                     
20008663  xQueueCreateCountingSemaphore         
20008695  vQueueWaitForMessageRestricted        
200086dd  vQueueUnregisterQueue                 
20008703  vQueueSetQueueNumber                  
20008707  vQueueDelete                          
20008729  vQueueAddToRegistry                   
2000874f  uxQueueSpacesAvailable                
20008775  uxQueueMessagesWaitingFromISR         
20008789  uxQueueMessagesWaiting                
200087a7  uxQueueGetQueueNumber                 
200087ab  ucQueueGetQueueType                   
200087b1  pcQueueGetName                        
200087e5  __TI_printfi                          
2000922f  __aeabi_idiv0                         
2000922f  __aeabi_ldiv0                         
20009231  sl_Socket                             
20009263  sl_SetSockOpt                         
200092ad  _sl_TruncatePayloadByProtocol         
200092c5  _sl_BuildAddress                      
200092f1  sl_SendTo                             
200093af  sl_Send                               
20009449  sl_Select                             
20009531  sl_RecvFrom                           
200095f9  sl_Recv                               
20009641  sl_Listen                             
20009661  sl_Htons                              
20009695  sl_Htonl                              
200096cd  sl_GetSockOpt                         
20009745  sl_Connect                            
20009813  sl_Close                              
2000982f  sl_Bind                               
200098a9  sl_Accept                             
20009981  _sl_ParseAddress                      
200099b7  _sl_HandleAsync_Select                
20009a01  _sl_HandleAsync_Connect               
20009a63  _sl_HandleAsync_Accept                
20009ab3  SL_FD_ZERO                            
20009ab9  SL_FD_SET                             
20009ac9  SL_FD_ISSET                           
20009adf  SL_FD_CLR                             
20009b01  sl_WlanSmartConfigStop                
20009b09  sl_WlanSmartConfigStart               
20009b71  sl_WlanSetMode                        
20009b8d  sl_WlanSet                            
20009bd3  sl_WlanRxStatStop                     
20009bdb  sl_WlanRxStatStart                    
20009be3  sl_WlanRxStatGet                      
20009c15  sl_WlanRxFilterSet                    
20009c4d  sl_WlanRxFilterGet                    
20009c9d  sl_WlanRxFilterAdd                    
20009cf5  sl_WlanProfileGet                     
20009db9  sl_WlanProfileDel                     
20009df1  sl_WlanProfileAdd                     
2000a015  sl_WlanPolicySet                      
2000a053  sl_WlanPolicyGet                      
2000a0c9  sl_WlanGetNetworkList                 
2000a115  sl_WlanGet                            
2000a183  sl_WlanDisconnect                     
2000a195  sl_WlanConnect                        
2000a3a9  PRCMHIBRegRead                        
2000a3b9  PRCMSysResetCauseGet                  
2000a3d5  PRCMHIBRegWrite                       
2000a3df  PRCMSlowClkCtrMatchSet                
2000a3f9  PRCMSlowClkCtrMatchGet                
2000a417  PRCMSlowClkCtrGet                     
2000a441  PRCMSlowClkCtrFastGet                 
2000a455  PRCMSRAMRetentionEnable               
2000a477  PRCMSRAMRetentionDisable              
2000a4ab  PRCMSOCReset                          
2000a4fb  PRCMRTCSet                            
2000a55f  PRCMRTCMatchSet                       
2000a5bb  PRCMRTCMatchGet                       
2000a615  PRCMRTCInUseSet                       
2000a62d  PRCMRTCInUseGet                       
2000a63d  PRCMRTCGet                            
2000a68f  PRCMPeripheralStatusGet               
2000a69f  PRCMPeripheralReset                   
2000a6e1  PRCMPeripheralClockGet                
2000a745  PRCMPeripheralClkEnable               
2000a767  PRCMPeripheralClkDisable              
2000a779  PRCMOCRRegisterWrite                  
2000a783  PRCMOCRRegisterRead                   
2000a795  PRCMMCUReset                          
2000a7a5  PRCMLPDSWakeupSourceEnable            
2000a7b3  PRCMLPDSWakeupSourceDisable           
2000a7bf  PRCMLPDSWakeupCauseGet                
2000a7c7  PRCMLPDSWakeUpGPIOSelect              
2000a7df  PRCMLPDSRestoreInfoSet                
2000a7e9  PRCMLPDSIntervalSet                   
2000a7ff  PRCMLPDSEnter                         
2000a835  PRCMIntUnregister                     
2000a845  PRCMIntStatus                         
2000a84d  PRCMIntRegister                       
2000a85f  PRCMIntEnable                         
2000a887  PRCMIntDisable                        
2000a8af  PRCMI2SClockFreqSet                   
2000a8d9  PRCMHibernateWakeupSourceEnable       
2000a907  PRCMHibernateWakeupSourceDisable      
2000a943  PRCMHibernateWakeupCauseGet           
2000a951  PRCMHibernateWakeUpGPIOSelect         
2000a995  PRCMHibernateIntervalSet              
2000a9e9  PRCMHibernateEnter                    
2000a9ff  PRCMDeepSleepEnter                    
2000aa1f  PRCMCameraFreqSet                     
2000aa65  PRCMCC3200MCUInit                     
2000aba5  ustrncpy                              
2000abcd  uvsnprintf                            
2000ae3d  ustrtoul                              
2000aefd  ustrtof                               
2000b07f  ustrlen                               
2000b08f  ustrncmp                              
2000b0c5  ustrstr                               
2000b0f1  ustrncasecmp                          
2000b14d  ustrcmp                               
2000b155  ustrcasecmp                           
2000b15d  usrand                                
2000b163  usprintf                              
2000b183  usnprintf                             
2000b19d  urand                                 
2000b1b5  ulocaltime                            
2000b301  umktime                               
2000b3a9  UARTwrite                             
2000b403  UARTvprintf                           
2000b5fb  UARTprintf                            
2000b62d  UARTgets                              
2000b8ef  UARTgetc                              
2000b905  UARTTxBytesFree                       
2000b9c5  UARTFlushRx                           
2000b9cf  UARTFlushTx                           
2000b9fd  UARTStdioConfig                       
2000ba9d  UARTRxBytesAvail                      
2000baa5  UARTEchoSet                           
2000baed  sl_NetAppStop                         
2000bb07  sl_NetAppStart                        
2000bb21  sl_NetAppSet                          
2000bb67  CopyPingResultsToReport               
2000bb81  sl_NetAppPingStart                    
2000bc9b  sl_NetAppMDNSRegisterUnregisterService
2000bd1b  sl_NetAppMDNSUnRegisterService        
2000bd2d  sl_NetAppMDNSRegisterService          
2000bd49  sl_NetAppGetServiceList               
2000bdc9  sl_NetAppGet                          
2000be31  sl_NetAppDnsGetHostByService          
2000bed5  sl_NetAppDnsGetHostByName             
2000bf8b  _sl_NetAppSendTokenValue              
2000bfe1  _sl_HandleAsync_PingResponse          
2000c059  _sl_HandleAsync_DnsGetHostByService   
2000c0d5  _sl_HandleAsync_DnsGetHostByName      
2000c153  _sl_HandleAsync_DnsGetHostByAddr      
2000c159  _SlDrvNetAppEventHandler              
2000c231  BoardInit                             
[...]
2000deb9  osi_TaskCreate                        
2000ded9  osi_SyncObjWait                       
2000def7  osi_SyncObjSignalFromISR              
2000df2f  osi_SyncObjSignal                     
2000df49  osi_SyncObjDelete                     
2000df5d  osi_SyncObjCreate                     
2000df83  osi_SyncObjClear                      
2000df9f  osi_Spawn                             
2000dfdb  osi_Sleep                             
2000dfdf  osi_MsgQWrite                         
2000e011  osi_MsgQRead                          
2000e039  osi_MsgQDelete                        
2000e04d  osi_MsgQCreate                        
2000e071  osi_LockObjUnlock                     
2000e095  osi_LockObjLock                       
2000e0b3  osi_LockObjDelete                     
2000e0bf  osi_LockObjCreate                     
2000e0df  osi_InterruptRegister                 
2000e101  osi_InterruptDeRegister               
2000e111  osi_ExitCritical                      
2000e115  osi_EnterCritical                     
2000e11f  osi_ContextSave                       
2000e121  osi_ContextRestore                    
2000e129  mem_set                               
2000e12d  mem_copy                              
2000e135  mem_Realloc                           
2000e16b  mem_Malloc                            
2000e16f  VStartSimpleLinkSpawnTask             
2000e1b5  VDeleteSimpleLinkSpawnTask            
2000e1ed  uDMAIntUnregister                     
2000e1fd  uDMAIntStatus                         
2000e203  uDMAIntRegister                       
2000e213  uDMAIntClear                          
2000e219  uDMAErrorStatusGet                    
2000e21f  uDMAErrorStatusClear                  
2000e227  uDMAEnable                            
2000e231  uDMADisable                           
2000e23b  uDMAControlBaseSet                    
2000e243  uDMAControlBaseGet                    
2000e24b  uDMAControlAlternateBaseGet           
2000e253  uDMAChannelTransferSet                
2000e2cf  uDMAChannelSizeGet                    
2000e2f1  uDMAChannelScatterGatherSet           
2000e33d  uDMAChannelRequest                    
2000e34d  uDMAChannelModeGet                    
2000e377  uDMAChannelIsEnabled                  
2000e391  uDMAChannelEnable                     
2000e3a3  uDMAChannelDisable                    
2000e3b5  uDMAChannelControlSet                 
2000e3d5  uDMAChannelAttributeGet               
2000e427  uDMAChannelAttributeEnable            
2000e465  uDMAChannelAttributeDisable           
2000e4a1  uDMAChannelAssign                     
2000e4e9  sl_Stop                               
2000e575  _sl_GetStartResponseConvert           
2000e57f  sl_Start                              
2000e5fd  sl_EventMaskSet                       
2000e619  sl_EventMaskGet                       
2000e637  sl_DevSet                             
2000e67d  sl_DevGet                             
2000e6f1  _sl_HandleAsync_Stop                  
2000e72f  _sl_HandleAsync_InitComplete          
2000e795  _SlDrvDeviceEventHandler              
2000e7d1  IntVTableBaseSet                      
2000e7d7  IntUnregister                         
2000e7e3  IntRegister                           
2000e7ed  IntPrioritySet                        
2000e819  IntPriorityGroupingSet                
2000e82b  IntPriorityGroupingGet                
2000e84d  IntPriorityGet                        
2000e867  IntPendSet                            
2000e8d1  IntPendClear                          
2000e90d  IntMasterEnable                       
2000e917  IntMasterDisable                      
2000e921  IntEnable                             
2000e9a3  IntDisable                            
2000ecc1  GPIO_IF_Set                           
2000ecd7  GPIO_IF_Get                           
2000eced  GPIO_IF_LedStatus                     
2000ed31  GPIO_IF_LedOn                         
2000edb7  GPIO_IF_LedOff                        
2000ee3d  GPIO_IF_LedToggle                     
2000ee59  GPIO_IF_GetPortNPin                   
2000ee75  GPIO_IF_LedConfigure                  
2000eed3  GPIO_IF_ConfigureNIntEnable           
2000ef1d  FlashProtectGet                       
2000ef5f  FlashProgramNonBlocking               
2000efc1  FlashProgram                          
2000f031  FlashMassEraseNonBlocking             
2000f047  FlashMassErase                        
2000f073  FlashIntUnregister                    
2000f083  FlashIntStatus                        
2000f093  FlashIntRegister                      
2000f0a5  FlashIntEnable                        
2000f0b1  FlashIntDisable                       
2000f0bf  FlashIntClear                         
2000f0c7  FlashEraseNonBlocking                 
2000f0dd  FlashErase                            
2000f109  FlashDisable                          
2000f16d  UARTTxIntModeSet                      
2000f179  UARTTxIntModeGet                      
2000f181  UARTSpaceAvail                        
2000f18f  UARTRxErrorGet                        
2000f197  UARTRxErrorClear                      
2000f19d  UARTParityModeSet                     
2000f1a9  UARTParityModeGet                     
2000f1b1  UARTModemStatusGet                    
2000f1b9  UARTModemControlSet                   
2000f1c5  UARTModemControlGet                   
2000f1cd  UARTModemControlClear                 
2000f205  UARTIntUnregister                     
2000f219  UARTIntStatus                         
2000f223  UARTIntRegister                       
2000f23b  UARTIntEnable                         
2000f243  UARTIntDisable                        
2000f24d  UARTIntClear                          
2000f251  UARTFlowControlSet                    
2000f25d  UARTFlowControlGet                    
2000f265  UARTFIFOLevelSet                      
2000f26b  UARTFIFOLevelGet                      
2000f27b  UARTFIFOEnable                        
2000f285  UARTFIFODisable                       
2000f28f  UARTEnable                            
2000f2a3  UARTDisable                           
2000f2bb  UARTDMAEnable                         
2000f2c3  UARTDMADisable                        
2000f2cd  UARTConfigSetExpClk                   
2000f311  UARTConfigGetExpClk                   
2000f339  UARTCharsAvail                        
2000f347  UARTCharPutNonBlocking                
2000f357  UARTCharPut                           
2000f361  UARTCharGetNonBlocking                
2000f371  UARTCharGet                           
2000f37b  UARTBusy                              
2000f383  UARTBreakCtl                          
2000f3a1  xPortSysTickHandler                   
2000f3c7  vPortSetupTimerInterrupt              
2000f3df  xPortStartScheduler                   
2000f453  vPortValidateInterruptPriority        
2000f495  vPortExitCritical                     
2000f4b7  vPortEnterCritical                    
2000f4e7  vPortEndScheduler                     
2000f4fd  pxPortInitialiseStack                 
2000f591  TimerValueSet                         
2000f59d  TimerValueGet                         
2000f5a9  TimerPrescaleSet                      
2000f5bb  TimerPrescaleMatchSet                 
2000f5cd  TimerPrescaleMatchGet                 
2000f5d9  TimerPrescaleGet                      
2000f5e5  TimerMatchSet                         
2000f5f7  TimerMatchGet                         
2000f603  TimerLoadSet                          
2000f615  TimerLoadGet                          
2000f621  TimerIntUnregister                    
2000f66d  TimerIntStatus                        
2000f677  TimerIntRegister                      
2000f6c9  TimerIntEnable                        
2000f6d1  TimerIntDisable                       
2000f6db  TimerIntClear                         
2000f6df  TimerEnable                           
2000f6ed  TimerDisable                          
2000f6ed  Timer_IF_Stop                         
2000f701  TimerDMAEventSet                      
2000f705  TimerDMAEventGet                      
2000f709  TimerControlStall                     
2000f71f  TimerControlLevel                     
2000f735  TimerControlEvent                     
2000f749  TimerConfigure                        
2000f781  GPIOPinWrite                          
2000f787  GPIOPinRead                           
2000f7bb  GPIOIntUnregister                     
2000f7cf  GPIOIntTypeSet                        
2000f815  GPIOIntTypeGet                        
2000f84f  GPIOIntStatus                         
2000f85d  GPIOIntRegister                       
2000f871  GPIOIntEnable                         
2000f87d  GPIOIntDisable                        
2000f88b  GPIOIntClear                          
2000f891  GPIODirModeSet                        
2000f8ab  GPIODirModeGet                        
2000f8c1  GPIODMATriggerEnable                  
2000f903  GPIODMATriggerDisable                 
2000fb21  __aeabi_dsub                          
2000fb2b  __aeabi_dadd                          
2000fcd9  PinModeSet                            
2000fcf9  PinConfigSet                          
2000fd4f  PinTypeUART                           
2000fd63  PinTypeTimer                          
2000fd77  PinTypeSPI                            
2000fd8b  PinTypeSDHost                         
2000fd9f  PinTypeI2S                            
2000fdb3  PinTypeI2C                            
2000fdc9  PinTypeGPIO                           
2000fdf3  PinTypeCamera                         
2000fe07  PinTypeADC                            
2000fe11  PinModeGet                            
2000fe29  PinDirModeSet                         
2000fe45  PinDirModeGet                         
2000fe5d  PinConfigGet                          
2000fe8d  Timer_IF_Start                        
2000fea7  Timer_IF_ReLoad                       
2000feaf  Timer_IF_InterruptClear               
2000ff2b  Timer_IF_IntSetup                     
2000ff8d  Timer_IF_Init                         
2000ffb9  Timer_IF_GetCount                     
2000ffc5  Timer_IF_DeInit                       
2000ffe5  PWM_IF_SetDutycycle                   
20010017  PWM_IF_OutputEnable                   
20010059  PWM_IF_OutputDisable                  
2001009b  PWM_IF_Init                           
2001012d  TrimSpace                             
20010179  Message                               
2001018d  Report                                
200101f1  InitTerm                              
20010205  Error                                 
20010239  ClearTerm                             
200103a9  __aeabi_ddiv                          
20010601  __aeabi_dmul                          
200106fd  __aeabi_fsub                          
20010701  __aeabi_fadd                          
200107f9  sl_NetCfgSet                          
2001083f  sl_NetCfgGet                          
200108c9  ldexp                                 
200108c9  ldexpl                                
200108c9  scalbn                                
200108c9  scalbnl                               
200109a9  ulPortGetIPSR                         
200109c1  xPortPendSVHandler                    
20010a0d  vPortSVCHandler                       
20010a31  vPortStartFirstTask                   
20010b09  xPortGetFreeHeapSize                  
20010b15  vPortInitialiseBlocks                 
20010b1d  mem_Free                              
20010b1d  vPortFree                             
20010b29  pvPortMalloc                          
20010bb5  CPUUsageTick                          
20010be3  CPUUsageInit                          
20010c5d  PinMuxConfig                          
20010cfd  __aeabi_memcpy                        
20010cfd  __aeabi_memcpy4                       
20010cfd  __aeabi_memcpy8                       
20010cfd  memcpy                                
20010d99  __aeabi_uldivmod                      
20010e2f  vListInsertEnd                        
20010e47  vListInsert                           
20010e79  vListInitialiseItem                   
20010e7f  vListInitialise                       
20010e9d  uxListRemove                          
20010ec3  __aeabi_fdiv                          
20010f55  __aeabi_cdcmpeq                       
20010f55  __aeabi_cdcmple                       
20010fdb  __aeabi_cdrcmple                      
20011061  __aeabi_fmul                          
200110db  __aeabi_memclr                        
200110db  __aeabi_memclr4                       
200110db  __aeabi_memclr8                       
200110dd  __aeabi_memset                        
200110dd  __aeabi_memset4                       
200110dd  __aeabi_memset8                       
200110e3  memset                                
200111c3  __TI_decompress_lzss                  
2001122d  CmdLineProcess                        
20011291  frexp                                 
20011291  frexpl                                
20011343  CPUwfi                                
20011343  PRCMSleepEnter                        
20011343  vApplicationIdleHook                  
2001134f  CPUprimask                            
20011359  CPUcpsie                              
2001136d  CPUcpsid                              
20011381  CPUbasepriSet                         
20011381  IntPriorityMaskSet                    
2001138f  CPUbasepriGet                         
2001138f  IntPriorityMaskGet                    
20011399  ltoa                                  
20011441  atoi                                  
2001148d  __aeabi_d2iz                          
200114d5  __TI_auto_init_nobinit_nopinit        
20011519  __aeabi_uidiv                         
20011519  __aeabi_uidivmod                      
20011559  sprintf                               
20011599  vsnprintf                             
20011617  __aeabi_f2d                           
2001164f  __aeabi_i2f                           
200116b7  __aeabi_i2d                           
200116e5  ResetISR                              
20011711  strncmp                               
2001173d  _c_int00_noargs                       
20011765  memmove                               
20011789  memccpy                               
200117d5  strcmp                                
200117ed  strchr                                
20011803  strcpy                                
20011817  strlen                                
2001182b  wcslen                                
2001183d  __TI_decompress_none                  
2001184b  __TI_zero_init                        
20011861  __aeabi_errno_addr                    
20011869  copysign                              
20011869  copysignl                             
20011871  UtilsDelay                            
20011877  _system_pre_init                      
2001187b  C$$EXIT                               
2001187b  abort                                 
200119ee  _ctypes_                              
20011e9c  OpcodeTranslateTable                  
20011ed8  _SlActionLookupTable                  
20011fb4  RxMsgClassLUT                         
20012128  _SlPayloadByProtocolLUT               
2001217c  pcDigits                              
20012187  StartResponseLUT                      
20012190  g_H2NCnysPattern                      
20012198  g_H2NSyncPattern                      
200121b8  ulMaxSyscallInterruptPriority         
200121d2  _SlAcceptCmdCtrl                      
200121d6  _SlDeviceGetCmdCtrl                   
200121da  _SlDeviceSetCmdCtrl                   
200121de  _SlEventMaskGetCmdCtrl                
200121e2  _SlEventMaskSetCmdCtrl                
200121e6  _SlGetHostByNameCtrl                  
200121ea  _SlGetHostByServiceCtrl               
200121ee  _SlGetServiceListeCtrl                
200121f2  _SlGetSockOptCmdCtrl                  
200121f6  _SlListenCmdCtrl                      
200121fa  _SlNetAppGetCmdCtrl                   
200121fe  _SlNetAppSendTokenValueCmdCtrl        
20012202  _SlNetAppSetCmdCtrl                   
20012206  _SlNetAppStartCtrl                    
2001220a  _SlNetAppStopCtrl                     
2001220e  _SlNetCfgGetCmdCtrl                   
20012212  _SlNetCfgSetCmdCtrl                   
20012216  _SlPolicyGetCmdCtrl                   
2001221a  _SlPolicySetCmdCtrl                   
2001221e  _SlProfileDelCmdCtrl                  
20012222  _SlProfileGetCmdCtrl                  
20012226  _SlRecvCmdCtrl                        
2001222a  _SlRecvfomCmdCtrl                     
2001222e  _SlRegisterServiceCtrl                
20012232  _SlRxFilterAddtCmdCtrl                
20012236  _SlRxFilterGetCmdCtrl                 
2001223a  _SlRxFilterSetCmdCtrl                 
2001223e  _SlSelectCmdCtrl                      
20012242  _SlSendCmdCtrl                        
20012246  _SlSetSockOptCmdCtrl                  
2001224a  _SlSmartConfigStartCmdCtrl            
2001224e  _SlSockCloseCmdCtrl                   
20012252  _SlSockSocketCmdCtrl                  
20012256  _SlStopCmdCtrl                        
2001225a  _SlWlanCfgGetCmdCtrl                  
2001225e  _SlWlanCfgSetCmdCtrl                  
20012262  _SlWlanGetNetworkListCtrl             
20012266  _SlWlanSetModeCmdCtrl                 
20012278  __TI_static_base__                    
200122c4  __TI_Handler_Table_Base               
200122d0  __TI_Handler_Table_Limit              
200122d8  __TI_CINIT_Base                       
200122e8  __TI_CINIT_Limit                      
20023200  g_StatMem                             
20023440  g_ucDinDout                           
20023490  xQueueRegistry                        
20023504  g_ucConnectionSSID                    
20023600  g_ucConnectionBSSID                   
2002360c  DMAMsgQ                               
20023610  g_cDummy                              
20023614  g_usConnectIndex                      
20023616  g_usTimerInts                         
20023618  RxIrqCnt                              
20023619  g_ucLED1Pin                           
2002361a  g_ucLED2Pin                           
2002361b  g_ucLED3Pin                           
2002361c  g_psCmdTable                          
20023694  pxCurrentTCB                          
200236e4  xHigherPriorityTaskWoken              
200236e8  xSimpleLinkSpawnQueue                 
200236ec  xSimpleLinkSpawnTaskHndl              
200236f0  g_ui32CPUUsage                        
20023718  g_uiLED1Port                          
2002371c  g_uiLED2Port                          
20023720  g_uiLED3Port                          
20023724  g_ulStatus                            
20023728  g_ulStaIp                             
2002372c  g_ulGatewayIP                         
20023754  g_SpiFd                               
20023758  g_pHostIntHdl                         
2002375c  g_ucDMAEnabled                        
20023760  g_pCB                                 
20023764  pPingCallBackFunc                     
20023768  gFirstCmdMode                         
20023774  errno                                 
20023780  _sys_memory                           
2002b000  __stack                               
20030000  __STACK_END                           
ffffffff  __TI_pprof_out_hndl                   
ffffffff  __TI_prof_data_size                   
ffffffff  __TI_prof_data_start                  
ffffffff  __binit__                             
ffffffff  __c_args__                            
ffffffff  binit                                 
UNDEFED   BMA222Open                            
UNDEFED   BMA222ReadNew                         
UNDEFED   GetOverflowCounts                     
UNDEFED   I2C_IF_Open                           
UNDEFED   TMP006DrvGetTemp                      
UNDEFED   TMP006DrvOpen                         
UNDEFED   __mpu_init                            
UNDEFED   _system_post_cinit                    
UNDEFED   vConfigureTimerForRunTimeStats        

[743 symbols]
