******************************************************************************
                  TI ARM Linker PC v18.1.4                     
******************************************************************************
>> Linked Mon Jan  7 18:41:18 2019

OUTPUT FILE NAME:   <G4-FreeRTOS.out>
ENTRY POINT SYMBOL: "_c_int00_noargs"  address: 20012a19


MEMORY CONFIGURATION

         name            origin    length      used     unused   attr    fill
----------------------  --------  ---------  --------  --------  ----  --------
  SRAM_CODE             20004000   00016fff  0000f656  000079a9  RW X
  SRAM_DATA             2001b000   00015000  0000d7d9  00007827  RW X


SEGMENT ALLOCATION MAP

run origin  load origin   length   init length attrs members
----------  ----------- ---------- ----------- ----- -------
20004000    20004000    0000f658   0000f658    r-x
  20004000    20004000    00000400   00000400    r-- .intvecs
  20004400    20004400    0000e786   0000e786    r-x .text
  20012b88    20012b88    00000a00   00000a00    r-- .const
  20013588    20013588    000000d0   000000d0    r-- .cinit
2001b000    2001b000    000087db   00000000    rw-
  2001b000    2001b000    00008742   00000000    rw- .data
  20023744    20023744    00000097   00000000    rw- .bss
2002b000    2002b000    00005000   00000000    rw-
  2002b000    2002b000    00005000   00000000    rw- .stack


SECTION ALLOCATION MAP

 output                                  attributes/
section   page    origin      length       input sections
--------  ----  ----------  ----------   ----------------
.intvecs   0    20004000    00000400     
                  20004000    00000400     startup_ccs.obj (.intvecs)

.init_array 
*          0    20004000    00000000     UNINITIALIZED

.text      0    20004400    0000e786     
                  20004400    00001610     tasks.obj (.text)
                  20005a10    00000ecc     driver.obj (.text)
                  200068dc    00000de4     network_if.obj (.text)
                  200076c0    00000af4     queue.obj (.text)
                  200081b4    00000ae4     main.obj (.text)
                  20008c98    00000a4a     rtsv7M4_T_le_eabi.lib : _printfi.c.obj (.text:__TI_printfi)
                  200096e2    00000002                           : div0.asm.obj (.text)
                  200096e4    000009bc                           : e_pow.c.obj (.text:pow)
                  2000a0a0    00000858     prcm.obj (.text)
                  2000a8f8    00000834     socket.obj (.text)
                  2000b12c    000007c4     wlan.obj (.text)
                  2000b8f0    00000710     ustdlib.obj (.text)
                  2000c000    000006c0     netapp.obj (.text)
                  2000c6c0    00000670     uartstdio.obj (.text)
                  2000cd30    00000624     commands.obj (.text)
                  2000d354    00000618     i2c_if.obj (.text)
                  2000d96c    0000052c     cc_pal.obj (.text)
                  2000de98    000004cc     timers.obj (.text)
                  2000e364    00000454     spi.obj (.text)
                  2000e7b8    0000037c     osi_freertos.obj (.text)
                  2000eb34    00000320     tmp006drv.obj (.text)
                  2000ee54    000002d4     device.obj (.text)
                  2000f128    000002d0     udma.obj (.text)
                  2000f3f8    000002cc     i2c.obj (.text)
                  2000f6c4    00000268     rtsv7M4_T_le_eabi.lib : _printfi.c.obj (.text:_pconv_a)
                  2000f92c    0000022c     interrupt.obj (.text)
                  2000fb58    00000228     uart.obj (.text)
                  2000fd80    00000204     heap_4.obj (.text)
                  2000ff84    00000200     flash.obj (.text)
                  20010184    000001f0     gpio_if.obj (.text)
                  20010374    000001e8     timer.obj (.text)
                  2001055c    000001d8     port.obj (.text)
                  20010734    000001cc     rtsv7M4_T_le_eabi.lib : _printfi.c.obj (.text:_pconv_g)
                  20010900    000001c8     gpio.obj (.text)
                  20010ac8    000001b6     rtsv7M4_T_le_eabi.lib : fd_add_t2.asm.obj (.text)
                  20010c7e    00000002     --HOLE-- [fill = 0]
                  20010c80    000001a8     pin.obj (.text)
                  20010e28    00000194     bma222drv.obj (.text)
                  20010fbc    0000015c     rtsv7M4_T_le_eabi.lib : e_sqrt.c.obj (.text:sqrt)
                  20011118    00000150     uart_if.obj (.text)
                  20011268    00000148     pwm_if.obj (.text)
                  200113b0    0000013c     rtsv7M4_T_le_eabi.lib : _printfi.c.obj (.text:_pconv_e)
                  200114ec    00000136                           : fd_div_t2.asm.obj (.text)
                  20011622    00000002     --HOLE-- [fill = 0]
                  20011624    00000124     timer_if.obj (.text)
                  20011748    00000120     rtsv7M4_T_le_eabi.lib : _printfi.c.obj (.text:fcvt)
                  20011868    000000fc                           : fd_mul_t2.asm.obj (.text)
                  20011964    000000fa                           : fs_add_t2.asm.obj (.text)
                  20011a5e    00000002     --HOLE-- [fill = 0]
                  20011a60    000000d0                           : s_scalbn.c.obj (.text:scalbn)
                  20011b30    000000c8     netcfg.obj (.text)
                  20011bf8    000000ba     portasm.obj (.text)
                  20011cb2    00000002     --HOLE-- [fill = 0]
                  20011cb4    000000b1     rtsv7M4_T_le_eabi.lib : _printfi.c.obj (.text:_ltostr)
                  20011d65    00000003     --HOLE-- [fill = 0]
                  20011d68    000000a0     pinmux.obj (.text)
                  20011e08    0000009c     rtsv7M4_T_le_eabi.lib : memcpy_t2.asm.obj (.text)
                  20011ea4    00000096                           : ull_div_t2.asm.obj (.text)
                  20011f3a    00000092     list.obj (.text)
                  20011fcc    00000092     rtsv7M4_T_le_eabi.lib : fs_div_t2.asm.obj (.text)
                  2001205e    00000086                           : fd_cmp_t2.asm.obj (.text:__aeabi_cdcmple)
                  200120e4    00000086                           : fd_cmp_t2.asm.obj (.text:__aeabi_cdrcmple)
                  2001216a    00000002     --HOLE-- [fill = 0]
                  2001216c    00000080     cpu_usage.obj (.text)
                  200121ec    0000007a     rtsv7M4_T_le_eabi.lib : fs_mul_t2.asm.obj (.text)
                  20012266    0000007a                           : memset_t2.asm.obj (.text)
                  200122e0    00000070     RunTimeStatsConfig.obj (.text)
                  20012350    0000006e     rtsv7M4_T_le_eabi.lib : _printfi.c.obj (.text:_mcpy)
                  200123be    0000006e                           : fd_tos_t2.asm.obj (.text)
                  2001242c    00000068                           : copy_decompress_lzss.c.obj (.text:decompress:lzss:__TI_decompress_lzss)
                  20012494    00000064     cmdline.obj (.text)
                  200124f8    0000005c     rtsv7M4_T_le_eabi.lib : s_frexp.c.obj (.text:frexp)
                  20012554    00000056                           : _printfi.c.obj (.text:_pconv_f)
                  200125aa    00000056     cpu.obj (.text)
                  20012600    00000054     rtsv7M4_T_le_eabi.lib : ltoa.c.obj (.text:ltoa)
                  20012654    00000052                           : _printfi.c.obj (.text:_ecpy)
                  200126a6    00000002     --HOLE-- [fill = 0]
                  200126a8    0000004c                           : atoi.c.obj (.text:atoi)
                  200126f4    00000048                           : fd_toi_t2.asm.obj (.text)
                  2001273c    00000044                           : autoinit.c.obj (.text:__TI_auto_init_nobinit_nopinit:__TI_auto_init_nobinit_nopinit)
                  20012780    00000040                           : u_divt2.asm.obj (.text)
                  200127c0    00000040                           : sprintf.c.obj (.text:sprintf)
                  20012800    00000040                           : vsnprintf.c.obj (.text:vsnprintf)
                  20012840    0000003e                           : _printfi.c.obj (.text:_fcpy)
                  2001287e    00000038                           : fs_tod_t2.asm.obj (.text)
                  200128b6    00000038                           : fs_toi_t2.asm.obj (.text)
                  200128ee    00000038                           : i_tofs_t2.asm.obj (.text)
                  20012926    00000034                           : fs_tou_t2.asm.obj (.text)
                  2001295a    00000030                           : vsnprintf.c.obj (.text:_outs)
                  2001298a    00000002     --HOLE-- [fill = 0]
                  2001298c    00000030     startup_ccs.obj (.text)
                  200129bc    0000002e     rtsv7M4_T_le_eabi.lib : i_tofd_t2.asm.obj (.text)
                  200129ea    0000002c                           : strncmp.c.obj (.text:strncmp)
                  20012a16    00000002     --HOLE-- [fill = 0]
                  20012a18    00000028                           : boot_cortex_m.c.obj (.text:_c_int00_noargs:_c_int00_noargs)
                  20012a40    00000024     RunTimeStatsConfig.obj (.text:GetOverflowCounts)
                  20012a64    00000024     rtsv7M4_T_le_eabi.lib : memmov.c.obj (.text:memmove)
                  20012a88    0000001c                           : memccpy.c.obj (.text:memccpy)
                  20012aa4    00000018                           : vsnprintf.c.obj (.text:_outc)
                  20012abc    00000018                           : sprintf.c.obj (.text:_outs)
                  20012ad4    00000018                           : strcmp.c.obj (.text:strcmp)
                  20012aec    00000016                           : strchr.c.obj (.text:strchr)
                  20012b02    00000014                           : strcpy.c.obj (.text:strcpy)
                  20012b16    00000014                           : strlen.c.obj (.text:strlen)
                  20012b2a    00000012                           : copy_zero_init.c.obj (.text:decompress:ZI:__TI_zero_init_nomemset:__TI_zero_init_nomemset)
                  20012b3c    00000012                           : wcslen.c.obj (.text:wcslen)
                  20012b4e    0000000e                           : copy_decompress_none.c.obj (.text:decompress:none:__TI_decompress_none)
                  20012b5c    0000000a                           : sprintf.c.obj (.text:_outc)
                  20012b66    00000002     --HOLE-- [fill = 0]
                  20012b68    00000008                           : errno.c.obj (.text:__aeabi_errno_addr)
                  20012b70    00000008                           : s_copysign.c.obj (.text:copysign)
                  20012b78    00000006     utils.obj (.text:UtilsDelay)
                  20012b7e    00000004     rtsv7M4_T_le_eabi.lib : pre_init.c.obj (.text:_system_pre_init)
                  20012b82    00000004                           : exit.c.obj (.text:abort:abort)

.const     0    20012b88    00000a00     
                  20012b88    0000016e     commands.obj (.const:.string)
                  20012cf6    00000002     --HOLE-- [fill = 0]
                  20012cf8    00000154     interrupt.obj (.const:$O1$$)
                  20012e4c    00000101     rtsv7M4_T_le_eabi.lib : ctype.c.obj (.const:.string:_ctypes_)
                  20012f4d    00000003     --HOLE-- [fill = 0]
                  20012f50    00000100     pin.obj (.const:g_ulPinToPadMap)
                  20013050    000000e8     wlan.obj (.const:$O1$$)
                  20013138    000000d8     network_if.obj (.const:$O2$$)
                  20013210    000000a8     driver.obj (.const:$O2$$)
                  200132b8    000000a8     prcm.obj (.const:PRCM_PeriphRegsList)
                  20013360    00000080     flash.obj (.const:$O1$$)
                  200133e0    00000048     ustdlib.obj (.const:$O1$$)
                  20013428    0000003c     spi.obj (.const:$O1$$)
                  20013464    00000038     socket.obj (.const:$O1$$)
                  2001349c    00000004     --HOLE-- [fill = 0]
                  200134a0    00000030     rtsv7M4_T_le_eabi.lib : e_pow.c.obj (.const:$O1$$)
                  200134d0    00000024     netapp.obj (.const:$O1$$)
                  200134f4    00000020     main.obj (.const:$O2$$)
                  20013514    0000001c     device.obj (.const:$O1$$)
                  20013530    00000018     commands.obj (.const:$O1$$)
                  20013548    00000018     uartstdio.obj (.const:$O2$$)
                  20013560    00000010     uart.obj (.const:g_ppulUARTIntMap)
                  20013570    00000008     netcfg.obj (.const:$O1$$)
                  20013578    00000008     i2c.obj (.const:g_ppui32I2CIntMap)
                  20013580    00000008     port.obj (.const)

.cinit     0    20013588    000000d0     
                  20013588    000000a8     (.cinit..data.load) [load image, compression = lzss]
                  20013630    0000000c     (__TI_handler_table)
                  2001363c    00000004     --HOLE-- [fill = 0]
                  20013640    00000008     (.cinit..bss.load) [load image, compression = zero_init]
                  20013648    00000010     (__TI_cinit_table)

.data      0    2001b000    00008742     UNINITIALIZED
                  2001b000    00008018     heap_4.obj (.data:$O1$$)
                  20023018    00000238     uartstdio.obj (.data:$O1$$)
                  20023250    00000180     driver.obj (.data:$O1$$)
                  200233d0    0000013c     tasks.obj (.data:$O1$$)
                  2002350c    00000078     commands.obj (.data:g_psCmdTable)
                  20023584    0000005c     cc_pal.obj (.data:$O1$$)
                  200235e0    0000003c     main.obj (.data:$O1$$)
                  2002361c    0000003c     timers.obj (.data:$O1$$)
                  20023658    00000030     network_if.obj (.data:$O1$$)
                  20023688    0000002c     cpu_usage.obj (.data:$O1$$)
                  200236b4    0000002c     tasks.obj (.data)
                  200236e0    00000024     gpio_if.obj (.data:$O1$$)
                  20023704    00000014     osi_freertos.obj (.data:$O1$$)
                  20023718    0000000c     port.obj (.data:$O1$$)
                  20023724    00000008     cc_pal.obj (.data)
                  2002372c    00000004     RunTimeStatsConfig.obj (.data)
                  20023730    00000004     driver.obj (.data)
                  20023734    00000004     network_if.obj (.data)
                  20023738    00000004     rtsv7M4_T_le_eabi.lib : errno.c.obj (.data)
                  2002373c    00000004     ustdlib.obj (.data)
                  20023740    00000002     i2c_if.obj (.data)

.bss       0    20023744    00000097     UNINITIALIZED
                  20023744    00000050     (.common:xQueueRegistry)
                  20023794    00000024     cmdline.obj (.bss:g_ppcArgv)
                  200237b8    00000014     i2c_if.obj (.bss:$O1$$)
                  200237cc    00000008     tasks.obj (.bss)
                  200237d4    00000004     uart_if.obj (.bss)
                  200237d8    00000002     (.common:g_usConnectIndex)
                  200237da    00000001     (.common:RxIrqCnt)

.stack     0    2002b000    00005000     UNINITIALIZED
                  2002b000    00000004     rtsv7M4_T_le_eabi.lib : boot_cortex_m.c.obj (.stack)
                  2002b004    00004ffc     --HOLE--

MODULE SUMMARY

       Module                       code    ro data   rw data
       ------                       ----    -------   -------
    .\
       main.obj                     2788    32        60     
       commands.obj                 1572    390       120    
       tmp006drv.obj                800     0         0      
       bma222drv.obj                404     0         0      
       pinmux.obj                   160     0         0      
    +--+----------------------------+-------+---------+---------+
       Total:                       5724    422       180    
                                                             
    .\FreeRTOS\
       tasks.obj                    5648    0         368    
       queue.obj                    2804    0         80     
       timers.obj                   1228    0         60     
       list.obj                     146     0         0      
    +--+----------------------------+-------+---------+---------+
       Total:                       9826    0         508    
                                                             
    .\FreeRTOS\portable\CCS\ARM_CM3\
       port.obj                     472     8         12     
       portasm.obj                  186     0         0      
    +--+----------------------------+-------+---------+---------+
       Total:                       658     8         12     
                                                             
    .\FreeRTOS\portable\MemMang\
       heap_4.obj                   516     0         32792  
    +--+----------------------------+-------+---------+---------+
       Total:                       516     0         32792  
                                                             
    .\common\
       network_if.obj               3556    216       54     
       i2c_if.obj                   1560    0         22     
       startup_ccs.obj              48      1024      0      
       gpio_if.obj                  496     0         36     
       uart_if.obj                  336     0         4      
       pwm_if.obj                   328     0         0      
       timer_if.obj                 292     0         0      
    +--+----------------------------+-------+---------+---------+
       Total:                       6616    1240      116    
                                                             
    .\driverlib\
       prcm.obj                     2136    168       0      
       spi.obj                      1108    60        0      
       interrupt.obj                556     340       0      
       i2c.obj                      716     8         0      
       udma.obj                     720     0         0      
       pin.obj                      424     256       0      
       flash.obj                    512     128       0      
       uart.obj                     552     16        0      
       timer.obj                    488     0         0      
       gpio.obj                     456     0         0      
       cpu.obj                      86      0         0      
       utils.obj                    6       0         0      
    +--+----------------------------+-------+---------+---------+
       Total:                       7760    976       0      
                                                             
    .\osal\
       osi_freertos.obj             892     0         20     
    +--+----------------------------+-------+---------+---------+
       Total:                       892     0         20     
                                                             
    .\simplelink\
       cc_pal.obj                   1324    0         100    
    +--+----------------------------+-------+---------+---------+
       Total:                       1324    0         100    
                                                             
    .\simplelink\source\
       driver.obj                   3788    168       389    
       wlan.obj                     1988    232       0      
       socket.obj                   2100    56        0      
       netapp.obj                   1728    36        0      
       device.obj                   724     28        0      
       netcfg.obj                   200     8         0      
    +--+----------------------------+-------+---------+---------+
       Total:                       10528   528       389    
                                                             
    .\utils\
       uartstdio.obj                1648    24        568    
       ustdlib.obj                  1808    72        4      
       cpu_usage.obj                128     0         44     
       RunTimeStatsConfig.obj       148     0         4      
       cmdline.obj                  100     0         36     
    +--+----------------------------+-------+---------+---------+
       Total:                       3832    96        656    
                                                             
    C:\ti\ccsv8\tools\compiler\ti-cgt-arm_18.1.4.LTS\lib\rtsv7M4_T_le_eabi.lib
       _printfi.c.obj               4831    0         0      
       e_pow.c.obj                  2492    48        0      
       fd_add_t2.asm.obj            438     0         0      
       e_sqrt.c.obj                 348     0         0      
       fd_div_t2.asm.obj            310     0         0      
       fd_cmp_t2.asm.obj            268     0         0      
       ctype.c.obj                  0       257       0      
       fd_mul_t2.asm.obj            252     0         0      
       fs_add_t2.asm.obj            250     0         0      
       s_scalbn.c.obj               208     0         0      
       memcpy_t2.asm.obj            156     0         0      
       ull_div_t2.asm.obj           150     0         0      
       fs_div_t2.asm.obj            146     0         0      
       vsnprintf.c.obj              136     0         0      
       fs_mul_t2.asm.obj            122     0         0      
       memset_t2.asm.obj            122     0         0      
       fd_tos_t2.asm.obj            110     0         0      
       copy_decompress_lzss.c.obj   104     0         0      
       sprintf.c.obj                98      0         0      
       s_frexp.c.obj                92      0         0      
       ltoa.c.obj                   84      0         0      
       atoi.c.obj                   76      0         0      
       fd_toi_t2.asm.obj            72      0         0      
       autoinit.c.obj               68      0         0      
       u_divt2.asm.obj              64      0         0      
       fs_tod_t2.asm.obj            56      0         0      
       fs_toi_t2.asm.obj            56      0         0      
       i_tofs_t2.asm.obj            56      0         0      
       fs_tou_t2.asm.obj            52      0         0      
       i_tofd_t2.asm.obj            46      0         0      
       strncmp.c.obj                44      0         0      
       boot_cortex_m.c.obj          40      0         0      
       memmov.c.obj                 36      0         0      
       memccpy.c.obj                28      0         0      
       strcmp.c.obj                 24      0         0      
       strchr.c.obj                 22      0         0      
       strcpy.c.obj                 20      0         0      
       strlen.c.obj                 20      0         0      
       copy_zero_init.c.obj         18      0         0      
       wcslen.c.obj                 18      0         0      
       copy_decompress_none.c.obj   14      0         0      
       errno.c.obj                  8       0         4      
       s_copysign.c.obj             8       0         0      
       exit.c.obj                   4       0         0      
       pre_init.c.obj               4       0         0      
       div0.asm.obj                 2       0         0      
    +--+----------------------------+-------+---------+---------+
       Total:                       11573   305       4      
                                                             
       Stack:                       0       0         20480  
       Linker Generated:            0       204       0      
    +--+----------------------------+-------+---------+---------+
       Grand Total:                 59249   3779      55257  


LINKER GENERATED COPY TABLES

__TI_cinit_table @ 20013648 records: 2, size/record: 8, table size: 16
	.data: load addr=20013588, load size=000000a8 bytes, run addr=2001b000, run size=00008742 bytes, compression=lzss
	.bss: load addr=20013640, load size=00000008 bytes, run addr=20023744, run size=00000097 bytes, compression=zero_init


LINKER GENERATED HANDLER TABLE

__TI_handler_table @ 20013630 records: 3, size/record: 4, table size: 12
	index: 0, handler: __TI_decompress_lzss
	index: 1, handler: __TI_decompress_none
	index: 2, handler: __TI_zero_init


GLOBAL SYMBOLS: SORTED ALPHABETICALLY BY Name 

address   name                                  
-------   ----                                  
20008ad1  AsyncPollingTask                      
20010f65  BMA222Close                           
20010f4b  BMA222Open                            
20010ef3  BMA222Read                            
20010e9d  BMA222ReadNew                         
20010e77  BlockRead                             
20008321  BoardInit                             
200085e5  BsdTcpServer                          
20008a65  Button_ISR                            
20008339  ButtonsInit                           
20012b83  C$$EXIT                               
20012197  CPUUsageInit                          
2001216d  CPUUsageTick                          
200125f7  CPUbasepriGet                         
200125e9  CPUbasepriSet                         
200125d5  CPUcpsid                              
200125c1  CPUcpsie                              
200125b7  CPUprimask                            
200125ab  CPUwfi                                
20011235  ClearTerm                             
20012495  CmdLineProcess                        
2000d1dd  Cmd_cpu                               
2000d1c1  Cmd_free                              
2000d193  Cmd_help                              
2000cf5d  Cmd_mode                              
2000cecd  Cmd_read                              
2000ce25  Cmd_station                           
2000cdf5  Cmd_stats                             
2000cd91  Cmd_tasks                             
20006fa9  ConfigureSimpleLinkToDefaultState     
2000c089  CopyPingResultsToReport               
20023588  DMAMsgQ                               
2000de29  DmaSpiSwIntHandler                    
20011201  Error                                 
2001012f  FlashDisable                          
2001010b  FlashErase                            
200100fb  FlashEraseNonBlocking                 
200100f3  FlashIntClear                         
200100e5  FlashIntDisable                       
200100d9  FlashIntEnable                        
200100c7  FlashIntRegister                      
200100b5  FlashIntStatus                        
200100a5  FlashIntUnregister                    
20010081  FlashMassErase                        
2001006f  FlashMassEraseNonBlocking             
20010017  FlashProgram                          
2000ffc3  FlashProgramNonBlocking               
2000ff85  FlashProtectGet                       
20010a75  GPIODMATriggerDisable                 
20010a31  GPIODMATriggerEnable                  
20010a1b  GPIODirModeGet                        
20010a03  GPIODirModeSet                        
200109fd  GPIOIntClear                          
200109ef  GPIOIntDisable                        
200109e3  GPIOIntEnable                         
200109cf  GPIOIntRegister                       
200109c1  GPIOIntStatus                         
2001098d  GPIOIntTypeGet                        
2001094d  GPIOIntTypeSet                        
20010939  GPIOIntUnregister                     
20010907  GPIOPinRead                           
20010901  GPIOPinWrite                          
20010321  GPIO_IF_ConfigureNIntEnable           
2001019b  GPIO_IF_Get                           
200102cd  GPIO_IF_GetPortNPin                   
200102eb  GPIO_IF_LedConfigure                  
20010253  GPIO_IF_LedOff                        
200101eb  GPIO_IF_LedOn                         
200101b3  GPIO_IF_LedStatus                     
200102b1  GPIO_IF_LedToggle                     
20010185  GPIO_IF_Set                           
20012a41  GetOverflowCounts                     
20010e51  GetRegisterValue                      
2000f6a9  I2CFIFODataGet                        
2000f693  I2CFIFODataGetNonBlocking             
2000f685  I2CFIFODataPut                        
2000f673  I2CFIFODataPutNonBlocking             
2000f66d  I2CFIFOStatus                         
2000f655  I2CIntRegister                        
2000f641  I2CIntUnregister                      
2000f62f  I2CMasterBurstCountGet                
2000f62b  I2CMasterBurstLengthSet               
2000f623  I2CMasterBusBusy                      
2000f61b  I2CMasterBusy                         
2000f617  I2CMasterControl                      
2000f613  I2CMasterDataGet                      
2000f60f  I2CMasterDataPut                      
2000f605  I2CMasterDisable                      
2000f59f  I2CMasterEnable                       
2000f5ef  I2CMasterErr                          
2000f5e7  I2CMasterGlitchFilterConfigSet        
2000f5a9  I2CMasterInitExpClk                   
2000f597  I2CMasterIntClear                     
2000f593  I2CMasterIntClearEx                   
2000f58d  I2CMasterIntDisable                   
2000f583  I2CMasterIntDisableEx                 
2000f57d  I2CMasterIntEnable                    
2000f575  I2CMasterIntEnableEx                  
2000f563  I2CMasterIntStatus                    
2000f559  I2CMasterIntStatusEx                  
2000f555  I2CMasterLineStateGet                 
2000f54d  I2CMasterSlaveAddrSet                 
2000f549  I2CMasterTimeoutSet                   
2000f531  I2CRxFIFOConfigSet                    
2000f523  I2CRxFIFOFlush                        
2000f509  I2CSlaveACKOverride                   
2000f4ef  I2CSlaveACKValueSet                   
2000f4d9  I2CSlaveAddressSet                    
2000f4d3  I2CSlaveDataGet                       
2000f4cd  I2CSlaveDataPut                       
2000f4bd  I2CSlaveDisable                       
2000f48d  I2CSlaveEnable                        
2000f4b5  I2CSlaveFIFODisable                   
2000f4ab  I2CSlaveFIFOEnable                    
2000f49d  I2CSlaveInit                          
2000f485  I2CSlaveIntClear                      
2000f47f  I2CSlaveIntClearEx                    
2000f471  I2CSlaveIntDisable                    
2000f463  I2CSlaveIntDisableEx                  
2000f455  I2CSlaveIntEnable                     
2000f449  I2CSlaveIntEnableEx                   
2000f433  I2CSlaveIntStatus                     
2000f425  I2CSlaveIntStatusEx                   
2000f41f  I2CSlaveStatus                        
2000f407  I2CTxFIFOConfigSet                    
2000f3f9  I2CTxFIFOFlush                        
2000d943  I2C_IF_Close                          
2000d4b9  I2C_IF_Open                           
2000d447  I2C_IF_Read                           
2000d3c9  I2C_IF_ReadFrom                       
2000d355  I2C_IF_Write                          
200111ed  InitTerm                              
20006f81  InitializeAppVariables                
2000fac9  IntDisable                            
2000fa65  IntEnable                             
2000fa5b  IntMasterDisable                      
2000fa51  IntMasterEnable                       
2000fa11  IntPendClear                          
2000f9bd  IntPendSet                            
2000f9a3  IntPriorityGet                        
2000f97d  IntPriorityGroupingGet                
2000f969  IntPriorityGroupingSet                
200125f7  IntPriorityMaskGet                    
200125e9  IntPriorityMaskSet                    
2000f949  IntPrioritySet                        
2000f93f  IntRegister                           
2000f933  IntUnregister                         
2000f92d  IntVTableBaseSet                      
2000851d  LedTimerConfigNStart                  
20008547  LedTimerDeinitStop                    
20011165  Message                               
20007401  Network_IF_ConnectAP                  
20007395  Network_IF_CurrentMCUState            
20007379  Network_IF_DeInitDriver               
2000734d  Network_IF_DisconnectFromAP           
20007305  Network_IF_GetHostIP                  
200071e1  Network_IF_InitDriver                 
20006f25  Network_IF_IpConfigGet                
20006f1d  Network_IF_ResetMCUStateMachine       
20006f0d  Network_IF_SetMCUMachineState         
20006b09  Network_IF_UnsetMCUMachineState       
2000dd61  NwpMaskInterrupt                      
2000dd6b  NwpPowerOff                           
2000de07  NwpPowerOn                            
2000dd9b  NwpPowerOnPreamble                    
2000dd3f  NwpRegisterInterruptHandler           
2000dd37  NwpUnMaskInterrupt                    
2001327c  OpcodeTranslateTable                  
2000a7b1  PRCMCC3200MCUInit                     
2000a769  PRCMCameraFreqSet                     
2000a743  PRCMDeepSleepEnter                    
2000a0a1  PRCMHIBRegRead                        
2000a0cd  PRCMHIBRegWrite                       
2000a727  PRCMHibernateEnter                    
2000a6d1  PRCMHibernateIntervalSet              
2000a67f  PRCMHibernateWakeUpGPIOSelect         
2000a671  PRCMHibernateWakeupCauseGet           
2000a62d  PRCMHibernateWakeupSourceDisable      
2000a5f7  PRCMHibernateWakeupSourceEnable       
2000a5d3  PRCMI2SClockFreqSet                   
2000a5a9  PRCMIntDisable                        
2000a57b  PRCMIntEnable                         
2000a569  PRCMIntRegister                       
2000a561  PRCMIntStatus                         
2000a551  PRCMIntUnregister                     
2000a517  PRCMLPDSEnter                         
2000a503  PRCMLPDSIntervalSet                   
2000a4fb  PRCMLPDSRestoreInfoSet                
2000a4dd  PRCMLPDSWakeUpGPIOSelect              
2000a4cf  PRCMLPDSWakeupCauseGet                
2000a4c1  PRCMLPDSWakeupSourceDisable           
2000a4b1  PRCMLPDSWakeupSourceEnable            
2000a49f  PRCMMCUReset                          
2000a493  PRCMOCRRegisterRead                   
2000a489  PRCMOCRRegisterWrite                  
2000a473  PRCMPeripheralClkDisable              
2000a44d  PRCMPeripheralClkEnable               
2000a3f1  PRCMPeripheralClockGet                
2000a3ab  PRCMPeripheralReset                   
2000a39b  PRCMPeripheralStatusGet               
2000a33b  PRCMRTCGet                            
2000a32b  PRCMRTCInUseGet                       
2000a315  PRCMRTCInUseSet                       
2000a2b1  PRCMRTCMatchGet                       
2000a24f  PRCMRTCMatchSet                       
2000a1d3  PRCMRTCSet                            
2000a1a7  PRCMSOCReset                          
2000a179  PRCMSRAMRetentionDisable              
2000a157  PRCMSRAMRetentionEnable               
200125ab  PRCMSleepEnter                        
2000a145  PRCMSlowClkCtrFastGet                 
2000a113  PRCMSlowClkCtrGet                     
2000a0f3  PRCMSlowClkCtrMatchGet                
2000a0d7  PRCMSlowClkCtrMatchSet                
2000a0b1  PRCMSysResetCauseGet                  
20011321  PWM_IF_Init                           
200112df  PWM_IF_OutputDisable                  
2001129d  PWM_IF_OutputEnable                   
20011269  PWM_IF_SetDutycycle                   
20010df9  PinConfigGet                          
20010ca1  PinConfigSet                          
20010de3  PinDirModeGet                         
20010dc7  PinDirModeSet                         
20010db1  PinModeGet                            
20010c81  PinModeSet                            
20011d69  PinMuxConfig                          
20010da7  PinTypeADC                            
20010d93  PinTypeCamera                         
20010d73  PinTypeGPIO                           
20010d5d  PinTypeI2C                            
20010d49  PinTypeI2S                            
20010d35  PinTypeSDHost                         
20010d21  PinTypeSPI                            
20010d0d  PinTypeTimer                          
20010cf9  PinTypeUART                           
2000855d  ReadFrame                             
20011179  Report                                
2001298d  ResetISR                              
20012335  RunTimeStatsTimerHandler              
200237da  RxIrqCnt                              
20013224  RxMsgClassLUT                         
2000b10f  SL_FD_CLR                             
2000b0f9  SL_FD_ISSET                           
2000b0e9  SL_FD_SET                             
2000b0e3  SL_FD_ZERO                            
2000e785  SPICSDisable                          
2000e777  SPICSEnable                           
2000e70d  SPIConfigSetExpClk                    
2000e6fd  SPIDataGet                            
2000e6e7  SPIDataGetNonBlocking                 
2000e6d9  SPIDataPut                            
2000e6c7  SPIDataPutNonBlocking                 
2000e6b9  SPIDisable                            
2000e6ad  SPIDmaDisable                         
2000e6a1  SPIDmaEnable                          
2000e693  SPIEnable                             
2000e685  SPIFIFODisable                        
2000e679  SPIFIFOEnable                         
2000e667  SPIFIFOLevelGet                       
2000e64f  SPIFIFOLevelSet                       
2000e60d  SPIIntClear                           
2000e5d7  SPIIntDisable                         
2000e5a5  SPIIntEnable                          
2000e58d  SPIIntRegister                        
2000e555  SPIIntStatus                          
2000e523  SPIIntUnregister                      
2000e4f3  SPIReset                              
2000e373  SPITransfer                           
2000e365  SPIWordCountSet                       
20023610  SecurityParams                        
20010e29  SetRegisterValue                      
20006af9  SimpleLinkGeneralEventHandler         
20006af1  SimpleLinkHttpServerCallback          
20006aa1  SimpleLinkNetAppEventHandler          
20006a45  SimpleLinkSockEventHandler            
20006925  SimpleLinkWlanEventHandler            
20013528  StartResponseLUT                      
20008911  TCPServerTask                         
2000eceb  TMP006DrvGetTemp                      
2000eb71  TMP006DrvOpen                         
20010523  TimerConfigure                        
2001050d  TimerControlEvent                     
200104f5  TimerControlLevel                     
200104dd  TimerControlStall                     
200104d9  TimerDMAEventGet                      
200104d5  TimerDMAEventSet                      
200104c1  TimerDisable                          
200104b3  TimerEnable                           
200104af  TimerIntClear                         
200104a5  TimerIntDisable                       
2001049d  TimerIntEnable                        
2001044d  TimerIntRegister                      
20010443  TimerIntStatus                        
200103f9  TimerIntUnregister                    
200103ef  TimerLoadGet                          
200103dd  TimerLoadSet                          
200103d3  TimerMatchGet                         
200103c1  TimerMatchSet                         
200084d5  TimerPeriodicIntHandler               
200103b7  TimerPrescaleGet                      
200103ad  TimerPrescaleMatchGet                 
2001039b  TimerPrescaleMatchSet                 
20010389  TimerPrescaleSet                      
2001037f  TimerValueGet                         
20010375  TimerValueSet                         
20011727  Timer_IF_DeInit                       
2001171b  Timer_IF_GetCount                     
200116ef  Timer_IF_Init                         
200116a3  Timer_IF_IntSetup                     
20011645  Timer_IF_InterruptClear               
2001163d  Timer_IF_ReLoad                       
20011625  Timer_IF_Start                        
200104c1  Timer_IF_Stop                         
20011119  TrimSpace                             
2000fd63  UARTBreakCtl                          
2000fd5b  UARTBusy                              
2000fd51  UARTCharGet                           
2000fd43  UARTCharGetNonBlocking                
2000fd39  UARTCharPut                           
2000fd2b  UARTCharPutNonBlocking                
2000fd1d  UARTCharsAvail                        
2000fcf7  UARTConfigGetExpClk                   
2000fcb1  UARTConfigSetExpClk                   
2000fca7  UARTDMADisable                        
2000fc9f  UARTDMAEnable                         
2000fc85  UARTDisable                           
2000cd03  UARTEchoSet                           
2000fc71  UARTEnable                            
2000fc67  UARTFIFODisable                       
2000fc5d  UARTFIFOEnable                        
2000fc4d  UARTFIFOLevelGet                      
2000fc47  UARTFIFOLevelSet                      
2000fc3f  UARTFlowControlGet                    
2000fc33  UARTFlowControlSet                    
2000cc3b  UARTFlushRx                           
2000cc45  UARTFlushTx                           
2000fc2f  UARTIntClear                          
2000fc25  UARTIntDisable                        
2000fc1d  UARTIntEnable                         
2000fc05  UARTIntRegister                       
2000fbfb  UARTIntStatus                         
2000fbe7  UARTIntUnregister                     
2000fbb9  UARTModemControlClear                 
2000fbb1  UARTModemControlGet                   
2000fba5  UARTModemControlSet                   
2000fb9d  UARTModemStatusGet                    
2000fb95  UARTParityModeGet                     
2000fb89  UARTParityModeSet                     
2000ccfb  UARTRxBytesAvail                      
2000fb83  UARTRxErrorClear                      
2000fb7b  UARTRxErrorGet                        
2000fb6d  UARTSpaceAvail                        
2000cc6b  UARTStdioConfig                       
2000cb83  UARTTxBytesFree                       
2000fb65  UARTTxIntModeGet                      
2000fb59  UARTTxIntModeSet                      
2000cb6d  UARTgetc                              
2000c943  UARTgets                              
2000c921  UARTprintf                            
2000c755  UARTvprintf                           
2000c703  UARTwrite                             
20012b79  UtilsDelay                            
2000eafd  VDeleteSimpleLinkSpawnTask            
2000eac7  VStartSimpleLinkSpawnTask             
20013478  _SlAcceptCmdCtrl                      
20013244  _SlActionLookupTable                  
200063d5  _SlAsyncEventGenericHandler           
20013520  _SlDeviceGetCmdCtrl                   
20013524  _SlDeviceSetCmdCtrl                   
200068a3  _SlDrvBasicCmd                        
20005fd3  _SlDrvClassifyRxMsg                   
2000683b  _SlDrvCmdOp                           
200067e9  _SlDrvCmdSend                         
20006709  _SlDrvDataReadOp                      
20006651  _SlDrvDataWriteOp                     
2000f0fd  _SlDrvDeviceEventHandler              
200065cd  _SlDrvDriverCBDeinit                  
200064fb  _SlDrvDriverCBInit                    
20005d7d  _SlDrvMemZero                         
20006049  _SlDrvMsgRead                         
20006471  _SlDrvMsgReadCmdCtx                   
2000640f  _SlDrvMsgReadSpawnCtx                 
20005ebd  _SlDrvMsgWrite                        
2000c5fd  _SlDrvNetAppEventHandler              
20005e95  _SlDrvObjLockWaitForever              
20005e85  _SlDrvObjUnLock                       
20005e57  _SlDrvProtectAsyncRespSetting         
20005ae1  _SlDrvProtectionObjLockWaitForever    
20005af7  _SlDrvProtectionObjUnLock             
20005d8d  _SlDrvReleasePoolObj                  
20005d85  _SlDrvResetCmdExt                     
20005c2d  _SlDrvRxHdrRead                       
20005bf3  _SlDrvRxIrqHandler                    
20005be7  _SlDrvSyncObjSignal                   
20005b09  _SlDrvSyncObjWaitForever              
20005b19  _SlDrvWaitForPoolObj                  
2001351c  _SlEventMaskGetCmdCtrl                
20013518  _SlEventMaskSetCmdCtrl                
20005a51  _SlFindAndSetActiveObj                
200134e4  _SlGetHostByNameCtrl                  
200134e0  _SlGetHostByServiceCtrl               
200134d8  _SlGetServiceListeCtrl                
20013484  _SlGetSockOptCmdCtrl                  
20013474  _SlListenCmdCtrl                      
200134f0  _SlNetAppGetCmdCtrl                   
200134ec  _SlNetAppSendTokenValueCmdCtrl        
200134e8  _SlNetAppSetCmdCtrl                   
200134d0  _SlNetAppStartCtrl                    
200134d4  _SlNetAppStopCtrl                     
20013574  _SlNetCfgGetCmdCtrl                   
20013570  _SlNetCfgSetCmdCtrl                   
2001348c  _SlPayloadByProtocolLUT               
20013054  _SlPolicyGetCmdCtrl                   
20013050  _SlPolicySetCmdCtrl                   
2001305c  _SlProfileDelCmdCtrl                  
20013058  _SlProfileGetCmdCtrl                  
2001347c  _SlRecvCmdCtrl                        
2001346c  _SlRecvfomCmdCtrl                     
200134dc  _SlRegisterServiceCtrl                
20005a11  _SlRemoveFromList                     
20013064  _SlRxFilterAddtCmdCtrl                
2001306c  _SlRxFilterGetCmdCtrl                 
20013068  _SlRxFilterSetCmdCtrl                 
20013488  _SlSelectCmdCtrl                      
20013470  _SlSendCmdCtrl                        
20013480  _SlSetSockOptCmdCtrl                  
20013070  _SlSmartConfigStartCmdCtrl            
20013468  _SlSockCloseCmdCtrl                   
20013464  _SlSockSocketCmdCtrl                  
20013514  _SlStopCmdCtrl                        
2001307c  _SlWlanCfgGetCmdCtrl                  
20013078  _SlWlanCfgSetCmdCtrl                  
20013060  _SlWlanGetNetworkListCtrl             
20013074  _SlWlanSetModeCmdCtrl                 
20030000  __STACK_END                           
00005000  __STACK_SIZE                          
20013648  __TI_CINIT_Base                       
20013658  __TI_CINIT_Limit                      
20013630  __TI_Handler_Table_Base               
2001363c  __TI_Handler_Table_Limit              
2001273d  __TI_auto_init_nobinit_nopinit        
2001242d  __TI_decompress_lzss                  
20012b4f  __TI_decompress_none                  
ffffffff  __TI_pprof_out_hndl                   
20008c99  __TI_printfi                          
ffffffff  __TI_prof_data_size                   
ffffffff  __TI_prof_data_start                  
20013588  __TI_static_base__                    
20012b2b  __TI_zero_init_nomemset               
2001205f  __aeabi_cdcmpeq                       
2001205f  __aeabi_cdcmple                       
200120e5  __aeabi_cdrcmple                      
200123bf  __aeabi_d2f                           
200126f5  __aeabi_d2iz                          
20010ad3  __aeabi_dadd                          
200114ed  __aeabi_ddiv                          
20011869  __aeabi_dmul                          
20010ac9  __aeabi_dsub                          
20012b69  __aeabi_errno_addr                    
2001287f  __aeabi_f2d                           
200128b7  __aeabi_f2iz                          
20012927  __aeabi_f2uiz                         
20011969  __aeabi_fadd                          
20011fcd  __aeabi_fdiv                          
200121ed  __aeabi_fmul                          
20011965  __aeabi_fsub                          
200129bd  __aeabi_i2d                           
200128ef  __aeabi_i2f                           
200096e3  __aeabi_idiv0                         
200096e3  __aeabi_ldiv0                         
20012267  __aeabi_memclr                        
20012267  __aeabi_memclr4                       
20012267  __aeabi_memclr8                       
20011e09  __aeabi_memcpy                        
20011e09  __aeabi_memcpy4                       
20011e09  __aeabi_memcpy8                       
20012269  __aeabi_memset                        
20012269  __aeabi_memset4                       
20012269  __aeabi_memset8                       
20012781  __aeabi_uidiv                         
20012781  __aeabi_uidivmod                      
20011ea5  __aeabi_uldivmod                      
ffffffff  __binit__                             
ffffffff  __c_args__                            
UNDEFED   __mpu_init                            
2002b000  __stack                               
20012a19  _c_int00_noargs                       
20012e4c  _ctypes_                              
2000a98b  _sl_BuildAddress                      
2000eedf  _sl_GetStartResponseConvert           
2000b09d  _sl_HandleAsync_Accept                
2000b049  _sl_HandleAsync_Connect               
2000c5f7  _sl_HandleAsync_DnsGetHostByAddr      
2000c597  _sl_HandleAsync_DnsGetHostByName      
2000c53b  _sl_HandleAsync_DnsGetHostByService   
2000f0a5  _sl_HandleAsync_InitComplete          
2000c4e5  _sl_HandleAsync_PingResponse          
2000b00f  _sl_HandleAsync_Select                
2000f06f  _sl_HandleAsync_Stop                  
2000c48b  _sl_NetAppSendTokenValue              
2000afdd  _sl_ParseAddress                      
2000a973  _sl_TruncatePayloadByProtocol         
UNDEFED   _system_post_cinit                    
20012b7f  _system_pre_init                      
20012b83  abort                                 
200235e8  async                                 
200126a9  atoi                                  
ffffffff  binit                                 
20012b71  copysign                              
20012b71  copysignl                             
200053d3  eTaskGetState                         
20023738  errno                                 
200235f0  freqAcc                               
200235ec  freqTemp                              
200124f9  frexp                                 
200124f9  frexpl                                
20023250  gFirstCmdMode                         
2001321c  g_H2NCnysPattern                      
20013214  g_H2NSyncPattern                      
20023724  g_SpiFd                               
20023258  g_StatMem                             
2002358c  g_cDummy                              
20023254  g_pCB                                 
20023728  g_pHostIntHdl                         
20004000  g_pfnVectors                          
2002350c  g_psCmdTable                          
20023660  g_ucConnectionBSSID                   
20023666  g_ucConnectionSSID                    
20023584  g_ucDMAEnabled                        
20023590  g_ucDinDout                           
200236e0  g_ucLED1Pin                           
200236e1  g_ucLED2Pin                           
200236e2  g_ucLED3Pin                           
20023714  g_ui32CPUUsage                        
200236e4  g_uiLED1Port                          
200236e8  g_uiLED2Port                          
200236ec  g_uiLED3Port                          
2002365c  g_ulGatewayIP                         
20023658  g_ulStaIp                             
20023734  g_ulStatus                            
200237d8  g_usConnectIndex                      
200235e0  g_usTimerInts                         
200235e4  iNewSockID                            
200068dd  itoa                                  
20011a61  ldexp                                 
20011a61  ldexpl                                
20012601  ltoa                                  
200083a9  main                                  
2000fdd9  mem_Free                              
2000eac3  mem_Malloc                            
2000ea8d  mem_Realloc                           
2000ea85  mem_copy                              
2000ea81  mem_set                               
20012a89  memccpy                               
20011e09  memcpy                                
20012a65  memmove                               
2001226f  memset                                
2000ea7f  osi_ContextRestore                    
2000ea7d  osi_ContextSave                       
2000ea73  osi_EnterCritical                     
2000ea6f  osi_ExitCritical                      
2000ea5f  osi_InterruptDeRegister               
2000ea43  osi_InterruptRegister                 
2000ea29  osi_LockObjCreate                     
2000ea1d  osi_LockObjDelete                     
2000e9ff  osi_LockObjLock                       
2000e9db  osi_LockObjUnlock                     
2000e9b5  osi_MsgQCreate                        
2000e99f  osi_MsgQDelete                        
2000e977  osi_MsgQRead                          
2000e943  osi_MsgQWrite                         
2000e93f  osi_Sleep                             
2000e905  osi_Spawn                             
2000e8e7  osi_SyncObjClear                      
2000e8c1  osi_SyncObjCreate                     
2000e8ab  osi_SyncObjDelete                     
2000e88f  osi_SyncObjSignal                     
2000e857  osi_SyncObjSignalFromISR              
2000e839  osi_SyncObjWait                       
2000e81d  osi_TaskCreate                        
2000e817  osi_TaskDelete                        
2000e80d  osi_TaskDisable                       
2000e809  osi_TaskEnable                        
2000e7f9  osi_start                             
20023730  pPingCallBackFunc                     
20013138  pcDigits                              
20008189  pcQueueGetName                        
200059af  pcTaskGetName                         
2000e345  pcTimerGetName                        
200096e5  pow                                   
200096e5  powl                                  
2000fe31  pvPortMalloc                          
20005961  pvTaskIncrementMutexHeldCount         
2000e097  pvTimerGetTimerID                     
200236b4  pxCurrentTCB                          
200106af  pxPortInitialiseStack                 
2000827f  readAccTask                           
200081b5  readTempTask                          
200235f8  read_acc                              
200235f4  read_temp                             
20011a61  scalbn                                
20011a61  scalbnl                               
2000af11  sl_Accept                             
2000aeb5  sl_Bind                               
2000ae8d  sl_Close                              
2000ade1  sl_Connect                            
2000efff  sl_DevGet                             
2000efb5  sl_DevSet                             
2000ef95  sl_EventMaskGet                       
2000ef75  sl_EventMaskSet                       
2000ad71  sl_GetSockOpt                         
2000ad39  sl_Htonl                              
2000ad05  sl_Htons                              
2000acdf  sl_Listen                             
2000c3e1  sl_NetAppDnsGetHostByName             
2000c33b  sl_NetAppDnsGetHostByService          
2000c2dd  sl_NetAppGet                          
2000c25b  sl_NetAppGetServiceList               
2000c23f  sl_NetAppMDNSRegisterService          
2000c1ad  sl_NetAppMDNSRegisterUnregisterService
2000c22d  sl_NetAppMDNSUnRegisterService        
2000c0a3  sl_NetAppPingStart                    
2000c03d  sl_NetAppSet                          
2000c01f  sl_NetAppStart                        
2000c001  sl_NetAppStop                         
20011b7b  sl_NetCfgGet                          
20011b31  sl_NetCfgSet                          
2000ac9d  sl_Recv                               
2000abe1  sl_RecvFrom                           
2000ab15  sl_Select                             
2000aa71  sl_Send                               
2000a9b5  sl_SendTo                             
2000a923  sl_SetSockOpt                         
2000a8f9  sl_Socket                             
2000eeeb  sl_Start                              
2000ee55  sl_Stop                               
2000b745  sl_WlanConnect                        
2000b739  sl_WlanDisconnect                     
2000b6cd  sl_WlanGet                            
2000b681  sl_WlanGetNetworkList                 
2000b615  sl_WlanPolicyGet                      
2000b5d5  sl_WlanPolicySet                      
2000b419  sl_WlanProfileAdd                     
2000b3ef  sl_WlanProfileDel                     
2000b335  sl_WlanProfileGet                     
2000b2db  sl_WlanRxFilterAdd                    
2000b28d  sl_WlanRxFilterGet                    
2000b251  sl_WlanRxFilterSet                    
2000b21d  sl_WlanRxStatGet                      
2000b215  sl_WlanRxStatStart                    
2000b20d  sl_WlanRxStatStop                     
2000b1c1  sl_WlanSet                            
2000b19f  sl_WlanSetMode                        
2000b135  sl_WlanSmartConfigStart               
2000b12d  sl_WlanSmartConfigStop                
2000dcc1  spi_Close                             
2000dbb7  spi_Open                              
2000da4b  spi_Read                              
2000d96d  spi_Write                             
200127c1  sprintf                               
20010fbd  sqrt                                  
20010fbd  sqrtl                                 
20012aed  strchr                                
20012ad5  strcmp                                
20012b03  strcpy                                
20012b17  strlen                                
200129eb  strncmp                               
2000f3b1  uDMAChannelAssign                     
2000f371  uDMAChannelAttributeDisable           
2000f331  uDMAChannelAttributeEnable            
2000f2f7  uDMAChannelAttributeGet               
2000f2df  uDMAChannelControlSet                 
2000f2cd  uDMAChannelDisable                    
2000f2bd  uDMAChannelEnable                     
2000f2a5  uDMAChannelIsEnabled                  
2000f283  uDMAChannelModeGet                    
2000f271  uDMAChannelRequest                    
2000f223  uDMAChannelScatterGatherSet           
2000f203  uDMAChannelSizeGet                    
2000f18f  uDMAChannelTransferSet                
2000f187  uDMAControlAlternateBaseGet           
2000f17f  uDMAControlBaseGet                    
2000f177  uDMAControlBaseSet                    
2000f16d  uDMADisable                           
2000f163  uDMAEnable                            
2000f15b  uDMAErrorStatusClear                  
2000f155  uDMAErrorStatusGet                    
2000f14f  uDMAIntClear                          
2000f13f  uDMAIntRegister                       
2000f139  uDMAIntStatus                         
2000f129  uDMAIntUnregister                     
20008183  ucQueueGetQueueType                   
20013580  ulMaxSyscallInterruptPriority         
20011c09  ulPortGetIPSR                         
200058f3  ulTaskNotifyTake                      
2000bea1  ulocaltime                            
2000bf97  umktime                               
2000be89  urand                                 
2000be6f  usnprintf                             
2000be4f  usprintf                              
2000be49  usrand                                
2000be41  ustrcasecmp                           
2000be39  ustrcmp                               
2000bd65  ustrlen                               
2000bdef  ustrncasecmp                          
2000bd77  ustrncmp                              
2000b8f1  ustrncpy                              
2000bdad  ustrstr                               
2000bbf3  ustrtof                               
2000bb51  ustrtoul                              
2000b91b  uvsnprintf                            
20011fa7  uxListRemove                          
2000817f  uxQueueGetQueueNumber                 
20008161  uxQueueMessagesWaiting                
2000814d  uxQueueMessagesWaitingFromISR         
20008129  uxQueueSpacesAvailable                
200058ed  uxTaskGetNumberOfTasks                
20005511  uxTaskGetSystemState                  
200058e3  uxTaskGetTaskNumber                   
200058cb  uxTaskPriorityGet                     
200058a3  uxTaskPriorityGetFromISR              
2000588f  uxTaskResetEventItemValue             
2000e093  uxTimerGetTimerNumber                 
200125ab  vApplicationIdleHook                  
2000e7f7  vApplicationMallocFailedHook          
2000e7f5  vApplicationStackOverflowHook         
2000e7d7  vApplicationTickHook                  
2000e7d5  vAssertCalled                         
200122e1  vConfigureTimerForRunTimeStats        
20011f91  vListInitialise                       
20011f8b  vListInitialiseItem                   
20011f53  vListInsert                           
20011f3b  vListInsertEnd                        
20010697  vPortEndScheduler                     
20010667  vPortEnterCritical                    
20010645  vPortExitCritical                     
2000fdd9  vPortFree                             
2000fd8f  vPortInitialiseBlocks                 
20011c6d  vPortSVCHandler                       
20010583  vPortSetupTimerInterrupt              
20011c91  vPortStartFirstTask                   
20010603  vPortValidateInterruptPriority        
2000810d  vQueueAddToRegistry                   
200080ef  vQueueDelete                          
200080eb  vQueueSetQueueNumber                  
200080cf  vQueueUnregisterQueue                 
20008087  vQueueWaitForMessageRestricted        
20005853  vTaskDelay                            
200057d5  vTaskDelayUntil                       
20005721  vTaskDelete                           
20005705  vTaskEndScheduler                     
20005435  vTaskGetInfo                          
2000567d  vTaskGetRunTimeStats                  
20004d6d  vTaskInternalSetTimeOutState          
200055e7  vTaskList                             
200053cb  vTaskMissedYield                      
20005319  vTaskNotifyGiveFromISR                
200052f1  vTaskPlaceOnEventList                 
200052c1  vTaskPlaceOnEventListRestricted       
20005279  vTaskPlaceOnUnorderedEventList        
200051cd  vTaskPriorityDisinheritAfterTimeout   
200050fd  vTaskPrioritySet                      
20005081  vTaskRemoveFromUnorderedEventList     
20005003  vTaskResume                           
20004ffd  vTaskSetTaskNumber                    
20004fd3  vTaskSetTimeOutState                  
20004f73  vTaskStartScheduler                   
20004ec1  vTaskSuspend                          
20004e9f  vTaskSuspendAll                       
20004dfd  vTaskSwitchContext                    
2000e075  vTimerSetTimerID                      
2000e071  vTimerSetTimerNumber                  
2000cd31  vUARTTask                             
20012801  vsnprintf                             
20012b3d  wcslen                                
20023708  xHigherPriorityTaskWoken              
2000fd87  xPortGetFreeHeapSize                  
2000fd81  xPortGetMinimumEverFreeHeapSize       
20011c21  xPortPendSVHandler                    
20010595  xPortStartScheduler                   
2001055d  xPortSysTickHandler                   
20008055  xQueueCreateCountingSemaphore         
20008031  xQueueCreateMutex                     
20007feb  xQueueGenericCreate                   
20007f63  xQueueGenericReset                    
20007e19  xQueueGenericSend                     
20007d6b  xQueueGenericSendFromISR              
20007c6d  xQueueGiveFromISR                     
20007c51  xQueueIsQueueEmptyFromISR             
20007c33  xQueueIsQueueFullFromISR              
20007af3  xQueuePeek                            
20007a8d  xQueuePeekFromISR                     
2000794b  xQueueReceive                         
200078c5  xQueueReceiveFromISR                  
20023744  xQueueRegistry                        
20007739  xQueueSemaphoreTake                   
2002370c  xSimpleLinkSpawnQueue                 
20023710  xSimpleLinkSpawnTaskHndl              
20004d85  xTaskCheckForTimeOut                  
20004c99  xTaskCreate                           
20004ad1  xTaskGenericNotify                    
200049cd  xTaskGenericNotifyFromISR             
200049c3  xTaskGetCurrentTaskHandle             
200049ad  xTaskGetIdleTaskHandle                
20004995  xTaskGetSchedulerState                
20004989  xTaskGetTickCount                     
2000497d  xTaskGetTickCountFromISR              
200044d1  xTaskIncrementTick                    
20004951  xTaskNotifyStateClear                 
200048d1  xTaskNotifyWait                       
200047b9  xTaskPriorityDisinherit               
20004705  xTaskPriorityInherit                  
20004683  xTaskRemoveFromEventList              
200045bb  xTaskResumeAll                        
2000442d  xTaskResumeFromISR                    
2000e02f  xTimerCreate                          
2000dff9  xTimerCreateTimerTask                 
2000df61  xTimerGenericCommand                  
2000df4d  xTimerGetExpiryTime                   
2000df39  xTimerGetPeriod                       
2000df21  xTimerGetTimerDaemonTaskHandle        
2000defb  xTimerIsTimerActive                   
2000debf  xTimerPendFunctionCall                
2000de99  xTimerPendFunctionCallFromISR         


GLOBAL SYMBOLS: SORTED BY Symbol Address 

address   name                                  
-------   ----                                  
00005000  __STACK_SIZE                          
20004000  g_pfnVectors                          
2000442d  xTaskResumeFromISR                    
200044d1  xTaskIncrementTick                    
200045bb  xTaskResumeAll                        
20004683  xTaskRemoveFromEventList              
20004705  xTaskPriorityInherit                  
200047b9  xTaskPriorityDisinherit               
200048d1  xTaskNotifyWait                       
20004951  xTaskNotifyStateClear                 
2000497d  xTaskGetTickCountFromISR              
20004989  xTaskGetTickCount                     
20004995  xTaskGetSchedulerState                
200049ad  xTaskGetIdleTaskHandle                
200049c3  xTaskGetCurrentTaskHandle             
200049cd  xTaskGenericNotifyFromISR             
20004ad1  xTaskGenericNotify                    
20004c99  xTaskCreate                           
20004d6d  vTaskInternalSetTimeOutState          
20004d85  xTaskCheckForTimeOut                  
20004dfd  vTaskSwitchContext                    
20004e9f  vTaskSuspendAll                       
20004ec1  vTaskSuspend                          
20004f73  vTaskStartScheduler                   
20004fd3  vTaskSetTimeOutState                  
20004ffd  vTaskSetTaskNumber                    
20005003  vTaskResume                           
20005081  vTaskRemoveFromUnorderedEventList     
200050fd  vTaskPrioritySet                      
200051cd  vTaskPriorityDisinheritAfterTimeout   
20005279  vTaskPlaceOnUnorderedEventList        
200052c1  vTaskPlaceOnEventListRestricted       
200052f1  vTaskPlaceOnEventList                 
20005319  vTaskNotifyGiveFromISR                
200053cb  vTaskMissedYield                      
200053d3  eTaskGetState                         
20005435  vTaskGetInfo                          
20005511  uxTaskGetSystemState                  
200055e7  vTaskList                             
2000567d  vTaskGetRunTimeStats                  
20005705  vTaskEndScheduler                     
20005721  vTaskDelete                           
200057d5  vTaskDelayUntil                       
20005853  vTaskDelay                            
2000588f  uxTaskResetEventItemValue             
200058a3  uxTaskPriorityGetFromISR              
200058cb  uxTaskPriorityGet                     
200058e3  uxTaskGetTaskNumber                   
200058ed  uxTaskGetNumberOfTasks                
200058f3  ulTaskNotifyTake                      
20005961  pvTaskIncrementMutexHeldCount         
200059af  pcTaskGetName                         
20005a11  _SlRemoveFromList                     
20005a51  _SlFindAndSetActiveObj                
20005ae1  _SlDrvProtectionObjLockWaitForever    
20005af7  _SlDrvProtectionObjUnLock             
20005b09  _SlDrvSyncObjWaitForever              
20005b19  _SlDrvWaitForPoolObj                  
20005be7  _SlDrvSyncObjSignal                   
20005bf3  _SlDrvRxIrqHandler                    
20005c2d  _SlDrvRxHdrRead                       
20005d7d  _SlDrvMemZero                         
20005d85  _SlDrvResetCmdExt                     
20005d8d  _SlDrvReleasePoolObj                  
20005e57  _SlDrvProtectAsyncRespSetting         
20005e85  _SlDrvObjUnLock                       
20005e95  _SlDrvObjLockWaitForever              
20005ebd  _SlDrvMsgWrite                        
20005fd3  _SlDrvClassifyRxMsg                   
20006049  _SlDrvMsgRead                         
200063d5  _SlAsyncEventGenericHandler           
2000640f  _SlDrvMsgReadSpawnCtx                 
20006471  _SlDrvMsgReadCmdCtx                   
200064fb  _SlDrvDriverCBInit                    
200065cd  _SlDrvDriverCBDeinit                  
20006651  _SlDrvDataWriteOp                     
20006709  _SlDrvDataReadOp                      
200067e9  _SlDrvCmdSend                         
2000683b  _SlDrvCmdOp                           
200068a3  _SlDrvBasicCmd                        
200068dd  itoa                                  
20006925  SimpleLinkWlanEventHandler            
20006a45  SimpleLinkSockEventHandler            
20006aa1  SimpleLinkNetAppEventHandler          
20006af1  SimpleLinkHttpServerCallback          
20006af9  SimpleLinkGeneralEventHandler         
20006b09  Network_IF_UnsetMCUMachineState       
20006f0d  Network_IF_SetMCUMachineState         
20006f1d  Network_IF_ResetMCUStateMachine       
20006f25  Network_IF_IpConfigGet                
20006f81  InitializeAppVariables                
20006fa9  ConfigureSimpleLinkToDefaultState     
200071e1  Network_IF_InitDriver                 
20007305  Network_IF_GetHostIP                  
2000734d  Network_IF_DisconnectFromAP           
20007379  Network_IF_DeInitDriver               
20007395  Network_IF_CurrentMCUState            
20007401  Network_IF_ConnectAP                  
20007739  xQueueSemaphoreTake                   
200078c5  xQueueReceiveFromISR                  
2000794b  xQueueReceive                         
20007a8d  xQueuePeekFromISR                     
20007af3  xQueuePeek                            
20007c33  xQueueIsQueueFullFromISR              
20007c51  xQueueIsQueueEmptyFromISR             
20007c6d  xQueueGiveFromISR                     
20007d6b  xQueueGenericSendFromISR              
20007e19  xQueueGenericSend                     
20007f63  xQueueGenericReset                    
20007feb  xQueueGenericCreate                   
20008031  xQueueCreateMutex                     
20008055  xQueueCreateCountingSemaphore         
20008087  vQueueWaitForMessageRestricted        
200080cf  vQueueUnregisterQueue                 
200080eb  vQueueSetQueueNumber                  
200080ef  vQueueDelete                          
2000810d  vQueueAddToRegistry                   
20008129  uxQueueSpacesAvailable                
2000814d  uxQueueMessagesWaitingFromISR         
20008161  uxQueueMessagesWaiting                
2000817f  uxQueueGetQueueNumber                 
20008183  ucQueueGetQueueType                   
20008189  pcQueueGetName                        
200081b5  readTempTask                          
2000827f  readAccTask                           
20008321  BoardInit                             
20008339  ButtonsInit                           
200083a9  main                                  
200084d5  TimerPeriodicIntHandler               
2000851d  LedTimerConfigNStart                  
20008547  LedTimerDeinitStop                    
2000855d  ReadFrame                             
200085e5  BsdTcpServer                          
20008911  TCPServerTask                         
20008a65  Button_ISR                            
20008ad1  AsyncPollingTask                      
20008c99  __TI_printfi                          
200096e3  __aeabi_idiv0                         
200096e3  __aeabi_ldiv0                         
200096e5  pow                                   
200096e5  powl                                  
2000a0a1  PRCMHIBRegRead                        
2000a0b1  PRCMSysResetCauseGet                  
2000a0cd  PRCMHIBRegWrite                       
2000a0d7  PRCMSlowClkCtrMatchSet                
2000a0f3  PRCMSlowClkCtrMatchGet                
2000a113  PRCMSlowClkCtrGet                     
2000a145  PRCMSlowClkCtrFastGet                 
2000a157  PRCMSRAMRetentionEnable               
2000a179  PRCMSRAMRetentionDisable              
2000a1a7  PRCMSOCReset                          
2000a1d3  PRCMRTCSet                            
2000a24f  PRCMRTCMatchSet                       
2000a2b1  PRCMRTCMatchGet                       
2000a315  PRCMRTCInUseSet                       
2000a32b  PRCMRTCInUseGet                       
2000a33b  PRCMRTCGet                            
2000a39b  PRCMPeripheralStatusGet               
2000a3ab  PRCMPeripheralReset                   
2000a3f1  PRCMPeripheralClockGet                
2000a44d  PRCMPeripheralClkEnable               
2000a473  PRCMPeripheralClkDisable              
2000a489  PRCMOCRRegisterWrite                  
2000a493  PRCMOCRRegisterRead                   
2000a49f  PRCMMCUReset                          
2000a4b1  PRCMLPDSWakeupSourceEnable            
2000a4c1  PRCMLPDSWakeupSourceDisable           
2000a4cf  PRCMLPDSWakeupCauseGet                
2000a4dd  PRCMLPDSWakeUpGPIOSelect              
2000a4fb  PRCMLPDSRestoreInfoSet                
2000a503  PRCMLPDSIntervalSet                   
2000a517  PRCMLPDSEnter                         
2000a551  PRCMIntUnregister                     
2000a561  PRCMIntStatus                         
2000a569  PRCMIntRegister                       
2000a57b  PRCMIntEnable                         
2000a5a9  PRCMIntDisable                        
2000a5d3  PRCMI2SClockFreqSet                   
2000a5f7  PRCMHibernateWakeupSourceEnable       
2000a62d  PRCMHibernateWakeupSourceDisable      
2000a671  PRCMHibernateWakeupCauseGet           
2000a67f  PRCMHibernateWakeUpGPIOSelect         
2000a6d1  PRCMHibernateIntervalSet              
2000a727  PRCMHibernateEnter                    
2000a743  PRCMDeepSleepEnter                    
2000a769  PRCMCameraFreqSet                     
2000a7b1  PRCMCC3200MCUInit                     
2000a8f9  sl_Socket                             
2000a923  sl_SetSockOpt                         
2000a973  _sl_TruncatePayloadByProtocol         
2000a98b  _sl_BuildAddress                      
2000a9b5  sl_SendTo                             
2000aa71  sl_Send                               
2000ab15  sl_Select                             
2000abe1  sl_RecvFrom                           
2000ac9d  sl_Recv                               
2000acdf  sl_Listen                             
2000ad05  sl_Htons                              
2000ad39  sl_Htonl                              
2000ad71  sl_GetSockOpt                         
2000ade1  sl_Connect                            
2000ae8d  sl_Close                              
2000aeb5  sl_Bind                               
2000af11  sl_Accept                             
2000afdd  _sl_ParseAddress                      
2000b00f  _sl_HandleAsync_Select                
2000b049  _sl_HandleAsync_Connect               
2000b09d  _sl_HandleAsync_Accept                
2000b0e3  SL_FD_ZERO                            
2000b0e9  SL_FD_SET                             
2000b0f9  SL_FD_ISSET                           
2000b10f  SL_FD_CLR                             
2000b12d  sl_WlanSmartConfigStop                
2000b135  sl_WlanSmartConfigStart               
2000b19f  sl_WlanSetMode                        
2000b1c1  sl_WlanSet                            
2000b20d  sl_WlanRxStatStop                     
2000b215  sl_WlanRxStatStart                    
2000b21d  sl_WlanRxStatGet                      
2000b251  sl_WlanRxFilterSet                    
2000b28d  sl_WlanRxFilterGet                    
2000b2db  sl_WlanRxFilterAdd                    
2000b335  sl_WlanProfileGet                     
2000b3ef  sl_WlanProfileDel                     
2000b419  sl_WlanProfileAdd                     
2000b5d5  sl_WlanPolicySet                      
2000b615  sl_WlanPolicyGet                      
2000b681  sl_WlanGetNetworkList                 
2000b6cd  sl_WlanGet                            
2000b739  sl_WlanDisconnect                     
2000b745  sl_WlanConnect                        
2000b8f1  ustrncpy                              
2000b91b  uvsnprintf                            
2000bb51  ustrtoul                              
2000bbf3  ustrtof                               
2000bd65  ustrlen                               
2000bd77  ustrncmp                              
2000bdad  ustrstr                               
2000bdef  ustrncasecmp                          
2000be39  ustrcmp                               
2000be41  ustrcasecmp                           
2000be49  usrand                                
2000be4f  usprintf                              
2000be6f  usnprintf                             
2000be89  urand                                 
2000bea1  ulocaltime                            
2000bf97  umktime                               
2000c001  sl_NetAppStop                         
2000c01f  sl_NetAppStart                        
2000c03d  sl_NetAppSet                          
2000c089  CopyPingResultsToReport               
2000c0a3  sl_NetAppPingStart                    
2000c1ad  sl_NetAppMDNSRegisterUnregisterService
2000c22d  sl_NetAppMDNSUnRegisterService        
2000c23f  sl_NetAppMDNSRegisterService          
2000c25b  sl_NetAppGetServiceList               
2000c2dd  sl_NetAppGet                          
2000c33b  sl_NetAppDnsGetHostByService          
2000c3e1  sl_NetAppDnsGetHostByName             
2000c48b  _sl_NetAppSendTokenValue              
2000c4e5  _sl_HandleAsync_PingResponse          
2000c53b  _sl_HandleAsync_DnsGetHostByService   
2000c597  _sl_HandleAsync_DnsGetHostByName      
2000c5f7  _sl_HandleAsync_DnsGetHostByAddr      
2000c5fd  _SlDrvNetAppEventHandler              
2000c703  UARTwrite                             
2000c755  UARTvprintf                           
2000c921  UARTprintf                            
2000c943  UARTgets                              
2000cb6d  UARTgetc                              
2000cb83  UARTTxBytesFree                       
2000cc3b  UARTFlushRx                           
2000cc45  UARTFlushTx                           
2000cc6b  UARTStdioConfig                       
2000ccfb  UARTRxBytesAvail                      
2000cd03  UARTEchoSet                           
2000cd31  vUARTTask                             
2000cd91  Cmd_tasks                             
2000cdf5  Cmd_stats                             
2000ce25  Cmd_station                           
2000cecd  Cmd_read                              
2000cf5d  Cmd_mode                              
2000d193  Cmd_help                              
2000d1c1  Cmd_free                              
2000d1dd  Cmd_cpu                               
2000d355  I2C_IF_Write                          
2000d3c9  I2C_IF_ReadFrom                       
2000d447  I2C_IF_Read                           
2000d4b9  I2C_IF_Open                           
2000d943  I2C_IF_Close                          
2000d96d  spi_Write                             
2000da4b  spi_Read                              
2000dbb7  spi_Open                              
2000dcc1  spi_Close                             
2000dd37  NwpUnMaskInterrupt                    
2000dd3f  NwpRegisterInterruptHandler           
2000dd61  NwpMaskInterrupt                      
2000dd6b  NwpPowerOff                           
2000dd9b  NwpPowerOnPreamble                    
2000de07  NwpPowerOn                            
2000de29  DmaSpiSwIntHandler                    
[...]
2000f449  I2CSlaveIntEnableEx                   
2000f455  I2CSlaveIntEnable                     
2000f463  I2CSlaveIntDisableEx                  
2000f471  I2CSlaveIntDisable                    
2000f47f  I2CSlaveIntClearEx                    
2000f485  I2CSlaveIntClear                      
2000f48d  I2CSlaveEnable                        
2000f49d  I2CSlaveInit                          
2000f4ab  I2CSlaveFIFOEnable                    
2000f4b5  I2CSlaveFIFODisable                   
2000f4bd  I2CSlaveDisable                       
2000f4cd  I2CSlaveDataPut                       
2000f4d3  I2CSlaveDataGet                       
2000f4d9  I2CSlaveAddressSet                    
2000f4ef  I2CSlaveACKValueSet                   
2000f509  I2CSlaveACKOverride                   
2000f523  I2CRxFIFOFlush                        
2000f531  I2CRxFIFOConfigSet                    
2000f549  I2CMasterTimeoutSet                   
2000f54d  I2CMasterSlaveAddrSet                 
2000f555  I2CMasterLineStateGet                 
2000f559  I2CMasterIntStatusEx                  
2000f563  I2CMasterIntStatus                    
2000f575  I2CMasterIntEnableEx                  
2000f57d  I2CMasterIntEnable                    
2000f583  I2CMasterIntDisableEx                 
2000f58d  I2CMasterIntDisable                   
2000f593  I2CMasterIntClearEx                   
2000f597  I2CMasterIntClear                     
2000f59f  I2CMasterEnable                       
2000f5a9  I2CMasterInitExpClk                   
2000f5e7  I2CMasterGlitchFilterConfigSet        
2000f5ef  I2CMasterErr                          
2000f605  I2CMasterDisable                      
2000f60f  I2CMasterDataPut                      
2000f613  I2CMasterDataGet                      
2000f617  I2CMasterControl                      
2000f61b  I2CMasterBusy                         
2000f623  I2CMasterBusBusy                      
2000f62b  I2CMasterBurstLengthSet               
2000f62f  I2CMasterBurstCountGet                
2000f641  I2CIntUnregister                      
2000f655  I2CIntRegister                        
2000f66d  I2CFIFOStatus                         
2000f673  I2CFIFODataPutNonBlocking             
2000f685  I2CFIFODataPut                        
2000f693  I2CFIFODataGetNonBlocking             
2000f6a9  I2CFIFODataGet                        
2000f92d  IntVTableBaseSet                      
2000f933  IntUnregister                         
2000f93f  IntRegister                           
2000f949  IntPrioritySet                        
2000f969  IntPriorityGroupingSet                
2000f97d  IntPriorityGroupingGet                
2000f9a3  IntPriorityGet                        
2000f9bd  IntPendSet                            
2000fa11  IntPendClear                          
2000fa51  IntMasterEnable                       
2000fa5b  IntMasterDisable                      
2000fa65  IntEnable                             
2000fac9  IntDisable                            
2000fb59  UARTTxIntModeSet                      
2000fb65  UARTTxIntModeGet                      
2000fb6d  UARTSpaceAvail                        
2000fb7b  UARTRxErrorGet                        
2000fb83  UARTRxErrorClear                      
2000fb89  UARTParityModeSet                     
2000fb95  UARTParityModeGet                     
2000fb9d  UARTModemStatusGet                    
2000fba5  UARTModemControlSet                   
2000fbb1  UARTModemControlGet                   
2000fbb9  UARTModemControlClear                 
2000fbe7  UARTIntUnregister                     
2000fbfb  UARTIntStatus                         
2000fc05  UARTIntRegister                       
2000fc1d  UARTIntEnable                         
2000fc25  UARTIntDisable                        
2000fc2f  UARTIntClear                          
2000fc33  UARTFlowControlSet                    
2000fc3f  UARTFlowControlGet                    
2000fc47  UARTFIFOLevelSet                      
2000fc4d  UARTFIFOLevelGet                      
2000fc5d  UARTFIFOEnable                        
2000fc67  UARTFIFODisable                       
2000fc71  UARTEnable                            
2000fc85  UARTDisable                           
2000fc9f  UARTDMAEnable                         
2000fca7  UARTDMADisable                        
2000fcb1  UARTConfigSetExpClk                   
2000fcf7  UARTConfigGetExpClk                   
2000fd1d  UARTCharsAvail                        
2000fd2b  UARTCharPutNonBlocking                
2000fd39  UARTCharPut                           
2000fd43  UARTCharGetNonBlocking                
2000fd51  UARTCharGet                           
2000fd5b  UARTBusy                              
2000fd63  UARTBreakCtl                          
2000fd81  xPortGetMinimumEverFreeHeapSize       
2000fd87  xPortGetFreeHeapSize                  
2000fd8f  vPortInitialiseBlocks                 
2000fdd9  mem_Free                              
2000fdd9  vPortFree                             
2000fe31  pvPortMalloc                          
2000ff85  FlashProtectGet                       
2000ffc3  FlashProgramNonBlocking               
20010017  FlashProgram                          
2001006f  FlashMassEraseNonBlocking             
20010081  FlashMassErase                        
200100a5  FlashIntUnregister                    
200100b5  FlashIntStatus                        
200100c7  FlashIntRegister                      
200100d9  FlashIntEnable                        
200100e5  FlashIntDisable                       
200100f3  FlashIntClear                         
200100fb  FlashEraseNonBlocking                 
2001010b  FlashErase                            
2001012f  FlashDisable                          
20010185  GPIO_IF_Set                           
2001019b  GPIO_IF_Get                           
200101b3  GPIO_IF_LedStatus                     
200101eb  GPIO_IF_LedOn                         
20010253  GPIO_IF_LedOff                        
200102b1  GPIO_IF_LedToggle                     
200102cd  GPIO_IF_GetPortNPin                   
200102eb  GPIO_IF_LedConfigure                  
20010321  GPIO_IF_ConfigureNIntEnable           
20010375  TimerValueSet                         
2001037f  TimerValueGet                         
20010389  TimerPrescaleSet                      
2001039b  TimerPrescaleMatchSet                 
200103ad  TimerPrescaleMatchGet                 
200103b7  TimerPrescaleGet                      
200103c1  TimerMatchSet                         
200103d3  TimerMatchGet                         
200103dd  TimerLoadSet                          
200103ef  TimerLoadGet                          
200103f9  TimerIntUnregister                    
20010443  TimerIntStatus                        
2001044d  TimerIntRegister                      
2001049d  TimerIntEnable                        
200104a5  TimerIntDisable                       
200104af  TimerIntClear                         
200104b3  TimerEnable                           
200104c1  TimerDisable                          
200104c1  Timer_IF_Stop                         
200104d5  TimerDMAEventSet                      
200104d9  TimerDMAEventGet                      
200104dd  TimerControlStall                     
200104f5  TimerControlLevel                     
2001050d  TimerControlEvent                     
20010523  TimerConfigure                        
2001055d  xPortSysTickHandler                   
20010583  vPortSetupTimerInterrupt              
20010595  xPortStartScheduler                   
20010603  vPortValidateInterruptPriority        
20010645  vPortExitCritical                     
20010667  vPortEnterCritical                    
20010697  vPortEndScheduler                     
200106af  pxPortInitialiseStack                 
20010901  GPIOPinWrite                          
20010907  GPIOPinRead                           
20010939  GPIOIntUnregister                     
2001094d  GPIOIntTypeSet                        
2001098d  GPIOIntTypeGet                        
200109c1  GPIOIntStatus                         
200109cf  GPIOIntRegister                       
200109e3  GPIOIntEnable                         
200109ef  GPIOIntDisable                        
200109fd  GPIOIntClear                          
20010a03  GPIODirModeSet                        
20010a1b  GPIODirModeGet                        
20010a31  GPIODMATriggerEnable                  
20010a75  GPIODMATriggerDisable                 
20010ac9  __aeabi_dsub                          
20010ad3  __aeabi_dadd                          
20010c81  PinModeSet                            
20010ca1  PinConfigSet                          
20010cf9  PinTypeUART                           
20010d0d  PinTypeTimer                          
20010d21  PinTypeSPI                            
20010d35  PinTypeSDHost                         
20010d49  PinTypeI2S                            
20010d5d  PinTypeI2C                            
20010d73  PinTypeGPIO                           
20010d93  PinTypeCamera                         
20010da7  PinTypeADC                            
20010db1  PinModeGet                            
20010dc7  PinDirModeSet                         
20010de3  PinDirModeGet                         
20010df9  PinConfigGet                          
20010e29  SetRegisterValue                      
20010e51  GetRegisterValue                      
20010e77  BlockRead                             
20010e9d  BMA222ReadNew                         
20010ef3  BMA222Read                            
20010f4b  BMA222Open                            
20010f65  BMA222Close                           
20010fbd  sqrt                                  
20010fbd  sqrtl                                 
20011119  TrimSpace                             
20011165  Message                               
20011179  Report                                
200111ed  InitTerm                              
20011201  Error                                 
20011235  ClearTerm                             
20011269  PWM_IF_SetDutycycle                   
2001129d  PWM_IF_OutputEnable                   
200112df  PWM_IF_OutputDisable                  
20011321  PWM_IF_Init                           
200114ed  __aeabi_ddiv                          
20011625  Timer_IF_Start                        
2001163d  Timer_IF_ReLoad                       
20011645  Timer_IF_InterruptClear               
200116a3  Timer_IF_IntSetup                     
200116ef  Timer_IF_Init                         
2001171b  Timer_IF_GetCount                     
20011727  Timer_IF_DeInit                       
20011869  __aeabi_dmul                          
20011965  __aeabi_fsub                          
20011969  __aeabi_fadd                          
20011a61  ldexp                                 
20011a61  ldexpl                                
20011a61  scalbn                                
20011a61  scalbnl                               
20011b31  sl_NetCfgSet                          
20011b7b  sl_NetCfgGet                          
20011c09  ulPortGetIPSR                         
20011c21  xPortPendSVHandler                    
20011c6d  vPortSVCHandler                       
20011c91  vPortStartFirstTask                   
20011d69  PinMuxConfig                          
20011e09  __aeabi_memcpy                        
20011e09  __aeabi_memcpy4                       
20011e09  __aeabi_memcpy8                       
20011e09  memcpy                                
20011ea5  __aeabi_uldivmod                      
20011f3b  vListInsertEnd                        
20011f53  vListInsert                           
20011f8b  vListInitialiseItem                   
20011f91  vListInitialise                       
20011fa7  uxListRemove                          
20011fcd  __aeabi_fdiv                          
2001205f  __aeabi_cdcmpeq                       
2001205f  __aeabi_cdcmple                       
200120e5  __aeabi_cdrcmple                      
2001216d  CPUUsageTick                          
20012197  CPUUsageInit                          
200121ed  __aeabi_fmul                          
20012267  __aeabi_memclr                        
20012267  __aeabi_memclr4                       
20012267  __aeabi_memclr8                       
20012269  __aeabi_memset                        
20012269  __aeabi_memset4                       
20012269  __aeabi_memset8                       
2001226f  memset                                
200122e1  vConfigureTimerForRunTimeStats        
20012335  RunTimeStatsTimerHandler              
200123bf  __aeabi_d2f                           
2001242d  __TI_decompress_lzss                  
20012495  CmdLineProcess                        
200124f9  frexp                                 
200124f9  frexpl                                
200125ab  CPUwfi                                
200125ab  PRCMSleepEnter                        
200125ab  vApplicationIdleHook                  
200125b7  CPUprimask                            
200125c1  CPUcpsie                              
200125d5  CPUcpsid                              
200125e9  CPUbasepriSet                         
200125e9  IntPriorityMaskSet                    
200125f7  CPUbasepriGet                         
200125f7  IntPriorityMaskGet                    
20012601  ltoa                                  
200126a9  atoi                                  
200126f5  __aeabi_d2iz                          
2001273d  __TI_auto_init_nobinit_nopinit        
20012781  __aeabi_uidiv                         
20012781  __aeabi_uidivmod                      
200127c1  sprintf                               
20012801  vsnprintf                             
2001287f  __aeabi_f2d                           
200128b7  __aeabi_f2iz                          
200128ef  __aeabi_i2f                           
20012927  __aeabi_f2uiz                         
2001298d  ResetISR                              
200129bd  __aeabi_i2d                           
200129eb  strncmp                               
20012a19  _c_int00_noargs                       
20012a41  GetOverflowCounts                     
20012a65  memmove                               
20012a89  memccpy                               
20012ad5  strcmp                                
20012aed  strchr                                
20012b03  strcpy                                
20012b17  strlen                                
20012b2b  __TI_zero_init_nomemset               
20012b3d  wcslen                                
20012b4f  __TI_decompress_none                  
20012b69  __aeabi_errno_addr                    
20012b71  copysign                              
20012b71  copysignl                             
20012b79  UtilsDelay                            
20012b7f  _system_pre_init                      
20012b83  C$$EXIT                               
20012b83  abort                                 
20012e4c  _ctypes_                              
20013050  _SlPolicySetCmdCtrl                   
20013054  _SlPolicyGetCmdCtrl                   
20013058  _SlProfileGetCmdCtrl                  
2001305c  _SlProfileDelCmdCtrl                  
20013060  _SlWlanGetNetworkListCtrl             
20013064  _SlRxFilterAddtCmdCtrl                
20013068  _SlRxFilterSetCmdCtrl                 
2001306c  _SlRxFilterGetCmdCtrl                 
20013070  _SlSmartConfigStartCmdCtrl            
20013074  _SlWlanSetModeCmdCtrl                 
20013078  _SlWlanCfgSetCmdCtrl                  
2001307c  _SlWlanCfgGetCmdCtrl                  
20013138  pcDigits                              
20013214  g_H2NSyncPattern                      
2001321c  g_H2NCnysPattern                      
20013224  RxMsgClassLUT                         
20013244  _SlActionLookupTable                  
2001327c  OpcodeTranslateTable                  
20013464  _SlSockSocketCmdCtrl                  
20013468  _SlSockCloseCmdCtrl                   
2001346c  _SlRecvfomCmdCtrl                     
20013470  _SlSendCmdCtrl                        
20013474  _SlListenCmdCtrl                      
20013478  _SlAcceptCmdCtrl                      
2001347c  _SlRecvCmdCtrl                        
20013480  _SlSetSockOptCmdCtrl                  
20013484  _SlGetSockOptCmdCtrl                  
20013488  _SlSelectCmdCtrl                      
2001348c  _SlPayloadByProtocolLUT               
200134d0  _SlNetAppStartCtrl                    
200134d4  _SlNetAppStopCtrl                     
200134d8  _SlGetServiceListeCtrl                
200134dc  _SlRegisterServiceCtrl                
200134e0  _SlGetHostByServiceCtrl               
200134e4  _SlGetHostByNameCtrl                  
200134e8  _SlNetAppSetCmdCtrl                   
200134ec  _SlNetAppSendTokenValueCmdCtrl        
200134f0  _SlNetAppGetCmdCtrl                   
20013514  _SlStopCmdCtrl                        
20013518  _SlEventMaskSetCmdCtrl                
2001351c  _SlEventMaskGetCmdCtrl                
20013520  _SlDeviceGetCmdCtrl                   
20013524  _SlDeviceSetCmdCtrl                   
20013528  StartResponseLUT                      
20013570  _SlNetCfgSetCmdCtrl                   
20013574  _SlNetCfgGetCmdCtrl                   
20013580  ulMaxSyscallInterruptPriority         
20013588  __TI_static_base__                    
20013630  __TI_Handler_Table_Base               
2001363c  __TI_Handler_Table_Limit              
20013648  __TI_CINIT_Base                       
20013658  __TI_CINIT_Limit                      
20023250  gFirstCmdMode                         
20023254  g_pCB                                 
20023258  g_StatMem                             
2002350c  g_psCmdTable                          
20023584  g_ucDMAEnabled                        
20023588  DMAMsgQ                               
2002358c  g_cDummy                              
20023590  g_ucDinDout                           
200235e0  g_usTimerInts                         
200235e4  iNewSockID                            
200235e8  async                                 
200235ec  freqTemp                              
200235f0  freqAcc                               
200235f4  read_temp                             
200235f8  read_acc                              
20023610  SecurityParams                        
20023658  g_ulStaIp                             
2002365c  g_ulGatewayIP                         
20023660  g_ucConnectionBSSID                   
20023666  g_ucConnectionSSID                    
200236b4  pxCurrentTCB                          
200236e0  g_ucLED1Pin                           
200236e1  g_ucLED2Pin                           
200236e2  g_ucLED3Pin                           
200236e4  g_uiLED1Port                          
200236e8  g_uiLED2Port                          
200236ec  g_uiLED3Port                          
20023708  xHigherPriorityTaskWoken              
2002370c  xSimpleLinkSpawnQueue                 
20023710  xSimpleLinkSpawnTaskHndl              
20023714  g_ui32CPUUsage                        
20023724  g_SpiFd                               
20023728  g_pHostIntHdl                         
20023730  pPingCallBackFunc                     
20023734  g_ulStatus                            
20023738  errno                                 
20023744  xQueueRegistry                        
200237d8  g_usConnectIndex                      
200237da  RxIrqCnt                              
2002b000  __stack                               
20030000  __STACK_END                           
ffffffff  __TI_pprof_out_hndl                   
ffffffff  __TI_prof_data_size                   
ffffffff  __TI_prof_data_start                  
ffffffff  __binit__                             
ffffffff  __c_args__                            
ffffffff  binit                                 
UNDEFED   __mpu_init                            
UNDEFED   _system_post_cinit                    

[824 symbols]
