<?xml version="1.0" encoding="ISO-8859-1" ?>
<link_info>
   <banner>TI ARM Linker PC v18.1.3.LTS</banner>
   <copyright>Copyright (c) 1996-2017 Texas Instruments Incorporated</copyright>
   <link_time>0x5bf973ff</link_time>
   <link_errors>0x0</link_errors>
   <output_file>G3b-FreeRTOS.out</output_file>
   <entry_point>
      <name>_c_int00_noargs</name>
      <address>0x2000d769</address>
   </entry_point>
   <input_file_list>
      <input_file id="fl-2">
         <path>.\</path>
         <kind>object</kind>
         <file>bma222drv.obj</file>
         <name>bma222drv.obj</name>
      </input_file>
      <input_file id="fl-3">
         <path>.\</path>
         <kind>object</kind>
         <file>commands.obj</file>
         <name>commands.obj</name>
      </input_file>
      <input_file id="fl-4">
         <path>.\</path>
         <kind>object</kind>
         <file>i2c_if.obj</file>
         <name>i2c_if.obj</name>
      </input_file>
      <input_file id="fl-5">
         <path>.\</path>
         <kind>object</kind>
         <file>main.obj</file>
         <name>main.obj</name>
      </input_file>
      <input_file id="fl-6">
         <path>.\</path>
         <kind>object</kind>
         <file>pinmux.obj</file>
         <name>pinmux.obj</name>
      </input_file>
      <input_file id="fl-7">
         <path>.\</path>
         <kind>object</kind>
         <file>startup_ccs.obj</file>
         <name>startup_ccs.obj</name>
      </input_file>
      <input_file id="fl-8">
         <path>.\</path>
         <kind>object</kind>
         <file>tmp006drv.obj</file>
         <name>tmp006drv.obj</name>
      </input_file>
      <input_file id="fl-9">
         <path>.\FreeRTOS\</path>
         <kind>object</kind>
         <file>croutine.obj</file>
         <name>croutine.obj</name>
      </input_file>
      <input_file id="fl-a">
         <path>.\FreeRTOS\</path>
         <kind>object</kind>
         <file>event_groups.obj</file>
         <name>event_groups.obj</name>
      </input_file>
      <input_file id="fl-b">
         <path>.\FreeRTOS\</path>
         <kind>object</kind>
         <file>list.obj</file>
         <name>list.obj</name>
      </input_file>
      <input_file id="fl-c">
         <path>.\FreeRTOS\</path>
         <kind>object</kind>
         <file>queue.obj</file>
         <name>queue.obj</name>
      </input_file>
      <input_file id="fl-d">
         <path>.\FreeRTOS\</path>
         <kind>object</kind>
         <file>stream_buffer.obj</file>
         <name>stream_buffer.obj</name>
      </input_file>
      <input_file id="fl-e">
         <path>.\FreeRTOS\</path>
         <kind>object</kind>
         <file>tasks.obj</file>
         <name>tasks.obj</name>
      </input_file>
      <input_file id="fl-f">
         <path>.\FreeRTOS\</path>
         <kind>object</kind>
         <file>timers.obj</file>
         <name>timers.obj</name>
      </input_file>
      <input_file id="fl-10">
         <path>.\FreeRTOS\portable\CCS\ARM_CM3\</path>
         <kind>object</kind>
         <file>port.obj</file>
         <name>port.obj</name>
      </input_file>
      <input_file id="fl-11">
         <path>.\FreeRTOS\portable\CCS\ARM_CM3\</path>
         <kind>object</kind>
         <file>portasm.obj</file>
         <name>portasm.obj</name>
      </input_file>
      <input_file id="fl-12">
         <path>.\FreeRTOS\portable\MemMang\</path>
         <kind>object</kind>
         <file>heap_4.obj</file>
         <name>heap_4.obj</name>
      </input_file>
      <input_file id="fl-13">
         <path>.\driverlib\</path>
         <kind>object</kind>
         <file>adc.obj</file>
         <name>adc.obj</name>
      </input_file>
      <input_file id="fl-14">
         <path>.\driverlib\</path>
         <kind>object</kind>
         <file>aes.obj</file>
         <name>aes.obj</name>
      </input_file>
      <input_file id="fl-15">
         <path>.\driverlib\</path>
         <kind>object</kind>
         <file>camera.obj</file>
         <name>camera.obj</name>
      </input_file>
      <input_file id="fl-16">
         <path>.\driverlib\</path>
         <kind>object</kind>
         <file>cpu.obj</file>
         <name>cpu.obj</name>
      </input_file>
      <input_file id="fl-17">
         <path>.\driverlib\</path>
         <kind>object</kind>
         <file>crc.obj</file>
         <name>crc.obj</name>
      </input_file>
      <input_file id="fl-18">
         <path>.\driverlib\</path>
         <kind>object</kind>
         <file>des.obj</file>
         <name>des.obj</name>
      </input_file>
      <input_file id="fl-19">
         <path>.\driverlib\</path>
         <kind>object</kind>
         <file>flash.obj</file>
         <name>flash.obj</name>
      </input_file>
      <input_file id="fl-1a">
         <path>.\driverlib\</path>
         <kind>object</kind>
         <file>gpio.obj</file>
         <name>gpio.obj</name>
      </input_file>
      <input_file id="fl-1b">
         <path>.\driverlib\</path>
         <kind>object</kind>
         <file>hwspinlock.obj</file>
         <name>hwspinlock.obj</name>
      </input_file>
      <input_file id="fl-1c">
         <path>.\driverlib\</path>
         <kind>object</kind>
         <file>i2c.obj</file>
         <name>i2c.obj</name>
      </input_file>
      <input_file id="fl-1d">
         <path>.\driverlib\</path>
         <kind>object</kind>
         <file>i2s.obj</file>
         <name>i2s.obj</name>
      </input_file>
      <input_file id="fl-1e">
         <path>.\driverlib\</path>
         <kind>object</kind>
         <file>interrupt.obj</file>
         <name>interrupt.obj</name>
      </input_file>
      <input_file id="fl-1f">
         <path>.\driverlib\</path>
         <kind>object</kind>
         <file>pin.obj</file>
         <name>pin.obj</name>
      </input_file>
      <input_file id="fl-20">
         <path>.\driverlib\</path>
         <kind>object</kind>
         <file>prcm.obj</file>
         <name>prcm.obj</name>
      </input_file>
      <input_file id="fl-21">
         <path>.\driverlib\</path>
         <kind>object</kind>
         <file>sdhost.obj</file>
         <name>sdhost.obj</name>
      </input_file>
      <input_file id="fl-22">
         <path>.\driverlib\</path>
         <kind>object</kind>
         <file>shamd5.obj</file>
         <name>shamd5.obj</name>
      </input_file>
      <input_file id="fl-23">
         <path>.\driverlib\</path>
         <kind>object</kind>
         <file>spi.obj</file>
         <name>spi.obj</name>
      </input_file>
      <input_file id="fl-24">
         <path>.\driverlib\</path>
         <kind>object</kind>
         <file>systick.obj</file>
         <name>systick.obj</name>
      </input_file>
      <input_file id="fl-25">
         <path>.\driverlib\</path>
         <kind>object</kind>
         <file>timer.obj</file>
         <name>timer.obj</name>
      </input_file>
      <input_file id="fl-26">
         <path>.\driverlib\</path>
         <kind>object</kind>
         <file>uart.obj</file>
         <name>uart.obj</name>
      </input_file>
      <input_file id="fl-27">
         <path>.\driverlib\</path>
         <kind>object</kind>
         <file>udma.obj</file>
         <name>udma.obj</name>
      </input_file>
      <input_file id="fl-28">
         <path>.\driverlib\</path>
         <kind>object</kind>
         <file>utils.obj</file>
         <name>utils.obj</name>
      </input_file>
      <input_file id="fl-29">
         <path>.\driverlib\</path>
         <kind>object</kind>
         <file>wdt.obj</file>
         <name>wdt.obj</name>
      </input_file>
      <input_file id="fl-2a">
         <path>.\utils\</path>
         <kind>object</kind>
         <file>RunTimeStatsConfig.obj</file>
         <name>RunTimeStatsConfig.obj</name>
      </input_file>
      <input_file id="fl-2b">
         <path>.\utils\</path>
         <kind>object</kind>
         <file>cmdline.obj</file>
         <name>cmdline.obj</name>
      </input_file>
      <input_file id="fl-2c">
         <path>.\utils\</path>
         <kind>object</kind>
         <file>cpu_usage.obj</file>
         <name>cpu_usage.obj</name>
      </input_file>
      <input_file id="fl-2d">
         <path>.\utils\</path>
         <kind>object</kind>
         <file>uartstdio.obj</file>
         <name>uartstdio.obj</name>
      </input_file>
      <input_file id="fl-2e">
         <path>.\utils\</path>
         <kind>object</kind>
         <file>ustdlib.obj</file>
         <name>ustdlib.obj</name>
      </input_file>
      <input_file id="fl-32">
         <kind>object</kind>
         <file>&lt;internal&gt;</file>
         <name>&lt;internal&gt;</name>
      </input_file>
      <input_file id="fl-e8">
         <path>C:\ti\ccsv8\tools\compiler\ti-cgt-arm_18.1.3.LTS\lib\</path>
         <kind>archive</kind>
         <file>rtsv7M4_T_le_eabi.lib</file>
         <name>e_pow.c.obj</name>
      </input_file>
      <input_file id="fl-e9">
         <path>C:\ti\ccsv8\tools\compiler\ti-cgt-arm_18.1.3.LTS\lib\</path>
         <kind>archive</kind>
         <file>rtsv7M4_T_le_eabi.lib</file>
         <name>e_sqrt.c.obj</name>
      </input_file>
      <input_file id="fl-ea">
         <path>C:\ti\ccsv8\tools\compiler\ti-cgt-arm_18.1.3.LTS\lib\</path>
         <kind>archive</kind>
         <file>rtsv7M4_T_le_eabi.lib</file>
         <name>s_scalbn.c.obj</name>
      </input_file>
      <input_file id="fl-eb">
         <path>C:\ti\ccsv8\tools\compiler\ti-cgt-arm_18.1.3.LTS\lib\</path>
         <kind>archive</kind>
         <file>rtsv7M4_T_le_eabi.lib</file>
         <name>s_copysign.c.obj</name>
      </input_file>
      <input_file id="fl-ec">
         <path>C:\ti\ccsv8\tools\compiler\ti-cgt-arm_18.1.3.LTS\lib\</path>
         <kind>archive</kind>
         <file>rtsv7M4_T_le_eabi.lib</file>
         <name>memset_t2.asm.obj</name>
      </input_file>
      <input_file id="fl-ed">
         <path>C:\ti\ccsv8\tools\compiler\ti-cgt-arm_18.1.3.LTS\lib\</path>
         <kind>archive</kind>
         <file>rtsv7M4_T_le_eabi.lib</file>
         <name>ull_div_t2.asm.obj</name>
      </input_file>
      <input_file id="fl-ee">
         <path>C:\ti\ccsv8\tools\compiler\ti-cgt-arm_18.1.3.LTS\lib\</path>
         <kind>archive</kind>
         <file>rtsv7M4_T_le_eabi.lib</file>
         <name>u_divt2.asm.obj</name>
      </input_file>
      <input_file id="fl-ef">
         <path>C:\ti\ccsv8\tools\compiler\ti-cgt-arm_18.1.3.LTS\lib\</path>
         <kind>archive</kind>
         <file>rtsv7M4_T_le_eabi.lib</file>
         <name>fd_add_t2.asm.obj</name>
      </input_file>
      <input_file id="fl-f0">
         <path>C:\ti\ccsv8\tools\compiler\ti-cgt-arm_18.1.3.LTS\lib\</path>
         <kind>archive</kind>
         <file>rtsv7M4_T_le_eabi.lib</file>
         <name>fd_cmp_t2.asm.obj</name>
      </input_file>
      <input_file id="fl-f1">
         <path>C:\ti\ccsv8\tools\compiler\ti-cgt-arm_18.1.3.LTS\lib\</path>
         <kind>archive</kind>
         <file>rtsv7M4_T_le_eabi.lib</file>
         <name>fd_div_t2.asm.obj</name>
      </input_file>
      <input_file id="fl-f2">
         <path>C:\ti\ccsv8\tools\compiler\ti-cgt-arm_18.1.3.LTS\lib\</path>
         <kind>archive</kind>
         <file>rtsv7M4_T_le_eabi.lib</file>
         <name>fd_mul_t2.asm.obj</name>
      </input_file>
      <input_file id="fl-f3">
         <path>C:\ti\ccsv8\tools\compiler\ti-cgt-arm_18.1.3.LTS\lib\</path>
         <kind>archive</kind>
         <file>rtsv7M4_T_le_eabi.lib</file>
         <name>fd_tos_t2.asm.obj</name>
      </input_file>
      <input_file id="fl-f4">
         <path>C:\ti\ccsv8\tools\compiler\ti-cgt-arm_18.1.3.LTS\lib\</path>
         <kind>archive</kind>
         <file>rtsv7M4_T_le_eabi.lib</file>
         <name>fs_add_t2.asm.obj</name>
      </input_file>
      <input_file id="fl-f5">
         <path>C:\ti\ccsv8\tools\compiler\ti-cgt-arm_18.1.3.LTS\lib\</path>
         <kind>archive</kind>
         <file>rtsv7M4_T_le_eabi.lib</file>
         <name>fs_div_t2.asm.obj</name>
      </input_file>
      <input_file id="fl-f6">
         <path>C:\ti\ccsv8\tools\compiler\ti-cgt-arm_18.1.3.LTS\lib\</path>
         <kind>archive</kind>
         <file>rtsv7M4_T_le_eabi.lib</file>
         <name>fs_mul_t2.asm.obj</name>
      </input_file>
      <input_file id="fl-f7">
         <path>C:\ti\ccsv8\tools\compiler\ti-cgt-arm_18.1.3.LTS\lib\</path>
         <kind>archive</kind>
         <file>rtsv7M4_T_le_eabi.lib</file>
         <name>fs_tod_t2.asm.obj</name>
      </input_file>
      <input_file id="fl-f8">
         <path>C:\ti\ccsv8\tools\compiler\ti-cgt-arm_18.1.3.LTS\lib\</path>
         <kind>archive</kind>
         <file>rtsv7M4_T_le_eabi.lib</file>
         <name>i_tofd_t2.asm.obj</name>
      </input_file>
      <input_file id="fl-f9">
         <path>C:\ti\ccsv8\tools\compiler\ti-cgt-arm_18.1.3.LTS\lib\</path>
         <kind>archive</kind>
         <file>rtsv7M4_T_le_eabi.lib</file>
         <name>i_tofs_t2.asm.obj</name>
      </input_file>
      <input_file id="fl-fa">
         <path>C:\ti\ccsv8\tools\compiler\ti-cgt-arm_18.1.3.LTS\lib\</path>
         <kind>archive</kind>
         <file>rtsv7M4_T_le_eabi.lib</file>
         <name>memcpy_t2.asm.obj</name>
      </input_file>
      <input_file id="fl-fb">
         <path>C:\ti\ccsv8\tools\compiler\ti-cgt-arm_18.1.3.LTS\lib\</path>
         <kind>archive</kind>
         <file>rtsv7M4_T_le_eabi.lib</file>
         <name>copy_zero_init.c.obj</name>
      </input_file>
      <input_file id="fl-fc">
         <path>C:\ti\ccsv8\tools\compiler\ti-cgt-arm_18.1.3.LTS\lib\</path>
         <kind>archive</kind>
         <file>rtsv7M4_T_le_eabi.lib</file>
         <name>copy_decompress_none.c.obj</name>
      </input_file>
      <input_file id="fl-fd">
         <path>C:\ti\ccsv8\tools\compiler\ti-cgt-arm_18.1.3.LTS\lib\</path>
         <kind>archive</kind>
         <file>rtsv7M4_T_le_eabi.lib</file>
         <name>copy_decompress_lzss.c.obj</name>
      </input_file>
      <input_file id="fl-fe">
         <path>C:\ti\ccsv8\tools\compiler\ti-cgt-arm_18.1.3.LTS\lib\</path>
         <kind>archive</kind>
         <file>rtsv7M4_T_le_eabi.lib</file>
         <name>sprintf.c.obj</name>
      </input_file>
      <input_file id="fl-ff">
         <path>C:\ti\ccsv8\tools\compiler\ti-cgt-arm_18.1.3.LTS\lib\</path>
         <kind>archive</kind>
         <file>rtsv7M4_T_le_eabi.lib</file>
         <name>strcmp.c.obj</name>
      </input_file>
      <input_file id="fl-100">
         <path>C:\ti\ccsv8\tools\compiler\ti-cgt-arm_18.1.3.LTS\lib\</path>
         <kind>archive</kind>
         <file>rtsv7M4_T_le_eabi.lib</file>
         <name>strcpy.c.obj</name>
      </input_file>
      <input_file id="fl-101">
         <path>C:\ti\ccsv8\tools\compiler\ti-cgt-arm_18.1.3.LTS\lib\</path>
         <kind>archive</kind>
         <file>rtsv7M4_T_le_eabi.lib</file>
         <name>strlen.c.obj</name>
      </input_file>
      <input_file id="fl-102">
         <path>C:\ti\ccsv8\tools\compiler\ti-cgt-arm_18.1.3.LTS\lib\</path>
         <kind>archive</kind>
         <file>rtsv7M4_T_le_eabi.lib</file>
         <name>strncmp.c.obj</name>
      </input_file>
      <input_file id="fl-103">
         <path>C:\ti\ccsv8\tools\compiler\ti-cgt-arm_18.1.3.LTS\lib\</path>
         <kind>archive</kind>
         <file>rtsv7M4_T_le_eabi.lib</file>
         <name>errno.c.obj</name>
      </input_file>
      <input_file id="fl-104">
         <path>C:\ti\ccsv8\tools\compiler\ti-cgt-arm_18.1.3.LTS\lib\</path>
         <kind>archive</kind>
         <file>rtsv7M4_T_le_eabi.lib</file>
         <name>boot_cortex_m.c.obj</name>
      </input_file>
      <input_file id="fl-105">
         <path>C:\ti\ccsv8\tools\compiler\ti-cgt-arm_18.1.3.LTS\lib\</path>
         <kind>archive</kind>
         <file>rtsv7M4_T_le_eabi.lib</file>
         <name>div0.asm.obj</name>
      </input_file>
      <input_file id="fl-106">
         <path>C:\ti\ccsv8\tools\compiler\ti-cgt-arm_18.1.3.LTS\lib\</path>
         <kind>archive</kind>
         <file>rtsv7M4_T_le_eabi.lib</file>
         <name>autoinit.c.obj</name>
      </input_file>
      <input_file id="fl-107">
         <path>C:\ti\ccsv8\tools\compiler\ti-cgt-arm_18.1.3.LTS\lib\</path>
         <kind>archive</kind>
         <file>rtsv7M4_T_le_eabi.lib</file>
         <name>pre_init.c.obj</name>
      </input_file>
      <input_file id="fl-108">
         <path>C:\ti\ccsv8\tools\compiler\ti-cgt-arm_18.1.3.LTS\lib\</path>
         <kind>archive</kind>
         <file>rtsv7M4_T_le_eabi.lib</file>
         <name>cpy_tbl.c.obj</name>
      </input_file>
      <input_file id="fl-109">
         <path>C:\ti\ccsv8\tools\compiler\ti-cgt-arm_18.1.3.LTS\lib\</path>
         <kind>archive</kind>
         <file>rtsv7M4_T_le_eabi.lib</file>
         <name>exit.c.obj</name>
      </input_file>
      <input_file id="fl-10a">
         <path>C:\ti\ccsv8\tools\compiler\ti-cgt-arm_18.1.3.LTS\lib\</path>
         <kind>archive</kind>
         <file>rtsv7M4_T_le_eabi.lib</file>
         <name>_lock.c.obj</name>
      </input_file>
      <input_file id="fl-10b">
         <path>C:\ti\ccsv8\tools\compiler\ti-cgt-arm_18.1.3.LTS\lib\</path>
         <kind>archive</kind>
         <file>rtsv7M4_T_le_eabi.lib</file>
         <name>_printfi.c.obj</name>
      </input_file>
      <input_file id="fl-10c">
         <path>C:\ti\ccsv8\tools\compiler\ti-cgt-arm_18.1.3.LTS\lib\</path>
         <kind>archive</kind>
         <file>rtsv7M4_T_le_eabi.lib</file>
         <name>args_main.c.obj</name>
      </input_file>
      <input_file id="fl-10d">
         <path>C:\ti\ccsv8\tools\compiler\ti-cgt-arm_18.1.3.LTS\lib\</path>
         <kind>archive</kind>
         <file>rtsv7M4_T_le_eabi.lib</file>
         <name>atoi.c.obj</name>
      </input_file>
      <input_file id="fl-10e">
         <path>C:\ti\ccsv8\tools\compiler\ti-cgt-arm_18.1.3.LTS\lib\</path>
         <kind>archive</kind>
         <file>rtsv7M4_T_le_eabi.lib</file>
         <name>ctype.c.obj</name>
      </input_file>
      <input_file id="fl-10f">
         <path>C:\ti\ccsv8\tools\compiler\ti-cgt-arm_18.1.3.LTS\lib\</path>
         <kind>archive</kind>
         <file>rtsv7M4_T_le_eabi.lib</file>
         <name>ltoa.c.obj</name>
      </input_file>
      <input_file id="fl-110">
         <path>C:\ti\ccsv8\tools\compiler\ti-cgt-arm_18.1.3.LTS\lib\</path>
         <kind>archive</kind>
         <file>rtsv7M4_T_le_eabi.lib</file>
         <name>memccpy.c.obj</name>
      </input_file>
      <input_file id="fl-111">
         <path>C:\ti\ccsv8\tools\compiler\ti-cgt-arm_18.1.3.LTS\lib\</path>
         <kind>archive</kind>
         <file>rtsv7M4_T_le_eabi.lib</file>
         <name>strchr.c.obj</name>
      </input_file>
      <input_file id="fl-112">
         <path>C:\ti\ccsv8\tools\compiler\ti-cgt-arm_18.1.3.LTS\lib\</path>
         <kind>archive</kind>
         <file>rtsv7M4_T_le_eabi.lib</file>
         <name>s_frexp.c.obj</name>
      </input_file>
      <input_file id="fl-113">
         <path>C:\ti\ccsv8\tools\compiler\ti-cgt-arm_18.1.3.LTS\lib\</path>
         <kind>archive</kind>
         <file>rtsv7M4_T_le_eabi.lib</file>
         <name>wcslen.c.obj</name>
      </input_file>
      <input_file id="fl-114">
         <path>C:\ti\ccsv8\tools\compiler\ti-cgt-arm_18.1.3.LTS\lib\</path>
         <kind>archive</kind>
         <file>rtsv7M4_T_le_eabi.lib</file>
         <name>fd_toi_t2.asm.obj</name>
      </input_file>
   </input_file_list>
   <object_component_list>
      <object_component id="oc-f">
         <name>.intvecs</name>
         <load_address>0x20004000</load_address>
         <run_address>0x20004000</run_address>
         <size>0x400</size>
         <input_file_ref idref="fl-7"/>
      </object_component>
      <object_component id="oc-7b">
         <name>.text</name>
         <load_address>0x20004400</load_address>
         <run_address>0x20004400</run_address>
         <size>0x1518</size>
         <input_file_ref idref="fl-e"/>
      </object_component>
      <object_component id="oc-206">
         <name>.text</name>
         <load_address>0x20005918</load_address>
         <run_address>0x20005918</run_address>
         <size>0xa88</size>
         <input_file_ref idref="fl-c"/>
      </object_component>
      <object_component id="oc-229">
         <name>.text:__TI_printfi</name>
         <load_address>0x200063a0</load_address>
         <run_address>0x200063a0</run_address>
         <size>0xa4a</size>
         <input_file_ref idref="fl-10b"/>
      </object_component>
      <object_component id="oc-3d9">
         <name>.text</name>
         <load_address>0x20006dea</load_address>
         <run_address>0x20006dea</run_address>
         <size>0x2</size>
         <input_file_ref idref="fl-105"/>
      </object_component>
      <object_component id="oc-2cc">
         <name>.text:pow</name>
         <load_address>0x20006dec</load_address>
         <run_address>0x20006dec</run_address>
         <size>0x9b8</size>
         <input_file_ref idref="fl-e8"/>
      </object_component>
      <object_component id="oc-127">
         <name>.text</name>
         <load_address>0x200077a4</load_address>
         <run_address>0x200077a4</run_address>
         <size>0x7fc</size>
         <input_file_ref idref="fl-20"/>
      </object_component>
      <object_component id="oc-2eb">
         <name>.text</name>
         <load_address>0x20007fa0</load_address>
         <run_address>0x20007fa0</run_address>
         <size>0x7c0</size>
         <input_file_ref idref="fl-2e"/>
      </object_component>
      <object_component id="oc-139">
         <name>.text</name>
         <load_address>0x20008760</load_address>
         <run_address>0x20008760</run_address>
         <size>0x788</size>
         <input_file_ref idref="fl-2d"/>
      </object_component>
      <object_component id="oc-145">
         <name>.text</name>
         <load_address>0x20008ee8</load_address>
         <run_address>0x20008ee8</run_address>
         <size>0x784</size>
         <input_file_ref idref="fl-4"/>
      </object_component>
      <object_component id="oc-158">
         <name>.text</name>
         <load_address>0x2000966c</load_address>
         <run_address>0x2000966c</run_address>
         <size>0x5ac</size>
         <input_file_ref idref="fl-3"/>
      </object_component>
      <object_component id="oc-fd">
         <name>.text</name>
         <load_address>0x20009c18</load_address>
         <run_address>0x20009c18</run_address>
         <size>0x55c</size>
         <input_file_ref idref="fl-f"/>
      </object_component>
      <object_component id="oc-14b">
         <name>.text</name>
         <load_address>0x2000a174</load_address>
         <run_address>0x2000a174</run_address>
         <size>0x350</size>
         <input_file_ref idref="fl-8"/>
      </object_component>
      <object_component id="oc-2af">
         <name>.text</name>
         <load_address>0x2000a4c4</load_address>
         <run_address>0x2000a4c4</run_address>
         <size>0x2fc</size>
         <input_file_ref idref="fl-1c"/>
      </object_component>
      <object_component id="oc-121">
         <name>.text</name>
         <load_address>0x2000a7c0</load_address>
         <run_address>0x2000a7c0</run_address>
         <size>0x288</size>
         <input_file_ref idref="fl-1e"/>
      </object_component>
      <object_component id="oc-393">
         <name>.text:_pconv_a</name>
         <load_address>0x2000aa48</load_address>
         <run_address>0x2000aa48</run_address>
         <size>0x268</size>
         <input_file_ref idref="fl-10b"/>
      </object_component>
      <object_component id="oc-82">
         <name>.text</name>
         <load_address>0x2000acb0</load_address>
         <run_address>0x2000acb0</run_address>
         <size>0x25c</size>
         <input_file_ref idref="fl-5"/>
      </object_component>
      <object_component id="oc-267">
         <name>.text</name>
         <load_address>0x2000af0c</load_address>
         <run_address>0x2000af0c</run_address>
         <size>0x250</size>
         <input_file_ref idref="fl-19"/>
      </object_component>
      <object_component id="oc-e7">
         <name>.text</name>
         <load_address>0x2000b15c</load_address>
         <run_address>0x2000b15c</run_address>
         <size>0x23c</size>
         <input_file_ref idref="fl-12"/>
      </object_component>
      <object_component id="oc-280">
         <name>.text</name>
         <load_address>0x2000b398</load_address>
         <run_address>0x2000b398</run_address>
         <size>0x234</size>
         <input_file_ref idref="fl-26"/>
      </object_component>
      <object_component id="oc-2e">
         <name>.text</name>
         <load_address>0x2000b5cc</load_address>
         <run_address>0x2000b5cc</run_address>
         <size>0x1f0</size>
         <input_file_ref idref="fl-10"/>
      </object_component>
      <object_component id="oc-1f7">
         <name>.text</name>
         <load_address>0x2000b7bc</load_address>
         <run_address>0x2000b7bc</run_address>
         <size>0x1f0</size>
         <input_file_ref idref="fl-25"/>
      </object_component>
      <object_component id="oc-12d">
         <name>.text</name>
         <load_address>0x2000b9ac</load_address>
         <run_address>0x2000b9ac</run_address>
         <size>0x1d4</size>
         <input_file_ref idref="fl-1a"/>
      </object_component>
      <object_component id="oc-381">
         <name>.text:_pconv_g</name>
         <load_address>0x2000bb80</load_address>
         <run_address>0x2000bb80</run_address>
         <size>0x1cc</size>
         <input_file_ref idref="fl-10b"/>
      </object_component>
      <object_component id="oc-2c2">
         <name>.text</name>
         <load_address>0x2000bd4c</load_address>
         <run_address>0x2000bd4c</run_address>
         <size>0x1b6</size>
         <input_file_ref idref="fl-ef"/>
      </object_component>
      <object_component id="oc-279">
         <name>.text</name>
         <load_address>0x2000bf04</load_address>
         <run_address>0x2000bf04</run_address>
         <size>0x1b4</size>
         <input_file_ref idref="fl-1f"/>
      </object_component>
      <object_component id="oc-151">
         <name>.text</name>
         <load_address>0x2000c0b8</load_address>
         <run_address>0x2000c0b8</run_address>
         <size>0x184</size>
         <input_file_ref idref="fl-2"/>
      </object_component>
      <object_component id="oc-41f">
         <name>.text:sqrt</name>
         <load_address>0x2000c23c</load_address>
         <run_address>0x2000c23c</run_address>
         <size>0x15c</size>
         <input_file_ref idref="fl-e9"/>
      </object_component>
      <object_component id="oc-38d">
         <name>.text:_pconv_e</name>
         <load_address>0x2000c398</load_address>
         <run_address>0x2000c398</run_address>
         <size>0x13c</size>
         <input_file_ref idref="fl-10b"/>
      </object_component>
      <object_component id="oc-2d2">
         <name>.text</name>
         <load_address>0x2000c4d4</load_address>
         <run_address>0x2000c4d4</run_address>
         <size>0x136</size>
         <input_file_ref idref="fl-f1"/>
      </object_component>
      <object_component id="oc-4cc">
         <name>.text:fcvt</name>
         <load_address>0x2000c60c</load_address>
         <run_address>0x2000c60c</run_address>
         <size>0x120</size>
         <input_file_ref idref="fl-10b"/>
      </object_component>
      <object_component id="oc-2c7">
         <name>.text</name>
         <load_address>0x2000c72c</load_address>
         <run_address>0x2000c72c</run_address>
         <size>0xfc</size>
         <input_file_ref idref="fl-f2"/>
      </object_component>
      <object_component id="oc-45a">
         <name>.text</name>
         <load_address>0x2000c828</load_address>
         <run_address>0x2000c828</run_address>
         <size>0xfa</size>
         <input_file_ref idref="fl-f4"/>
      </object_component>
      <object_component id="oc-42d">
         <name>.text:scalbn</name>
         <load_address>0x2000c924</load_address>
         <run_address>0x2000c924</run_address>
         <size>0xd0</size>
         <input_file_ref idref="fl-ea"/>
      </object_component>
      <object_component id="oc-29">
         <name>.text</name>
         <load_address>0x2000c9f4</load_address>
         <run_address>0x2000c9f4</run_address>
         <size>0xba</size>
         <input_file_ref idref="fl-11"/>
      </object_component>
      <object_component id="oc-376">
         <name>.text:_ltostr</name>
         <load_address>0x2000cab0</load_address>
         <run_address>0x2000cab0</run_address>
         <size>0xb1</size>
         <input_file_ref idref="fl-10b"/>
      </object_component>
      <object_component id="oc-133">
         <name>.text</name>
         <load_address>0x2000cb64</load_address>
         <run_address>0x2000cb64</run_address>
         <size>0xb0</size>
         <input_file_ref idref="fl-6"/>
      </object_component>
      <object_component id="oc-13f">
         <name>.text</name>
         <load_address>0x2000cc14</load_address>
         <run_address>0x2000cc14</run_address>
         <size>0xa8</size>
         <input_file_ref idref="fl-2c"/>
      </object_component>
      <object_component id="oc-42">
         <name>.text</name>
         <load_address>0x2000ccbc</load_address>
         <run_address>0x2000ccbc</run_address>
         <size>0x9c</size>
         <input_file_ref idref="fl-fa"/>
      </object_component>
      <object_component id="oc-26d">
         <name>.text</name>
         <load_address>0x2000cd58</load_address>
         <run_address>0x2000cd58</run_address>
         <size>0x96</size>
         <input_file_ref idref="fl-ed"/>
      </object_component>
      <object_component id="oc-d5">
         <name>.text</name>
         <load_address>0x2000cdee</load_address>
         <run_address>0x2000cdee</run_address>
         <size>0x94</size>
         <input_file_ref idref="fl-b"/>
      </object_component>
      <object_component id="oc-45f">
         <name>.text</name>
         <load_address>0x2000ce82</load_address>
         <run_address>0x2000ce82</run_address>
         <size>0x92</size>
         <input_file_ref idref="fl-f5"/>
      </object_component>
      <object_component id="oc-37c">
         <name>.text:__aeabi_cdcmple</name>
         <load_address>0x2000cf14</load_address>
         <run_address>0x2000cf14</run_address>
         <size>0x86</size>
         <input_file_ref idref="fl-f0"/>
      </object_component>
      <object_component id="oc-428">
         <name>.text:__aeabi_cdrcmple</name>
         <load_address>0x2000cf9a</load_address>
         <run_address>0x2000cf9a</run_address>
         <size>0x86</size>
         <input_file_ref idref="fl-f0"/>
      </object_component>
      <object_component id="oc-455">
         <name>.text</name>
         <load_address>0x2000d020</load_address>
         <run_address>0x2000d020</run_address>
         <size>0x7a</size>
         <input_file_ref idref="fl-f6"/>
      </object_component>
      <object_component id="oc-b3">
         <name>.text</name>
         <load_address>0x2000d09a</load_address>
         <run_address>0x2000d09a</run_address>
         <size>0x7a</size>
         <input_file_ref idref="fl-ec"/>
      </object_component>
      <object_component id="oc-103">
         <name>.text</name>
         <load_address>0x2000d114</load_address>
         <run_address>0x2000d114</run_address>
         <size>0x70</size>
         <input_file_ref idref="fl-2a"/>
      </object_component>
      <object_component id="oc-4c5">
         <name>.text:_mcpy</name>
         <load_address>0x2000d184</load_address>
         <run_address>0x2000d184</run_address>
         <size>0x6e</size>
         <input_file_ref idref="fl-10b"/>
      </object_component>
      <object_component id="oc-2dc">
         <name>.text</name>
         <load_address>0x2000d1f2</load_address>
         <run_address>0x2000d1f2</run_address>
         <size>0x6e</size>
         <input_file_ref idref="fl-f3"/>
      </object_component>
      <object_component id="oc-12">
         <name>.text:decompress:lzss:__TI_decompress_lzss</name>
         <load_address>0x2000d260</load_address>
         <run_address>0x2000d260</run_address>
         <size>0x68</size>
         <input_file_ref idref="fl-fd"/>
      </object_component>
      <object_component id="oc-2e5">
         <name>.text</name>
         <load_address>0x2000d2c8</load_address>
         <run_address>0x2000d2c8</run_address>
         <size>0x64</size>
         <input_file_ref idref="fl-2b"/>
      </object_component>
      <object_component id="oc-4da">
         <name>.text:frexp</name>
         <load_address>0x2000d32c</load_address>
         <run_address>0x2000d32c</run_address>
         <size>0x5c</size>
         <input_file_ref idref="fl-112"/>
      </object_component>
      <object_component id="oc-387">
         <name>.text:_pconv_f</name>
         <load_address>0x2000d388</load_address>
         <run_address>0x2000d388</run_address>
         <size>0x56</size>
         <input_file_ref idref="fl-10b"/>
      </object_component>
      <object_component id="oc-248">
         <name>.text</name>
         <load_address>0x2000d3de</load_address>
         <run_address>0x2000d3de</run_address>
         <size>0x56</size>
         <input_file_ref idref="fl-16"/>
      </object_component>
      <object_component id="oc-4b9">
         <name>.text:ltoa</name>
         <load_address>0x2000d434</load_address>
         <run_address>0x2000d434</run_address>
         <size>0x54</size>
         <input_file_ref idref="fl-10f"/>
      </object_component>
      <object_component id="oc-4bf">
         <name>.text:_ecpy</name>
         <load_address>0x2000d488</load_address>
         <run_address>0x2000d488</run_address>
         <size>0x52</size>
         <input_file_ref idref="fl-10b"/>
      </object_component>
      <object_component id="oc-370">
         <name>.text:atoi</name>
         <load_address>0x2000d4dc</load_address>
         <run_address>0x2000d4dc</run_address>
         <size>0x4c</size>
         <input_file_ref idref="fl-10d"/>
      </object_component>
      <object_component id="oc-4b4">
         <name>.text</name>
         <load_address>0x2000d528</load_address>
         <run_address>0x2000d528</run_address>
         <size>0x48</size>
         <input_file_ref idref="fl-114"/>
      </object_component>
      <object_component id="oc-19f">
         <name>.text:__TI_auto_init_nobinit_nopinit:__TI_auto_init_nobinit_nopinit</name>
         <load_address>0x2000d570</load_address>
         <run_address>0x2000d570</run_address>
         <size>0x44</size>
         <input_file_ref idref="fl-106"/>
      </object_component>
      <object_component id="oc-286">
         <name>.text</name>
         <load_address>0x2000d5b4</load_address>
         <run_address>0x2000d5b4</run_address>
         <size>0x40</size>
         <input_file_ref idref="fl-ee"/>
      </object_component>
      <object_component id="oc-115">
         <name>.text:sprintf</name>
         <load_address>0x2000d5f4</load_address>
         <run_address>0x2000d5f4</run_address>
         <size>0x40</size>
         <input_file_ref idref="fl-fe"/>
      </object_component>
      <object_component id="oc-4d2">
         <name>.text:_fcpy</name>
         <load_address>0x2000d634</load_address>
         <run_address>0x2000d634</run_address>
         <size>0x3e</size>
         <input_file_ref idref="fl-10b"/>
      </object_component>
      <object_component id="oc-2f7">
         <name>.text</name>
         <load_address>0x2000d672</load_address>
         <run_address>0x2000d672</run_address>
         <size>0x38</size>
         <input_file_ref idref="fl-f7"/>
      </object_component>
      <object_component id="oc-450">
         <name>.text</name>
         <load_address>0x2000d6aa</load_address>
         <run_address>0x2000d6aa</run_address>
         <size>0x38</size>
         <input_file_ref idref="fl-f9"/>
      </object_component>
      <object_component id="oc-2d7">
         <name>.text</name>
         <load_address>0x2000d6e2</load_address>
         <run_address>0x2000d6e2</run_address>
         <size>0x2e</size>
         <input_file_ref idref="fl-f8"/>
      </object_component>
      <object_component id="oc-23">
         <name>.text</name>
         <load_address>0x2000d710</load_address>
         <run_address>0x2000d710</run_address>
         <size>0x2c</size>
         <input_file_ref idref="fl-7"/>
      </object_component>
      <object_component id="oc-2f1">
         <name>.text:strncmp</name>
         <load_address>0x2000d73c</load_address>
         <run_address>0x2000d73c</run_address>
         <size>0x2c</size>
         <input_file_ref idref="fl-102"/>
      </object_component>
      <object_component id="oc-60">
         <name>.text:_c_int00_noargs:_c_int00_noargs</name>
         <load_address>0x2000d768</load_address>
         <run_address>0x2000d768</run_address>
         <size>0x28</size>
         <input_file_ref idref="fl-104"/>
      </object_component>
      <object_component id="oc-ed">
         <name>.text:GetOverflowCounts</name>
         <load_address>0x2000d790</load_address>
         <run_address>0x2000d790</run_address>
         <size>0x24</size>
         <input_file_ref idref="fl-2a"/>
      </object_component>
      <object_component id="oc-399">
         <name>.text:memccpy</name>
         <load_address>0x2000d7b4</load_address>
         <run_address>0x2000d7b4</run_address>
         <size>0x1c</size>
         <input_file_ref idref="fl-110"/>
      </object_component>
      <object_component id="oc-22f">
         <name>.text:_outs</name>
         <load_address>0x2000d7d0</load_address>
         <run_address>0x2000d7d0</run_address>
         <size>0x18</size>
         <input_file_ref idref="fl-fe"/>
      </object_component>
      <object_component id="oc-442">
         <name>.text:strcmp</name>
         <load_address>0x2000d7e8</load_address>
         <run_address>0x2000d7e8</run_address>
         <size>0x18</size>
         <input_file_ref idref="fl-ff"/>
      </object_component>
      <object_component id="oc-4e0">
         <name>.text:strchr</name>
         <load_address>0x2000d800</load_address>
         <run_address>0x2000d800</run_address>
         <size>0x16</size>
         <input_file_ref idref="fl-111"/>
      </object_component>
      <object_component id="oc-109">
         <name>.text:strcpy</name>
         <load_address>0x2000d816</load_address>
         <run_address>0x2000d816</run_address>
         <size>0x14</size>
         <input_file_ref idref="fl-100"/>
      </object_component>
      <object_component id="oc-10f">
         <name>.text:strlen</name>
         <load_address>0x2000d82a</load_address>
         <run_address>0x2000d82a</run_address>
         <size>0x14</size>
         <input_file_ref idref="fl-101"/>
      </object_component>
      <object_component id="oc-39f">
         <name>.text:wcslen</name>
         <load_address>0x2000d83e</load_address>
         <run_address>0x2000d83e</run_address>
         <size>0x12</size>
         <input_file_ref idref="fl-113"/>
      </object_component>
      <object_component id="oc-18">
         <name>.text:decompress:none:__TI_decompress_none</name>
         <load_address>0x2000d850</load_address>
         <run_address>0x2000d850</run_address>
         <size>0xe</size>
         <input_file_ref idref="fl-fc"/>
      </object_component>
      <object_component id="oc-54">
         <name>.text:decompress:ZI:__TI_zero_init</name>
         <load_address>0x2000d85e</load_address>
         <run_address>0x2000d85e</run_address>
         <size>0xc</size>
         <input_file_ref idref="fl-fb"/>
      </object_component>
      <object_component id="oc-235">
         <name>.text:_outc</name>
         <load_address>0x2000d86a</load_address>
         <run_address>0x2000d86a</run_address>
         <size>0xa</size>
         <input_file_ref idref="fl-fe"/>
      </object_component>
      <object_component id="oc-3a5">
         <name>.text:__aeabi_errno_addr</name>
         <load_address>0x2000d874</load_address>
         <run_address>0x2000d874</run_address>
         <size>0x8</size>
         <input_file_ref idref="fl-103"/>
      </object_component>
      <object_component id="oc-520">
         <name>.text:copysign</name>
         <load_address>0x2000d87c</load_address>
         <run_address>0x2000d87c</run_address>
         <size>0x8</size>
         <input_file_ref idref="fl-eb"/>
      </object_component>
      <object_component id="oc-157">
         <name>.text:UtilsDelay</name>
         <load_address>0x2000d884</load_address>
         <run_address>0x2000d884</run_address>
         <size>0x6</size>
         <input_file_ref idref="fl-28"/>
      </object_component>
      <object_component id="oc-b9">
         <name>.text:_system_pre_init</name>
         <load_address>0x2000d88a</load_address>
         <run_address>0x2000d88a</run_address>
         <size>0x4</size>
         <input_file_ref idref="fl-107"/>
      </object_component>
      <object_component id="oc-193">
         <name>.text:abort:abort</name>
         <load_address>0x2000d88e</load_address>
         <run_address>0x2000d88e</run_address>
         <size>0x4</size>
         <input_file_ref idref="fl-109"/>
      </object_component>
      <object_component id="oc-477">
         <name>.const:.string</name>
         <load_address>0x2000d898</load_address>
         <run_address>0x2000d898</run_address>
         <size>0x146</size>
         <input_file_ref idref="fl-3"/>
      </object_component>
      <object_component id="oc-4ad">
         <name>.const:.string:_ctypes_</name>
         <load_address>0x2000d9de</load_address>
         <run_address>0x2000d9de</run_address>
         <size>0x101</size>
         <input_file_ref idref="fl-10e"/>
      </object_component>
      <object_component id="oc-3ea">
         <name>.const:g_ulPinToPadMap</name>
         <load_address>0x2000dae0</load_address>
         <run_address>0x2000dae0</run_address>
         <size>0x100</size>
         <input_file_ref idref="fl-1f"/>
      </object_component>
      <object_component id="oc-24e">
         <name>.const:g_pulRegs</name>
         <load_address>0x2000dbe0</load_address>
         <run_address>0x2000dbe0</run_address>
         <size>0xd4</size>
         <input_file_ref idref="fl-1e"/>
      </object_component>
      <object_component id="oc-272">
         <name>.const:PRCM_PeriphRegsList</name>
         <load_address>0x2000dcb4</load_address>
         <run_address>0x2000dcb4</run_address>
         <size>0xa8</size>
         <input_file_ref idref="fl-20"/>
      </object_component>
      <object_component id="oc-3cf">
         <name>.const:g_pulFMPPERegs</name>
         <load_address>0x2000dd5c</load_address>
         <run_address>0x2000dd5c</run_address>
         <size>0x40</size>
         <input_file_ref idref="fl-19"/>
      </object_component>
      <object_component id="oc-3cc">
         <name>.const:g_pulFMPRERegs</name>
         <load_address>0x2000dd9c</load_address>
         <run_address>0x2000dd9c</run_address>
         <size>0x40</size>
         <input_file_ref idref="fl-19"/>
      </object_component>
      <object_component id="oc-291">
         <name>.const</name>
         <load_address>0x2000dddc</load_address>
         <run_address>0x2000dddc</run_address>
         <size>0x4</size>
         <input_file_ref idref="fl-2d"/>
      </object_component>
      <object_component id="oc-425">
         <name>.const:$O1$$</name>
         <load_address>0x2000dde0</load_address>
         <run_address>0x2000dde0</run_address>
         <size>0x30</size>
         <input_file_ref idref="fl-e8"/>
      </object_component>
      <object_component id="oc-46a">
         <name>.const:g_psDaysToMonth</name>
         <load_address>0x2000de10</load_address>
         <run_address>0x2000de10</run_address>
         <size>0x30</size>
         <input_file_ref idref="fl-2e"/>
      </object_component>
      <object_component id="oc-251">
         <name>.const:g_pulPriority</name>
         <load_address>0x2000de40</load_address>
         <run_address>0x2000de40</run_address>
         <size>0x20</size>
         <input_file_ref idref="fl-1e"/>
      </object_component>
      <object_component id="oc-464">
         <name>.const:g_pfExponents</name>
         <load_address>0x2000de60</load_address>
         <run_address>0x2000de60</run_address>
         <size>0x18</size>
         <input_file_ref idref="fl-2e"/>
      </object_component>
      <object_component id="oc-25d">
         <name>.const:g_pulDisRegs</name>
         <load_address>0x2000de78</load_address>
         <run_address>0x2000de78</run_address>
         <size>0x18</size>
         <input_file_ref idref="fl-1e"/>
      </object_component>
      <object_component id="oc-25a">
         <name>.const:g_pulEnRegs</name>
         <load_address>0x2000de90</load_address>
         <run_address>0x2000de90</run_address>
         <size>0x18</size>
         <input_file_ref idref="fl-1e"/>
      </object_component>
      <object_component id="oc-254">
         <name>.const:g_pulPendRegs</name>
         <load_address>0x2000dea8</load_address>
         <run_address>0x2000dea8</run_address>
         <size>0x18</size>
         <input_file_ref idref="fl-1e"/>
      </object_component>
      <object_component id="oc-257">
         <name>.const:g_pulUnpendRegs</name>
         <load_address>0x2000dec0</load_address>
         <run_address>0x2000dec0</run_address>
         <size>0x18</size>
         <input_file_ref idref="fl-1e"/>
      </object_component>
      <object_component id="oc-3f9">
         <name>.const:.string</name>
         <load_address>0x2000ded8</load_address>
         <run_address>0x2000ded8</run_address>
         <size>0x12</size>
         <input_file_ref idref="fl-2d"/>
      </object_component>
      <object_component id="oc-53a">
         <name>.const:.string</name>
         <load_address>0x2000deec</load_address>
         <run_address>0x2000deec</run_address>
         <size>0x12</size>
         <input_file_ref idref="fl-2e"/>
      </object_component>
      <object_component id="oc-3ef">
         <name>.const:g_ppulUARTIntMap</name>
         <load_address>0x2000df00</load_address>
         <run_address>0x2000df00</run_address>
         <size>0x10</size>
         <input_file_ref idref="fl-26"/>
      </object_component>
      <object_component id="oc-40f">
         <name>.const:g_ppui32I2CIntMap</name>
         <load_address>0x2000df10</load_address>
         <run_address>0x2000df10</run_address>
         <size>0x8</size>
         <input_file_ref idref="fl-1c"/>
      </object_component>
      <object_component id="oc-29a">
         <name>.const:g_ui32UARTBase</name>
         <load_address>0x2000df18</load_address>
         <run_address>0x2000df18</run_address>
         <size>0x8</size>
         <input_file_ref idref="fl-2d"/>
      </object_component>
      <object_component id="oc-2a0">
         <name>.const:g_ui32UARTInt</name>
         <load_address>0x2000df20</load_address>
         <run_address>0x2000df20</run_address>
         <size>0x8</size>
         <input_file_ref idref="fl-2d"/>
      </object_component>
      <object_component id="oc-29d">
         <name>.const:g_ui32UARTPeriph</name>
         <load_address>0x2000df28</load_address>
         <run_address>0x2000df28</run_address>
         <size>0x8</size>
         <input_file_ref idref="fl-2d"/>
      </object_component>
      <object_component id="oc-78">
         <name>.const</name>
         <load_address>0x2000df30</load_address>
         <run_address>0x2000df30</run_address>
         <size>0x8</size>
         <input_file_ref idref="fl-10"/>
      </object_component>
      <object_component id="oc-44d">
         <name>.const</name>
         <load_address>0x2000df38</load_address>
         <run_address>0x2000df38</run_address>
         <size>0x4</size>
         <input_file_ref idref="fl-2e"/>
      </object_component>
      <object_component id="oc-5b9">
         <name>.cinit..data.load</name>
         <load_address>0x2000df40</load_address>
         <run_address>0x2000df40</run_address>
         <size>0x8b</size>
      </object_component>
      <object_component id="oc-5b7">
         <name>__TI_handler_table</name>
         <load_address>0x2000dfcc</load_address>
         <run_address>0x2000dfcc</run_address>
         <size>0xc</size>
      </object_component>
      <object_component id="oc-5ba">
         <name>.cinit..bss.load</name>
         <load_address>0x2000dfd8</load_address>
         <run_address>0x2000dfd8</run_address>
         <size>0x8</size>
      </object_component>
      <object_component id="oc-5b8">
         <name>__TI_cinit_table</name>
         <load_address>0x2000dfe0</load_address>
         <run_address>0x2000dfe0</run_address>
         <size>0x10</size>
      </object_component>
      <object_component id="oc-2fc">
         <name>.data:g_psCmdTable</name>
         <load_address>0x20023430</load_address>
         <run_address>0x20023430</run_address>
         <size>0x6c</size>
         <input_file_ref idref="fl-3"/>
      </object_component>
      <object_component id="oc-2b8">
         <name>.data</name>
         <load_address>0x20023530</load_address>
         <run_address>0x20023530</run_address>
         <size>0x4</size>
         <input_file_ref idref="fl-4"/>
      </object_component>
      <object_component id="oc-2ff">
         <name>.data</name>
         <load_address>0x20023534</load_address>
         <run_address>0x20023534</run_address>
         <size>0x4</size>
         <input_file_ref idref="fl-5"/>
      </object_component>
      <object_component id="oc-75">
         <name>.data</name>
         <load_address>0x2002349c</load_address>
         <run_address>0x2002349c</run_address>
         <size>0x3c</size>
         <input_file_ref idref="fl-e"/>
      </object_component>
      <object_component id="oc-20c">
         <name>.data</name>
         <load_address>0x20023514</load_address>
         <run_address>0x20023514</run_address>
         <size>0xc</size>
         <input_file_ref idref="fl-f"/>
      </object_component>
      <object_component id="oc-88">
         <name>.data</name>
         <load_address>0x20023508</load_address>
         <run_address>0x20023508</run_address>
         <size>0xc</size>
         <input_file_ref idref="fl-10"/>
      </object_component>
      <object_component id="oc-1ec">
         <name>.data</name>
         <load_address>0x200234f8</load_address>
         <run_address>0x200234f8</run_address>
         <size>0x10</size>
         <input_file_ref idref="fl-12"/>
      </object_component>
      <object_component id="oc-1fd">
         <name>.data</name>
         <load_address>0x2002352c</load_address>
         <run_address>0x2002352c</run_address>
         <size>0x4</size>
         <input_file_ref idref="fl-2a"/>
      </object_component>
      <object_component id="oc-2ab">
         <name>.data:g_pui32CPUUsageTimerPeriph</name>
         <load_address>0x200234e8</load_address>
         <run_address>0x200234e8</run_address>
         <size>0x10</size>
         <input_file_ref idref="fl-2c"/>
      </object_component>
      <object_component id="oc-2a5">
         <name>.data:g_pui32CPUUsageTimerBase</name>
         <load_address>0x200234d8</load_address>
         <run_address>0x200234d8</run_address>
         <size>0x10</size>
         <input_file_ref idref="fl-2c"/>
      </object_component>
      <object_component id="oc-28b">
         <name>.data</name>
         <load_address>0x20023520</load_address>
         <run_address>0x20023520</run_address>
         <size>0xc</size>
         <input_file_ref idref="fl-2d"/>
      </object_component>
      <object_component id="oc-467">
         <name>.data</name>
         <load_address>0x2002353c</load_address>
         <run_address>0x2002353c</run_address>
         <size>0x4</size>
         <input_file_ref idref="fl-2e"/>
      </object_component>
      <object_component id="oc-4f0">
         <name>.data</name>
         <load_address>0x20023538</load_address>
         <run_address>0x20023538</run_address>
         <size>0x4</size>
         <input_file_ref idref="fl-103"/>
      </object_component>
      <object_component id="oc-2b5">
         <name>.bss</name>
         <uninitialized>true</uninitialized>
         <run_address>0x20023410</run_address>
         <size>0x8</size>
         <input_file_ref idref="fl-4"/>
      </object_component>
      <object_component id="oc-2bb">
         <name>.bss:transaction$1</name>
         <uninitialized>true</uninitialized>
         <run_address>0x20023404</run_address>
         <size>0xc</size>
         <input_file_ref idref="fl-4"/>
      </object_component>
      <object_component id="oc-e1">
         <name>.bss:pxReadyTasksLists</name>
         <uninitialized>true</uninitialized>
         <run_address>0x20023200</run_address>
         <size>0xc8</size>
         <input_file_ref idref="fl-e"/>
      </object_component>
      <object_component id="oc-f4">
         <name>.bss:xDelayedTaskList1</name>
         <uninitialized>true</uninitialized>
         <run_address>0x20023384</run_address>
         <size>0x14</size>
         <input_file_ref idref="fl-e"/>
      </object_component>
      <object_component id="oc-f7">
         <name>.bss:xDelayedTaskList2</name>
         <uninitialized>true</uninitialized>
         <run_address>0x20023398</run_address>
         <size>0x14</size>
         <input_file_ref idref="fl-e"/>
      </object_component>
      <object_component id="oc-e4">
         <name>.bss</name>
         <uninitialized>true</uninitialized>
         <run_address>0x20023418</run_address>
         <size>0x8</size>
         <input_file_ref idref="fl-e"/>
      </object_component>
      <object_component id="oc-de">
         <name>.bss:xPendingReadyList</name>
         <uninitialized>true</uninitialized>
         <run_address>0x200233ac</run_address>
         <size>0x14</size>
         <input_file_ref idref="fl-e"/>
      </object_component>
      <object_component id="oc-fa">
         <name>.bss:xTasksWaitingTermination</name>
         <uninitialized>true</uninitialized>
         <run_address>0x200233d4</run_address>
         <size>0x14</size>
         <input_file_ref idref="fl-e"/>
      </object_component>
      <object_component id="oc-db">
         <name>.bss:xSuspendedTaskList</name>
         <uninitialized>true</uninitialized>
         <run_address>0x200233c0</run_address>
         <size>0x14</size>
         <input_file_ref idref="fl-e"/>
      </object_component>
      <object_component id="oc-20f">
         <name>.bss:xActiveTimerList1</name>
         <uninitialized>true</uninitialized>
         <run_address>0x2002335c</run_address>
         <size>0x14</size>
         <input_file_ref idref="fl-f"/>
      </object_component>
      <object_component id="oc-212">
         <name>.bss:xActiveTimerList2</name>
         <uninitialized>true</uninitialized>
         <run_address>0x20023370</run_address>
         <size>0x14</size>
         <input_file_ref idref="fl-f"/>
      </object_component>
      <object_component id="oc-215">
         <name>.bss</name>
         <uninitialized>true</uninitialized>
         <run_address>0x20023420</run_address>
         <size>0x8</size>
         <input_file_ref idref="fl-f"/>
      </object_component>
      <object_component id="oc-1f2">
         <name>.bss:ucHeap</name>
         <uninitialized>true</uninitialized>
         <run_address>0x2001b000</run_address>
         <size>0x8000</size>
         <input_file_ref idref="fl-12"/>
      </object_component>
      <object_component id="oc-1ef">
         <name>.bss:xStart</name>
         <uninitialized>true</uninitialized>
         <run_address>0x20023428</run_address>
         <size>0x8</size>
         <input_file_ref idref="fl-12"/>
      </object_component>
      <object_component id="oc-448">
         <name>.bss:g_ppcArgv</name>
         <uninitialized>true</uninitialized>
         <run_address>0x20023318</run_address>
         <size>0x24</size>
         <input_file_ref idref="fl-2b"/>
      </object_component>
      <object_component id="oc-2a8">
         <name>.bss</name>
         <uninitialized>true</uninitialized>
         <run_address>0x200233f8</run_address>
         <size>0xc</size>
         <input_file_ref idref="fl-2c"/>
      </object_component>
      <object_component id="oc-28e">
         <name>.bss</name>
         <uninitialized>true</uninitialized>
         <run_address>0x200233e8</run_address>
         <size>0x10</size>
         <input_file_ref idref="fl-2d"/>
      </object_component>
      <object_component id="oc-294">
         <name>.bss:g_pcUARTRxHistoryBuffer</name>
         <uninitialized>true</uninitialized>
         <run_address>0x20023000</run_address>
         <size>0x200</size>
         <input_file_ref idref="fl-2d"/>
      </object_component>
      <object_component id="oc-297">
         <name>.bss:g_usUARTRxHistoryOffset</name>
         <uninitialized>true</uninitialized>
         <run_address>0x2002333c</run_address>
         <size>0x20</size>
         <input_file_ref idref="fl-2d"/>
      </object_component>
      <object_component id="oc-359">
         <name>.common:xQueueRegistry</name>
         <uninitialized>true</uninitialized>
         <run_address>0x200232c8</run_address>
         <size>0x50</size>
      </object_component>
      <object_component id="oc-20">
         <name>.stack</name>
         <uninitialized>true</uninitialized>
         <run_address>0x2002b000</run_address>
         <size>0x4</size>
         <input_file_ref idref="fl-104"/>
      </object_component>
      <object_component id="oc-5bb">
         <name>.stack</name>
         <uninitialized>true</uninitialized>
         <run_address>0x2002b000</run_address>
         <size>0x0</size>
      </object_component>
      <object_component id="oc-2e4">
         <name>.debug_info</name>
         <load_address>0x0</load_address>
         <run_address>0x0</run_address>
         <size>0x20e</size>
         <input_file_ref idref="fl-2"/>
      </object_component>
      <object_component id="oc-152">
         <name>.debug_info</name>
         <load_address>0x20e</load_address>
         <run_address>0x20e</run_address>
         <size>0x78a</size>
         <input_file_ref idref="fl-2"/>
      </object_component>
      <object_component id="oc-169">
         <name>.debug_info</name>
         <load_address>0x998</load_address>
         <run_address>0x998</run_address>
         <size>0x26b</size>
         <input_file_ref idref="fl-2"/>
      </object_component>
      <object_component id="oc-3d">
         <name>.debug_info</name>
         <load_address>0xc03</load_address>
         <run_address>0xc03</run_address>
         <size>0x84</size>
         <input_file_ref idref="fl-2"/>
      </object_component>
      <object_component id="oc-17e">
         <name>.debug_info</name>
         <load_address>0xc87</load_address>
         <run_address>0xc87</run_address>
         <size>0x297</size>
         <input_file_ref idref="fl-2"/>
      </object_component>
      <object_component id="oc-413">
         <name>.debug_info</name>
         <load_address>0xf1e</load_address>
         <run_address>0xf1e</run_address>
         <size>0xef</size>
         <input_file_ref idref="fl-2"/>
      </object_component>
      <object_component id="oc-97">
         <name>.debug_info</name>
         <load_address>0x100d</load_address>
         <run_address>0x100d</run_address>
         <size>0xbb</size>
         <input_file_ref idref="fl-2"/>
      </object_component>
      <object_component id="oc-317">
         <name>.debug_info</name>
         <load_address>0x10c8</load_address>
         <run_address>0x10c8</run_address>
         <size>0xcc</size>
         <input_file_ref idref="fl-2"/>
      </object_component>
      <object_component id="oc-23d">
         <name>.debug_info</name>
         <load_address>0x1194</load_address>
         <run_address>0x1194</run_address>
         <size>0x2c</size>
         <input_file_ref idref="fl-2"/>
      </object_component>
      <object_component id="oc-17d">
         <name>.debug_info</name>
         <load_address>0x11c0</load_address>
         <run_address>0x11c0</run_address>
         <size>0x670</size>
         <input_file_ref idref="fl-3"/>
      </object_component>
      <object_component id="oc-2fd">
         <name>.debug_info</name>
         <load_address>0x1830</load_address>
         <run_address>0x1830</run_address>
         <size>0xda</size>
         <input_file_ref idref="fl-3"/>
      </object_component>
      <object_component id="oc-159">
         <name>.debug_info</name>
         <load_address>0x190a</load_address>
         <run_address>0x190a</run_address>
         <size>0xa9f</size>
         <input_file_ref idref="fl-3"/>
      </object_component>
      <object_component id="oc-16e">
         <name>.debug_info</name>
         <load_address>0x23a9</load_address>
         <run_address>0x23a9</run_address>
         <size>0x315</size>
         <input_file_ref idref="fl-3"/>
      </object_component>
      <object_component id="oc-312">
         <name>.debug_info</name>
         <load_address>0x26be</load_address>
         <run_address>0x26be</run_address>
         <size>0x7f</size>
         <input_file_ref idref="fl-3"/>
      </object_component>
      <object_component id="oc-321">
         <name>.debug_info</name>
         <load_address>0x273d</load_address>
         <run_address>0x273d</run_address>
         <size>0x461</size>
         <input_file_ref idref="fl-3"/>
      </object_component>
      <object_component id="oc-30a">
         <name>.debug_info</name>
         <load_address>0x2b9e</load_address>
         <run_address>0x2b9e</run_address>
         <size>0x4f</size>
         <input_file_ref idref="fl-3"/>
      </object_component>
      <object_component id="oc-8d">
         <name>.debug_info</name>
         <load_address>0x2bed</load_address>
         <run_address>0x2bed</run_address>
         <size>0x2c</size>
         <input_file_ref idref="fl-3"/>
      </object_component>
      <object_component id="oc-261">
         <name>.debug_info</name>
         <load_address>0x2c19</load_address>
         <run_address>0x2c19</run_address>
         <size>0x2c</size>
         <input_file_ref idref="fl-3"/>
      </object_component>
      <object_component id="oc-92">
         <name>.debug_info</name>
         <load_address>0x2c45</load_address>
         <run_address>0x2c45</run_address>
         <size>0x53</size>
         <input_file_ref idref="fl-3"/>
      </object_component>
      <object_component id="oc-31c">
         <name>.debug_info</name>
         <load_address>0x2c98</load_address>
         <run_address>0x2c98</run_address>
         <size>0x35</size>
         <input_file_ref idref="fl-3"/>
      </object_component>
      <object_component id="oc-173">
         <name>.debug_info</name>
         <load_address>0x2ccd</load_address>
         <run_address>0x2ccd</run_address>
         <size>0x14c</size>
         <input_file_ref idref="fl-3"/>
      </object_component>
      <object_component id="oc-247">
         <name>.debug_info</name>
         <load_address>0x2e19</load_address>
         <run_address>0x2e19</run_address>
         <size>0x8e7</size>
         <input_file_ref idref="fl-4"/>
      </object_component>
      <object_component id="oc-2b9">
         <name>.debug_info</name>
         <load_address>0x3700</load_address>
         <run_address>0x3700</run_address>
         <size>0xd8</size>
         <input_file_ref idref="fl-4"/>
      </object_component>
      <object_component id="oc-2b6">
         <name>.debug_info</name>
         <load_address>0x37d8</load_address>
         <run_address>0x37d8</run_address>
         <size>0xd2</size>
         <input_file_ref idref="fl-4"/>
      </object_component>
      <object_component id="oc-146">
         <name>.debug_info</name>
         <load_address>0x38aa</load_address>
         <run_address>0x38aa</run_address>
         <size>0x1210</size>
         <input_file_ref idref="fl-4"/>
      </object_component>
      <object_component id="oc-2bd">
         <name>.debug_info</name>
         <load_address>0x4aba</load_address>
         <run_address>0x4aba</run_address>
         <size>0xae</size>
         <input_file_ref idref="fl-4"/>
      </object_component>
      <object_component id="oc-11c">
         <name>.debug_info</name>
         <load_address>0x4b68</load_address>
         <run_address>0x4b68</run_address>
         <size>0x110</size>
         <input_file_ref idref="fl-4"/>
      </object_component>
      <object_component id="oc-1dd">
         <name>.debug_info</name>
         <load_address>0x4c78</load_address>
         <run_address>0x4c78</run_address>
         <size>0x461</size>
         <input_file_ref idref="fl-4"/>
      </object_component>
      <object_component id="oc-3e3">
         <name>.debug_info</name>
         <load_address>0x50d9</load_address>
         <run_address>0x50d9</run_address>
         <size>0x62</size>
         <input_file_ref idref="fl-4"/>
      </object_component>
      <object_component id="oc-242">
         <name>.debug_info</name>
         <load_address>0x513b</load_address>
         <run_address>0x513b</run_address>
         <size>0x8b</size>
         <input_file_ref idref="fl-4"/>
      </object_component>
      <object_component id="oc-15f">
         <name>.debug_info</name>
         <load_address>0x51c6</load_address>
         <run_address>0x51c6</run_address>
         <size>0x760</size>
         <input_file_ref idref="fl-5"/>
      </object_component>
      <object_component id="oc-300">
         <name>.debug_info</name>
         <load_address>0x5926</load_address>
         <run_address>0x5926</run_address>
         <size>0xd9</size>
         <input_file_ref idref="fl-5"/>
      </object_component>
      <object_component id="oc-83">
         <name>.debug_info</name>
         <load_address>0x59ff</load_address>
         <run_address>0x59ff</run_address>
         <size>0x914</size>
         <input_file_ref idref="fl-5"/>
      </object_component>
      <object_component id="oc-305">
         <name>.debug_info</name>
         <load_address>0x6313</load_address>
         <run_address>0x6313</run_address>
         <size>0x42</size>
         <input_file_ref idref="fl-5"/>
      </object_component>
      <object_component id="oc-1d3">
         <name>.debug_info</name>
         <load_address>0x6355</load_address>
         <run_address>0x6355</run_address>
         <size>0x4f</size>
         <input_file_ref idref="fl-5"/>
      </object_component>
      <object_component id="oc-134">
         <name>.debug_info</name>
         <load_address>0x63a4</load_address>
         <run_address>0x63a4</run_address>
         <size>0x268</size>
         <input_file_ref idref="fl-6"/>
      </object_component>
      <object_component id="oc-36">
         <name>.debug_info</name>
         <load_address>0x660c</load_address>
         <run_address>0x660c</run_address>
         <size>0x1fd</size>
         <input_file_ref idref="fl-7"/>
      </object_component>
      <object_component id="oc-10">
         <name>.debug_info</name>
         <load_address>0x6809</load_address>
         <run_address>0x6809</run_address>
         <size>0xdc</size>
         <input_file_ref idref="fl-7"/>
      </object_component>
      <object_component id="oc-27">
         <name>.debug_info</name>
         <load_address>0x68e5</load_address>
         <run_address>0x68e5</run_address>
         <size>0x248</size>
         <input_file_ref idref="fl-7"/>
      </object_component>
      <object_component id="oc-2e2">
         <name>.debug_info</name>
         <load_address>0x6b2d</load_address>
         <run_address>0x6b2d</run_address>
         <size>0x1f0</size>
         <input_file_ref idref="fl-8"/>
      </object_component>
      <object_component id="oc-14c">
         <name>.debug_info</name>
         <load_address>0x6d1d</load_address>
         <run_address>0x6d1d</run_address>
         <size>0x7be</size>
         <input_file_ref idref="fl-8"/>
      </object_component>
      <object_component id="oc-30f">
         <name>.debug_info</name>
         <load_address>0x74db</load_address>
         <run_address>0x74db</run_address>
         <size>0x1dd</size>
         <input_file_ref idref="fl-9"/>
      </object_component>
      <object_component id="oc-178">
         <name>.debug_info</name>
         <load_address>0x76b8</load_address>
         <run_address>0x76b8</run_address>
         <size>0x461</size>
         <input_file_ref idref="fl-9"/>
      </object_component>
      <object_component id="oc-47e">
         <name>.debug_info</name>
         <load_address>0x7b19</load_address>
         <run_address>0x7b19</run_address>
         <size>0xcc</size>
         <input_file_ref idref="fl-9"/>
      </object_component>
      <object_component id="oc-164">
         <name>.debug_info</name>
         <load_address>0x7be5</load_address>
         <run_address>0x7be5</run_address>
         <size>0x53</size>
         <input_file_ref idref="fl-9"/>
      </object_component>
      <object_component id="oc-1e3">
         <name>.debug_info</name>
         <load_address>0x7c38</load_address>
         <run_address>0x7c38</run_address>
         <size>0x231</size>
         <input_file_ref idref="fl-b"/>
      </object_component>
      <object_component id="oc-d6">
         <name>.debug_info</name>
         <load_address>0x7e69</load_address>
         <run_address>0x7e69</run_address>
         <size>0x49a</size>
         <input_file_ref idref="fl-b"/>
      </object_component>
      <object_component id="oc-35a">
         <name>.debug_info</name>
         <load_address>0x8303</load_address>
         <run_address>0x8303</run_address>
         <size>0x6d2</size>
         <input_file_ref idref="fl-c"/>
      </object_component>
      <object_component id="oc-208">
         <name>.debug_info</name>
         <load_address>0x89d5</load_address>
         <run_address>0x89d5</run_address>
         <size>0x311e</size>
         <input_file_ref idref="fl-c"/>
      </object_component>
      <object_component id="oc-4a8">
         <name>.debug_info</name>
         <load_address>0xbaf3</load_address>
         <run_address>0xbaf3</run_address>
         <size>0x23f</size>
         <input_file_ref idref="fl-c"/>
      </object_component>
      <object_component id="oc-35d">
         <name>.debug_info</name>
         <load_address>0xbd32</load_address>
         <run_address>0xbd32</run_address>
         <size>0x46</size>
         <input_file_ref idref="fl-c"/>
      </object_component>
      <object_component id="oc-18a">
         <name>.debug_info</name>
         <load_address>0xbd78</load_address>
         <run_address>0xbd78</run_address>
         <size>0x2c</size>
         <input_file_ref idref="fl-d"/>
      </object_component>
      <object_component id="oc-cd">
         <name>.debug_info</name>
         <load_address>0xbda4</load_address>
         <run_address>0xbda4</run_address>
         <size>0x837</size>
         <input_file_ref idref="fl-e"/>
      </object_component>
      <object_component id="oc-76">
         <name>.debug_info</name>
         <load_address>0xc5db</load_address>
         <run_address>0xc5db</run_address>
         <size>0x3a8</size>
         <input_file_ref idref="fl-e"/>
      </object_component>
      <object_component id="oc-e2">
         <name>.debug_info</name>
         <load_address>0xc983</load_address>
         <run_address>0xc983</run_address>
         <size>0xe9</size>
         <input_file_ref idref="fl-e"/>
      </object_component>
      <object_component id="oc-f5">
         <name>.debug_info</name>
         <load_address>0xca6c</load_address>
         <run_address>0xca6c</run_address>
         <size>0xe9</size>
         <input_file_ref idref="fl-e"/>
      </object_component>
      <object_component id="oc-f8">
         <name>.debug_info</name>
         <load_address>0xcb55</load_address>
         <run_address>0xcb55</run_address>
         <size>0xe9</size>
         <input_file_ref idref="fl-e"/>
      </object_component>
      <object_component id="oc-e5">
         <name>.debug_info</name>
         <load_address>0xcc3e</load_address>
         <run_address>0xcc3e</run_address>
         <size>0x12c</size>
         <input_file_ref idref="fl-e"/>
      </object_component>
      <object_component id="oc-df">
         <name>.debug_info</name>
         <load_address>0xcd6a</load_address>
         <run_address>0xcd6a</run_address>
         <size>0xe9</size>
         <input_file_ref idref="fl-e"/>
      </object_component>
      <object_component id="oc-fb">
         <name>.debug_info</name>
         <load_address>0xce53</load_address>
         <run_address>0xce53</run_address>
         <size>0xf7</size>
         <input_file_ref idref="fl-e"/>
      </object_component>
      <object_component id="oc-dc">
         <name>.debug_info</name>
         <load_address>0xcf4a</load_address>
         <run_address>0xcf4a</run_address>
         <size>0xeb</size>
         <input_file_ref idref="fl-e"/>
      </object_component>
      <object_component id="oc-7c">
         <name>.debug_info</name>
         <load_address>0xd035</load_address>
         <run_address>0xd035</run_address>
         <size>0x4c33</size>
         <input_file_ref idref="fl-e"/>
      </object_component>
      <object_component id="oc-ce">
         <name>.debug_info</name>
         <load_address>0x11c68</load_address>
         <run_address>0x11c68</run_address>
         <size>0x30c</size>
         <input_file_ref idref="fl-e"/>
      </object_component>
      <object_component id="oc-1d8">
         <name>.debug_info</name>
         <load_address>0x11f74</load_address>
         <run_address>0x11f74</run_address>
         <size>0x131</size>
         <input_file_ref idref="fl-e"/>
      </object_component>
      <object_component id="oc-21e">
         <name>.debug_info</name>
         <load_address>0x120a5</load_address>
         <run_address>0x120a5</run_address>
         <size>0x74c</size>
         <input_file_ref idref="fl-f"/>
      </object_component>
      <object_component id="oc-210">
         <name>.debug_info</name>
         <load_address>0x127f1</load_address>
         <run_address>0x127f1</run_address>
         <size>0xe9</size>
         <input_file_ref idref="fl-f"/>
      </object_component>
      <object_component id="oc-213">
         <name>.debug_info</name>
         <load_address>0x128da</load_address>
         <run_address>0x128da</run_address>
         <size>0xe9</size>
         <input_file_ref idref="fl-f"/>
      </object_component>
      <object_component id="oc-216">
         <name>.debug_info</name>
         <load_address>0x129c3</load_address>
         <run_address>0x129c3</run_address>
         <size>0x121</size>
         <input_file_ref idref="fl-f"/>
      </object_component>
      <object_component id="oc-20d">
         <name>.debug_info</name>
         <load_address>0x12ae4</load_address>
         <run_address>0x12ae4</run_address>
         <size>0x10d</size>
         <input_file_ref idref="fl-f"/>
      </object_component>
      <object_component id="oc-fe">
         <name>.debug_info</name>
         <load_address>0x12bf1</load_address>
         <run_address>0x12bf1</run_address>
         <size>0x20ef</size>
         <input_file_ref idref="fl-f"/>
      </object_component>
      <object_component id="oc-21f">
         <name>.debug_info</name>
         <load_address>0x14ce0</load_address>
         <run_address>0x14ce0</run_address>
         <size>0x1e2</size>
         <input_file_ref idref="fl-f"/>
      </object_component>
      <object_component id="oc-219">
         <name>.debug_info</name>
         <load_address>0x14ec2</load_address>
         <run_address>0x14ec2</run_address>
         <size>0x46</size>
         <input_file_ref idref="fl-f"/>
      </object_component>
      <object_component id="oc-8c">
         <name>.debug_info</name>
         <load_address>0x14f08</load_address>
         <run_address>0x14f08</run_address>
         <size>0x365</size>
         <input_file_ref idref="fl-10"/>
      </object_component>
      <object_component id="oc-79">
         <name>.debug_info</name>
         <load_address>0x1526d</load_address>
         <run_address>0x1526d</run_address>
         <size>0x15d</size>
         <input_file_ref idref="fl-10"/>
      </object_component>
      <object_component id="oc-89">
         <name>.debug_info</name>
         <load_address>0x153ca</load_address>
         <run_address>0x153ca</run_address>
         <size>0x168</size>
         <input_file_ref idref="fl-10"/>
      </object_component>
      <object_component id="oc-30">
         <name>.debug_info</name>
         <load_address>0x15532</load_address>
         <run_address>0x15532</run_address>
         <size>0x8ba</size>
         <input_file_ref idref="fl-10"/>
      </object_component>
      <object_component id="oc-2c">
         <name>.debug_info</name>
         <load_address>0x15dec</load_address>
         <run_address>0x15dec</run_address>
         <size>0x214</size>
         <input_file_ref idref="fl-11"/>
      </object_component>
      <object_component id="oc-1f6">
         <name>.debug_info</name>
         <load_address>0x16000</load_address>
         <run_address>0x16000</run_address>
         <size>0x34c</size>
         <input_file_ref idref="fl-12"/>
      </object_component>
      <object_component id="oc-1f3">
         <name>.debug_info</name>
         <load_address>0x1634c</load_address>
         <run_address>0x1634c</run_address>
         <size>0xe4</size>
         <input_file_ref idref="fl-12"/>
      </object_component>
      <object_component id="oc-1f0">
         <name>.debug_info</name>
         <load_address>0x16430</load_address>
         <run_address>0x16430</run_address>
         <size>0xe4</size>
         <input_file_ref idref="fl-12"/>
      </object_component>
      <object_component id="oc-1ed">
         <name>.debug_info</name>
         <load_address>0x16514</load_address>
         <run_address>0x16514</run_address>
         <size>0x198</size>
         <input_file_ref idref="fl-12"/>
      </object_component>
      <object_component id="oc-e8">
         <name>.debug_info</name>
         <load_address>0x166ac</load_address>
         <run_address>0x166ac</run_address>
         <size>0x80f</size>
         <input_file_ref idref="fl-12"/>
      </object_component>
      <object_component id="oc-34c">
         <name>.debug_info</name>
         <load_address>0x16ebb</load_address>
         <run_address>0x16ebb</run_address>
         <size>0x62</size>
         <input_file_ref idref="fl-12"/>
      </object_component>
      <object_component id="oc-24b">
         <name>.debug_info</name>
         <load_address>0x16f1d</load_address>
         <run_address>0x16f1d</run_address>
         <size>0x30a</size>
         <input_file_ref idref="fl-16"/>
      </object_component>
      <object_component id="oc-3d3">
         <name>.debug_info</name>
         <load_address>0x17227</load_address>
         <run_address>0x17227</run_address>
         <size>0x20d</size>
         <input_file_ref idref="fl-19"/>
      </object_component>
      <object_component id="oc-3d0">
         <name>.debug_info</name>
         <load_address>0x17434</load_address>
         <run_address>0x17434</run_address>
         <size>0xe3</size>
         <input_file_ref idref="fl-19"/>
      </object_component>
      <object_component id="oc-3cd">
         <name>.debug_info</name>
         <load_address>0x17517</load_address>
         <run_address>0x17517</run_address>
         <size>0xe3</size>
         <input_file_ref idref="fl-19"/>
      </object_component>
[...]
         <name>UARTIntDisable</name>
         <value>0x2000b46f</value>
         <object_component_ref idref="oc-280"/>
      </symbol>
      <symbol id="sm-a9f">
         <name>UARTCharPut</name>
         <value>0x2000b583</value>
         <object_component_ref idref="oc-280"/>
      </symbol>
      <symbol id="sm-aa0">
         <name>UARTParityModeSet</name>
         <value>0x2000b3c9</value>
         <object_component_ref idref="oc-280"/>
      </symbol>
      <symbol id="sm-aa1">
         <name>UARTRxErrorGet</name>
         <value>0x2000b3bb</value>
         <object_component_ref idref="oc-280"/>
      </symbol>
      <symbol id="sm-aa2">
         <name>UARTConfigGetExpClk</name>
         <value>0x2000b53d</value>
         <object_component_ref idref="oc-280"/>
      </symbol>
      <symbol id="sm-aa3">
         <name>UARTEnable</name>
         <value>0x2000b4bb</value>
         <object_component_ref idref="oc-280"/>
      </symbol>
      <symbol id="sm-aa4">
         <name>UARTModemControlGet</name>
         <value>0x2000b3f1</value>
         <object_component_ref idref="oc-280"/>
      </symbol>
      <symbol id="sm-aa5">
         <name>UARTFlowControlGet</name>
         <value>0x2000b489</value>
         <object_component_ref idref="oc-280"/>
      </symbol>
      <symbol id="sm-aa6">
         <name>UARTFIFOEnable</name>
         <value>0x2000b4a7</value>
         <object_component_ref idref="oc-280"/>
      </symbol>
      <symbol id="sm-aa7">
         <name>UARTIntClear</name>
         <value>0x2000b479</value>
         <object_component_ref idref="oc-280"/>
      </symbol>
      <symbol id="sm-aa8">
         <name>UARTIntStatus</name>
         <value>0x2000b445</value>
         <object_component_ref idref="oc-280"/>
      </symbol>
      <symbol id="sm-aa9">
         <name>UARTDMADisable</name>
         <value>0x2000b4ef</value>
         <object_component_ref idref="oc-280"/>
      </symbol>
      <symbol id="sm-aaa">
         <name>UARTSpaceAvail</name>
         <value>0x2000b3ad</value>
         <object_component_ref idref="oc-280"/>
      </symbol>
      <symbol id="sm-aab">
         <name>UARTCharGet</name>
         <value>0x2000b59d</value>
         <object_component_ref idref="oc-280"/>
      </symbol>
      <symbol id="sm-aac">
         <name>UARTFIFOLevelSet</name>
         <value>0x2000b491</value>
         <object_component_ref idref="oc-280"/>
      </symbol>
      <symbol id="sm-aad">
         <name>UARTModemControlClear</name>
         <value>0x2000b3f9</value>
         <object_component_ref idref="oc-280"/>
      </symbol>
      <symbol id="sm-aae">
         <name>UARTParityModeGet</name>
         <value>0x2000b3d5</value>
         <object_component_ref idref="oc-280"/>
      </symbol>
      <symbol id="sm-aaf">
         <name>UARTIntRegister</name>
         <value>0x2000b44f</value>
         <object_component_ref idref="oc-280"/>
      </symbol>
      <symbol id="sm-ab0">
         <name>UARTBreakCtl</name>
         <value>0x2000b5af</value>
         <object_component_ref idref="oc-280"/>
      </symbol>
      <symbol id="sm-ab5">
         <name>UtilsDelay</name>
         <value>0x2000d885</value>
         <object_component_ref idref="oc-157"/>
      </symbol>
      <symbol id="sm-ad7">
         <name>GetOverflowCounts</name>
         <value>0x2000d791</value>
         <object_component_ref idref="oc-ed"/>
      </symbol>
      <symbol id="sm-ad8">
         <name>RunTimeStatsTimerHandler</name>
         <value>0x2000d169</value>
         <object_component_ref idref="oc-103"/>
      </symbol>
      <symbol id="sm-ad9">
         <name>vConfigureTimerForRunTimeStats</name>
         <value>0x2000d115</value>
         <object_component_ref idref="oc-103"/>
      </symbol>
      <symbol id="sm-af9">
         <name>CmdLineProcess</name>
         <value>0x2000d2c9</value>
         <object_component_ref idref="oc-2e5"/>
      </symbol>
      <symbol id="sm-b25">
         <name>CPUUsageInit</name>
         <value>0x2000cc43</value>
         <object_component_ref idref="oc-13f"/>
      </symbol>
      <symbol id="sm-b26">
         <name>CPUUsageTick</name>
         <value>0x2000cc15</value>
         <object_component_ref idref="oc-13f"/>
      </symbol>
      <symbol id="sm-bfe">
         <name>UARTTxBytesFree</name>
         <value>0x20008d01</value>
         <object_component_ref idref="oc-139"/>
      </symbol>
      <symbol id="sm-bff">
         <name>UARTFlushRx</name>
         <value>0x20008dc1</value>
         <object_component_ref idref="oc-139"/>
      </symbol>
      <symbol id="sm-c00">
         <name>UARTgetc</name>
         <value>0x20008ceb</value>
         <object_component_ref idref="oc-139"/>
      </symbol>
      <symbol id="sm-c01">
         <name>UARTgets</name>
         <value>0x20008a29</value>
         <object_component_ref idref="oc-139"/>
      </symbol>
      <symbol id="sm-c02">
         <name>UARTFlushTx</name>
         <value>0x20008dcb</value>
         <object_component_ref idref="oc-139"/>
      </symbol>
      <symbol id="sm-c03">
         <name>UARTStdioConfig</name>
         <value>0x20008df9</value>
         <object_component_ref idref="oc-139"/>
      </symbol>
      <symbol id="sm-c04">
         <name>UARTRxBytesAvail</name>
         <value>0x20008e99</value>
         <object_component_ref idref="oc-139"/>
      </symbol>
      <symbol id="sm-c05">
         <name>UARTwrite</name>
         <value>0x200087a5</value>
         <object_component_ref idref="oc-139"/>
      </symbol>
      <symbol id="sm-c06">
         <name>UARTEchoSet</name>
         <value>0x20008ea1</value>
         <object_component_ref idref="oc-139"/>
      </symbol>
      <symbol id="sm-c07">
         <name>UARTprintf</name>
         <value>0x200089f7</value>
         <object_component_ref idref="oc-139"/>
      </symbol>
      <symbol id="sm-c08">
         <name>UARTvprintf</name>
         <value>0x200087ff</value>
         <object_component_ref idref="oc-139"/>
      </symbol>
      <symbol id="sm-ce9">
         <name>uvsnprintf</name>
         <value>0x20007fc9</value>
         <object_component_ref idref="oc-2eb"/>
      </symbol>
      <symbol id="sm-cea">
         <name>ustrncasecmp</name>
         <value>0x200084ed</value>
         <object_component_ref idref="oc-2eb"/>
      </symbol>
      <symbol id="sm-ceb">
         <name>ustrncpy</name>
         <value>0x20007fa1</value>
         <object_component_ref idref="oc-2eb"/>
      </symbol>
      <symbol id="sm-cec">
         <name>ustrlen</name>
         <value>0x2000847b</value>
         <object_component_ref idref="oc-2eb"/>
      </symbol>
      <symbol id="sm-ced">
         <name>ulocaltime</name>
         <value>0x200085b1</value>
         <object_component_ref idref="oc-2eb"/>
      </symbol>
      <symbol id="sm-cee">
         <name>ustrtof</name>
         <value>0x200082f9</value>
         <object_component_ref idref="oc-2eb"/>
      </symbol>
      <symbol id="sm-cef">
         <name>ustrstr</name>
         <value>0x200084c1</value>
         <object_component_ref idref="oc-2eb"/>
      </symbol>
      <symbol id="sm-cf0">
         <name>ustrcmp</name>
         <value>0x20008549</value>
         <object_component_ref idref="oc-2eb"/>
      </symbol>
      <symbol id="sm-cf1">
         <name>usprintf</name>
         <value>0x2000855f</value>
         <object_component_ref idref="oc-2eb"/>
      </symbol>
      <symbol id="sm-cf2">
         <name>usnprintf</name>
         <value>0x2000857f</value>
         <object_component_ref idref="oc-2eb"/>
      </symbol>
      <symbol id="sm-cf3">
         <name>ustrtoul</name>
         <value>0x20008239</value>
         <object_component_ref idref="oc-2eb"/>
      </symbol>
      <symbol id="sm-cf4">
         <name>ustrcasecmp</name>
         <value>0x20008551</value>
         <object_component_ref idref="oc-2eb"/>
      </symbol>
      <symbol id="sm-cf5">
         <name>umktime</name>
         <value>0x200086fd</value>
         <object_component_ref idref="oc-2eb"/>
      </symbol>
      <symbol id="sm-cf6">
         <name>usrand</name>
         <value>0x20008559</value>
         <object_component_ref idref="oc-2eb"/>
      </symbol>
      <symbol id="sm-cf7">
         <name>ustrncmp</name>
         <value>0x2000848b</value>
         <object_component_ref idref="oc-2eb"/>
      </symbol>
      <symbol id="sm-cf8">
         <name>urand</name>
         <value>0x20008599</value>
         <object_component_ref idref="oc-2eb"/>
      </symbol>
      <symbol id="sm-d8d">
         <name>pow</name>
         <value>0x20006ded</value>
         <object_component_ref idref="oc-2cc"/>
      </symbol>
      <symbol id="sm-d8e">
         <name>powl</name>
         <value>0x20006ded</value>
         <object_component_ref idref="oc-2cc"/>
      </symbol>
      <symbol id="sm-db0">
         <name>sqrtl</name>
         <value>0x2000c23d</value>
         <object_component_ref idref="oc-41f"/>
      </symbol>
      <symbol id="sm-db1">
         <name>sqrt</name>
         <value>0x2000c23d</value>
         <object_component_ref idref="oc-41f"/>
      </symbol>
      <symbol id="sm-dd9">
         <name>scalbn</name>
         <value>0x2000c925</value>
         <object_component_ref idref="oc-42d"/>
      </symbol>
      <symbol id="sm-dda">
         <name>scalbnl</name>
         <value>0x2000c925</value>
         <object_component_ref idref="oc-42d"/>
      </symbol>
      <symbol id="sm-ddb">
         <name>ldexpl</name>
         <value>0x2000c925</value>
         <object_component_ref idref="oc-42d"/>
      </symbol>
      <symbol id="sm-ddc">
         <name>ldexp</name>
         <value>0x2000c925</value>
         <object_component_ref idref="oc-42d"/>
      </symbol>
      <symbol id="sm-de6">
         <name>copysign</name>
         <value>0x2000d87d</value>
         <object_component_ref idref="oc-520"/>
      </symbol>
      <symbol id="sm-de7">
         <name>copysignl</name>
         <value>0x2000d87d</value>
         <object_component_ref idref="oc-520"/>
      </symbol>
      <symbol id="sm-df6">
         <name>__aeabi_memset</name>
         <value>0x2000d09d</value>
         <object_component_ref idref="oc-b3"/>
      </symbol>
      <symbol id="sm-df7">
         <name>memset</name>
         <value>0x2000d0a3</value>
         <object_component_ref idref="oc-b3"/>
      </symbol>
      <symbol id="sm-df8">
         <name>__aeabi_memset8</name>
         <value>0x2000d09d</value>
         <object_component_ref idref="oc-b3"/>
      </symbol>
      <symbol id="sm-df9">
         <name>__aeabi_memset4</name>
         <value>0x2000d09d</value>
         <object_component_ref idref="oc-b3"/>
      </symbol>
      <symbol id="sm-dfa">
         <name>__aeabi_memclr8</name>
         <value>0x2000d09b</value>
         <object_component_ref idref="oc-b3"/>
      </symbol>
      <symbol id="sm-dfb">
         <name>__aeabi_memclr4</name>
         <value>0x2000d09b</value>
         <object_component_ref idref="oc-b3"/>
      </symbol>
      <symbol id="sm-dfc">
         <name>__aeabi_memclr</name>
         <value>0x2000d09b</value>
         <object_component_ref idref="oc-b3"/>
      </symbol>
      <symbol id="sm-e09">
         <name>__aeabi_uldivmod</name>
         <value>0x2000cd59</value>
         <object_component_ref idref="oc-26d"/>
      </symbol>
      <symbol id="sm-e18">
         <name>__aeabi_uidivmod</name>
         <value>0x2000d5b5</value>
         <object_component_ref idref="oc-286"/>
      </symbol>
      <symbol id="sm-e19">
         <name>__aeabi_uidiv</name>
         <value>0x2000d5b5</value>
         <object_component_ref idref="oc-286"/>
      </symbol>
      <symbol id="sm-e30">
         <name>__aeabi_dsub</name>
         <value>0x2000bd4d</value>
         <object_component_ref idref="oc-2c2"/>
      </symbol>
      <symbol id="sm-e31">
         <name>__aeabi_dadd</name>
         <value>0x2000bd57</value>
         <object_component_ref idref="oc-2c2"/>
      </symbol>
      <symbol id="sm-e53">
         <name>__aeabi_cdcmpeq</name>
         <value>0x2000cf15</value>
         <object_component_ref idref="oc-37c"/>
      </symbol>
      <symbol id="sm-e54">
         <name>__aeabi_cdcmple</name>
         <value>0x2000cf15</value>
         <object_component_ref idref="oc-37c"/>
      </symbol>
      <symbol id="sm-e55">
         <name>__aeabi_cdrcmple</name>
         <value>0x2000cf9b</value>
         <object_component_ref idref="oc-428"/>
      </symbol>
      <symbol id="sm-e69">
         <name>__aeabi_ddiv</name>
         <value>0x2000c4d5</value>
         <object_component_ref idref="oc-2d2"/>
      </symbol>
      <symbol id="sm-e74">
         <name>__aeabi_dmul</name>
         <value>0x2000c72d</value>
         <object_component_ref idref="oc-2c7"/>
      </symbol>
      <symbol id="sm-e80">
         <name>__aeabi_d2f</name>
         <value>0x2000d1f3</value>
         <object_component_ref idref="oc-2dc"/>
      </symbol>
      <symbol id="sm-e91">
         <name>__aeabi_fadd</name>
         <value>0x2000c82d</value>
         <object_component_ref idref="oc-45a"/>
      </symbol>
      <symbol id="sm-e92">
         <name>__aeabi_fsub</name>
         <value>0x2000c829</value>
         <object_component_ref idref="oc-45a"/>
      </symbol>
      <symbol id="sm-e9f">
         <name>__aeabi_fdiv</name>
         <value>0x2000ce83</value>
         <object_component_ref idref="oc-45f"/>
      </symbol>
      <symbol id="sm-ea9">
         <name>__aeabi_fmul</name>
         <value>0x2000d021</value>
         <object_component_ref idref="oc-455"/>
      </symbol>
      <symbol id="sm-eb4">
         <name>__aeabi_f2d</name>
         <value>0x2000d673</value>
         <object_component_ref idref="oc-2f7"/>
      </symbol>
      <symbol id="sm-ebe">
         <name>__aeabi_i2d</name>
         <value>0x2000d6e3</value>
         <object_component_ref idref="oc-2d7"/>
      </symbol>
      <symbol id="sm-ec9">
         <name>__aeabi_i2f</name>
         <value>0x2000d6ab</value>
         <object_component_ref idref="oc-450"/>
      </symbol>
      <symbol id="sm-ee4">
         <name>memcpy</name>
         <value>0x2000ccbd</value>
         <object_component_ref idref="oc-42"/>
      </symbol>
      <symbol id="sm-ee5">
         <name>__aeabi_memcpy</name>
         <value>0x2000ccbd</value>
         <object_component_ref idref="oc-42"/>
      </symbol>
      <symbol id="sm-ee6">
         <name>__aeabi_memcpy8</name>
         <value>0x2000ccbd</value>
         <object_component_ref idref="oc-42"/>
      </symbol>
      <symbol id="sm-ee7">
         <name>__aeabi_memcpy4</name>
         <value>0x2000ccbd</value>
         <object_component_ref idref="oc-42"/>
      </symbol>
      <symbol id="sm-ef9">
         <name>__TI_zero_init</name>
         <value>0x2000d85f</value>
         <object_component_ref idref="oc-54"/>
      </symbol>
      <symbol id="sm-f10">
         <name>__TI_decompress_none</name>
         <value>0x2000d851</value>
         <object_component_ref idref="oc-18"/>
      </symbol>
      <symbol id="sm-f33">
         <name>__TI_decompress_lzss</name>
         <value>0x2000d261</value>
         <object_component_ref idref="oc-12"/>
      </symbol>
      <symbol id="sm-f5a">
         <name>sprintf</name>
         <value>0x2000d5f5</value>
         <object_component_ref idref="oc-115"/>
      </symbol>
      <symbol id="sm-f69">
         <name>strcmp</name>
         <value>0x2000d7e9</value>
         <object_component_ref idref="oc-442"/>
      </symbol>
      <symbol id="sm-f77">
         <name>strcpy</name>
         <value>0x2000d817</value>
         <object_component_ref idref="oc-109"/>
      </symbol>
      <symbol id="sm-f85">
         <name>strlen</name>
         <value>0x2000d82b</value>
         <object_component_ref idref="oc-10f"/>
      </symbol>
      <symbol id="sm-f95">
         <name>strncmp</name>
         <value>0x2000d73d</value>
         <object_component_ref idref="oc-2f1"/>
      </symbol>
      <symbol id="sm-fab">
         <name>__aeabi_errno_addr</name>
         <value>0x2000d875</value>
         <object_component_ref idref="oc-3a5"/>
      </symbol>
      <symbol id="sm-fac">
         <name>errno</name>
         <value>0x20023538</value>
         <object_component_ref idref="oc-4f0"/>
      </symbol>
      <symbol id="sm-fbe">
         <name>__stack</name>
         <value>0x2002b000</value>
         <object_component_ref idref="oc-20"/>
      </symbol>
      <symbol id="sm-fbf">
         <name>_c_int00_noargs</name>
         <value>0x2000d769</value>
         <object_component_ref idref="oc-60"/>
      </symbol>
      <symbol id="sm-fc9">
         <name>__aeabi_idiv0</name>
         <value>0x20006deb</value>
         <object_component_ref idref="oc-3d9"/>
      </symbol>
      <symbol id="sm-fca">
         <name>__aeabi_ldiv0</name>
         <value>0x20006deb</value>
         <object_component_ref idref="oc-3d9"/>
      </symbol>
      <symbol id="sm-ff2">
         <name>__TI_auto_init_nobinit_nopinit</name>
         <value>0x2000d571</value>
         <object_component_ref idref="oc-19f"/>
      </symbol>
      <symbol id="sm-ffc">
         <name>_system_pre_init</name>
         <value>0x2000d88b</value>
         <object_component_ref idref="oc-b9"/>
      </symbol>
      <symbol id="sm-1008">
         <name>C$$EXIT</name>
         <value>0x2000d88f</value>
         <object_component_ref idref="oc-193"/>
      </symbol>
      <symbol id="sm-1009">
         <name>abort</name>
         <value>0x2000d88f</value>
         <object_component_ref idref="oc-193"/>
      </symbol>
      <symbol id="sm-116f">
         <name>__TI_printfi</name>
         <value>0x200063a1</value>
         <object_component_ref idref="oc-229"/>
      </symbol>
      <symbol id="sm-1186">
         <name>atoi</name>
         <value>0x2000d4dd</value>
         <object_component_ref idref="oc-370"/>
      </symbol>
      <symbol id="sm-1191">
         <name>_ctypes_</name>
         <value>0x2000d9de</value>
         <object_component_ref idref="oc-4ad"/>
      </symbol>
      <symbol id="sm-11a0">
         <name>ltoa</name>
         <value>0x2000d435</value>
         <object_component_ref idref="oc-4b9"/>
      </symbol>
      <symbol id="sm-11b0">
         <name>memccpy</name>
         <value>0x2000d7b5</value>
         <object_component_ref idref="oc-399"/>
      </symbol>
      <symbol id="sm-11c0">
         <name>strchr</name>
         <value>0x2000d801</value>
         <object_component_ref idref="oc-4e0"/>
      </symbol>
      <symbol id="sm-11d6">
         <name>frexpl</name>
         <value>0x2000d32d</value>
         <object_component_ref idref="oc-4da"/>
      </symbol>
      <symbol id="sm-11d7">
         <name>frexp</name>
         <value>0x2000d32d</value>
         <object_component_ref idref="oc-4da"/>
      </symbol>
      <symbol id="sm-11f0">
         <name>wcslen</name>
         <value>0x2000d83f</value>
         <object_component_ref idref="oc-39f"/>
      </symbol>
      <symbol id="sm-11fa">
         <name>__aeabi_d2iz</name>
         <value>0x2000d529</value>
         <object_component_ref idref="oc-4b4"/>
      </symbol>
      <symbol id="sm-11fb">
         <name>__TI_static_base__</name>
         <value>0x2000df40</value>
      </symbol>
      <symbol id="sm-11fe">
         <name>__mpu_init</name>
         <value>0x0</value>
      </symbol>
      <symbol id="sm-11ff">
         <name>_system_post_cinit</name>
         <value>0x0</value>
      </symbol>
      <symbol id="sm-1200">
         <name>IntPriorityMaskSet</name>
         <value>0x2000d41d</value>
      </symbol>
      <symbol id="sm-1201">
         <name>IntPriorityMaskGet</name>
         <value>0x2000d42b</value>
      </symbol>
      <symbol id="sm-1202">
         <name>PRCMSleepEnter</name>
         <value>0x2000d3df</value>
      </symbol>
   </symbol_table>
   <title>Link successful</title>
</link_info>
