******************************************************************************
                  TI ARM Linker PC v18.1.3                     
******************************************************************************
>> Linked Sat Nov 24 16:53:35 2018

OUTPUT FILE NAME:   <G3b-FreeRTOS.out>
ENTRY POINT SYMBOL: "_c_int00_noargs"  address: 2000d769


MEMORY CONFIGURATION

         name            origin    length      used     unused   attr    fill
----------------------  --------  ---------  --------  --------  ----  --------
  SRAM_CODE             20004000   00016fff  00009fe6  0000d019  RW X
  SRAM_DATA             2001b000   00015000  0000d540  00007ac0  RW X


SEGMENT ALLOCATION MAP

run origin  load origin   length   init length attrs members
----------  ----------- ---------- ----------- ----- -------
20004000    20004000    00009ff0   00009ff0    r-x
  20004000    20004000    00000400   00000400    r-- .intvecs
  20004400    20004400    00009492   00009492    r-x .text
  2000d898    2000d898    000006a4   000006a4    r-- .const
  2000df40    2000df40    000000b0   000000b0    r-- .cinit
2001b000    2001b000    00008540   00000000    rw-
  2001b000    2001b000    00008430   00000000    rw- .bss
  20023430    20023430    00000110   00000000    rw- .data
2002b000    2002b000    00005000   00000000    rw-
  2002b000    2002b000    00005000   00000000    rw- .stack


SECTION ALLOCATION MAP

 output                                  attributes/
section   page    origin      length       input sections
--------  ----  ----------  ----------   ----------------
.intvecs   0    20004000    00000400     
                  20004000    00000400     startup_ccs.obj (.intvecs)

.init_array 
*          0    20004000    00000000     UNINITIALIZED

.text      0    20004400    00009492     
                  20004400    00001518     tasks.obj (.text)
                  20005918    00000a88     queue.obj (.text)
                  200063a0    00000a4a     rtsv7M4_T_le_eabi.lib : _printfi.c.obj (.text:__TI_printfi)
                  20006dea    00000002                           : div0.asm.obj (.text)
                  20006dec    000009b8                           : e_pow.c.obj (.text:pow)
                  200077a4    000007fc     prcm.obj (.text)
                  20007fa0    000007c0     ustdlib.obj (.text)
                  20008760    00000788     uartstdio.obj (.text)
                  20008ee8    00000784     i2c_if.obj (.text)
                  2000966c    000005ac     commands.obj (.text)
                  20009c18    0000055c     timers.obj (.text)
                  2000a174    00000350     tmp006drv.obj (.text)
                  2000a4c4    000002fc     i2c.obj (.text)
                  2000a7c0    00000288     interrupt.obj (.text)
                  2000aa48    00000268     rtsv7M4_T_le_eabi.lib : _printfi.c.obj (.text:_pconv_a)
                  2000acb0    0000025c     main.obj (.text)
                  2000af0c    00000250     flash.obj (.text)
                  2000b15c    0000023c     heap_4.obj (.text)
                  2000b398    00000234     uart.obj (.text)
                  2000b5cc    000001f0     port.obj (.text)
                  2000b7bc    000001f0     timer.obj (.text)
                  2000b9ac    000001d4     gpio.obj (.text)
                  2000bb80    000001cc     rtsv7M4_T_le_eabi.lib : _printfi.c.obj (.text:_pconv_g)
                  2000bd4c    000001b6                           : fd_add_t2.asm.obj (.text)
                  2000bf02    00000002     --HOLE-- [fill = 0]
                  2000bf04    000001b4     pin.obj (.text)
                  2000c0b8    00000184     bma222drv.obj (.text)
                  2000c23c    0000015c     rtsv7M4_T_le_eabi.lib : e_sqrt.c.obj (.text:sqrt)
                  2000c398    0000013c                           : _printfi.c.obj (.text:_pconv_e)
                  2000c4d4    00000136                           : fd_div_t2.asm.obj (.text)
                  2000c60a    00000002     --HOLE-- [fill = 0]
                  2000c60c    00000120                           : _printfi.c.obj (.text:fcvt)
                  2000c72c    000000fc                           : fd_mul_t2.asm.obj (.text)
                  2000c828    000000fa                           : fs_add_t2.asm.obj (.text)
                  2000c922    00000002     --HOLE-- [fill = 0]
                  2000c924    000000d0                           : s_scalbn.c.obj (.text:scalbn)
                  2000c9f4    000000ba     portasm.obj (.text)
                  2000caae    00000002     --HOLE-- [fill = 0]
                  2000cab0    000000b1     rtsv7M4_T_le_eabi.lib : _printfi.c.obj (.text:_ltostr)
                  2000cb61    00000003     --HOLE-- [fill = 0]
                  2000cb64    000000b0     pinmux.obj (.text)
                  2000cc14    000000a8     cpu_usage.obj (.text)
                  2000ccbc    0000009c     rtsv7M4_T_le_eabi.lib : memcpy_t2.asm.obj (.text)
                  2000cd58    00000096                           : ull_div_t2.asm.obj (.text)
                  2000cdee    00000094     list.obj (.text)
                  2000ce82    00000092     rtsv7M4_T_le_eabi.lib : fs_div_t2.asm.obj (.text)
                  2000cf14    00000086                           : fd_cmp_t2.asm.obj (.text:__aeabi_cdcmple)
                  2000cf9a    00000086                           : fd_cmp_t2.asm.obj (.text:__aeabi_cdrcmple)
                  2000d020    0000007a                           : fs_mul_t2.asm.obj (.text)
                  2000d09a    0000007a                           : memset_t2.asm.obj (.text)
                  2000d114    00000070     RunTimeStatsConfig.obj (.text)
                  2000d184    0000006e     rtsv7M4_T_le_eabi.lib : _printfi.c.obj (.text:_mcpy)
                  2000d1f2    0000006e                           : fd_tos_t2.asm.obj (.text)
                  2000d260    00000068                           : copy_decompress_lzss.c.obj (.text:decompress:lzss:__TI_decompress_lzss)
                  2000d2c8    00000064     cmdline.obj (.text)
                  2000d32c    0000005c     rtsv7M4_T_le_eabi.lib : s_frexp.c.obj (.text:frexp)
                  2000d388    00000056                           : _printfi.c.obj (.text:_pconv_f)
                  2000d3de    00000056     cpu.obj (.text)
                  2000d434    00000054     rtsv7M4_T_le_eabi.lib : ltoa.c.obj (.text:ltoa)
                  2000d488    00000052                           : _printfi.c.obj (.text:_ecpy)
                  2000d4da    00000002     --HOLE-- [fill = 0]
                  2000d4dc    0000004c                           : atoi.c.obj (.text:atoi)
                  2000d528    00000048                           : fd_toi_t2.asm.obj (.text)
                  2000d570    00000044                           : autoinit.c.obj (.text:__TI_auto_init_nobinit_nopinit:__TI_auto_init_nobinit_nopinit)
                  2000d5b4    00000040                           : u_divt2.asm.obj (.text)
                  2000d5f4    00000040                           : sprintf.c.obj (.text:sprintf)
                  2000d634    0000003e                           : _printfi.c.obj (.text:_fcpy)
                  2000d672    00000038                           : fs_tod_t2.asm.obj (.text)
                  2000d6aa    00000038                           : i_tofs_t2.asm.obj (.text)
                  2000d6e2    0000002e                           : i_tofd_t2.asm.obj (.text)
                  2000d710    0000002c     startup_ccs.obj (.text)
                  2000d73c    0000002c     rtsv7M4_T_le_eabi.lib : strncmp.c.obj (.text:strncmp)
                  2000d768    00000028                           : boot_cortex_m.c.obj (.text:_c_int00_noargs:_c_int00_noargs)
                  2000d790    00000024     RunTimeStatsConfig.obj (.text:GetOverflowCounts)
                  2000d7b4    0000001c     rtsv7M4_T_le_eabi.lib : memccpy.c.obj (.text:memccpy)
                  2000d7d0    00000018                           : sprintf.c.obj (.text:_outs)
                  2000d7e8    00000018                           : strcmp.c.obj (.text:strcmp)
                  2000d800    00000016                           : strchr.c.obj (.text:strchr)
                  2000d816    00000014                           : strcpy.c.obj (.text:strcpy)
                  2000d82a    00000014                           : strlen.c.obj (.text:strlen)
                  2000d83e    00000012                           : wcslen.c.obj (.text:wcslen)
                  2000d850    0000000e                           : copy_decompress_none.c.obj (.text:decompress:none:__TI_decompress_none)
                  2000d85e    0000000c                           : copy_zero_init.c.obj (.text:decompress:ZI:__TI_zero_init)
                  2000d86a    0000000a                           : sprintf.c.obj (.text:_outc)
                  2000d874    00000008                           : errno.c.obj (.text:__aeabi_errno_addr)
                  2000d87c    00000008                           : s_copysign.c.obj (.text:copysign)
                  2000d884    00000006     utils.obj (.text:UtilsDelay)
                  2000d88a    00000004     rtsv7M4_T_le_eabi.lib : pre_init.c.obj (.text:_system_pre_init)
                  2000d88e    00000004                           : exit.c.obj (.text:abort:abort)

.const     0    2000d898    000006a4     
                  2000d898    00000146     commands.obj (.const:.string)
                  2000d9de    00000101     rtsv7M4_T_le_eabi.lib : ctype.c.obj (.const:.string:_ctypes_)
                  2000dadf    00000001     --HOLE-- [fill = 0]
                  2000dae0    00000100     pin.obj (.const:g_ulPinToPadMap)
                  2000dbe0    000000d4     interrupt.obj (.const:g_pulRegs)
                  2000dcb4    000000a8     prcm.obj (.const:PRCM_PeriphRegsList)
                  2000dd5c    00000040     flash.obj (.const:g_pulFMPPERegs)
                  2000dd9c    00000040     flash.obj (.const:g_pulFMPRERegs)
                  2000dddc    00000004     uartstdio.obj (.const)
                  2000dde0    00000030     rtsv7M4_T_le_eabi.lib : e_pow.c.obj (.const:$O1$$)
                  2000de10    00000030     ustdlib.obj (.const:g_psDaysToMonth)
                  2000de40    00000020     interrupt.obj (.const:g_pulPriority)
                  2000de60    00000018     ustdlib.obj (.const:g_pfExponents)
                  2000de78    00000018     interrupt.obj (.const:g_pulDisRegs)
                  2000de90    00000018     interrupt.obj (.const:g_pulEnRegs)
                  2000dea8    00000018     interrupt.obj (.const:g_pulPendRegs)
                  2000dec0    00000018     interrupt.obj (.const:g_pulUnpendRegs)
                  2000ded8    00000012     uartstdio.obj (.const:.string)
                  2000deea    00000002     --HOLE-- [fill = 0]
                  2000deec    00000012     ustdlib.obj (.const:.string)
                  2000defe    00000002     --HOLE-- [fill = 0]
                  2000df00    00000010     uart.obj (.const:g_ppulUARTIntMap)
                  2000df10    00000008     i2c.obj (.const:g_ppui32I2CIntMap)
                  2000df18    00000008     uartstdio.obj (.const:g_ui32UARTBase)
                  2000df20    00000008     uartstdio.obj (.const:g_ui32UARTInt)
                  2000df28    00000008     uartstdio.obj (.const:g_ui32UARTPeriph)
                  2000df30    00000008     port.obj (.const)
                  2000df38    00000004     ustdlib.obj (.const)

.cinit     0    2000df40    000000b0     
                  2000df40    0000008b     (.cinit..data.load) [load image, compression = lzss]
                  2000dfcb    00000001     --HOLE-- [fill = 0]
                  2000dfcc    0000000c     (__TI_handler_table)
                  2000dfd8    00000008     (.cinit..bss.load) [load image, compression = zero_init]
                  2000dfe0    00000010     (__TI_cinit_table)

.bss       0    2001b000    00008430     UNINITIALIZED
                  2001b000    00008000     heap_4.obj (.bss:ucHeap)
                  20023000    00000200     uartstdio.obj (.bss:g_pcUARTRxHistoryBuffer)
                  20023200    000000c8     tasks.obj (.bss:pxReadyTasksLists)
                  200232c8    00000050     (.common:xQueueRegistry)
                  20023318    00000024     cmdline.obj (.bss:g_ppcArgv)
                  2002333c    00000020     uartstdio.obj (.bss:g_usUARTRxHistoryOffset)
                  2002335c    00000014     timers.obj (.bss:xActiveTimerList1)
                  20023370    00000014     timers.obj (.bss:xActiveTimerList2)
                  20023384    00000014     tasks.obj (.bss:xDelayedTaskList1)
                  20023398    00000014     tasks.obj (.bss:xDelayedTaskList2)
                  200233ac    00000014     tasks.obj (.bss:xPendingReadyList)
                  200233c0    00000014     tasks.obj (.bss:xSuspendedTaskList)
                  200233d4    00000014     tasks.obj (.bss:xTasksWaitingTermination)
                  200233e8    00000010     uartstdio.obj (.bss)
                  200233f8    0000000c     cpu_usage.obj (.bss)
                  20023404    0000000c     i2c_if.obj (.bss:transaction$1)
                  20023410    00000008     i2c_if.obj (.bss)
                  20023418    00000008     tasks.obj (.bss)
                  20023420    00000008     timers.obj (.bss)
                  20023428    00000008     heap_4.obj (.bss:xStart)

.data      0    20023430    00000110     UNINITIALIZED
                  20023430    0000006c     commands.obj (.data:g_psCmdTable)
                  2002349c    0000003c     tasks.obj (.data)
                  200234d8    00000010     cpu_usage.obj (.data:g_pui32CPUUsageTimerBase)
                  200234e8    00000010     cpu_usage.obj (.data:g_pui32CPUUsageTimerPeriph)
                  200234f8    00000010     heap_4.obj (.data)
                  20023508    0000000c     port.obj (.data)
                  20023514    0000000c     timers.obj (.data)
                  20023520    0000000c     uartstdio.obj (.data)
                  2002352c    00000004     RunTimeStatsConfig.obj (.data)
                  20023530    00000004     i2c_if.obj (.data)
                  20023534    00000004     main.obj (.data)
                  20023538    00000004     rtsv7M4_T_le_eabi.lib : errno.c.obj (.data)
                  2002353c    00000004     ustdlib.obj (.data)

.stack     0    2002b000    00005000     UNINITIALIZED
                  2002b000    00000004     rtsv7M4_T_le_eabi.lib : boot_cortex_m.c.obj (.stack)
                  2002b004    00004ffc     --HOLE--

MODULE SUMMARY

       Module                       code    ro data   rw data
       ------                       ----    -------   -------
    .\
       i2c_if.obj                   1924    0         24     
       commands.obj                 1452    326       108    
       startup_ccs.obj              44      1024      0      
       tmp006drv.obj                848     0         0      
       main.obj                     604     0         4      
       bma222drv.obj                388     0         0      
       pinmux.obj                   176     0         0      
    +--+----------------------------+-------+---------+---------+
       Total:                       5436    1350      136    
                                                             
    .\FreeRTOS\
       tasks.obj                    5400    0         368    
       queue.obj                    2696    0         80     
       timers.obj                   1372    0         60     
       list.obj                     148     0         0      
    +--+----------------------------+-------+---------+---------+
       Total:                       9616    0         508    
                                                             
    .\FreeRTOS\portable\CCS\ARM_CM3\
       port.obj                     496     8         12     
       portasm.obj                  186     0         0      
    +--+----------------------------+-------+---------+---------+
       Total:                       682     8         12     
                                                             
    .\FreeRTOS\portable\MemMang\
       heap_4.obj                   572     0         32792  
    +--+----------------------------+-------+---------+---------+
       Total:                       572     0         32792  
                                                             
    .\driverlib\
       prcm.obj                     2044    168       0      
       interrupt.obj                648     340       0      
       i2c.obj                      764     8         0      
       flash.obj                    592     128       0      
       pin.obj                      436     256       0      
       uart.obj                     564     16        0      
       timer.obj                    496     0         0      
       gpio.obj                     468     0         0      
       cpu.obj                      86      0         0      
       utils.obj                    6       0         0      
    +--+----------------------------+-------+---------+---------+
       Total:                       6104    916       0      
                                                             
    .\utils\
       uartstdio.obj                1928    46        572    
       ustdlib.obj                  1984    94        4      
       cpu_usage.obj                168     0         44     
       RunTimeStatsConfig.obj       148     0         4      
       cmdline.obj                  100     0         36     
    +--+----------------------------+-------+---------+---------+
       Total:                       4328    140       660    
                                                             
    C:\ti\ccsv8\tools\compiler\ti-cgt-arm_18.1.3.LTS\lib\rtsv7M4_T_le_eabi.lib
       _printfi.c.obj               4831    0         0      
       e_pow.c.obj                  2488    48        0      
       fd_add_t2.asm.obj            438     0         0      
       e_sqrt.c.obj                 348     0         0      
       fd_div_t2.asm.obj            310     0         0      
       fd_cmp_t2.asm.obj            268     0         0      
       ctype.c.obj                  0       257       0      
       fd_mul_t2.asm.obj            252     0         0      
       fs_add_t2.asm.obj            250     0         0      
       s_scalbn.c.obj               208     0         0      
       memcpy_t2.asm.obj            156     0         0      
       ull_div_t2.asm.obj           150     0         0      
       fs_div_t2.asm.obj            146     0         0      
       fs_mul_t2.asm.obj            122     0         0      
       memset_t2.asm.obj            122     0         0      
       fd_tos_t2.asm.obj            110     0         0      
       copy_decompress_lzss.c.obj   104     0         0      
       sprintf.c.obj                98      0         0      
       s_frexp.c.obj                92      0         0      
       ltoa.c.obj                   84      0         0      
       atoi.c.obj                   76      0         0      
       fd_toi_t2.asm.obj            72      0         0      
       autoinit.c.obj               68      0         0      
       u_divt2.asm.obj              64      0         0      
       fs_tod_t2.asm.obj            56      0         0      
       i_tofs_t2.asm.obj            56      0         0      
       i_tofd_t2.asm.obj            46      0         0      
       strncmp.c.obj                44      0         0      
       boot_cortex_m.c.obj          40      0         0      
       memccpy.c.obj                28      0         0      
       strcmp.c.obj                 24      0         0      
       strchr.c.obj                 22      0         0      
       strcpy.c.obj                 20      0         0      
       strlen.c.obj                 20      0         0      
       wcslen.c.obj                 18      0         0      
       copy_decompress_none.c.obj   14      0         0      
       copy_zero_init.c.obj         12      0         0      
       errno.c.obj                  8       0         4      
       s_copysign.c.obj             8       0         0      
       exit.c.obj                   4       0         0      
       pre_init.c.obj               4       0         0      
       div0.asm.obj                 2       0         0      
    +--+----------------------------+-------+---------+---------+
       Total:                       11283   305       4      
                                                             
       Stack:                       0       0         20480  
       Linker Generated:            0       175       0      
    +--+----------------------------+-------+---------+---------+
       Grand Total:                 38021   2894      54592  


LINKER GENERATED COPY TABLES

__TI_cinit_table @ 2000dfe0 records: 2, size/record: 8, table size: 16
	.data: load addr=2000df40, load size=0000008b bytes, run addr=20023430, run size=00000110 bytes, compression=lzss
	.bss: load addr=2000dfd8, load size=00000008 bytes, run addr=2001b000, run size=00008430 bytes, compression=zero_init


LINKER GENERATED HANDLER TABLE

__TI_handler_table @ 2000dfcc records: 3, size/record: 4, table size: 12
	index: 0, handler: __TI_decompress_lzss
	index: 1, handler: __TI_decompress_none
	index: 2, handler: __TI_zero_init


GLOBAL SYMBOLS: SORTED ALPHABETICALLY BY Name 

address   name                             
-------   ----                             
2000c1e5  BMA222Close                      
2000c1cb  BMA222Open                       
2000c175  BMA222Read                       
2000c12d  BMA222ReadNew                    
2000c107  BlockRead                        
2000acb7  BoardInit                        
2000ae3d  Button1_ISR                      
2000ae37  Button1_diferido                 
2000adef  Button2_ISR                      
2000ade9  Button2_diferido                 
2000accf  ButtonsInit                      
2000d88f  C$$EXIT                          
2000cc43  CPUUsageInit                     
2000cc15  CPUUsageTick                     
2000d42b  CPUbasepriGet                    
2000d41d  CPUbasepriSet                    
2000d409  CPUcpsid                         
2000d3f5  CPUcpsie                         
2000d3eb  CPUprimask                       
2000d3df  CPUwfi                           
2000d2c9  CmdLineProcess                   
20009a51  Cmd_cpu                          
200098fb  Cmd_free                         
200098d3  Cmd_help                         
20009879  Cmd_led                          
200097fd  Cmd_mode                         
20009769  Cmd_read                         
20009739  Cmd_stats                        
200096d7  Cmd_tasks                        
2000b0f9  FlashDisable                     
2000b0cd  FlashErase                       
2000b0b7  FlashEraseNonBlocking            
2000b0af  FlashIntClear                    
2000b0a1  FlashIntDisable                  
2000b095  FlashIntEnable                   
2000b083  FlashIntRegister                 
2000b073  FlashIntStatus                   
2000b063  FlashIntUnregister               
2000b037  FlashMassErase                   
2000b021  FlashMassEraseNonBlocking        
2000afb1  FlashProgram                     
2000af4f  FlashProgramNonBlocking          
2000af0d  FlashProtectGet                  
2000bb2f  GPIODMATriggerDisable            
2000baed  GPIODMATriggerEnable             
2000bad7  GPIODirModeGet                   
2000babd  GPIODirModeSet                   
2000bab7  GPIOIntClear                     
2000baa9  GPIOIntDisable                   
2000ba9d  GPIOIntEnable                    
2000ba89  GPIOIntRegister                  
2000ba7b  GPIOIntStatus                    
2000ba41  GPIOIntTypeGet                   
2000b9fb  GPIOIntTypeSet                   
2000b9e7  GPIOIntUnregister                
2000b9b3  GPIOPinRead                      
2000b9ad  GPIOPinWrite                     
2000d791  GetOverflowCounts                
2000c0e1  GetRegisterValue                 
2000a7a5  I2CFIFODataGet                   
2000a78f  I2CFIFODataGetNonBlocking        
2000a781  I2CFIFODataPut                   
2000a76d  I2CFIFODataPutNonBlocking        
2000a767  I2CFIFOStatus                    
2000a74f  I2CIntRegister                   
2000a73b  I2CIntUnregister                 
2000a711  I2CMasterBurstCountGet           
2000a70d  I2CMasterBurstLengthSet          
2000a705  I2CMasterBusBusy                 
2000a6fd  I2CMasterBusy                    
2000a6f9  I2CMasterControl                 
2000a6f5  I2CMasterDataGet                 
2000a6f1  I2CMasterDataPut                 
2000a6e7  I2CMasterDisable                 
2000a677  I2CMasterEnable                  
2000a6cd  I2CMasterErr                     
2000a6c5  I2CMasterGlitchFilterConfigSet   
2000a681  I2CMasterInitExpClk              
2000a66f  I2CMasterIntClear                
2000a66b  I2CMasterIntClearEx              
2000a665  I2CMasterIntDisable              
2000a65b  I2CMasterIntDisableEx            
2000a655  I2CMasterIntEnable               
2000a64d  I2CMasterIntEnableEx             
2000a63b  I2CMasterIntStatus               
2000a631  I2CMasterIntStatusEx             
2000a62d  I2CMasterLineStateGet            
2000a625  I2CMasterSlaveAddrSet            
2000a621  I2CMasterTimeoutSet              
2000a609  I2CRxFIFOConfigSet               
2000a5fb  I2CRxFIFOFlush                   
2000a5db  I2CSlaveACKOverride              
2000a5bb  I2CSlaveACKValueSet              
2000a5a5  I2CSlaveAddressSet               
2000a59f  I2CSlaveDataGet                  
2000a599  I2CSlaveDataPut                  
2000a589  I2CSlaveDisable                  
2000a559  I2CSlaveEnable                   
2000a581  I2CSlaveFIFODisable              
2000a577  I2CSlaveFIFOEnable               
2000a569  I2CSlaveInit                     
2000a551  I2CSlaveIntClear                 
2000a54b  I2CSlaveIntClearEx               
2000a53d  I2CSlaveIntDisable               
2000a52f  I2CSlaveIntDisableEx             
2000a521  I2CSlaveIntEnable                
2000a515  I2CSlaveIntEnableEx              
2000a4ff  I2CSlaveIntStatus                
2000a4f1  I2CSlaveIntStatusEx              
2000a4eb  I2CSlaveStatus                   
2000a4d3  I2CTxFIFOConfigSet               
2000a4c5  I2CTxFIFOFlush                   
20009637  I2C_IF_Close                     
2000907f  I2C_IF_Open                      
20009001  I2C_IF_Read                      
20008f71  I2C_IF_ReadFrom                  
20008ee9  I2C_IF_Write                     
2000a993  IntDisable                       
2000a911  IntEnable                        
2000a907  IntMasterDisable                 
2000a8fd  IntMasterEnable                  
2000a8c1  IntPendClear                     
2000a857  IntPendSet                       
2000a83d  IntPriorityGet                   
2000a81b  IntPriorityGroupingGet           
2000a809  IntPriorityGroupingSet           
2000d42b  IntPriorityMaskGet               
2000d41d  IntPriorityMaskSet               
2000a7dd  IntPrioritySet                   
2000a7d3  IntRegister                      
2000a7c7  IntUnregister                    
2000a7c1  IntVTableBaseSet                 
20007e61  PRCMCC3200MCUInit                
20007e1b  PRCMCameraFreqSet                
20007dfb  PRCMDeepSleepEnter               
200077a5  PRCMHIBRegRead                   
200077d1  PRCMHIBRegWrite                  
20007de5  PRCMHibernateEnter               
20007d91  PRCMHibernateIntervalSet         
20007d4d  PRCMHibernateWakeUpGPIOSelect    
20007d3f  PRCMHibernateWakeupCauseGet      
20007d03  PRCMHibernateWakeupSourceDisable 
20007cd5  PRCMHibernateWakeupSourceEnable  
20007ca9  PRCMI2SClockFreqSet              
20007c81  PRCMIntDisable                   
20007c59  PRCMIntEnable                    
20007c47  PRCMIntRegister                  
20007c3f  PRCMIntStatus                    
20007c2f  PRCMIntUnregister                
20007bfd  PRCMLPDSEnter                    
20007be1  PRCMLPDSIntervalSet              
20007bd7  PRCMLPDSRestoreInfoSet           
20007bbf  PRCMLPDSWakeUpGPIOSelect         
20007bb7  PRCMLPDSWakeupCauseGet           
20007bab  PRCMLPDSWakeupSourceDisable      
20007b9d  PRCMLPDSWakeupSourceEnable       
20007b8d  PRCMMCUReset                     
20007b7b  PRCMOCRRegisterRead              
20007b71  PRCMOCRRegisterWrite             
20007b5f  PRCMPeripheralClkDisable         
20007b3d  PRCMPeripheralClkEnable          
20007ad9  PRCMPeripheralClockGet           
20007a97  PRCMPeripheralReset              
20007a87  PRCMPeripheralStatusGet          
20007a37  PRCMRTCGet                       
20007a27  PRCMRTCInUseGet                  
20007a0f  PRCMRTCInUseSet                  
200079b7  PRCMRTCMatchGet                  
2000795b  PRCMRTCMatchSet                  
200078f7  PRCMRTCSet                       
200078a7  PRCMSOCReset                     
20007873  PRCMSRAMRetentionDisable         
20007851  PRCMSRAMRetentionEnable          
2000d3df  PRCMSleepEnter                   
2000783d  PRCMSlowClkCtrFastGet            
20007813  PRCMSlowClkCtrGet                
200077f5  PRCMSlowClkCtrMatchGet           
200077db  PRCMSlowClkCtrMatchSet           
200077b5  PRCMSysResetCauseGet             
2000c089  PinConfigGet                     
2000bf25  PinConfigSet                     
2000c071  PinDirModeGet                    
2000c055  PinDirModeSet                    
2000c03d  PinModeGet                       
2000bf05  PinModeSet                       
2000cb65  PinMuxConfig                     
2000c033  PinTypeADC                       
2000c01f  PinTypeCamera                    
2000bff5  PinTypeGPIO                      
2000bfdf  PinTypeI2C                       
2000bfcb  PinTypeI2S                       
2000bfb7  PinTypeSDHost                    
2000bfa3  PinTypeSPI                       
2000bf8f  PinTypeTimer                     
2000bf7b  PinTypeUART                      
2000d711  ResetISR                         
2000d169  RunTimeStatsTimerHandler         
2000c0b9  SetRegisterValue                 
2000a365  TMP006DrvGetTemp                 
2000a1af  TMP006DrvOpen                    
2000b975  TimerConfigure                   
2000b961  TimerControlEvent                
2000b94b  TimerControlLevel                
2000b935  TimerControlStall                
2000b931  TimerDMAEventGet                 
2000b92d  TimerDMAEventSet                 
2000b919  TimerDisable                     
2000b90b  TimerEnable                      
2000b907  TimerIntClear                    
2000b8fd  TimerIntDisable                  
2000b8f5  TimerIntEnable                   
2000b8a3  TimerIntRegister                 
2000b899  TimerIntStatus                   
2000b84d  TimerIntUnregister               
2000b841  TimerLoadGet                     
2000b82f  TimerLoadSet                     
2000b823  TimerMatchGet                    
2000b811  TimerMatchSet                    
2000b805  TimerPrescaleGet                 
2000b7f9  TimerPrescaleMatchGet            
2000b7e7  TimerPrescaleMatchSet            
2000b7d5  TimerPrescaleSet                 
2000b7c9  TimerValueGet                    
2000b7bd  TimerValueSet                    
2000b5af  UARTBreakCtl                     
2000b5a7  UARTBusy                         
2000b59d  UARTCharGet                      
2000b58d  UARTCharGetNonBlocking           
2000b583  UARTCharPut                      
2000b573  UARTCharPutNonBlocking           
2000b565  UARTCharsAvail                   
2000b53d  UARTConfigGetExpClk              
2000b4f9  UARTConfigSetExpClk              
2000b4ef  UARTDMADisable                   
2000b4e7  UARTDMAEnable                    
2000b4cf  UARTDisable                      
20008ea1  UARTEchoSet                      
2000b4bb  UARTEnable                       
2000b4b1  UARTFIFODisable                  
2000b4a7  UARTFIFOEnable                   
2000b497  UARTFIFOLevelGet                 
2000b491  UARTFIFOLevelSet                 
2000b489  UARTFlowControlGet               
2000b47d  UARTFlowControlSet               
20008dc1  UARTFlushRx                      
20008dcb  UARTFlushTx                      
2000b479  UARTIntClear                     
2000b46f  UARTIntDisable                   
2000b467  UARTIntEnable                    
2000b44f  UARTIntRegister                  
2000b445  UARTIntStatus                    
2000b431  UARTIntUnregister                
2000b3f9  UARTModemControlClear            
2000b3f1  UARTModemControlGet              
2000b3e5  UARTModemControlSet              
2000b3dd  UARTModemStatusGet               
2000b3d5  UARTParityModeGet                
2000b3c9  UARTParityModeSet                
20008e99  UARTRxBytesAvail                 
2000b3c3  UARTRxErrorClear                 
2000b3bb  UARTRxErrorGet                   
2000b3ad  UARTSpaceAvail                   
20008df9  UARTStdioConfig                  
20008d01  UARTTxBytesFree                  
2000b3a5  UARTTxIntModeGet                 
2000b399  UARTTxIntModeSet                 
20008ceb  UARTgetc                         
20008a29  UARTgets                         
200089f7  UARTprintf                       
200087ff  UARTvprintf                      
200087a5  UARTwrite                        
2000d885  UtilsDelay                       
20030000  __STACK_END                      
00005000  __STACK_SIZE                     
2000dfe0  __TI_CINIT_Base                  
2000dff0  __TI_CINIT_Limit                 
2000dfcc  __TI_Handler_Table_Base          
2000dfd8  __TI_Handler_Table_Limit         
2000d571  __TI_auto_init_nobinit_nopinit   
2000d261  __TI_decompress_lzss             
2000d851  __TI_decompress_none             
ffffffff  __TI_pprof_out_hndl              
200063a1  __TI_printfi                     
ffffffff  __TI_prof_data_size              
ffffffff  __TI_prof_data_start             
2000df40  __TI_static_base__               
2000d85f  __TI_zero_init                   
2000cf15  __aeabi_cdcmpeq                  
2000cf15  __aeabi_cdcmple                  
2000cf9b  __aeabi_cdrcmple                 
2000d1f3  __aeabi_d2f                      
2000d529  __aeabi_d2iz                     
2000bd57  __aeabi_dadd                     
2000c4d5  __aeabi_ddiv                     
2000c72d  __aeabi_dmul                     
2000bd4d  __aeabi_dsub                     
2000d875  __aeabi_errno_addr               
2000d673  __aeabi_f2d                      
2000c82d  __aeabi_fadd                     
2000ce83  __aeabi_fdiv                     
2000d021  __aeabi_fmul                     
2000c829  __aeabi_fsub                     
2000d6e3  __aeabi_i2d                      
2000d6ab  __aeabi_i2f                      
20006deb  __aeabi_idiv0                    
20006deb  __aeabi_ldiv0                    
2000d09b  __aeabi_memclr                   
2000d09b  __aeabi_memclr4                  
2000d09b  __aeabi_memclr8                  
2000ccbd  __aeabi_memcpy                   
2000ccbd  __aeabi_memcpy4                  
2000ccbd  __aeabi_memcpy8                  
2000d09d  __aeabi_memset                   
2000d09d  __aeabi_memset4                  
2000d09d  __aeabi_memset8                  
2000d5b5  __aeabi_uidiv                    
2000d5b5  __aeabi_uidivmod                 
2000cd59  __aeabi_uldivmod                 
ffffffff  __binit__                        
ffffffff  __c_args__                       
UNDEFED   __mpu_init                       
2002b000  __stack                          
2000d769  _c_int00_noargs                  
2000d9de  _ctypes_                         
UNDEFED   _system_post_cinit               
2000d88b  _system_pre_init                 
2000d88f  abort                            
2000d4dd  atoi                             
ffffffff  binit                            
2000d87d  copysign                         
2000d87d  copysignl                        
2000526d  eTaskGetState                    
20023538  errno                            
2000d32d  frexp                            
2000d32d  frexpl                           
20004000  g_pfnVectors                     
20023430  g_psCmdTable                     
20023534  g_ui32CPUUsage                   
2000c925  ldexp                            
2000c925  ldexpl                           
2000d435  ltoa                             
2000ad37  main                             
2000d7b5  memccpy                          
2000ccbd  memcpy                           
2000d0a3  memset                           
2000636d  pcQueueGetName                   
200058c9  pcTaskGetName                    
2000a151  pcTimerGetName                   
20006ded  pow                              
20006ded  powl                             
2000b273  pvPortMalloc                     
20009e4d  pvTimerGetTimerID                
2002349c  pxCurrentTCB                     
2000b729  pxPortInitialiseStack            
2000c925  scalbn                           
2000c925  scalbnl                          
2000d5f5  sprintf                          
2000c23d  sqrt                             
2000c23d  sqrtl                            
2000d801  strchr                           
2000d7e9  strcmp                           
2000d817  strcpy                           
2000d82b  strlen                           
2000d73d  strncmp                          
20006367  ucQueueGetQueueType              
2000df30  ulMaxSyscallInterruptPriority    
2000ca05  ulPortGetIPSR                    
20005805  ulTaskNotifyTake                 
200085b1  ulocaltime                       
200086fd  umktime                          
20008599  urand                            
2000857f  usnprintf                        
2000855f  usprintf                         
20008559  usrand                           
20008551  ustrcasecmp                      
20008549  ustrcmp                          
2000847b  ustrlen                          
200084ed  ustrncasecmp                     
2000848b  ustrncmp                         
20007fa1  ustrncpy                         
200084c1  ustrstr                          
200082f9  ustrtof                          
20008239  ustrtoul                         
20007fc9  uvsnprintf                       
2000ce5d  uxListRemove                     
20006363  uxQueueGetQueueNumber            
20006345  uxQueueMessagesWaiting           
2000632b  uxQueueMessagesWaitingFromISR    
20006309  uxQueueSpacesAvailable           
200057ef  uxTaskGetNumberOfTasks           
200053c9  uxTaskGetSystemState             
200057e5  uxTaskGetTaskNumber              
200057cd  uxTaskPriorityGet                
200057a5  uxTaskPriorityGetFromISR         
20005791  uxTaskResetEventItemValue        
20009e49  uxTimerGetTimerNumber            
2000acb5  vApplicationMallocFailedHook     
2000acb3  vApplicationStackOverflowHook    
2000acb1  vAssertCalled                    
2000d115  vConfigureTimerForRunTimeStats   
2000ce3f  vListInitialise                  
2000ce39  vListInitialiseItem              
2000ce07  vListInsert                      
2000cdef  vListInsertEnd                   
2000b713  vPortEndScheduler                
2000b6e3  vPortEnterCritical               
2000b6c1  vPortExitCritical                
2000b1c3  vPortFree                        
2000b169  vPortInitialiseBlocks            
2000ca69  vPortSVCHandler                  
2000b5f3  vPortSetupTimerInterrupt         
2000ca8d  vPortStartFirstTask              
2000b67f  vPortValidateInterruptPriority   
200062df  vQueueAddToRegistry              
200062c1  vQueueDelete                     
200062bd  vQueueSetQueueNumber             
20006297  vQueueUnregisterQueue            
2000624f  vQueueWaitForMessageRestricted   
20005753  vTaskDelay                       
200056d1  vTaskDelayUntil                  
20005627  vTaskDelete                      
200055fd  vTaskEndScheduler                
200052f1  vTaskGetInfo                     
2000555d  vTaskGetRunTimeStats             
20004c89  vTaskInternalSetTimeOutState     
20005487  vTaskList                        
2000525f  vTaskMissedYield                 
200051bd  vTaskNotifyGiveFromISR           
2000517d  vTaskPlaceOnEventList            
20005147  vTaskPlaceOnEventListRestricted  
20005103  vTaskPlaceOnUnorderedEventList   
2000504d  vTaskPrioritySet                 
20004fd1  vTaskRemoveFromUnorderedEventList
20004f51  vTaskResume                      
20004f41  vTaskSetTaskNumber               
20004f1b  vTaskSetTimeOutState             
20004ebd  vTaskStartScheduler              
20004ded  vTaskSuspend                     
20004dcf  vTaskSuspendAll                  
20004d15  vTaskSwitchContext               
20009e2b  vTimerSetTimerID                 
20009e27  vTimerSetTimerNumber             
2000966d  vUARTTask                        
2000d83f  wcslen                           
2000b163  xPortGetFreeHeapSize             
2000b15d  xPortGetMinimumEverFreeHeapSize  
2000ca1d  xPortPendSVHandler               
2000b60b  xPortStartScheduler              
2000b5cd  xPortSysTickHandler              
2000621d  xQueueCreateCountingSemaphore    
200061e1  xQueueGenericCreate              
20006145  xQueueGenericReset               
20006005  xQueueGenericSend                
20005f39  xQueueGenericSendFromISR         
20005e53  xQueueGiveFromISR                
20005e37  xQueueIsQueueEmptyFromISR        
20005e17  xQueueIsQueueFullFromISR         
20005cf9  xQueuePeek                       
20005c95  xQueuePeekFromISR                
20005b57  xQueueReceive                    
20005ad1  xQueueReceiveFromISR             
200232c8  xQueueRegistry                   
20005999  xQueueSemaphoreTake              
20004ca1  xTaskCheckForTimeOut             
20004c1f  xTaskCreate                      
200049a9  xTaskGenericNotify               
200048a5  xTaskGenericNotifyFromISR        
20004889  xTaskGetCurrentTaskHandle        
20004873  xTaskGetIdleTaskHandle           
2000485b  xTaskGetSchedulerState           
20004855  xTaskGetTickCount                
20004849  xTaskGetTickCountFromISR         
200044cf  xTaskIncrementTick               
2000481d  xTaskNotifyStateClear            
2000478d  xTaskNotifyWait                  
2000467f  xTaskRemoveFromEventList         
200045b9  xTaskResumeAll                   
2000442d  xTaskResumeFromISR               
20009df9  xTimerCreate                     
20009d8d  xTimerCreateTimerTask            
20009cdb  xTimerGenericCommand             
20009cc7  xTimerGetExpiryTime              
20009cb3  xTimerGetPeriod                  
20009c9d  xTimerGetTimerDaemonTaskHandle   
20009c77  xTimerIsTimerActive              
20009c3b  xTimerPendFunctionCall           
20009c19  xTimerPendFunctionCallFromISR    


GLOBAL SYMBOLS: SORTED BY Symbol Address 

address   name                             
-------   ----                             
00005000  __STACK_SIZE                     
20004000  g_pfnVectors                     
2000442d  xTaskResumeFromISR               
200044cf  xTaskIncrementTick               
200045b9  xTaskResumeAll                   
2000467f  xTaskRemoveFromEventList         
2000478d  xTaskNotifyWait                  
2000481d  xTaskNotifyStateClear            
20004849  xTaskGetTickCountFromISR         
20004855  xTaskGetTickCount                
2000485b  xTaskGetSchedulerState           
20004873  xTaskGetIdleTaskHandle           
20004889  xTaskGetCurrentTaskHandle        
200048a5  xTaskGenericNotifyFromISR        
200049a9  xTaskGenericNotify               
20004c1f  xTaskCreate                      
20004c89  vTaskInternalSetTimeOutState     
20004ca1  xTaskCheckForTimeOut             
20004d15  vTaskSwitchContext               
20004dcf  vTaskSuspendAll                  
20004ded  vTaskSuspend                     
20004ebd  vTaskStartScheduler              
20004f1b  vTaskSetTimeOutState             
20004f41  vTaskSetTaskNumber               
20004f51  vTaskResume                      
20004fd1  vTaskRemoveFromUnorderedEventList
2000504d  vTaskPrioritySet                 
20005103  vTaskPlaceOnUnorderedEventList   
20005147  vTaskPlaceOnEventListRestricted  
2000517d  vTaskPlaceOnEventList            
200051bd  vTaskNotifyGiveFromISR           
2000525f  vTaskMissedYield                 
2000526d  eTaskGetState                    
200052f1  vTaskGetInfo                     
200053c9  uxTaskGetSystemState             
20005487  vTaskList                        
2000555d  vTaskGetRunTimeStats             
200055fd  vTaskEndScheduler                
20005627  vTaskDelete                      
200056d1  vTaskDelayUntil                  
20005753  vTaskDelay                       
20005791  uxTaskResetEventItemValue        
200057a5  uxTaskPriorityGetFromISR         
200057cd  uxTaskPriorityGet                
200057e5  uxTaskGetTaskNumber              
200057ef  uxTaskGetNumberOfTasks           
20005805  ulTaskNotifyTake                 
200058c9  pcTaskGetName                    
20005999  xQueueSemaphoreTake              
20005ad1  xQueueReceiveFromISR             
20005b57  xQueueReceive                    
20005c95  xQueuePeekFromISR                
20005cf9  xQueuePeek                       
20005e17  xQueueIsQueueFullFromISR         
20005e37  xQueueIsQueueEmptyFromISR        
20005e53  xQueueGiveFromISR                
20005f39  xQueueGenericSendFromISR         
20006005  xQueueGenericSend                
20006145  xQueueGenericReset               
200061e1  xQueueGenericCreate              
2000621d  xQueueCreateCountingSemaphore    
2000624f  vQueueWaitForMessageRestricted   
20006297  vQueueUnregisterQueue            
200062bd  vQueueSetQueueNumber             
200062c1  vQueueDelete                     
200062df  vQueueAddToRegistry              
20006309  uxQueueSpacesAvailable           
2000632b  uxQueueMessagesWaitingFromISR    
20006345  uxQueueMessagesWaiting           
20006363  uxQueueGetQueueNumber            
20006367  ucQueueGetQueueType              
2000636d  pcQueueGetName                   
200063a1  __TI_printfi                     
20006deb  __aeabi_idiv0                    
20006deb  __aeabi_ldiv0                    
20006ded  pow                              
20006ded  powl                             
200077a5  PRCMHIBRegRead                   
200077b5  PRCMSysResetCauseGet             
200077d1  PRCMHIBRegWrite                  
200077db  PRCMSlowClkCtrMatchSet           
200077f5  PRCMSlowClkCtrMatchGet           
20007813  PRCMSlowClkCtrGet                
2000783d  PRCMSlowClkCtrFastGet            
20007851  PRCMSRAMRetentionEnable          
20007873  PRCMSRAMRetentionDisable         
200078a7  PRCMSOCReset                     
200078f7  PRCMRTCSet                       
2000795b  PRCMRTCMatchSet                  
200079b7  PRCMRTCMatchGet                  
20007a0f  PRCMRTCInUseSet                  
20007a27  PRCMRTCInUseGet                  
20007a37  PRCMRTCGet                       
20007a87  PRCMPeripheralStatusGet          
20007a97  PRCMPeripheralReset              
20007ad9  PRCMPeripheralClockGet           
20007b3d  PRCMPeripheralClkEnable          
20007b5f  PRCMPeripheralClkDisable         
20007b71  PRCMOCRRegisterWrite             
20007b7b  PRCMOCRRegisterRead              
20007b8d  PRCMMCUReset                     
20007b9d  PRCMLPDSWakeupSourceEnable       
20007bab  PRCMLPDSWakeupSourceDisable      
20007bb7  PRCMLPDSWakeupCauseGet           
20007bbf  PRCMLPDSWakeUpGPIOSelect         
20007bd7  PRCMLPDSRestoreInfoSet           
20007be1  PRCMLPDSIntervalSet              
20007bfd  PRCMLPDSEnter                    
20007c2f  PRCMIntUnregister                
20007c3f  PRCMIntStatus                    
20007c47  PRCMIntRegister                  
20007c59  PRCMIntEnable                    
20007c81  PRCMIntDisable                   
20007ca9  PRCMI2SClockFreqSet              
20007cd5  PRCMHibernateWakeupSourceEnable  
20007d03  PRCMHibernateWakeupSourceDisable 
20007d3f  PRCMHibernateWakeupCauseGet      
20007d4d  PRCMHibernateWakeUpGPIOSelect    
20007d91  PRCMHibernateIntervalSet         
20007de5  PRCMHibernateEnter               
20007dfb  PRCMDeepSleepEnter               
20007e1b  PRCMCameraFreqSet                
20007e61  PRCMCC3200MCUInit                
20007fa1  ustrncpy                         
20007fc9  uvsnprintf                       
20008239  ustrtoul                         
200082f9  ustrtof                          
2000847b  ustrlen                          
2000848b  ustrncmp                         
200084c1  ustrstr                          
200084ed  ustrncasecmp                     
20008549  ustrcmp                          
20008551  ustrcasecmp                      
20008559  usrand                           
2000855f  usprintf                         
2000857f  usnprintf                        
20008599  urand                            
200085b1  ulocaltime                       
200086fd  umktime                          
200087a5  UARTwrite                        
200087ff  UARTvprintf                      
200089f7  UARTprintf                       
20008a29  UARTgets                         
20008ceb  UARTgetc                         
20008d01  UARTTxBytesFree                  
20008dc1  UARTFlushRx                      
20008dcb  UARTFlushTx                      
20008df9  UARTStdioConfig                  
20008e99  UARTRxBytesAvail                 
20008ea1  UARTEchoSet                      
20008ee9  I2C_IF_Write                     
20008f71  I2C_IF_ReadFrom                  
20009001  I2C_IF_Read                      
2000907f  I2C_IF_Open                      
20009637  I2C_IF_Close                     
2000966d  vUARTTask                        
200096d7  Cmd_tasks                        
20009739  Cmd_stats                        
20009769  Cmd_read                         
200097fd  Cmd_mode                         
20009879  Cmd_led                          
200098d3  Cmd_help                         
200098fb  Cmd_free                         
20009a51  Cmd_cpu                          
20009c19  xTimerPendFunctionCallFromISR    
20009c3b  xTimerPendFunctionCall           
20009c77  xTimerIsTimerActive              
20009c9d  xTimerGetTimerDaemonTaskHandle   
20009cb3  xTimerGetPeriod                  
20009cc7  xTimerGetExpiryTime              
20009cdb  xTimerGenericCommand             
20009d8d  xTimerCreateTimerTask            
20009df9  xTimerCreate                     
20009e27  vTimerSetTimerNumber             
20009e2b  vTimerSetTimerID                 
20009e49  uxTimerGetTimerNumber            
20009e4d  pvTimerGetTimerID                
2000a151  pcTimerGetName                   
2000a1af  TMP006DrvOpen                    
2000a365  TMP006DrvGetTemp                 
2000a4c5  I2CTxFIFOFlush                   
2000a4d3  I2CTxFIFOConfigSet               
2000a4eb  I2CSlaveStatus                   
2000a4f1  I2CSlaveIntStatusEx              
2000a4ff  I2CSlaveIntStatus                
2000a515  I2CSlaveIntEnableEx              
2000a521  I2CSlaveIntEnable                
2000a52f  I2CSlaveIntDisableEx             
2000a53d  I2CSlaveIntDisable               
2000a54b  I2CSlaveIntClearEx               
2000a551  I2CSlaveIntClear                 
2000a559  I2CSlaveEnable                   
2000a569  I2CSlaveInit                     
2000a577  I2CSlaveFIFOEnable               
2000a581  I2CSlaveFIFODisable              
2000a589  I2CSlaveDisable                  
2000a599  I2CSlaveDataPut                  
2000a59f  I2CSlaveDataGet                  
2000a5a5  I2CSlaveAddressSet               
2000a5bb  I2CSlaveACKValueSet              
2000a5db  I2CSlaveACKOverride              
2000a5fb  I2CRxFIFOFlush                   
2000a609  I2CRxFIFOConfigSet               
2000a621  I2CMasterTimeoutSet              
2000a625  I2CMasterSlaveAddrSet            
2000a62d  I2CMasterLineStateGet            
2000a631  I2CMasterIntStatusEx             
2000a63b  I2CMasterIntStatus               
2000a64d  I2CMasterIntEnableEx             
2000a655  I2CMasterIntEnable               
2000a65b  I2CMasterIntDisableEx            
2000a665  I2CMasterIntDisable              
2000a66b  I2CMasterIntClearEx              
2000a66f  I2CMasterIntClear                
2000a677  I2CMasterEnable                  
2000a681  I2CMasterInitExpClk              
2000a6c5  I2CMasterGlitchFilterConfigSet   
2000a6cd  I2CMasterErr                     
2000a6e7  I2CMasterDisable                 
2000a6f1  I2CMasterDataPut                 
2000a6f5  I2CMasterDataGet                 
2000a6f9  I2CMasterControl                 
2000a6fd  I2CMasterBusy                    
2000a705  I2CMasterBusBusy                 
2000a70d  I2CMasterBurstLengthSet          
2000a711  I2CMasterBurstCountGet           
2000a73b  I2CIntUnregister                 
2000a74f  I2CIntRegister                   
2000a767  I2CFIFOStatus                    
2000a76d  I2CFIFODataPutNonBlocking        
2000a781  I2CFIFODataPut                   
2000a78f  I2CFIFODataGetNonBlocking        
2000a7a5  I2CFIFODataGet                   
2000a7c1  IntVTableBaseSet                 
2000a7c7  IntUnregister                    
2000a7d3  IntRegister                      
2000a7dd  IntPrioritySet                   
2000a809  IntPriorityGroupingSet           
2000a81b  IntPriorityGroupingGet           
2000a83d  IntPriorityGet                   
2000a857  IntPendSet                       
2000a8c1  IntPendClear                     
2000a8fd  IntMasterEnable                  
2000a907  IntMasterDisable                 
2000a911  IntEnable                        
2000a993  IntDisable                       
2000acb1  vAssertCalled                    
2000acb3  vApplicationStackOverflowHook    
2000acb5  vApplicationMallocFailedHook     
2000acb7  BoardInit                        
2000accf  ButtonsInit                      
2000ad37  main                             
2000ade9  Button2_diferido                 
2000adef  Button2_ISR                      
2000ae37  Button1_diferido                 
2000ae3d  Button1_ISR                      
2000af0d  FlashProtectGet                  
2000af4f  FlashProgramNonBlocking          
2000afb1  FlashProgram                     
2000b021  FlashMassEraseNonBlocking        
2000b037  FlashMassErase                   
2000b063  FlashIntUnregister               
2000b073  FlashIntStatus                   
2000b083  FlashIntRegister                 
2000b095  FlashIntEnable                   
2000b0a1  FlashIntDisable                  
2000b0af  FlashIntClear                    
2000b0b7  FlashEraseNonBlocking            
2000b0cd  FlashErase                       
2000b0f9  FlashDisable                     
2000b15d  xPortGetMinimumEverFreeHeapSize  
2000b163  xPortGetFreeHeapSize             
2000b169  vPortInitialiseBlocks            
2000b1c3  vPortFree                        
2000b273  pvPortMalloc                     
2000b399  UARTTxIntModeSet                 
2000b3a5  UARTTxIntModeGet                 
2000b3ad  UARTSpaceAvail                   
2000b3bb  UARTRxErrorGet                   
2000b3c3  UARTRxErrorClear                 
2000b3c9  UARTParityModeSet                
2000b3d5  UARTParityModeGet                
2000b3dd  UARTModemStatusGet               
2000b3e5  UARTModemControlSet              
2000b3f1  UARTModemControlGet              
2000b3f9  UARTModemControlClear            
2000b431  UARTIntUnregister                
2000b445  UARTIntStatus                    
2000b44f  UARTIntRegister                  
2000b467  UARTIntEnable                    
2000b46f  UARTIntDisable                   
2000b479  UARTIntClear                     
2000b47d  UARTFlowControlSet               
2000b489  UARTFlowControlGet               
2000b491  UARTFIFOLevelSet                 
2000b497  UARTFIFOLevelGet                 
2000b4a7  UARTFIFOEnable                   
2000b4b1  UARTFIFODisable                  
2000b4bb  UARTEnable                       
2000b4cf  UARTDisable                      
2000b4e7  UARTDMAEnable                    
2000b4ef  UARTDMADisable                   
2000b4f9  UARTConfigSetExpClk              
2000b53d  UARTConfigGetExpClk              
2000b565  UARTCharsAvail                   
2000b573  UARTCharPutNonBlocking           
2000b583  UARTCharPut                      
2000b58d  UARTCharGetNonBlocking           
2000b59d  UARTCharGet                      
2000b5a7  UARTBusy                         
2000b5af  UARTBreakCtl                     
2000b5cd  xPortSysTickHandler              
2000b5f3  vPortSetupTimerInterrupt         
2000b60b  xPortStartScheduler              
2000b67f  vPortValidateInterruptPriority   
2000b6c1  vPortExitCritical                
2000b6e3  vPortEnterCritical               
2000b713  vPortEndScheduler                
2000b729  pxPortInitialiseStack            
2000b7bd  TimerValueSet                    
2000b7c9  TimerValueGet                    
2000b7d5  TimerPrescaleSet                 
2000b7e7  TimerPrescaleMatchSet            
2000b7f9  TimerPrescaleMatchGet            
2000b805  TimerPrescaleGet                 
2000b811  TimerMatchSet                    
2000b823  TimerMatchGet                    
2000b82f  TimerLoadSet                     
2000b841  TimerLoadGet                     
2000b84d  TimerIntUnregister               
2000b899  TimerIntStatus                   
2000b8a3  TimerIntRegister                 
2000b8f5  TimerIntEnable                   
2000b8fd  TimerIntDisable                  
2000b907  TimerIntClear                    
2000b90b  TimerEnable                      
2000b919  TimerDisable                     
2000b92d  TimerDMAEventSet                 
2000b931  TimerDMAEventGet                 
2000b935  TimerControlStall                
2000b94b  TimerControlLevel                
2000b961  TimerControlEvent                
2000b975  TimerConfigure                   
2000b9ad  GPIOPinWrite                     
2000b9b3  GPIOPinRead                      
2000b9e7  GPIOIntUnregister                
2000b9fb  GPIOIntTypeSet                   
2000ba41  GPIOIntTypeGet                   
2000ba7b  GPIOIntStatus                    
2000ba89  GPIOIntRegister                  
2000ba9d  GPIOIntEnable                    
2000baa9  GPIOIntDisable                   
2000bab7  GPIOIntClear                     
2000babd  GPIODirModeSet                   
2000bad7  GPIODirModeGet                   
2000baed  GPIODMATriggerEnable             
2000bb2f  GPIODMATriggerDisable            
2000bd4d  __aeabi_dsub                     
2000bd57  __aeabi_dadd                     
2000bf05  PinModeSet                       
2000bf25  PinConfigSet                     
2000bf7b  PinTypeUART                      
2000bf8f  PinTypeTimer                     
2000bfa3  PinTypeSPI                       
2000bfb7  PinTypeSDHost                    
2000bfcb  PinTypeI2S                       
2000bfdf  PinTypeI2C                       
2000bff5  PinTypeGPIO                      
2000c01f  PinTypeCamera                    
2000c033  PinTypeADC                       
2000c03d  PinModeGet                       
2000c055  PinDirModeSet                    
2000c071  PinDirModeGet                    
2000c089  PinConfigGet                     
2000c0b9  SetRegisterValue                 
2000c0e1  GetRegisterValue                 
2000c107  BlockRead                        
2000c12d  BMA222ReadNew                    
2000c175  BMA222Read                       
2000c1cb  BMA222Open                       
2000c1e5  BMA222Close                      
2000c23d  sqrt                             
2000c23d  sqrtl                            
2000c4d5  __aeabi_ddiv                     
2000c72d  __aeabi_dmul                     
2000c829  __aeabi_fsub                     
2000c82d  __aeabi_fadd                     
2000c925  ldexp                            
2000c925  ldexpl                           
2000c925  scalbn                           
2000c925  scalbnl                          
2000ca05  ulPortGetIPSR                    
2000ca1d  xPortPendSVHandler               
2000ca69  vPortSVCHandler                  
2000ca8d  vPortStartFirstTask              
2000cb65  PinMuxConfig                     
2000cc15  CPUUsageTick                     
2000cc43  CPUUsageInit                     
2000ccbd  __aeabi_memcpy                   
2000ccbd  __aeabi_memcpy4                  
2000ccbd  __aeabi_memcpy8                  
2000ccbd  memcpy                           
2000cd59  __aeabi_uldivmod                 
2000cdef  vListInsertEnd                   
2000ce07  vListInsert                      
2000ce39  vListInitialiseItem              
2000ce3f  vListInitialise                  
2000ce5d  uxListRemove                     
2000ce83  __aeabi_fdiv                     
2000cf15  __aeabi_cdcmpeq                  
2000cf15  __aeabi_cdcmple                  
2000cf9b  __aeabi_cdrcmple                 
2000d021  __aeabi_fmul                     
2000d09b  __aeabi_memclr                   
2000d09b  __aeabi_memclr4                  
2000d09b  __aeabi_memclr8                  
2000d09d  __aeabi_memset                   
2000d09d  __aeabi_memset4                  
2000d09d  __aeabi_memset8                  
2000d0a3  memset                           
2000d115  vConfigureTimerForRunTimeStats   
2000d169  RunTimeStatsTimerHandler         
2000d1f3  __aeabi_d2f                      
2000d261  __TI_decompress_lzss             
2000d2c9  CmdLineProcess                   
2000d32d  frexp                            
2000d32d  frexpl                           
2000d3df  CPUwfi                           
2000d3df  PRCMSleepEnter                   
2000d3eb  CPUprimask                       
2000d3f5  CPUcpsie                         
2000d409  CPUcpsid                         
2000d41d  CPUbasepriSet                    
2000d41d  IntPriorityMaskSet               
2000d42b  CPUbasepriGet                    
2000d42b  IntPriorityMaskGet               
2000d435  ltoa                             
2000d4dd  atoi                             
2000d529  __aeabi_d2iz                     
2000d571  __TI_auto_init_nobinit_nopinit   
2000d5b5  __aeabi_uidiv                    
2000d5b5  __aeabi_uidivmod                 
2000d5f5  sprintf                          
2000d673  __aeabi_f2d                      
2000d6ab  __aeabi_i2f                      
2000d6e3  __aeabi_i2d                      
2000d711  ResetISR                         
2000d73d  strncmp                          
2000d769  _c_int00_noargs                  
2000d791  GetOverflowCounts                
2000d7b5  memccpy                          
2000d7e9  strcmp                           
2000d801  strchr                           
2000d817  strcpy                           
2000d82b  strlen                           
2000d83f  wcslen                           
2000d851  __TI_decompress_none             
2000d85f  __TI_zero_init                   
2000d875  __aeabi_errno_addr               
2000d87d  copysign                         
2000d87d  copysignl                        
2000d885  UtilsDelay                       
2000d88b  _system_pre_init                 
2000d88f  C$$EXIT                          
2000d88f  abort                            
2000d9de  _ctypes_                         
2000df30  ulMaxSyscallInterruptPriority    
2000df40  __TI_static_base__               
2000dfcc  __TI_Handler_Table_Base          
2000dfd8  __TI_Handler_Table_Limit         
2000dfe0  __TI_CINIT_Base                  
2000dff0  __TI_CINIT_Limit                 
200232c8  xQueueRegistry                   
20023430  g_psCmdTable                     
2002349c  pxCurrentTCB                     
20023534  g_ui32CPUUsage                   
20023538  errno                            
2002b000  __stack                          
20030000  __STACK_END                      
ffffffff  __TI_pprof_out_hndl              
ffffffff  __TI_prof_data_size              
ffffffff  __TI_prof_data_start             
ffffffff  __binit__                        
ffffffff  __c_args__                       
ffffffff  binit                            
UNDEFED   __mpu_init                       
UNDEFED   _system_post_cinit               

[487 symbols]
